python.exe : 
At line:1 char:333
+ ... NG="utf-8"; & "$env:LOCALAPPDATA\Programs\Python\Python313\python.exe ...
+                 ~~~~~~~~~~~~~~~~~~~~~~~~~~~~~~~~~~~~~~~~~~~~~~~~~~~~~~~~~
    + CategoryInfo          : NotSpecified: (:String) [], RemoteException
    + FullyQualifiedErrorId : NativeCommandError
 
Loading weights:   0%|          | 0/434 [00:00<?, ?it/s]
Loading weights:   0%|          | 1/434 [00:00<02:30,  2.87it/s]
Loading weights:   5%|▍         | 21/434 [00:00<00:06, 59.82it/s]
Loading weights:   9%|▉         | 39/434 [00:00<00:04, 91.53it/s]
Loading weights:  14%|█▍        | 61/434 [00:00<00:03, 123.49it/s]
Loading weights:  18%|█▊        | 77/434 [00:00<00:02, 131.79it/s]
Loading weights:  23%|██▎       | 99/434 [00:00<00:02, 156.03it/s]
Loading weights:  27%|██▋       | 117/434 [00:00<00:02, 158.30it/s]
Loading weights:  31%|███▏      | 136/434 [00:01<00:01, 166.44it/s]
Loading weights:  37%|███▋      | 159/434 [00:01<00:01, 178.36it/s]
Loading weights:  41%|████      | 178/434 [00:01<00:01, 173.88it/s]
Loading weights:  45%|████▌     | 196/434 [00:01<00:01, 171.06it/s]
Loading weights:  50%|█████     | 219/434 [00:01<00:01, 171.93it/s]
Loading weights:  55%|█████▍    | 237/434 [00:01<00:01, 165.56it/s]
Loading weights:  59%|█████▉    | 257/434 [00:01<00:01, 166.66it/s]
Loading weights:  65%|██████▍   | 280/434 [00:01<00:00, 175.53it/s]
Loading weights:  70%|██████▉   | 303/434 [00:02<00:00, 179.61it/s]
Loading weights:  75%|███████▌  | 327/434 [00:02<00:00, 180.09it/s]
Loading weights:  81%|████████  | 351/434 [00:02<00:00, 187.17it/s]
Loading weights:  85%|████████▌ | 370/434 [00:02<00:00, 184.09it/s]
Loading weights:  90%|████████▉ | 389/434 [00:02<00:00, 175.62it/s]
Loading weights:  95%|█████████▍| 411/434 [00:02<00:00, 184.35it/s]
Loading weights: 100%|██████████| 434/434 [00:02<00:00, 159.43it/s]

first proposals:   0%|          | 0/40 [00:00<?, ?ep/s]
first proposals:   2%|▎         | 1/40 [01:17<50:41, 77.99s/ep]
first proposals:   8%|▊         | 3/40 [01:32<15:47, 25.60s/ep, cand 2 | r0 pass 0/2 | episodes solved 0 | queue r0 36 
reprompt 0 | verifying 2 | 19.4 s/proposal]
first proposals:  10%|█         | 4/40 [01:50<13:51, 23.10s/ep, cand 3 | r0 pass 0/3 | episodes solved 0 | queue r0 35 
reprompt 0 | verifying 2 | 18.4 s/proposal]
first proposals:  15%|█▌        | 6/40 [02:24<11:15, 19.88s/ep, cand 5 | r0 pass 0/5 | episodes solved 0 | queue r0 34 
reprompt 0 | verifying 1 | 18.4 s/proposal]
first proposals:  20%|██        | 8/40 [02:54<09:33, 17.93s/ep, cand 7 | r0 pass 2/7 | episodes solved 2 | queue r0 32 
reprompt 0 | verifying 1 | 17.9 s/proposal]
first proposals:  22%|██▎       | 9/40 [03:23<10:37, 20.56s/ep, cand 8 | r0 pass 2/8 | episodes solved 2 | queue r0 30 
reprompt 0 | verifying 2 | 17.4 s/proposal]
first proposals:  28%|██▊       | 11/40 [04:13<10:47, 22.31s/ep, cand 10 | r0 pass 3/10 | episodes solved 3 | queue r0 
29 reprompt 0 | verifying 1 | 18.5 s/proposal]
first proposals:  35%|███▌      | 14/40 [04:50<07:39, 17.69s/ep, cand 13 | r0 pass 4/13 | episodes solved 4 | queue r0 
26 reprompt 0 | verifying 1 | 18.1 s/proposal]
first proposals:  38%|███▊      | 15/40 [05:13<07:47, 18.69s/ep, cand 14 | r0 pass 4/14 | episodes solved 4 | queue r0 
24 reprompt 0 | verifying 2 | 18.1 s/proposal]
first proposals:  40%|████      | 16/40 [05:30<07:20, 18.37s/ep, cand 15 | r0 pass 4/15 | episodes solved 4 | queue r0 
23 reprompt 0 | verifying 2 | 18.4 s/proposal]
first proposals:  42%|████▎     | 17/40 [05:46<06:46, 17.67s/ep, cand 16 | r0 pass 5/16 | episodes solved 5 | queue r0 
22 reprompt 0 | verifying 2 | 18.3 s/proposal]
first proposals:  45%|████▌     | 18/40 [06:16<07:37, 20.81s/ep, cand 17 | r0 pass 5/17 | episodes solved 5 | queue r0 
21 reprompt 0 | verifying 2 | 18.2 s/proposal]
first proposals:  48%|████▊     | 19/40 [06:46<08:04, 23.09s/ep, cand 18 | r0 pass 5/18 | episodes solved 5 | queue r0 
19 reprompt 0 | verifying 3 | 17.9 s/proposal]
first proposals:  52%|█████▎    | 21/40 [07:05<05:27, 17.22s/ep, cand 20 | r0 pass 5/20 | episodes solved 5 | queue r0 
18 reprompt 0 | verifying 2 | 18.4 s/proposal]
first proposals:  55%|█████▌    | 22/40 [07:20<05:01, 16.74s/ep, cand 21 | r0 pass 5/21 | episodes solved 5 | queue r0 
17 reprompt 0 | verifying 2 | 18.4 s/proposal]
first proposals:  57%|█████▊    | 23/40 [07:35<04:37, 16.31s/ep, cand 22 | r0 pass 5/22 | episodes solved 5 | queue r0 
16 reprompt 0 | verifying 2 | 18.3 s/proposal]
first proposals:  60%|██████    | 24/40 [07:51<04:19, 16.25s/ep, cand 23 | r0 pass 5/23 | episodes solved 5 | queue r0 
15 reprompt 0 | verifying 2 | 18.1 s/proposal]
first proposals:  62%|██████▎   | 25/40 [08:07<04:02, 16.14s/ep, cand 24 | r0 pass 5/24 | episodes solved 5 | queue r0 
14 reprompt 0 | verifying 2 | 18.1 s/proposal]
first proposals:  65%|██████▌   | 26/40 [08:40<04:54, 21.07s/ep, cand 25 | r0 pass 5/25 | episodes solved 5 | queue r0 
13 reprompt 0 | verifying 2 | 18.0 s/proposal]
first proposals:  70%|███████   | 28/40 [09:22<04:11, 20.97s/ep, cand 27 | r0 pass 5/27 | episodes solved 5 | queue r0 
12 reprompt 0 | verifying 1 | 18.5 s/proposal]
first proposals:  75%|███████▌  | 30/40 [09:49<03:01, 18.11s/ep, cand 29 | r0 pass 5/29 | episodes solved 5 | queue r0 
10 reprompt 0 | verifying 1 | 18.7 s/proposal]
first proposals:  78%|███████▊  | 31/40 [10:06<02:39, 17.76s/ep, cand 30 | r0 pass 6/30 | episodes solved 6 | queue r0 
8 reprompt 0 | verifying 2 | 18.4 s/proposal] 
first proposals:  80%|████████  | 32/40 [10:28<02:29, 18.72s/ep, cand 31 | r0 pass 6/31 | episodes solved 6 | queue r0 
7 reprompt 0 | verifying 2 | 18.3 s/proposal]
first proposals:  82%|████████▎ | 33/40 [10:46<02:10, 18.70s/ep, cand 32 | r0 pass 6/32 | episodes solved 6 | queue r0 
6 reprompt 0 | verifying 2 | 18.4 s/proposal]
first proposals:  88%|████████▊ | 35/40 [11:05<01:14, 14.83s/ep, cand 34 | r0 pass 7/34 | episodes solved 7 | queue r0 
5 reprompt 0 | verifying 1 | 18.4 s/proposal]
first proposals:  90%|█████████ | 36/40 [11:41<01:18, 19.57s/ep, cand 35 | r0 pass 7/35 | episodes solved 7 | queue r0 
4 reprompt 0 | verifying 1 | 18.4 s/proposal]
first proposals:  92%|█████████▎| 37/40 [12:19<01:12, 24.23s/ep, cand 36 | r0 pass 7/36 | episodes solved 7 | queue r0 
3 reprompt 0 | verifying 1 | 18.9 s/proposal]
first proposals:  95%|█████████▌| 38/40 [12:37<00:45, 22.64s/ep, cand 37 | r0 pass 7/37 | episodes solved 7 | queue r0 
1 reprompt 0 | verifying 2 | 18.9 s/proposal]
first proposals: 100%|██████████| 40/40 [12:52<00:00, 16.12s/ep, cand 39 | r0 pass 8/39 | episodes solved 8 | queue r0 
0 reprompt 0 | verifying 1 | 18.9 s/proposal]
first proposals: 100%|██████████| 40/40 [12:53<00:00, 19.34s/ep, cand 40 | r0 pass 8/40 | episodes solved 8 | queue r0 
0 reprompt 0 | verifying 0 | 18.9 s/proposal]
{"run_dir": "C:\\Users\\jv624\\Desktop\\fsm_reliability\\outputs\\cstr_collect\\20260928_120902_qwen25-3b-instruct_v31_pilot40", "generated_this_session": 40, "stopped_by_time": false, "remaining_in_queue": 0, "hours": 0.22}
