python.exe : 
At C:\Users\jv624\Desktop\fsm_reliability\outputs\smollm_resume_queue.ps1:12 char:5
+     & $py @pyArgs 2>&1 | Out-File -Append -Encoding utf8 "outputs\que ...
+     ~~~~~~~~~~~~~~~~~~
    + CategoryInfo          : NotSpecified: (:String) [], RemoteException
    + FullyQualifiedErrorId : NativeCommandError
 
Loading weights:   0%|          | 0/218 [00:00<?, ?it/s]
Loading weights:   0%|          | 1/218 [00:00<00:39,  5.51it/s]
Loading weights:   4%|Γûì         | 9/218 [00:00<00:05, 36.04it/s]
Loading weights:   8%|Γûè         | 18/218 [00:00<00:03, 53.50it/s]
Loading weights:  12%|ΓûêΓûÅ        | 26/218 [00:00<00:03, 60.36it/s]
Loading weights:  16%|ΓûêΓûî        | 34/218 [00:00<00:02, 66.54it/s]
Loading weights:  19%|ΓûêΓûë        | 42/218 [00:00<00:02, 69.46it/s]
Loading weights:  23%|ΓûêΓûêΓûÄ       | 50/218 [00:00<00:02, 68.80it/s]
Loading weights:  27%|ΓûêΓûêΓûï       | 59/218 [00:00<00:02, 72.13it/s]
Loading weights:  33%|ΓûêΓûêΓûêΓûÄ      | 72/218 [00:01<00:01, 87.67it/s]
Loading weights:  39%|ΓûêΓûêΓûêΓûë      | 85/218 [00:01<00:01, 97.79it/s]
Loading weights:  44%|ΓûêΓûêΓûêΓûêΓûÄ     | 95/218 [00:01<00:01, 95.91it/s]
Loading weights:  48%|ΓûêΓûêΓûêΓûêΓûè     | 105/218 [00:01<00:01, 91.82it/s]
Loading weights:  53%|ΓûêΓûêΓûêΓûêΓûêΓûÄ    | 115/218 [00:01<00:01, 90.65it/s]
Loading weights:  57%|ΓûêΓûêΓûêΓûêΓûêΓûï    | 125/218 [00:01<00:01, 87.90it/s]
Loading weights:  61%|ΓûêΓûêΓûêΓûêΓûêΓûêΓûÅ   | 134/218 [00:01<00:00, 84.70it/s]
Loading weights:  66%|ΓûêΓûêΓûêΓûêΓûêΓûêΓûî   | 143/218 [00:01<00:00, 76.82it/s]
Loading weights:  69%|ΓûêΓûêΓûêΓûêΓûêΓûêΓûë   | 151/218 [00:02<00:00, 70.54it/s]
Loading weights:  73%|ΓûêΓûêΓûêΓûêΓûêΓûêΓûêΓûÄ  | 159/218 [00:02<00:00, 67.49it/s]
Loading weights:  76%|ΓûêΓûêΓûêΓûêΓûêΓûêΓûêΓûî  | 166/218 [00:02<00:00, 65.68it/s]
Loading weights:  80%|ΓûêΓûêΓûêΓûêΓûêΓûêΓûêΓûë  | 174/218 [00:02<00:00, 65.15it/s]
Loading weights:  83%|ΓûêΓûêΓûêΓûêΓûêΓûêΓûêΓûêΓûÄ | 181/218 [00:02<00:00, 61.78it/s]
Loading weights:  86%|ΓûêΓûêΓûêΓûêΓûêΓûêΓûêΓûêΓûî | 188/218 [00:02<00:00, 53.35it/s]
Loading weights:  89%|ΓûêΓûêΓûêΓûêΓûêΓûêΓûêΓûêΓûë | 194/218 [00:02<00:00, 47.22it/s]
Loading weights:  93%|ΓûêΓûêΓûêΓûêΓûêΓûêΓûêΓûêΓûêΓûÄ| 202/218 [00:03<00:00, 49.24it/s]
Loading weights:  96%|ΓûêΓûêΓûêΓûêΓûêΓûêΓûêΓûêΓûêΓûî| 209/218 [00:03<00:00, 53.80it/s]
Loading weights:  99%|ΓûêΓûêΓûêΓûêΓûêΓûêΓûêΓûêΓûêΓûè| 215/218 [00:03<00:00, 47.10it/s]
Loading weights: 100%|ΓûêΓûêΓûêΓûêΓûêΓûêΓûêΓûêΓûêΓûê| 218/218 [00:03<00:00, 65.43it/s]

  0%|          | 0/500 [00:00<?, ?it/s]
  0%|          | 1/500 [00:01<13:07,  1.58s/it]
  0%|          | 2/500 [00:04<20:29,  2.47s/it]
  1%|          | 3/500 [00:07<20:42,  2.50s/it]
  1%|          | 4/500 [00:10<23:21,  2.83s/it]
  1%|          | 5/500 [00:13<22:37,  2.74s/it]
  1%|          | 6/500 [00:16<23:56,  2.91s/it]
  1%|ΓûÅ         | 7/500 [00:18<21:40,  2.64s/it]
  2%|ΓûÅ         | 8/500 [00:21<22:47,  2.78s/it]
  2%|ΓûÅ         | 9/500 [00:23<21:31,  2.63s/it]
  2%|ΓûÅ         | 10/500 [00:27<23:15,  2.85s/it]
  2%|ΓûÅ         | 11/500 [00:29<21:47,  2.67s/it]
  2%|ΓûÅ         | 12/500 [00:32<23:24,  2.88s/it]
  3%|ΓûÄ         | 13/500 [00:35<22:36,  2.79s/it]
  3%|ΓûÄ         | 14/500 [00:38<23:16,  2.87s/it]
  3%|ΓûÄ         | 15/500 [00:40<21:38,  2.68s/it]
  3%|ΓûÄ         | 16/500 [00:43<22:17,  2.76s/it]
  3%|ΓûÄ         | 17/500 [00:46<21:38,  2.69s/it]
  4%|ΓûÄ         | 18/500 [00:49<23:23,  2.91s/it]
  4%|Γûì         | 19/500 [00:51<21:49,  2.72s/it]
  4%|Γûì         | 20/500 [00:55<23:08,  2.89s/it]
  4%|Γûì         | 21/500 [00:57<21:43,  2.72s/it]
  4%|Γûì         | 22/500 [01:00<22:23,  2.81s/it]
  5%|Γûì         | 23/500 [01:02<21:06,  2.65s/it]
  5%|Γûì         | 24/500 [01:06<22:34,  2.85s/it]
  5%|Γûî         | 25/500 [01:08<21:17,  2.69s/it]
  5%|Γûî         | 26/500 [01:11<22:20,  2.83s/it]
  5%|Γûî         | 27/500 [01:13<20:45,  2.63s/it]
  6%|Γûî         | 28/500 [01:17<22:16,  2.83s/it]
  6%|Γûî         | 29/500 [01:19<20:44,  2.64s/it]
  6%|Γûî         | 30/500 [01:22<22:15,  2.84s/it]
  6%|Γûî         | 31/500 [01:24<20:57,  2.68s/it]
  6%|Γûï         | 32/500 [01:27<21:55,  2.81s/it]
  7%|Γûï         | 33/500 [01:30<21:06,  2.71s/it]
  7%|Γûï         | 34/500 [01:33<21:57,  2.83s/it]
  7%|Γûï         | 35/500 [01:35<20:25,  2.64s/it]
  7%|Γûï         | 36/500 [01:39<21:55,  2.84s/it]
  7%|Γûï         | 37/500 [01:41<20:41,  2.68s/it]
  8%|Γûè         | 38/500 [01:44<21:37,  2.81s/it]
  8%|Γûè         | 39/500 [01:46<20:57,  2.73s/it]
  8%|Γûè         | 40/500 [01:50<22:35,  2.95s/it]
  8%|Γûè         | 41/500 [01:53<21:42,  2.84s/it]
  8%|Γûè         | 42/500 [01:56<23:02,  3.02s/it]
  9%|Γûè         | 43/500 [01:59<21:58,  2.88s/it]
  9%|Γûë         | 44/500 [02:02<22:18,  2.94s/it]
  9%|Γûë         | 45/500 [02:04<21:20,  2.81s/it]
  9%|Γûë         | 46/500 [02:10<27:12,  3.60s/it]
  9%|Γûë         | 47/500 [02:12<24:22,  3.23s/it]
 10%|Γûë         | 48/500 [02:15<24:19,  3.23s/it]
 10%|Γûë         | 49/500 [02:18<22:46,  3.03s/it]
 10%|Γûê         | 50/500 [02:21<23:03,  3.07s/it]
 10%|Γûê         | 51/500 [02:23<21:16,  2.84s/it]
 10%|Γûê         | 52/500 [02:26<22:02,  2.95s/it]
 11%|Γûê         | 53/500 [02:29<21:03,  2.83s/it]
 11%|Γûê         | 54/500 [02:32<21:36,  2.91s/it]
 11%|Γûê         | 55/500 [02:34<19:58,  2.69s/it]
 11%|Γûê         | 56/500 [02:37<20:30,  2.77s/it]
 11%|ΓûêΓûÅ        | 57/500 [02:39<19:25,  2.63s/it]
 12%|ΓûêΓûÅ        | 58/500 [02:43<20:47,  2.82s/it]
 12%|ΓûêΓûÅ        | 59/500 [02:45<19:30,  2.65s/it]
 12%|ΓûêΓûÅ        | 60/500 [02:48<20:40,  2.82s/it]
 12%|ΓûêΓûÅ        | 61/500 [02:50<19:14,  2.63s/it]
 12%|ΓûêΓûÅ        | 62/500 [02:54<20:36,  2.82s/it]
 13%|ΓûêΓûÄ        | 63/500 [02:56<20:00,  2.75s/it]
 13%|ΓûêΓûÄ        | 64/500 [02:59<20:30,  2.82s/it]
 13%|ΓûêΓûÄ        | 65/500 [03:02<19:17,  2.66s/it]
 13%|ΓûêΓûÄ        | 66/500 [03:05<20:30,  2.83s/it]
 13%|ΓûêΓûÄ        | 67/500 [03:07<19:18,  2.68s/it]
 14%|ΓûêΓûÄ        | 68/500 [03:10<20:17,  2.82s/it]
 14%|ΓûêΓûì        | 69/500 [03:12<18:51,  2.62s/it]
 14%|ΓûêΓûì        | 70/500 [03:19<27:00,  3.77s/it]
 14%|ΓûêΓûì        | 71/500 [03:21<23:42,  3.32s/it]
 14%|ΓûêΓûì        | 72/500 [03:24<23:48,  3.34s/it]
 15%|ΓûêΓûì        | 73/500 [03:27<21:11,  2.98s/it]
 15%|ΓûêΓûì        | 74/500 [03:30<21:44,  3.06s/it]
 15%|ΓûêΓûî        | 75/500 [03:32<20:06,  2.84s/it]
 15%|ΓûêΓûî        | 76/500 [03:35<20:33,  2.91s/it]
 15%|ΓûêΓûî        | 77/500 [03:37<19:05,  2.71s/it]
 16%|ΓûêΓûî        | 78/500 [03:40<19:38,  2.79s/it]
 16%|ΓûêΓûî        | 79/500 [03:43<18:33,  2.64s/it]
 16%|ΓûêΓûî        | 80/500 [03:46<19:10,  2.74s/it]
 16%|ΓûêΓûî        | 81/500 [03:51<24:14,  3.47s/it]
 16%|ΓûêΓûï        | 82/500 [03:54<23:25,  3.36s/it]
 17%|ΓûêΓûï        | 83/500 [03:56<21:10,  3.05s/it]
 17%|ΓûêΓûï        | 84/500 [03:59<21:05,  3.04s/it]
 17%|ΓûêΓûï        | 85/500 [04:01<19:06,  2.76s/it]
 17%|ΓûêΓûï        | 86/500 [04:05<19:48,  2.87s/it]
 17%|ΓûêΓûï        | 87/500 [04:07<18:16,  2.66s/it]
 18%|ΓûêΓûè        | 88/500 [04:10<19:13,  2.80s/it]
 18%|ΓûêΓûè        | 89/500 [04:12<17:52,  2.61s/it]
 18%|ΓûêΓûè        | 90/500 [04:16<19:35,  2.87s/it]
 18%|ΓûêΓûè        | 91/500 [04:20<23:27,  3.44s/it]
 18%|ΓûêΓûè        | 92/500 [04:23<22:44,  3.35s/it]
 19%|ΓûêΓûè        | 93/500 [04:26<21:07,  3.11s/it]
 19%|ΓûêΓûë        | 94/500 [04:29<21:18,  3.15s/it]
 19%|ΓûêΓûë        | 95/500 [04:32<19:57,  2.96s/it]
 19%|ΓûêΓûë        | 96/500 [04:35<20:08,  2.99s/it]
 19%|ΓûêΓûë        | 97/500 [04:37<18:14,  2.71s/it]
 20%|ΓûêΓûë        | 98/500 [04:40<18:51,  2.82s/it]
 20%|ΓûêΓûë        | 99/500 [04:42<18:02,  2.70s/it]
 20%|ΓûêΓûê        | 100/500 [04:46<19:08,  2.87s/it]
 20%|ΓûêΓûê        | 101/500 [04:48<17:54,  2.69s/it]
 20%|ΓûêΓûê        | 102/500 [04:51<19:01,  2.87s/it]
 21%|ΓûêΓûê        | 103/500 [04:53<17:33,  2.65s/it]
 21%|ΓûêΓûê        | 104/500 [04:57<18:44,  2.84s/it]
 21%|ΓûêΓûê        | 105/500 [04:59<17:52,  2.72s/it]
 21%|ΓûêΓûê        | 106/500 [05:02<18:56,  2.88s/it]
 21%|ΓûêΓûêΓûÅ       | 107/500 [05:05<18:14,  2.79s/it]
 22%|ΓûêΓûêΓûÅ       | 108/500 [05:08<18:35,  2.85s/it]
 22%|ΓûêΓûêΓûÅ       | 109/500 [05:11<18:12,  2.80s/it]
 22%|ΓûêΓûêΓûÅ       | 110/500 [05:14<19:09,  2.95s/it]
 22%|ΓûêΓûêΓûÅ       | 111/500 [05:16<18:25,  2.84s/it]
 22%|ΓûêΓûêΓûÅ       | 112/500 [05:20<19:54,  3.08s/it]
 23%|ΓûêΓûêΓûÄ       | 113/500 [05:22<18:35,  2.88s/it]
 23%|ΓûêΓûêΓûÄ       | 114/500 [05:26<19:11,  2.98s/it]
 23%|ΓûêΓûêΓûÄ       | 115/500 [05:28<17:41,  2.76s/it]
 23%|ΓûêΓûêΓûÄ       | 116/500 [05:32<19:14,  3.01s/it]
 23%|ΓûêΓûêΓûÄ       | 117/500 [05:34<18:32,  2.90s/it]
 24%|ΓûêΓûêΓûÄ       | 118/500 [05:37<19:13,  3.02s/it]
 24%|ΓûêΓûêΓûì       | 119/500 [05:40<18:24,  2.90s/it]
 24%|ΓûêΓûêΓûì       | 120/500 [05:43<19:01,  3.00s/it]
 24%|ΓûêΓûêΓûì       | 121/500 [05:46<17:33,  2.78s/it]
 24%|ΓûêΓûêΓûì       | 122/500 [05:49<18:11,  2.89s/it]
 25%|ΓûêΓûêΓûì       | 123/500 [05:51<17:22,  2.77s/it]
 25%|ΓûêΓûêΓûì       | 124/500 [05:55<18:34,  2.96s/it]
 25%|ΓûêΓûêΓûî       | 125/500 [05:57<17:57,  2.87s/it]
 25%|ΓûêΓûêΓûî       | 126/500 [06:01<18:36,  2.99s/it]
 25%|ΓûêΓûêΓûî       | 127/500 [06:03<17:09,  2.76s/it]
 26%|ΓûêΓûêΓûî       | 128/500 [06:06<18:33,  2.99s/it]
 26%|ΓûêΓûêΓûî       | 129/500 [06:09<17:46,  2.88s/it]
 26%|ΓûêΓûêΓûî       | 130/500 [06:12<18:03,  2.93s/it]
 26%|ΓûêΓûêΓûî       | 131/500 [06:14<17:01,  2.77s/it]
 26%|ΓûêΓûêΓûï       | 132/500 [06:17<17:30,  2.86s/it]
 27%|ΓûêΓûêΓûï       | 133/500 [06:22<21:27,  3.51s/it]
 27%|ΓûêΓûêΓûï       | 134/500 [06:26<21:12,  3.48s/it]
 27%|ΓûêΓûêΓûï       | 135/500 [06:28<19:09,  3.15s/it]
 27%|ΓûêΓûêΓûï       | 136/500 [06:31<19:14,  3.17s/it]
 27%|ΓûêΓûêΓûï       | 137/500 [06:36<22:25,  3.71s/it]
 28%|ΓûêΓûêΓûè       | 138/500 [06:40<21:49,  3.62s/it]
 28%|ΓûêΓûêΓûè       | 139/500 [06:42<19:43,  3.28s/it]
 28%|ΓûêΓûêΓûè       | 140/500 [06:46<19:49,  3.30s/it]
 28%|ΓûêΓûêΓûè       | 141/500 [06:48<17:54,  2.99s/it]
 28%|ΓûêΓûêΓûè       | 142/500 [06:51<18:41,  3.13s/it]
 29%|ΓûêΓûêΓûè       | 143/500 [06:54<17:04,  2.87s/it]
 29%|ΓûêΓûêΓûë       | 144/500 [06:57<17:56,  3.02s/it]
 29%|ΓûêΓûêΓûë       | 145/500 [07:00<17:14,  2.91s/it]
 29%|ΓûêΓûêΓûë       | 146/500 [07:03<18:12,  3.08s/it]
 29%|ΓûêΓûêΓûë       | 147/500 [07:05<16:39,  2.83s/it]
 30%|ΓûêΓûêΓûë       | 148/500 [07:11<21:46,  3.71s/it]
 30%|ΓûêΓûêΓûë       | 149/500 [07:13<19:03,  3.26s/it]
 30%|ΓûêΓûêΓûê       | 150/500 [07:16<18:39,  3.20s/it]
 30%|ΓûêΓûêΓûê       | 151/500 [07:19<17:28,  3.00s/it]
 30%|ΓûêΓûêΓûê       | 152/500 [07:22<17:39,  3.04s/it]
 31%|ΓûêΓûêΓûê       | 153/500 [07:25<16:26,  2.84s/it]
 31%|ΓûêΓûêΓûê       | 154/500 [07:28<17:14,  2.99s/it]
 31%|ΓûêΓûêΓûê       | 155/500 [07:30<16:31,  2.87s/it]
 31%|ΓûêΓûêΓûê       | 156/500 [07:34<17:13,  3.01s/it]
 31%|ΓûêΓûêΓûêΓûÅ      | 157/500 [07:36<16:15,  2.84s/it]
 32%|ΓûêΓûêΓûêΓûÅ      | 158/500 [07:40<17:00,  2.98s/it]
 32%|ΓûêΓûêΓûêΓûÅ      | 159/500 [07:42<16:01,  2.82s/it]
 32%|ΓûêΓûêΓûêΓûÅ      | 160/500 [07:45<16:43,  2.95s/it]
 32%|ΓûêΓûêΓûêΓûÅ      | 161/500 [07:47<15:19,  2.71s/it]
 32%|ΓûêΓûêΓûêΓûÅ      | 162/500 [07:51<15:57,  2.83s/it]
 33%|ΓûêΓûêΓûêΓûÄ      | 163/500 [07:53<15:39,  2.79s/it]
 33%|ΓûêΓûêΓûêΓûÄ      | 164/500 [07:57<16:39,  2.98s/it]
 33%|ΓûêΓûêΓûêΓûÄ      | 165/500 [07:59<15:41,  2.81s/it]
 33%|ΓûêΓûêΓûêΓûÄ      | 166/500 [08:02<16:32,  2.97s/it]
 33%|ΓûêΓûêΓûêΓûÄ      | 167/500 [08:05<15:10,  2.74s/it]
 34%|ΓûêΓûêΓûêΓûÄ      | 168/500 [08:08<16:27,  2.97s/it]
 34%|ΓûêΓûêΓûêΓûì      | 169/500 [08:11<15:46,  2.86s/it]
 34%|ΓûêΓûêΓûêΓûì      | 170/500 [08:14<16:03,  2.92s/it]
 34%|ΓûêΓûêΓûêΓûì      | 171/500 [08:16<15:04,  2.75s/it]
 34%|ΓûêΓûêΓûêΓûì      | 172/500 [08:19<16:01,  2.93s/it]
 35%|ΓûêΓûêΓûêΓûì      | 173/500 [08:22<14:46,  2.71s/it]
 35%|ΓûêΓûêΓûêΓûì      | 174/500 [08:25<15:46,  2.90s/it]
 35%|ΓûêΓûêΓûêΓûî      | 175/500 [08:27<14:49,  2.74s/it]
 35%|ΓûêΓûêΓûêΓûî      | 176/500 [08:30<15:17,  2.83s/it]
 35%|ΓûêΓûêΓûêΓûî      | 177/500 [08:33<14:52,  2.76s/it]
 36%|ΓûêΓûêΓûêΓûî      | 178/500 [08:37<16:04,  3.00s/it]
 36%|ΓûêΓûêΓûêΓûî      | 179/500 [08:39<15:28,  2.89s/it]
 36%|ΓûêΓûêΓûêΓûî      | 180/500 [08:43<16:03,  3.01s/it]
 36%|ΓûêΓûêΓûêΓûî      | 181/500 [08:45<15:23,  2.89s/it]
 36%|ΓûêΓûêΓûêΓûï      | 182/500 [08:48<15:29,  2.92s/it]
 37%|ΓûêΓûêΓûêΓûï      | 183/500 [08:50<14:21,  2.72s/it]
 37%|ΓûêΓûêΓûêΓûï      | 184/500 [08:54<15:12,  2.89s/it]
 37%|ΓûêΓûêΓûêΓûï      | 185/500 [08:56<14:31,  2.77s/it]
 37%|ΓûêΓûêΓûêΓûï      | 186/500 [08:59<15:13,  2.91s/it]
 37%|ΓûêΓûêΓûêΓûï      | 187/500 [09:02<14:27,  2.77s/it]
 38%|ΓûêΓûêΓûêΓûè      | 188/500 [09:05<15:03,  2.90s/it]
 38%|ΓûêΓûêΓûêΓûè      | 189/500 [09:08<14:38,  2.83s/it]
 38%|ΓûêΓûêΓûêΓûè      | 190/500 [09:11<15:24,  2.98s/it]
 38%|ΓûêΓûêΓûêΓûè      | 191/500 [09:13<14:26,  2.81s/it]
 38%|ΓûêΓûêΓûêΓûè      | 192/500 [09:17<14:54,  2.90s/it]
 39%|ΓûêΓûêΓûêΓûè      | 193/500 [09:19<14:13,  2.78s/it]
 39%|ΓûêΓûêΓûêΓûë      | 194/500 [09:22<14:35,  2.86s/it]
 39%|ΓûêΓûêΓûêΓûë      | 195/500 [09:24<13:45,  2.71s/it]
 39%|ΓûêΓûêΓûêΓûë      | 196/500 [09:28<14:20,  2.83s/it]
 39%|ΓûêΓûêΓûêΓûë      | 197/500 [09:30<13:42,  2.71s/it]
 40%|ΓûêΓûêΓûêΓûë      | 198/500 [09:33<14:40,  2.92s/it]
 40%|ΓûêΓûêΓûêΓûë      | 199/500 [09:40<19:41,  3.92s/it]
 40%|ΓûêΓûêΓûêΓûê      | 200/500 [09:43<19:08,  3.83s/it]
 40%|ΓûêΓûêΓûêΓûê      | 201/500 [09:48<20:56,  4.20s/it]
 40%|ΓûêΓûêΓûêΓûê      | 202/500 [09:52<19:56,  4.01s/it]
 41%|ΓûêΓûêΓûêΓûê      | 203/500 [09:55<18:45,  3.79s/it]
 41%|ΓûêΓûêΓûêΓûê      | 204/500 [09:59<18:11,  3.69s/it]
 41%|ΓûêΓûêΓûêΓûê      | 205/500 [10:01<15:53,  3.23s/it]
 41%|ΓûêΓûêΓûêΓûê      | 206/500 [10:04<16:01,  3.27s/it]
 41%|ΓûêΓûêΓûêΓûêΓûÅ     | 207/500 [10:07<15:05,  3.09s/it]
 42%|ΓûêΓûêΓûêΓûêΓûÅ     | 208/500 [10:10<15:06,  3.10s/it]
 42%|ΓûêΓûêΓûêΓûêΓûÅ     | 209/500 [10:12<13:53,  2.87s/it]
 42%|ΓûêΓûêΓûêΓûêΓûÅ     | 210/500 [10:16<14:35,  3.02s/it]
 42%|ΓûêΓûêΓûêΓûêΓûÅ     | 211/500 [10:18<13:37,  2.83s/it]
 42%|ΓûêΓûêΓûêΓûêΓûÅ     | 212/500 [10:21<14:15,  2.97s/it]
 43%|ΓûêΓûêΓûêΓûêΓûÄ     | 213/500 [10:23<13:00,  2.72s/it]
 43%|ΓûêΓûêΓûêΓûêΓûÄ     | 214/500 [10:27<13:51,  2.91s/it]
 43%|ΓûêΓûêΓûêΓûêΓûÄ     | 215/500 [10:29<13:09,  2.77s/it]
 43%|ΓûêΓûêΓûêΓûêΓûÄ     | 216/500 [10:32<13:44,  2.90s/it]
 43%|ΓûêΓûêΓûêΓûêΓûÄ     | 217/500 [10:38<16:44,  3.55s/it]
 44%|ΓûêΓûêΓûêΓûêΓûÄ     | 218/500 [10:41<16:05,  3.42s/it]
 44%|ΓûêΓûêΓûêΓûêΓûì     | 219/500 [10:43<14:25,  3.08s/it]
 44%|ΓûêΓûêΓûêΓûêΓûì     | 220/500 [10:46<14:26,  3.10s/it]
 44%|ΓûêΓûêΓûêΓûêΓûì     | 221/500 [10:48<13:06,  2.82s/it]
 44%|ΓûêΓûêΓûêΓûêΓûì     | 222/500 [10:50<12:08,  2.62s/it]
 45%|ΓûêΓûêΓûêΓûêΓûì     | 223/500 [10:53<12:10,  2.64s/it]
 45%|ΓûêΓûêΓûêΓûêΓûì     | 224/500 [10:56<12:45,  2.77s/it]
 45%|ΓûêΓûêΓûêΓûêΓûî     | 225/500 [10:59<12:30,  2.73s/it]
 45%|ΓûêΓûêΓûêΓûêΓûî     | 226/500 [11:02<12:57,  2.84s/it]
 45%|ΓûêΓûêΓûêΓûêΓûî     | 227/500 [11:04<12:15,  2.69s/it]
 46%|ΓûêΓûêΓûêΓûêΓûî     | 228/500 [11:07<12:41,  2.80s/it]
 46%|ΓûêΓûêΓûêΓûêΓûî     | 229/500 [11:10<12:07,  2.68s/it]
 46%|ΓûêΓûêΓûêΓûêΓûî     | 230/500 [11:13<12:52,  2.86s/it]
 46%|ΓûêΓûêΓûêΓûêΓûî     | 231/500 [11:15<12:06,  2.70s/it]
 46%|ΓûêΓûêΓûêΓûêΓûï     | 232/500 [11:19<12:51,  2.88s/it]
 47%|ΓûêΓûêΓûêΓûêΓûï     | 233/500 [11:21<12:04,  2.71s/it]
 47%|ΓûêΓûêΓûêΓûêΓûï     | 234/500 [11:24<12:37,  2.85s/it]
 47%|ΓûêΓûêΓûêΓûêΓûï     | 235/500 [11:27<11:59,  2.71s/it]
 47%|ΓûêΓûêΓûêΓûêΓûï     | 237/500 [11:30<09:48,  2.24s/it]
 48%|ΓûêΓûêΓûêΓûêΓûè     | 238/500 [11:32<09:45,  2.24s/it]
 48%|ΓûêΓûêΓûêΓûêΓûè     | 239/500 [11:35<10:41,  2.46s/it]
 48%|ΓûêΓûêΓûêΓûêΓûè     | 240/500 [11:38<10:32,  2.43s/it]
 48%|ΓûêΓûêΓûêΓûêΓûè     | 241/500 [11:41<11:12,  2.60s/it]
 48%|ΓûêΓûêΓûêΓûêΓûè     | 242/500 [11:43<10:57,  2.55s/it]
 49%|ΓûêΓûêΓûêΓûêΓûè     | 243/500 [11:46<11:51,  2.77s/it]
 49%|ΓûêΓûêΓûêΓûêΓûë     | 244/500 [11:49<11:40,  2.74s/it]
 49%|ΓûêΓûêΓûêΓûêΓûë     | 245/500 [11:52<12:24,  2.92s/it]
 49%|ΓûêΓûêΓûêΓûêΓûë     | 246/500 [11:55<11:33,  2.73s/it]
 49%|ΓûêΓûêΓûêΓûêΓûë     | 247/500 [11:58<12:06,  2.87s/it]
 50%|ΓûêΓûêΓûêΓûêΓûë     | 248/500 [12:00<11:50,  2.82s/it]
 50%|ΓûêΓûêΓûêΓûêΓûë     | 249/500 [12:03<11:59,  2.87s/it]
 50%|ΓûêΓûêΓûêΓûêΓûê     | 250/500 [12:06<11:39,  2.80s/it]
 50%|ΓûêΓûêΓûêΓûêΓûê     | 251/500 [12:09<12:11,  2.94s/it]
 50%|ΓûêΓûêΓûêΓûêΓûê     | 252/500 [12:15<15:17,  3.70s/it]
 51%|ΓûêΓûêΓûêΓûêΓûê     | 253/500 [12:18<14:41,  3.57s/it]
 51%|ΓûêΓûêΓûêΓûêΓûê     | 254/500 [12:21<13:11,  3.22s/it]
 51%|ΓûêΓûêΓûêΓûêΓûê     | 255/500 [12:24<13:27,  3.30s/it]
 51%|ΓûêΓûêΓûêΓûêΓûê     | 256/500 [12:27<12:38,  3.11s/it]
 51%|ΓûêΓûêΓûêΓûêΓûêΓûÅ    | 257/500 [12:30<12:46,  3.15s/it]
 52%|ΓûêΓûêΓûêΓûêΓûêΓûÅ    | 258/500 [12:32<11:49,  2.93s/it]
 52%|ΓûêΓûêΓûêΓûêΓûêΓûÅ    | 259/500 [12:38<15:05,  3.76s/it]
 52%|ΓûêΓûêΓûêΓûêΓûêΓûÅ    | 260/500 [12:41<13:32,  3.38s/it]
 52%|ΓûêΓûêΓûêΓûêΓûêΓûÅ    | 261/500 [12:47<16:37,  4.17s/it]
 52%|ΓûêΓûêΓûêΓûêΓûêΓûÅ    | 262/500 [12:49<14:46,  3.73s/it]
 53%|ΓûêΓûêΓûêΓûêΓûêΓûÄ    | 263/500 [12:52<14:03,  3.56s/it]
 53%|ΓûêΓûêΓûêΓûêΓûêΓûÄ    | 265/500 [12:55<09:55,  2.53s/it]
 53%|ΓûêΓûêΓûêΓûêΓûêΓûÄ    | 266/500 [12:58<10:25,  2.67s/it]
 53%|ΓûêΓûêΓûêΓûêΓûêΓûÄ    | 267/500 [13:00<09:57,  2.56s/it]
 54%|ΓûêΓûêΓûêΓûêΓûêΓûÄ    | 268/500 [13:04<10:33,  2.73s/it]
 54%|ΓûêΓûêΓûêΓûêΓûêΓûì    | 269/500 [13:06<10:03,  2.61s/it]
 54%|ΓûêΓûêΓûêΓûêΓûêΓûì    | 270/500 [13:09<10:36,  2.77s/it]
 54%|ΓûêΓûêΓûêΓûêΓûêΓûì    | 271/500 [13:11<10:08,  2.66s/it]
 54%|ΓûêΓûêΓûêΓûêΓûêΓûì    | 272/500 [13:15<10:41,  2.81s/it]
 55%|ΓûêΓûêΓûêΓûêΓûêΓûì    | 273/500 [13:17<10:03,  2.66s/it]
 55%|ΓûêΓûêΓûêΓûêΓûêΓûì    | 274/500 [13:20<10:53,  2.89s/it]
 55%|ΓûêΓûêΓûêΓûêΓûêΓûî    | 275/500 [13:23<10:07,  2.70s/it]
 55%|ΓûêΓûêΓûêΓûêΓûêΓûî    | 276/500 [13:26<10:31,  2.82s/it]
 55%|ΓûêΓûêΓûêΓûêΓûêΓûî    | 277/500 [13:28<10:00,  2.69s/it]
 56%|ΓûêΓûêΓûêΓûêΓûêΓûî    | 278/500 [13:31<10:39,  2.88s/it]
 56%|ΓûêΓûêΓûêΓûêΓûêΓûî    | 279/500 [13:34<10:15,  2.78s/it]
 56%|ΓûêΓûêΓûêΓûêΓûêΓûî    | 280/500 [13:37<10:45,  2.93s/it]
 56%|ΓûêΓûêΓûêΓûêΓûêΓûî    | 281/500 [13:39<09:52,  2.70s/it]
 56%|ΓûêΓûêΓûêΓûêΓûêΓûï    | 282/500 [13:43<10:11,  2.81s/it]
 57%|ΓûêΓûêΓûêΓûêΓûêΓûï    | 283/500 [13:45<09:59,  2.76s/it]
 57%|ΓûêΓûêΓûêΓûêΓûêΓûï    | 284/500 [13:48<10:25,  2.90s/it]
 57%|ΓûêΓûêΓûêΓûêΓûêΓûï    | 285/500 [13:51<09:50,  2.75s/it]
 57%|ΓûêΓûêΓûêΓûêΓûêΓûï    | 286/500 [13:54<10:22,  2.91s/it]
 57%|ΓûêΓûêΓûêΓûêΓûêΓûï    | 287/500 [13:56<09:33,  2.69s/it]
 58%|ΓûêΓûêΓûêΓûêΓûêΓûè    | 288/500 [13:59<09:51,  2.79s/it]
 58%|ΓûêΓûêΓûêΓûêΓûêΓûè    | 289/500 [14:02<09:42,  2.76s/it]
 58%|ΓûêΓûêΓûêΓûêΓûêΓûè    | 290/500 [14:05<10:04,  2.88s/it]
 58%|ΓûêΓûêΓûêΓûêΓûêΓûè    | 291/500 [14:07<09:12,  2.64s/it]
 58%|ΓûêΓûêΓûêΓûêΓûêΓûè    | 292/500 [14:10<09:34,  2.76s/it]
 59%|ΓûêΓûêΓûêΓûêΓûêΓûè    | 293/500 [14:13<09:15,  2.68s/it]
 59%|ΓûêΓûêΓûêΓûêΓûêΓûë    | 294/500 [14:16<10:03,  2.93s/it]
 59%|ΓûêΓûêΓûêΓûêΓûêΓûë    | 295/500 [14:19<09:26,  2.76s/it]
 59%|ΓûêΓûêΓûêΓûêΓûêΓûë    | 296/500 [14:22<09:35,  2.82s/it]
 59%|ΓûêΓûêΓûêΓûêΓûêΓûë    | 297/500 [14:24<09:05,  2.69s/it]
 60%|ΓûêΓûêΓûêΓûêΓûêΓûë    | 298/500 [14:27<09:44,  2.89s/it]
 60%|ΓûêΓûêΓûêΓûêΓûêΓûë    | 299/500 [14:30<09:10,  2.74s/it]
 60%|ΓûêΓûêΓûêΓûêΓûêΓûê    | 300/500 [14:33<09:22,  2.81s/it]
 60%|ΓûêΓûêΓûêΓûêΓûêΓûê    | 301/500 [14:35<09:11,  2.77s/it]
 60%|ΓûêΓûêΓûêΓûêΓûêΓûê    | 302/500 [14:39<09:35,  2.91s/it]
 61%|ΓûêΓûêΓûêΓûêΓûêΓûê    | 303/500 [14:47<14:41,  4.48s/it]
 61%|ΓûêΓûêΓûêΓûêΓûêΓûê    | 304/500 [14:50<13:29,  4.13s/it]
 61%|ΓûêΓûêΓûêΓûêΓûêΓûê    | 305/500 [14:55<13:53,  4.27s/it]
 61%|ΓûêΓûêΓûêΓûêΓûêΓûê    | 306/500 [14:58<12:38,  3.91s/it]
 61%|ΓûêΓûêΓûêΓûêΓûêΓûêΓûÅ   | 307/500 [15:00<11:04,  3.44s/it]
 62%|ΓûêΓûêΓûêΓûêΓûêΓûêΓûÅ   | 308/500 [15:03<10:43,  3.35s/it]
 62%|ΓûêΓûêΓûêΓûêΓûêΓûêΓûÅ   | 309/500 [15:08<12:16,  3.85s/it]
 62%|ΓûêΓûêΓûêΓûêΓûêΓûêΓûÅ   | 310/500 [15:12<11:43,  3.70s/it]
 62%|ΓûêΓûêΓûêΓûêΓûêΓûêΓûÅ   | 311/500 [15:14<10:12,  3.24s/it]
 62%|ΓûêΓûêΓûêΓûêΓûêΓûêΓûÅ   | 312/500 [15:20<13:09,  4.20s/it]
 63%|ΓûêΓûêΓûêΓûêΓûêΓûêΓûÄ   | 313/500 [15:22<11:17,  3.62s/it]
 63%|ΓûêΓûêΓûêΓûêΓûêΓûêΓûÄ   | 314/500 [15:26<10:56,  3.53s/it]
 63%|ΓûêΓûêΓûêΓûêΓûêΓûêΓûÄ   | 315/500 [15:28<10:03,  3.26s/it]
 63%|ΓûêΓûêΓûêΓûêΓûêΓûêΓûÄ   | 316/500 [15:32<10:01,  3.27s/it]
 63%|ΓûêΓûêΓûêΓûêΓûêΓûêΓûÄ   | 317/500 [15:34<09:11,  3.01s/it]
 64%|ΓûêΓûêΓûêΓûêΓûêΓûêΓûÄ   | 318/500 [15:38<09:31,  3.14s/it]
 64%|ΓûêΓûêΓûêΓûêΓûêΓûêΓûì   | 319/500 [15:40<09:01,  2.99s/it]
 64%|ΓûêΓûêΓûêΓûêΓûêΓûêΓûì   | 320/500 [15:44<09:18,  3.11s/it]
 64%|ΓûêΓûêΓûêΓûêΓûêΓûêΓûì   | 321/500 [15:46<08:36,  2.89s/it]
 64%|ΓûêΓûêΓûêΓûêΓûêΓûêΓûì   | 322/500 [15:49<09:00,  3.03s/it]
 65%|ΓûêΓûêΓûêΓûêΓûêΓûêΓûì   | 323/500 [15:52<08:36,  2.92s/it]
 65%|ΓûêΓûêΓûêΓûêΓûêΓûêΓûì   | 324/500 [15:55<08:53,  3.03s/it]
 65%|ΓûêΓûêΓûêΓûêΓûêΓûêΓûî   | 325/500 [15:58<08:25,  2.89s/it]
 65%|ΓûêΓûêΓûêΓûêΓûêΓûêΓûî   | 326/500 [16:01<08:42,  3.00s/it]
 65%|ΓûêΓûêΓûêΓûêΓûêΓûêΓûî   | 327/500 [16:04<08:14,  2.86s/it]
 66%|ΓûêΓûêΓûêΓûêΓûêΓûêΓûî   | 328/500 [16:07<08:30,  2.97s/it]
 66%|ΓûêΓûêΓûêΓûêΓûêΓûêΓûî   | 329/500 [16:09<07:49,  2.75s/it]
 66%|ΓûêΓûêΓûêΓûêΓûêΓûêΓûî   | 330/500 [16:12<08:01,  2.83s/it]
 66%|ΓûêΓûêΓûêΓûêΓûêΓûêΓûî   | 331/500 [16:15<07:40,  2.72s/it]
 66%|ΓûêΓûêΓûêΓûêΓûêΓûêΓûï   | 332/500 [16:18<08:00,  2.86s/it]
 67%|ΓûêΓûêΓûêΓûêΓûêΓûêΓûï   | 333/500 [16:20<07:25,  2.67s/it]
 67%|ΓûêΓûêΓûêΓûêΓûêΓûêΓûï   | 334/500 [16:23<07:40,  2.77s/it]
 67%|ΓûêΓûêΓûêΓûêΓûêΓûêΓûï   | 335/500 [16:25<07:13,  2.63s/it]
 67%|ΓûêΓûêΓûêΓûêΓûêΓûêΓûï   | 336/500 [16:29<07:44,  2.83s/it]
 67%|ΓûêΓûêΓûêΓûêΓûêΓûêΓûï   | 337/500 [16:31<07:21,  2.71s/it]
 68%|ΓûêΓûêΓûêΓûêΓûêΓûêΓûè   | 338/500 [16:34<07:49,  2.90s/it]
 68%|ΓûêΓûêΓûêΓûêΓûêΓûêΓûè   | 339/500 [16:37<07:31,  2.81s/it]
 68%|ΓûêΓûêΓûêΓûêΓûêΓûêΓûè   | 340/500 [16:40<07:34,  2.84s/it]
 68%|ΓûêΓûêΓûêΓûêΓûêΓûêΓûè   | 341/500 [16:43<07:26,  2.81s/it]
 68%|ΓûêΓûêΓûêΓûêΓûêΓûêΓûè   | 342/500 [16:46<07:41,  2.92s/it]
 69%|ΓûêΓûêΓûêΓûêΓûêΓûêΓûè   | 343/500 [16:48<07:16,  2.78s/it]
 69%|ΓûêΓûêΓûêΓûêΓûêΓûêΓûë   | 345/500 [16:52<05:51,  2.27s/it]
 69%|ΓûêΓûêΓûêΓûêΓûêΓûêΓûë   | 346/500 [17:00<09:35,  3.74s/it]
 69%|ΓûêΓûêΓûêΓûêΓûêΓûêΓûë   | 347/500 [17:03<09:11,  3.61s/it]
 70%|ΓûêΓûêΓûêΓûêΓûêΓûêΓûë   | 348/500 [17:06<08:29,  3.35s/it]
 70%|ΓûêΓûêΓûêΓûêΓûêΓûêΓûë   | 349/500 [17:09<08:21,  3.32s/it]
 70%|ΓûêΓûêΓûêΓûêΓûêΓûêΓûê   | 350/500 [17:12<07:49,  3.13s/it]
 70%|ΓûêΓûêΓûêΓûêΓûêΓûêΓûê   | 351/500 [17:15<07:43,  3.11s/it]
 70%|ΓûêΓûêΓûêΓûêΓûêΓûêΓûê   | 352/500 [17:17<07:12,  2.92s/it]
 71%|ΓûêΓûêΓûêΓûêΓûêΓûêΓûê   | 353/500 [17:20<07:28,  3.05s/it]
 71%|ΓûêΓûêΓûêΓûêΓûêΓûêΓûê   | 354/500 [17:23<06:52,  2.82s/it]
 71%|ΓûêΓûêΓûêΓûêΓûêΓûêΓûê   | 355/500 [17:26<06:56,  2.87s/it]
 71%|ΓûêΓûêΓûêΓûêΓûêΓûêΓûê   | 356/500 [17:28<06:45,  2.82s/it]
 71%|ΓûêΓûêΓûêΓûêΓûêΓûêΓûêΓûÅ  | 357/500 [17:32<07:00,  2.94s/it]
 72%|ΓûêΓûêΓûêΓûêΓûêΓûêΓûêΓûÅ  | 358/500 [17:34<06:27,  2.73s/it]
 72%|ΓûêΓûêΓûêΓûêΓûêΓûêΓûêΓûÅ  | 359/500 [17:37<06:49,  2.91s/it]
 72%|ΓûêΓûêΓûêΓûêΓûêΓûêΓûêΓûÅ  | 360/500 [17:39<06:20,  2.72s/it]
 72%|ΓûêΓûêΓûêΓûêΓûêΓûêΓûêΓûÅ  | 361/500 [17:43<06:44,  2.91s/it]
 72%|ΓûêΓûêΓûêΓûêΓûêΓûêΓûêΓûÅ  | 362/500 [17:45<06:18,  2.74s/it]
 73%|ΓûêΓûêΓûêΓûêΓûêΓûêΓûêΓûÄ  | 363/500 [17:52<09:10,  4.02s/it]
 73%|ΓûêΓûêΓûêΓûêΓûêΓûêΓûêΓûÄ  | 364/500 [17:55<08:09,  3.60s/it]
 73%|ΓûêΓûêΓûêΓûêΓûêΓûêΓûêΓûÄ  | 365/500 [17:58<07:57,  3.54s/it]
 73%|ΓûêΓûêΓûêΓûêΓûêΓûêΓûêΓûÄ  | 366/500 [18:00<07:01,  3.15s/it]
 73%|ΓûêΓûêΓûêΓûêΓûêΓûêΓûêΓûÄ  | 367/500 [18:04<07:11,  3.24s/it]
 74%|ΓûêΓûêΓûêΓûêΓûêΓûêΓûêΓûÄ  | 368/500 [18:06<06:34,  2.99s/it]
 74%|ΓûêΓûêΓûêΓûêΓûêΓûêΓûêΓûì  | 369/500 [18:10<06:43,  3.08s/it]
 74%|ΓûêΓûêΓûêΓûêΓûêΓûêΓûêΓûì  | 370/500 [18:12<06:21,  2.94s/it]
 74%|ΓûêΓûêΓûêΓûêΓûêΓûêΓûêΓûì  | 371/500 [18:15<06:24,  2.98s/it]
 74%|ΓûêΓûêΓûêΓûêΓûêΓûêΓûêΓûì  | 372/500 [18:18<06:10,  2.90s/it]
 75%|ΓûêΓûêΓûêΓûêΓûêΓûêΓûêΓûì  | 373/500 [18:21<06:22,  3.01s/it]
 75%|ΓûêΓûêΓûêΓûêΓûêΓûêΓûêΓûì  | 374/500 [18:23<05:50,  2.78s/it]
 75%|ΓûêΓûêΓûêΓûêΓûêΓûêΓûêΓûî  | 375/500 [18:29<07:46,  3.73s/it]
 75%|ΓûêΓûêΓûêΓûêΓûêΓûêΓûêΓûî  | 376/500 [18:32<06:48,  3.30s/it]
 75%|ΓûêΓûêΓûêΓûêΓûêΓûêΓûêΓûî  | 377/500 [18:35<06:37,  3.23s/it]
 76%|ΓûêΓûêΓûêΓûêΓûêΓûêΓûêΓûî  | 378/500 [18:37<06:01,  2.97s/it]
 76%|ΓûêΓûêΓûêΓûêΓûêΓûêΓûêΓûî  | 379/500 [18:40<06:10,  3.06s/it]
 76%|ΓûêΓûêΓûêΓûêΓûêΓûêΓûêΓûî  | 380/500 [18:43<05:40,  2.84s/it]
 76%|ΓûêΓûêΓûêΓûêΓûêΓûêΓûêΓûî  | 381/500 [18:46<05:46,  2.91s/it]
 76%|ΓûêΓûêΓûêΓûêΓûêΓûêΓûêΓûï  | 382/500 [18:48<05:13,  2.66s/it]
 77%|ΓûêΓûêΓûêΓûêΓûêΓûêΓûêΓûï  | 383/500 [18:51<05:22,  2.76s/it]
 77%|ΓûêΓûêΓûêΓûêΓûêΓûêΓûêΓûï  | 384/500 [18:53<05:14,  2.71s/it]
 77%|ΓûêΓûêΓûêΓûêΓûêΓûêΓûêΓûï  | 385/500 [18:57<05:24,  2.83s/it]
 77%|ΓûêΓûêΓûêΓûêΓûêΓûêΓûêΓûï  | 386/500 [18:59<05:10,  2.73s/it]
 77%|ΓûêΓûêΓûêΓûêΓûêΓûêΓûêΓûï  | 387/500 [19:02<05:24,  2.87s/it]
 78%|ΓûêΓûêΓûêΓûêΓûêΓûêΓûêΓûè  | 388/500 [19:04<04:57,  2.66s/it]
 78%|ΓûêΓûêΓûêΓûêΓûêΓûêΓûêΓûè  | 389/500 [19:08<05:19,  2.88s/it]
 78%|ΓûêΓûêΓûêΓûêΓûêΓûêΓûêΓûè  | 390/500 [19:10<05:05,  2.78s/it]
 78%|ΓûêΓûêΓûêΓûêΓûêΓûêΓûêΓûè  | 391/500 [19:13<05:14,  2.88s/it]
 78%|ΓûêΓûêΓûêΓûêΓûêΓûêΓûêΓûè  | 392/500 [19:16<04:53,  2.72s/it]
 79%|ΓûêΓûêΓûêΓûêΓûêΓûêΓûêΓûè  | 393/500 [19:19<05:06,  2.87s/it]
 79%|ΓûêΓûêΓûêΓûêΓûêΓûêΓûêΓûë  | 394/500 [19:21<04:47,  2.71s/it]
 79%|ΓûêΓûêΓûêΓûêΓûêΓûêΓûêΓûë  | 395/500 [19:25<04:58,  2.85s/it]
 79%|ΓûêΓûêΓûêΓûêΓûêΓûêΓûêΓûë  | 396/500 [19:27<04:39,  2.69s/it]
 79%|ΓûêΓûêΓûêΓûêΓûêΓûêΓûêΓûë  | 397/500 [19:30<04:58,  2.90s/it]
 80%|ΓûêΓûêΓûêΓûêΓûêΓûêΓûêΓûë  | 398/500 [19:33<04:37,  2.72s/it]
 80%|ΓûêΓûêΓûêΓûêΓûêΓûêΓûêΓûë  | 399/500 [19:36<04:48,  2.86s/it]
 80%|ΓûêΓûêΓûêΓûêΓûêΓûêΓûêΓûê  | 400/500 [19:38<04:35,  2.75s/it]
 80%|ΓûêΓûêΓûêΓûêΓûêΓûêΓûêΓûê  | 401/500 [19:41<04:40,  2.83s/it]
 80%|ΓûêΓûêΓûêΓûêΓûêΓûêΓûêΓûê  | 402/500 [19:43<04:16,  2.62s/it]
 81%|ΓûêΓûêΓûêΓûêΓûêΓûêΓûêΓûê  | 403/500 [19:46<04:24,  2.73s/it]
 81%|ΓûêΓûêΓûêΓûêΓûêΓûêΓûêΓûê  | 404/500 [19:49<04:15,  2.66s/it]
 81%|ΓûêΓûêΓûêΓûêΓûêΓûêΓûêΓûê  | 405/500 [19:52<04:31,  2.85s/it]
 81%|ΓûêΓûêΓûêΓûêΓûêΓûêΓûêΓûê  | 406/500 [19:55<04:16,  2.73s/it]
 81%|ΓûêΓûêΓûêΓûêΓûêΓûêΓûêΓûêΓûÅ | 407/500 [19:58<04:24,  2.85s/it]
 82%|ΓûêΓûêΓûêΓûêΓûêΓûêΓûêΓûêΓûÅ | 408/500 [20:00<04:13,  2.75s/it]
 82%|ΓûêΓûêΓûêΓûêΓûêΓûêΓûêΓûêΓûÅ | 409/500 [20:07<05:59,  3.95s/it]
 82%|ΓûêΓûêΓûêΓûêΓûêΓûêΓûêΓûêΓûÅ | 410/500 [20:10<05:16,  3.52s/it]
 82%|ΓûêΓûêΓûêΓûêΓûêΓûêΓûêΓûêΓûÅ | 411/500 [20:13<05:05,  3.43s/it]
 82%|ΓûêΓûêΓûêΓûêΓûêΓûêΓûêΓûêΓûÅ | 412/500 [20:15<04:31,  3.08s/it]
 83%|ΓûêΓûêΓûêΓûêΓûêΓûêΓûêΓûêΓûÄ | 413/500 [20:18<04:28,  3.09s/it]
 83%|ΓûêΓûêΓûêΓûêΓûêΓûêΓûêΓûêΓûÄ | 414/500 [20:21<04:12,  2.94s/it]
 83%|ΓûêΓûêΓûêΓûêΓûêΓûêΓûêΓûêΓûÄ | 415/500 [20:24<04:16,  3.02s/it]
 83%|ΓûêΓûêΓûêΓûêΓûêΓûêΓûêΓûêΓûÄ | 416/500 [20:27<04:02,  2.89s/it]
 83%|ΓûêΓûêΓûêΓûêΓûêΓûêΓûêΓûêΓûÄ | 417/500 [20:30<04:05,  2.95s/it]
 84%|ΓûêΓûêΓûêΓûêΓûêΓûêΓûêΓûêΓûÄ | 418/500 [20:32<03:44,  2.74s/it]
 84%|ΓûêΓûêΓûêΓûêΓûêΓûêΓûêΓûêΓûì | 419/500 [20:35<03:54,  2.89s/it]
 84%|ΓûêΓûêΓûêΓûêΓûêΓûêΓûêΓûêΓûì | 420/500 [20:38<03:41,  2.77s/it]
 84%|ΓûêΓûêΓûêΓûêΓûêΓûêΓûêΓûêΓûì | 421/500 [20:41<03:50,  2.92s/it]
 84%|ΓûêΓûêΓûêΓûêΓûêΓûêΓûêΓûêΓûì | 422/500 [20:43<03:39,  2.82s/it]
 85%|ΓûêΓûêΓûêΓûêΓûêΓûêΓûêΓûêΓûì | 423/500 [20:47<03:49,  2.98s/it]
 85%|ΓûêΓûêΓûêΓûêΓûêΓûêΓûêΓûêΓûì | 424/500 [20:50<03:41,  2.92s/it]
 85%|ΓûêΓûêΓûêΓûêΓûêΓûêΓûêΓûêΓûî | 425/500 [20:53<03:50,  3.07s/it]
 85%|ΓûêΓûêΓûêΓûêΓûêΓûêΓûêΓûêΓûî | 426/500 [20:56<03:39,  2.97s/it]
 85%|ΓûêΓûêΓûêΓûêΓûêΓûêΓûêΓûêΓûî | 427/500 [21:02<04:51,  3.99s/it]
 86%|ΓûêΓûêΓûêΓûêΓûêΓûêΓûêΓûêΓûî | 428/500 [21:04<04:05,  3.40s/it]
 86%|ΓûêΓûêΓûêΓûêΓûêΓûêΓûêΓûêΓûî | 429/500 [21:08<04:01,  3.40s/it]
 86%|ΓûêΓûêΓûêΓûêΓûêΓûêΓûêΓûêΓûî | 430/500 [21:10<03:37,  3.10s/it]
 86%|ΓûêΓûêΓûêΓûêΓûêΓûêΓûêΓûêΓûî | 431/500 [21:13<03:32,  3.08s/it]
 86%|ΓûêΓûêΓûêΓûêΓûêΓûêΓûêΓûêΓûï | 432/500 [21:15<03:16,  2.89s/it]
 87%|ΓûêΓûêΓûêΓûêΓûêΓûêΓûêΓûêΓûï | 433/500 [21:19<03:23,  3.04s/it]
 87%|ΓûêΓûêΓûêΓûêΓûêΓûêΓûêΓûêΓûï | 434/500 [21:21<03:04,  2.80s/it]
 87%|ΓûêΓûêΓûêΓûêΓûêΓûêΓûêΓûêΓûï | 435/500 [21:24<03:05,  2.86s/it]
 87%|ΓûêΓûêΓûêΓûêΓûêΓûêΓûêΓûêΓûï | 436/500 [21:26<02:54,  2.73s/it]
 87%|ΓûêΓûêΓûêΓûêΓûêΓûêΓûêΓûêΓûï | 437/500 [21:30<02:59,  2.85s/it]
 88%|ΓûêΓûêΓûêΓûêΓûêΓûêΓûêΓûêΓûè | 438/500 [21:32<02:44,  2.66s/it]
 88%|ΓûêΓûêΓûêΓûêΓûêΓûêΓûêΓûêΓûè | 439/500 [21:35<02:56,  2.89s/it]
 88%|ΓûêΓûêΓûêΓûêΓûêΓûêΓûêΓûêΓûè | 440/500 [21:38<02:44,  2.73s/it]
 88%|ΓûêΓûêΓûêΓûêΓûêΓûêΓûêΓûêΓûè | 441/500 [21:41<02:46,  2.82s/it]
 88%|ΓûêΓûêΓûêΓûêΓûêΓûêΓûêΓûêΓûè | 442/500 [21:43<02:40,  2.77s/it]
 89%|ΓûêΓûêΓûêΓûêΓûêΓûêΓûêΓûêΓûè | 443/500 [21:47<02:45,  2.90s/it]
 89%|ΓûêΓûêΓûêΓûêΓûêΓûêΓûêΓûêΓûë | 444/500 [21:49<02:31,  2.71s/it]
 89%|ΓûêΓûêΓûêΓûêΓûêΓûêΓûêΓûêΓûë | 445/500 [21:52<02:38,  2.88s/it]
 89%|ΓûêΓûêΓûêΓûêΓûêΓûêΓûêΓûêΓûë | 446/500 [21:55<02:31,  2.80s/it]
 89%|ΓûêΓûêΓûêΓûêΓûêΓûêΓûêΓûêΓûë | 447/500 [21:58<02:31,  2.86s/it]
 90%|ΓûêΓûêΓûêΓûêΓûêΓûêΓûêΓûêΓûë | 448/500 [22:00<02:24,  2.78s/it]
 90%|ΓûêΓûêΓûêΓûêΓûêΓûêΓûêΓûêΓûë | 449/500 [22:03<02:25,  2.86s/it]
 90%|ΓûêΓûêΓûêΓûêΓûêΓûêΓûêΓûêΓûê | 450/500 [22:06<02:17,  2.76s/it]
 90%|ΓûêΓûêΓûêΓûêΓûêΓûêΓûêΓûêΓûê | 451/500 [22:09<02:22,  2.90s/it]
 90%|ΓûêΓûêΓûêΓûêΓûêΓûêΓûêΓûêΓûê | 452/500 [22:12<02:16,  2.83s/it]
 91%|ΓûêΓûêΓûêΓûêΓûêΓûêΓûêΓûêΓûê | 453/500 [22:15<02:17,  2.92s/it]
 91%|ΓûêΓûêΓûêΓûêΓûêΓûêΓûêΓûêΓûê | 454/500 [22:17<02:08,  2.79s/it]
 91%|ΓûêΓûêΓûêΓûêΓûêΓûêΓûêΓûêΓûê | 455/500 [22:21<02:13,  2.98s/it]
 91%|ΓûêΓûêΓûêΓûêΓûêΓûêΓûêΓûêΓûê | 456/500 [22:23<02:03,  2.80s/it]
 91%|ΓûêΓûêΓûêΓûêΓûêΓûêΓûêΓûêΓûêΓûÅ| 457/500 [22:26<02:06,  2.93s/it]
 92%|ΓûêΓûêΓûêΓûêΓûêΓûêΓûêΓûêΓûêΓûÅ| 458/500 [22:29<01:56,  2.77s/it]
 92%|ΓûêΓûêΓûêΓûêΓûêΓûêΓûêΓûêΓûêΓûÅ| 459/500 [22:32<01:56,  2.83s/it]
 92%|ΓûêΓûêΓûêΓûêΓûêΓûêΓûêΓûêΓûêΓûÅ| 460/500 [22:34<01:48,  2.70s/it]
 92%|ΓûêΓûêΓûêΓûêΓûêΓûêΓûêΓûêΓûêΓûÅ| 461/500 [22:37<01:48,  2.79s/it]
 92%|ΓûêΓûêΓûêΓûêΓûêΓûêΓûêΓûêΓûêΓûÅ| 462/500 [22:40<01:42,  2.69s/it]
 93%|ΓûêΓûêΓûêΓûêΓûêΓûêΓûêΓûêΓûêΓûÄ| 463/500 [22:43<01:46,  2.87s/it]
 93%|ΓûêΓûêΓûêΓûêΓûêΓûêΓûêΓûêΓûêΓûÄ| 464/500 [22:45<01:37,  2.72s/it]
 93%|ΓûêΓûêΓûêΓûêΓûêΓûêΓûêΓûêΓûêΓûÄ| 465/500 [22:49<01:41,  2.91s/it]
 93%|ΓûêΓûêΓûêΓûêΓûêΓûêΓûêΓûêΓûêΓûÄ| 466/500 [22:51<01:34,  2.77s/it]
 93%|ΓûêΓûêΓûêΓûêΓûêΓûêΓûêΓûêΓûêΓûÄ| 467/500 [22:54<01:36,  2.94s/it]
 94%|ΓûêΓûêΓûêΓûêΓûêΓûêΓûêΓûêΓûêΓûÄ| 468/500 [22:57<01:31,  2.86s/it]
 94%|ΓûêΓûêΓûêΓûêΓûêΓûêΓûêΓûêΓûêΓûì| 469/500 [23:00<01:33,  3.00s/it]
 94%|ΓûêΓûêΓûêΓûêΓûêΓûêΓûêΓûêΓûêΓûì| 470/500 [23:03<01:23,  2.78s/it]
 94%|ΓûêΓûêΓûêΓûêΓûêΓûêΓûêΓûêΓûêΓûì| 471/500 [23:06<01:22,  2.86s/it]
 94%|ΓûêΓûêΓûêΓûêΓûêΓûêΓûêΓûêΓûêΓûì| 472/500 [23:08<01:18,  2.81s/it]
 95%|ΓûêΓûêΓûêΓûêΓûêΓûêΓûêΓûêΓûêΓûì| 473/500 [23:12<01:19,  2.94s/it]
 95%|ΓûêΓûêΓûêΓûêΓûêΓûêΓûêΓûêΓûêΓûì| 474/500 [23:14<01:13,  2.84s/it]
 95%|ΓûêΓûêΓûêΓûêΓûêΓûêΓûêΓûêΓûêΓûî| 475/500 [23:18<01:14,  3.00s/it]
 95%|ΓûêΓûêΓûêΓûêΓûêΓûêΓûêΓûêΓûêΓûî| 476/500 [23:20<01:06,  2.78s/it]
 95%|ΓûêΓûêΓûêΓûêΓûêΓûêΓûêΓûêΓûêΓûî| 477/500 [23:23<01:07,  2.95s/it]
 96%|ΓûêΓûêΓûêΓûêΓûêΓûêΓûêΓûêΓûêΓûî| 478/500 [23:26<01:00,  2.74s/it]
 96%|ΓûêΓûêΓûêΓûêΓûêΓûêΓûêΓûêΓûêΓûî| 479/500 [23:29<00:59,  2.85s/it]
 96%|ΓûêΓûêΓûêΓûêΓûêΓûêΓûêΓûêΓûêΓûî| 480/500 [23:31<00:52,  2.63s/it]
 96%|ΓûêΓûêΓûêΓûêΓûêΓûêΓûêΓûêΓûêΓûî| 481/500 [23:37<01:11,  3.76s/it]
 96%|ΓûêΓûêΓûêΓûêΓûêΓûêΓûêΓûêΓûêΓûï| 482/500 [23:40<01:01,  3.42s/it]
 97%|ΓûêΓûêΓûêΓûêΓûêΓûêΓûêΓûêΓûêΓûï| 483/500 [23:43<00:57,  3.38s/it]
 97%|ΓûêΓûêΓûêΓûêΓûêΓûêΓûêΓûêΓûêΓûï| 484/500 [23:45<00:48,  3.03s/it]
 97%|ΓûêΓûêΓûêΓûêΓûêΓûêΓûêΓûêΓûêΓûï| 485/500 [23:49<00:46,  3.12s/it]
 97%|ΓûêΓûêΓûêΓûêΓûêΓûêΓûêΓûêΓûêΓûï| 486/500 [23:51<00:41,  2.97s/it]
 97%|ΓûêΓûêΓûêΓûêΓûêΓûêΓûêΓûêΓûêΓûï| 487/500 [23:54<00:38,  2.95s/it]
 98%|ΓûêΓûêΓûêΓûêΓûêΓûêΓûêΓûêΓûêΓûè| 488/500 [23:57<00:33,  2.82s/it]
 98%|ΓûêΓûêΓûêΓûêΓûêΓûêΓûêΓûêΓûêΓûè| 489/500 [24:00<00:31,  2.90s/it]
 98%|ΓûêΓûêΓûêΓûêΓûêΓûêΓûêΓûêΓûêΓûè| 490/500 [24:02<00:26,  2.68s/it]
 98%|ΓûêΓûêΓûêΓûêΓûêΓûêΓûêΓûêΓûêΓûè| 491/500 [24:05<00:25,  2.86s/it]
 98%|ΓûêΓûêΓûêΓûêΓûêΓûêΓûêΓûêΓûêΓûè| 492/500 [24:07<00:21,  2.68s/it]
 99%|ΓûêΓûêΓûêΓûêΓûêΓûêΓûêΓûêΓûêΓûè| 493/500 [24:11<00:19,  2.81s/it]
 99%|ΓûêΓûêΓûêΓûêΓûêΓûêΓûêΓûêΓûêΓûë| 495/500 [24:13<00:10,  2.11s/it]
 99%|ΓûêΓûêΓûêΓûêΓûêΓûêΓûêΓûêΓûêΓûë| 496/500 [24:16<00:09,  2.31s/it]
 99%|ΓûêΓûêΓûêΓûêΓûêΓûêΓûêΓûêΓûêΓûë| 497/500 [24:18<00:06,  2.29s/it]
100%|ΓûêΓûêΓûêΓûêΓûêΓûêΓûêΓûêΓûêΓûë| 498/500 [24:22<00:05,  2.56s/it]
100%|ΓûêΓûêΓûêΓûêΓûêΓûêΓûêΓûêΓûêΓûë| 499/500 [24:24<00:02,  2.49s/it]
100%|ΓûêΓûêΓûêΓûêΓûêΓûêΓûêΓûêΓûêΓûê| 500/500 [24:27<00:00,  2.71s/it]
100%|ΓûêΓûêΓûêΓûêΓûêΓûêΓûêΓûêΓûêΓûê| 500/500 [24:27<00:00,  2.94s/it]
{"run_dir": "C:\\Users\\jv624\\Desktop\\fsm_reliability\\outputs\\cstr_grounding\\20261009_153941_20261007_094026_smollm2-17b-instruct_v4_v31_r0_withcert", "status": {"ok": 496, "not_eligible": 4}, "tf_agreement": 0.9985}
