python.exe : W1003 16:46:27.986000 28176 site-packages\torch\utils\flop_counter.py:29] triton not found; flop counting 
will not work for triton kernels
At C:\Users\jv624\Desktop\fsm_reliability\outputs\followup_detached.ps1:12 char:5
+     & $py @pyArgs 2>&1 | Out-File -Encoding utf8 "outputs\queue_$name ...
+     ~~~~~~~~~~~~~~~~~~
    + CategoryInfo          : NotSpecified: (W1003 16:46:27.... triton kernels:String) [], RemoteException
    + FullyQualifiedErrorId : NativeCommandError
 

Loading weights:   0%|          | 0/339 [00:00<?, ?it/s]
Loading weights:   0%|          | 1/339 [00:01<06:40,  1.18s/it]
Loading weights:   1%|          | 2/339 [00:02<07:19,  1.31s/it]
Loading weights:   1%|          | 4/339 [00:02<03:08,  1.77it/s]
Loading weights:   1%|ΓûÅ         | 5/339 [00:02<02:26,  2.28it/s]
Loading weights:   2%|ΓûÅ         | 6/339 [00:03<01:58,  2.82it/s]
Loading weights:   5%|Γûì         | 16/339 [00:03<00:28, 11.42it/s]
Loading weights:   5%|Γûî         | 18/339 [00:03<00:34,  9.43it/s]
Loading weights:   7%|Γûï         | 24/339 [00:03<00:21, 14.56it/s]
Loading weights:   8%|Γûè         | 28/339 [00:04<00:19, 16.11it/s]
Loading weights:   9%|Γûë         | 31/339 [00:04<00:23, 13.19it/s]
Loading weights:  11%|Γûê         | 38/339 [00:04<00:14, 20.54it/s]
Loading weights:  12%|ΓûêΓûÅ        | 42/339 [00:05<00:21, 13.55it/s]
Loading weights:  15%|ΓûêΓûî        | 51/339 [00:05<00:12, 22.29it/s]
Loading weights:  17%|ΓûêΓûï        | 56/339 [00:05<00:17, 15.85it/s]
Loading weights:  19%|ΓûêΓûë        | 64/339 [00:06<00:14, 19.43it/s]
Loading weights:  20%|ΓûêΓûê        | 68/339 [00:06<00:15, 17.29it/s]
Loading weights:  22%|ΓûêΓûêΓûÅ       | 76/339 [00:06<00:12, 21.24it/s]
Loading weights:  23%|ΓûêΓûêΓûÄ       | 79/339 [00:06<00:14, 17.42it/s]
Loading weights:  26%|ΓûêΓûêΓûî       | 88/339 [00:07<00:10, 23.03it/s]
Loading weights:  27%|ΓûêΓûêΓûï       | 91/339 [00:07<00:13, 19.01it/s]
Loading weights:  29%|ΓûêΓûêΓûë       | 100/339 [00:07<00:09, 24.31it/s]
Loading weights:  30%|ΓûêΓûêΓûê       | 103/339 [00:07<00:12, 19.35it/s]
Loading weights:  33%|ΓûêΓûêΓûêΓûÄ      | 112/339 [00:08<00:09, 24.71it/s]
Loading weights:  34%|ΓûêΓûêΓûêΓûì      | 115/339 [00:08<00:11, 19.50it/s]
Loading weights:  37%|ΓûêΓûêΓûêΓûï      | 124/339 [00:08<00:08, 24.59it/s]
Loading weights:  37%|ΓûêΓûêΓûêΓûï      | 127/339 [00:09<00:10, 20.19it/s]
Loading weights:  40%|ΓûêΓûêΓûêΓûê      | 136/339 [00:09<00:07, 25.78it/s]
Loading weights:  41%|ΓûêΓûêΓûêΓûê      | 139/339 [00:09<00:09, 20.51it/s]
Loading weights:  44%|ΓûêΓûêΓûêΓûêΓûÄ     | 148/339 [00:09<00:07, 25.82it/s]
Loading weights:  45%|ΓûêΓûêΓûêΓûêΓûì     | 151/339 [00:10<00:09, 19.97it/s]
Loading weights:  47%|ΓûêΓûêΓûêΓûêΓûï     | 160/339 [00:10<00:07, 25.09it/s]
Loading weights:  48%|ΓûêΓûêΓûêΓûêΓûè     | 163/339 [00:10<00:08, 19.88it/s]
Loading weights:  51%|ΓûêΓûêΓûêΓûêΓûê     | 172/339 [00:10<00:06, 24.27it/s]
Loading weights:  52%|ΓûêΓûêΓûêΓûêΓûêΓûÅ    | 175/339 [00:11<00:08, 19.40it/s]
Loading weights:  54%|ΓûêΓûêΓûêΓûêΓûêΓûì    | 184/339 [00:11<00:06, 24.52it/s]
Loading weights:  55%|ΓûêΓûêΓûêΓûêΓûêΓûî    | 187/339 [00:11<00:07, 19.97it/s]
Loading weights:  58%|ΓûêΓûêΓûêΓûêΓûêΓûè    | 196/339 [00:11<00:05, 25.42it/s]
Loading weights:  59%|ΓûêΓûêΓûêΓûêΓûêΓûè    | 199/339 [00:12<00:06, 20.11it/s]
Loading weights:  61%|ΓûêΓûêΓûêΓûêΓûêΓûêΓûÅ   | 208/339 [00:12<00:05, 25.08it/s]
Loading weights:  62%|ΓûêΓûêΓûêΓûêΓûêΓûêΓûÅ   | 211/339 [00:12<00:06, 19.83it/s]
Loading weights:  65%|ΓûêΓûêΓûêΓûêΓûêΓûêΓûì   | 220/339 [00:13<00:04, 24.66it/s]
Loading weights:  66%|ΓûêΓûêΓûêΓûêΓûêΓûêΓûî   | 223/339 [00:13<00:05, 19.91it/s]
Loading weights:  68%|ΓûêΓûêΓûêΓûêΓûêΓûêΓûè   | 232/339 [00:13<00:04, 25.33it/s]
Loading weights:  69%|ΓûêΓûêΓûêΓûêΓûêΓûêΓûë   | 235/339 [00:13<00:05, 20.35it/s]
Loading weights:  72%|ΓûêΓûêΓûêΓûêΓûêΓûêΓûêΓûÅ  | 244/339 [00:14<00:03, 25.74it/s]
Loading weights:  73%|ΓûêΓûêΓûêΓûêΓûêΓûêΓûêΓûÄ  | 247/339 [00:14<00:04, 20.10it/s]
Loading weights:  76%|ΓûêΓûêΓûêΓûêΓûêΓûêΓûêΓûî  | 256/339 [00:14<00:03, 25.59it/s]
Loading weights:  76%|ΓûêΓûêΓûêΓûêΓûêΓûêΓûêΓûï  | 259/339 [00:14<00:03, 20.63it/s]
Loading weights:  79%|ΓûêΓûêΓûêΓûêΓûêΓûêΓûêΓûë  | 268/339 [00:15<00:02, 26.23it/s]
Loading weights:  80%|ΓûêΓûêΓûêΓûêΓûêΓûêΓûêΓûë  | 271/339 [00:15<00:03, 21.09it/s]
Loading weights:  83%|ΓûêΓûêΓûêΓûêΓûêΓûêΓûêΓûêΓûÄ | 280/339 [00:15<00:02, 26.44it/s]
Loading weights:  83%|ΓûêΓûêΓûêΓûêΓûêΓûêΓûêΓûêΓûÄ | 283/339 [00:15<00:02, 21.29it/s]
Loading weights:  86%|ΓûêΓûêΓûêΓûêΓûêΓûêΓûêΓûêΓûî | 292/339 [00:16<00:01, 26.58it/s]
Loading weights:  87%|ΓûêΓûêΓûêΓûêΓûêΓûêΓûêΓûêΓûï | 295/339 [00:16<00:02, 21.52it/s]
Loading weights:  90%|ΓûêΓûêΓûêΓûêΓûêΓûêΓûêΓûêΓûë | 304/339 [00:16<00:01, 26.98it/s]
Loading weights:  91%|ΓûêΓûêΓûêΓûêΓûêΓûêΓûêΓûêΓûê | 307/339 [00:16<00:01, 21.84it/s]
Loading weights:  93%|ΓûêΓûêΓûêΓûêΓûêΓûêΓûêΓûêΓûêΓûÄ| 316/339 [00:17<00:00, 27.45it/s]
Loading weights:  94%|ΓûêΓûêΓûêΓûêΓûêΓûêΓûêΓûêΓûêΓûì| 319/339 [00:17<00:00, 20.87it/s]
Loading weights:  97%|ΓûêΓûêΓûêΓûêΓûêΓûêΓûêΓûêΓûêΓûï| 328/339 [00:17<00:00, 26.61it/s]
Loading weights:  98%|ΓûêΓûêΓûêΓûêΓûêΓûêΓûêΓûêΓûêΓûè| 331/339 [00:17<00:00, 21.29it/s]
Loading weights: 100%|ΓûêΓûêΓûêΓûêΓûêΓûêΓûêΓûêΓûêΓûê| 339/339 [00:17<00:00, 18.89it/s]

  0%|          | 0/500 [00:00<?, ?it/s]
  0%|          | 1/500 [00:00<07:08,  1.16it/s]
  0%|          | 2/500 [00:01<06:42,  1.24it/s]
  1%|          | 3/500 [00:02<06:44,  1.23it/s]
  1%|          | 4/500 [00:03<06:47,  1.22it/s]
  1%|          | 5/500 [00:04<06:45,  1.22it/s]
  1%|          | 6/500 [00:04<06:42,  1.23it/s]
  1%|ΓûÅ         | 7/500 [00:05<06:39,  1.23it/s]
  2%|ΓûÅ         | 8/500 [00:06<06:19,  1.30it/s]
  2%|ΓûÅ         | 9/500 [00:07<06:17,  1.30it/s]
  2%|ΓûÅ         | 10/500 [00:07<06:12,  1.32it/s]
  2%|ΓûÅ         | 11/500 [00:08<05:57,  1.37it/s]
  2%|ΓûÅ         | 12/500 [00:09<05:47,  1.40it/s]
  3%|ΓûÄ         | 13/500 [00:09<05:48,  1.40it/s]
  3%|ΓûÄ         | 14/500 [00:10<05:44,  1.41it/s]
  3%|ΓûÄ         | 15/500 [00:11<06:01,  1.34it/s]
  3%|ΓûÄ         | 16/500 [00:12<06:02,  1.33it/s]
  3%|ΓûÄ         | 17/500 [00:13<06:14,  1.29it/s]
  4%|ΓûÄ         | 18/500 [00:13<06:19,  1.27it/s]
  4%|Γûì         | 19/500 [00:14<06:16,  1.28it/s]
  4%|Γûì         | 20/500 [00:15<06:00,  1.33it/s]
  4%|Γûì         | 21/500 [00:16<05:58,  1.34it/s]
  4%|Γûì         | 22/500 [00:16<05:48,  1.37it/s]
  5%|Γûì         | 23/500 [00:17<05:49,  1.36it/s]
  5%|Γûì         | 24/500 [00:18<05:53,  1.35it/s]
  5%|Γûî         | 25/500 [00:19<05:56,  1.33it/s]
  5%|Γûî         | 26/500 [00:19<05:46,  1.37it/s]
  5%|Γûî         | 27/500 [00:20<05:39,  1.39it/s]
  6%|Γûî         | 28/500 [00:21<05:34,  1.41it/s]
  6%|Γûî         | 29/500 [00:21<05:42,  1.37it/s]
  6%|Γûî         | 30/500 [00:22<05:45,  1.36it/s]
  6%|Γûî         | 31/500 [00:23<05:40,  1.38it/s]
  6%|Γûï         | 32/500 [00:24<05:43,  1.36it/s]
  7%|Γûï         | 33/500 [00:24<05:56,  1.31it/s]
  7%|Γûï         | 34/500 [00:25<05:57,  1.30it/s]
  7%|Γûï         | 35/500 [00:26<05:56,  1.31it/s]
  7%|Γûï         | 36/500 [00:27<05:55,  1.31it/s]
  7%|Γûï         | 37/500 [00:27<05:56,  1.30it/s]
  8%|Γûè         | 38/500 [00:28<05:43,  1.34it/s]
  8%|Γûè         | 39/500 [00:29<05:43,  1.34it/s]
  8%|Γûè         | 40/500 [00:30<05:57,  1.29it/s]
  8%|Γûè         | 41/500 [00:30<05:43,  1.33it/s]
  8%|Γûè         | 42/500 [00:31<05:55,  1.29it/s]
  9%|Γûè         | 43/500 [00:32<05:44,  1.33it/s]
  9%|Γûë         | 44/500 [00:33<05:35,  1.36it/s]
  9%|Γûë         | 45/500 [00:34<05:49,  1.30it/s]
  9%|Γûë         | 46/500 [00:34<05:38,  1.34it/s]
  9%|Γûë         | 47/500 [00:35<05:53,  1.28it/s]
 10%|Γûë         | 48/500 [00:36<05:48,  1.30it/s]
 10%|Γûë         | 49/500 [00:37<05:46,  1.30it/s]
 10%|Γûê         | 50/500 [00:37<05:54,  1.27it/s]
 10%|Γûê         | 51/500 [00:38<05:48,  1.29it/s]
 10%|Γûê         | 52/500 [00:39<05:41,  1.31it/s]
 11%|Γûê         | 53/500 [00:40<05:30,  1.35it/s]
 11%|Γûê         | 54/500 [00:40<05:25,  1.37it/s]
 11%|Γûê         | 55/500 [00:41<05:34,  1.33it/s]
 11%|Γûê         | 56/500 [00:42<05:37,  1.31it/s]
 11%|ΓûêΓûÅ        | 57/500 [00:43<05:38,  1.31it/s]
 12%|ΓûêΓûÅ        | 58/500 [00:44<05:53,  1.25it/s]
 12%|ΓûêΓûÅ        | 59/500 [00:44<05:53,  1.25it/s]
 12%|ΓûêΓûÅ        | 60/500 [00:45<05:39,  1.29it/s]
 12%|ΓûêΓûÅ        | 61/500 [00:46<05:38,  1.30it/s]
 12%|ΓûêΓûÅ        | 62/500 [00:47<05:39,  1.29it/s]
 13%|ΓûêΓûÄ        | 63/500 [00:47<05:28,  1.33it/s]
 13%|ΓûêΓûÄ        | 64/500 [00:48<05:32,  1.31it/s]
 13%|ΓûêΓûÄ        | 65/500 [00:49<05:36,  1.29it/s]
 13%|ΓûêΓûÄ        | 66/500 [00:50<05:44,  1.26it/s]
 13%|ΓûêΓûÄ        | 67/500 [00:50<05:39,  1.28it/s]
 14%|ΓûêΓûÄ        | 68/500 [00:51<05:27,  1.32it/s]
 14%|ΓûêΓûì        | 69/500 [00:52<05:17,  1.36it/s]
 14%|ΓûêΓûì        | 70/500 [00:53<05:31,  1.30it/s]
 14%|ΓûêΓûì        | 71/500 [00:54<05:42,  1.25it/s]
 14%|ΓûêΓûì        | 72/500 [00:54<05:35,  1.27it/s]
 15%|ΓûêΓûì        | 73/500 [00:55<05:24,  1.31it/s]
 15%|ΓûêΓûì        | 74/500 [00:56<05:17,  1.34it/s]
 15%|ΓûêΓûî        | 75/500 [00:57<05:17,  1.34it/s]
 15%|ΓûêΓûî        | 76/500 [00:57<05:23,  1.31it/s]
 15%|ΓûêΓûî        | 77/500 [00:58<05:24,  1.30it/s]
 16%|ΓûêΓûî        | 78/500 [00:59<05:38,  1.25it/s]
 16%|ΓûêΓûî        | 79/500 [01:00<05:35,  1.25it/s]
 16%|ΓûêΓûî        | 80/500 [01:01<05:42,  1.23it/s]
 16%|ΓûêΓûî        | 81/500 [01:01<05:49,  1.20it/s]
 16%|ΓûêΓûï        | 82/500 [01:02<05:32,  1.26it/s]
 17%|ΓûêΓûï        | 83/500 [01:03<05:28,  1.27it/s]
 17%|ΓûêΓûï        | 84/500 [01:04<05:28,  1.27it/s]
 17%|ΓûêΓûï        | 85/500 [01:04<05:16,  1.31it/s]
 17%|ΓûêΓûï        | 86/500 [01:05<05:09,  1.34it/s]
 17%|ΓûêΓûï        | 87/500 [01:06<05:02,  1.37it/s]
 18%|ΓûêΓûè        | 88/500 [01:07<05:06,  1.34it/s]
 18%|ΓûêΓûè        | 89/500 [01:07<05:11,  1.32it/s]
 18%|ΓûêΓûè        | 90/500 [01:08<05:24,  1.26it/s]
 18%|ΓûêΓûè        | 91/500 [01:09<05:31,  1.23it/s]
 18%|ΓûêΓûè        | 92/500 [01:10<05:20,  1.27it/s]
 19%|ΓûêΓûè        | 93/500 [01:11<05:20,  1.27it/s]
 19%|ΓûêΓûë        | 94/500 [01:11<05:19,  1.27it/s]
 19%|ΓûêΓûë        | 95/500 [01:12<05:20,  1.27it/s]
 19%|ΓûêΓûë        | 96/500 [01:13<05:17,  1.27it/s]
 19%|ΓûêΓûë        | 97/500 [01:14<05:18,  1.26it/s]
 20%|ΓûêΓûë        | 98/500 [01:15<05:26,  1.23it/s]
 20%|ΓûêΓûë        | 99/500 [01:16<05:31,  1.21it/s]
 20%|ΓûêΓûê        | 100/500 [01:16<05:16,  1.27it/s]
 20%|ΓûêΓûê        | 101/500 [01:17<05:04,  1.31it/s]
 20%|ΓûêΓûê        | 102/500 [01:18<05:18,  1.25it/s]
 21%|ΓûêΓûê        | 103/500 [01:19<05:16,  1.26it/s]
 21%|ΓûêΓûê        | 104/500 [01:19<05:06,  1.29it/s]
 21%|ΓûêΓûê        | 105/500 [01:20<05:08,  1.28it/s]
 21%|ΓûêΓûê        | 106/500 [01:21<05:00,  1.31it/s]
 21%|ΓûêΓûêΓûÅ       | 107/500 [01:22<05:17,  1.24it/s]
 22%|ΓûêΓûêΓûÅ       | 108/500 [01:23<05:18,  1.23it/s]
 22%|ΓûêΓûêΓûÅ       | 109/500 [01:23<05:22,  1.21it/s]
 22%|ΓûêΓûêΓûÅ       | 110/500 [01:24<05:19,  1.22it/s]
 22%|ΓûêΓûêΓûÅ       | 111/500 [01:25<05:04,  1.28it/s]
 22%|ΓûêΓûêΓûÅ       | 112/500 [01:26<05:05,  1.27it/s]
 23%|ΓûêΓûêΓûÄ       | 113/500 [01:27<05:05,  1.27it/s]
 23%|ΓûêΓûêΓûÄ       | 114/500 [01:27<05:03,  1.27it/s]
 23%|ΓûêΓûêΓûÄ       | 115/500 [01:28<05:05,  1.26it/s]
 23%|ΓûêΓûêΓûÄ       | 116/500 [01:29<04:56,  1.30it/s]
 23%|ΓûêΓûêΓûÄ       | 117/500 [01:30<04:47,  1.33it/s]
 24%|ΓûêΓûêΓûÄ       | 118/500 [01:30<04:53,  1.30it/s]
 24%|ΓûêΓûêΓûì       | 119/500 [01:31<05:04,  1.25it/s]
 24%|ΓûêΓûêΓûì       | 120/500 [01:32<05:01,  1.26it/s]
 24%|ΓûêΓûêΓûì       | 121/500 [01:33<04:49,  1.31it/s]
 24%|ΓûêΓûêΓûì       | 122/500 [01:34<04:55,  1.28it/s]
 25%|ΓûêΓûêΓûì       | 123/500 [01:34<04:47,  1.31it/s]
 25%|ΓûêΓûêΓûì       | 124/500 [01:35<04:58,  1.26it/s]
 25%|ΓûêΓûêΓûî       | 125/500 [01:36<04:55,  1.27it/s]
 25%|ΓûêΓûêΓûî       | 126/500 [01:37<04:45,  1.31it/s]
 25%|ΓûêΓûêΓûî       | 127/500 [01:37<04:51,  1.28it/s]
 26%|ΓûêΓûêΓûî       | 128/500 [01:38<05:02,  1.23it/s]
 26%|ΓûêΓûêΓûî       | 129/500 [01:39<05:10,  1.20it/s]
 26%|ΓûêΓûêΓûî       | 130/500 [01:40<05:15,  1.17it/s]
 26%|ΓûêΓûêΓûî       | 131/500 [01:41<05:13,  1.18it/s]
 26%|ΓûêΓûêΓûï       | 132/500 [01:42<05:05,  1.21it/s]
 27%|ΓûêΓûêΓûï       | 133/500 [01:43<05:10,  1.18it/s]
 27%|ΓûêΓûêΓûï       | 134/500 [01:43<04:56,  1.23it/s]
 27%|ΓûêΓûêΓûï       | 135/500 [01:44<04:56,  1.23it/s]
 27%|ΓûêΓûêΓûï       | 136/500 [01:45<04:46,  1.27it/s]
 27%|ΓûêΓûêΓûï       | 137/500 [01:46<04:57,  1.22it/s]
 28%|ΓûêΓûêΓûè       | 138/500 [01:47<04:57,  1.22it/s]
 28%|ΓûêΓûêΓûè       | 139/500 [01:47<04:47,  1.25it/s]
 28%|ΓûêΓûêΓûè       | 140/500 [01:48<04:39,  1.29it/s]
 28%|ΓûêΓûêΓûè       | 141/500 [01:49<04:32,  1.32it/s]
 28%|ΓûêΓûêΓûè       | 142/500 [01:50<04:36,  1.29it/s]
 29%|ΓûêΓûêΓûè       | 143/500 [01:50<04:39,  1.28it/s]
 29%|ΓûêΓûêΓûë       | 144/500 [01:51<04:46,  1.24it/s]
 29%|ΓûêΓûêΓûë       | 145/500 [01:52<04:35,  1.29it/s]
 29%|ΓûêΓûêΓûë       | 146/500 [01:53<04:47,  1.23it/s]
 29%|ΓûêΓûêΓûë       | 147/500 [01:54<04:45,  1.24it/s]
 30%|ΓûêΓûêΓûë       | 148/500 [01:55<04:52,  1.20it/s]
 30%|ΓûêΓûêΓûë       | 149/500 [01:55<04:49,  1.21it/s]
 30%|ΓûêΓûêΓûê       | 150/500 [01:56<04:46,  1.22it/s]
 30%|ΓûêΓûêΓûê       | 151/500 [01:57<04:45,  1.22it/s]
 30%|ΓûêΓûêΓûê       | 152/500 [01:58<04:32,  1.28it/s]
 31%|ΓûêΓûêΓûê       | 153/500 [01:59<04:36,  1.25it/s]
 31%|ΓûêΓûêΓûê       | 154/500 [01:59<04:34,  1.26it/s]
 31%|ΓûêΓûêΓûê       | 155/500 [02:00<04:30,  1.27it/s]
 31%|ΓûêΓûêΓûê       | 156/500 [02:01<04:24,  1.30it/s]
 31%|ΓûêΓûêΓûêΓûÅ      | 157/500 [02:02<04:25,  1.29it/s]
 32%|ΓûêΓûêΓûêΓûÅ      | 158/500 [02:02<04:34,  1.24it/s]
 32%|ΓûêΓûêΓûêΓûÅ      | 159/500 [02:03<04:46,  1.19it/s]
 32%|ΓûêΓûêΓûêΓûÅ      | 160/500 [02:04<04:43,  1.20it/s]
 32%|ΓûêΓûêΓûêΓûÅ      | 161/500 [02:05<04:47,  1.18it/s]
 32%|ΓûêΓûêΓûêΓûÅ      | 162/500 [02:06<04:38,  1.21it/s]
 33%|ΓûêΓûêΓûêΓûÄ      | 163/500 [02:07<04:36,  1.22it/s]
 33%|ΓûêΓûêΓûêΓûÄ      | 164/500 [02:07<04:28,  1.25it/s]
 33%|ΓûêΓûêΓûêΓûÄ      | 165/500 [02:08<04:32,  1.23it/s]
 33%|ΓûêΓûêΓûêΓûÄ      | 166/500 [02:09<04:23,  1.27it/s]
 33%|ΓûêΓûêΓûêΓûÄ      | 167/500 [02:10<04:14,  1.31it/s]
 34%|ΓûêΓûêΓûêΓûÄ      | 168/500 [02:11<04:18,  1.29it/s]
 34%|ΓûêΓûêΓûêΓûì      | 169/500 [02:11<04:14,  1.30it/s]
 34%|ΓûêΓûêΓûêΓûì      | 170/500 [02:12<04:13,  1.30it/s]
 34%|ΓûêΓûêΓûêΓûì      | 171/500 [02:13<04:16,  1.28it/s]
 34%|ΓûêΓûêΓûêΓûì      | 172/500 [02:14<04:17,  1.27it/s]
 35%|ΓûêΓûêΓûêΓûì      | 173/500 [02:14<04:17,  1.27it/s]
 35%|ΓûêΓûêΓûêΓûì      | 174/500 [02:15<04:10,  1.30it/s]
 35%|ΓûêΓûêΓûêΓûî      | 175/500 [02:16<04:22,  1.24it/s]
 35%|ΓûêΓûêΓûêΓûî      | 176/500 [02:17<04:19,  1.25it/s]
 35%|ΓûêΓûêΓûêΓûî      | 177/500 [02:18<04:12,  1.28it/s]
 36%|ΓûêΓûêΓûêΓûî      | 178/500 [02:18<04:21,  1.23it/s]
 36%|ΓûêΓûêΓûêΓûî      | 179/500 [02:19<04:15,  1.26it/s]
 36%|ΓûêΓûêΓûêΓûî      | 180/500 [02:20<04:06,  1.30it/s]
 36%|ΓûêΓûêΓûêΓûî      | 181/500 [02:21<04:17,  1.24it/s]
 36%|ΓûêΓûêΓûêΓûï      | 182/500 [02:22<04:15,  1.25it/s]
 37%|ΓûêΓûêΓûêΓûï      | 183/500 [02:22<04:17,  1.23it/s]
 37%|ΓûêΓûêΓûêΓûï      | 184/500 [02:23<04:16,  1.23it/s]
 37%|ΓûêΓûêΓûêΓûï      | 185/500 [02:24<04:25,  1.19it/s]
 37%|ΓûêΓûêΓûêΓûï      | 186/500 [02:25<04:20,  1.20it/s]
 37%|ΓûêΓûêΓûêΓûï      | 187/500 [02:26<04:14,  1.23it/s]
 38%|ΓûêΓûêΓûêΓûè      | 188/500 [02:27<04:07,  1.26it/s]
 38%|ΓûêΓûêΓûêΓûè      | 189/500 [02:27<04:08,  1.25it/s]
 38%|ΓûêΓûêΓûêΓûè      | 190/500 [02:28<04:09,  1.24it/s]
 38%|ΓûêΓûêΓûêΓûè      | 191/500 [02:29<04:10,  1.23it/s]
 38%|ΓûêΓûêΓûêΓûè      | 192/500 [02:30<04:11,  1.23it/s]
 39%|ΓûêΓûêΓûêΓûè      | 193/500 [02:31<04:16,  1.20it/s]
 39%|ΓûêΓûêΓûêΓûë      | 194/500 [02:31<04:11,  1.22it/s]
 39%|ΓûêΓûêΓûêΓûë      | 195/500 [02:32<04:12,  1.21it/s]
 39%|ΓûêΓûêΓûêΓûë      | 196/500 [02:33<04:09,  1.22it/s]
 39%|ΓûêΓûêΓûêΓûë      | 197/500 [02:34<04:07,  1.22it/s]
 40%|ΓûêΓûêΓûêΓûë      | 198/500 [02:35<04:11,  1.20it/s]
 40%|ΓûêΓûêΓûêΓûë      | 199/500 [02:36<04:07,  1.21it/s]
 40%|ΓûêΓûêΓûêΓûê      | 200/500 [02:36<04:10,  1.20it/s]
 40%|ΓûêΓûêΓûêΓûê      | 201/500 [02:37<04:17,  1.16it/s]
 40%|ΓûêΓûêΓûêΓûê      | 202/500 [02:38<04:12,  1.18it/s]
 41%|ΓûêΓûêΓûêΓûê      | 203/500 [02:39<04:00,  1.23it/s]
 41%|ΓûêΓûêΓûêΓûê      | 204/500 [02:40<03:51,  1.28it/s]
 41%|ΓûêΓûêΓûêΓûê      | 205/500 [02:40<03:54,  1.26it/s]
 41%|ΓûêΓûêΓûêΓûê      | 206/500 [02:41<03:59,  1.23it/s]
 41%|ΓûêΓûêΓûêΓûêΓûÅ     | 207/500 [02:42<04:12,  1.16it/s]
 42%|ΓûêΓûêΓûêΓûêΓûÅ     | 208/500 [02:43<04:13,  1.15it/s]
 42%|ΓûêΓûêΓûêΓûêΓûÅ     | 209/500 [02:44<04:12,  1.15it/s]
 42%|ΓûêΓûêΓûêΓûêΓûÅ     | 210/500 [02:45<04:12,  1.15it/s]
 42%|ΓûêΓûêΓûêΓûêΓûÅ     | 211/500 [02:46<04:10,  1.15it/s]
 42%|ΓûêΓûêΓûêΓûêΓûÅ     | 212/500 [02:47<04:02,  1.19it/s]
 43%|ΓûêΓûêΓûêΓûêΓûÄ     | 213/500 [02:48<04:15,  1.12it/s]
 43%|ΓûêΓûêΓûêΓûêΓûÄ     | 214/500 [02:48<04:09,  1.15it/s]
 43%|ΓûêΓûêΓûêΓûêΓûÄ     | 215/500 [02:49<04:09,  1.14it/s]
 43%|ΓûêΓûêΓûêΓûêΓûÄ     | 216/500 [02:50<04:03,  1.17it/s]
 43%|ΓûêΓûêΓûêΓûêΓûÄ     | 217/500 [02:51<04:02,  1.17it/s]
 44%|ΓûêΓûêΓûêΓûêΓûÄ     | 218/500 [02:52<03:58,  1.18it/s]
 44%|ΓûêΓûêΓûêΓûêΓûì     | 219/500 [02:53<04:00,  1.17it/s]
 44%|ΓûêΓûêΓûêΓûêΓûì     | 220/500 [02:54<04:03,  1.15it/s]
 44%|ΓûêΓûêΓûêΓûêΓûì     | 221/500 [02:54<04:04,  1.14it/s]
 44%|ΓûêΓûêΓûêΓûêΓûì     | 222/500 [02:55<03:55,  1.18it/s]
 45%|ΓûêΓûêΓûêΓûêΓûì     | 223/500 [02:56<04:04,  1.13it/s]
 45%|ΓûêΓûêΓûêΓûêΓûî     | 225/500 [02:57<03:00,  1.53it/s]
 45%|ΓûêΓûêΓûêΓûêΓûî     | 226/500 [02:58<03:13,  1.42it/s]
 45%|ΓûêΓûêΓûêΓûêΓûî     | 227/500 [02:59<03:21,  1.36it/s]
 46%|ΓûêΓûêΓûêΓûêΓûî     | 228/500 [03:00<03:38,  1.24it/s]
 46%|ΓûêΓûêΓûêΓûêΓûî     | 229/500 [03:00<03:43,  1.21it/s]
 46%|ΓûêΓûêΓûêΓûêΓûî     | 230/500 [03:01<03:40,  1.22it/s]
 46%|ΓûêΓûêΓûêΓûêΓûî     | 231/500 [03:02<03:40,  1.22it/s]
 46%|ΓûêΓûêΓûêΓûêΓûï     | 232/500 [03:03<03:48,  1.17it/s]
 47%|ΓûêΓûêΓûêΓûêΓûï     | 233/500 [03:04<03:57,  1.12it/s]
 47%|ΓûêΓûêΓûêΓûêΓûï     | 234/500 [03:05<03:59,  1.11it/s]
 47%|ΓûêΓûêΓûêΓûêΓûï     | 235/500 [03:06<03:52,  1.14it/s]
 47%|ΓûêΓûêΓûêΓûêΓûï     | 236/500 [03:07<03:54,  1.13it/s]
 47%|ΓûêΓûêΓûêΓûêΓûï     | 237/500 [03:08<03:51,  1.14it/s]
 48%|ΓûêΓûêΓûêΓûêΓûè     | 238/500 [03:08<03:44,  1.17it/s]
 48%|ΓûêΓûêΓûêΓûêΓûè     | 239/500 [03:09<03:42,  1.18it/s]
 48%|ΓûêΓûêΓûêΓûêΓûè     | 240/500 [03:10<03:50,  1.13it/s]
 48%|ΓûêΓûêΓûêΓûêΓûè     | 241/500 [03:11<03:51,  1.12it/s]
 48%|ΓûêΓûêΓûêΓûêΓûè     | 242/500 [03:12<03:42,  1.16it/s]
 49%|ΓûêΓûêΓûêΓûêΓûè     | 243/500 [03:13<03:41,  1.16it/s]
 49%|ΓûêΓûêΓûêΓûêΓûë     | 244/500 [03:14<03:34,  1.20it/s]
 49%|ΓûêΓûêΓûêΓûêΓûë     | 245/500 [03:14<03:34,  1.19it/s]
 49%|ΓûêΓûêΓûêΓûêΓûë     | 246/500 [03:15<03:40,  1.15it/s]
 49%|ΓûêΓûêΓûêΓûêΓûë     | 247/500 [03:16<03:35,  1.18it/s]
 50%|ΓûêΓûêΓûêΓûêΓûë     | 248/500 [03:17<03:57,  1.06it/s]
 50%|ΓûêΓûêΓûêΓûêΓûë     | 249/500 [03:18<03:49,  1.09it/s]
 50%|ΓûêΓûêΓûêΓûêΓûê     | 250/500 [03:19<03:52,  1.07it/s]
 50%|ΓûêΓûêΓûêΓûêΓûê     | 251/500 [03:20<03:40,  1.13it/s]
 50%|ΓûêΓûêΓûêΓûêΓûê     | 252/500 [03:21<03:43,  1.11it/s]
 51%|ΓûêΓûêΓûêΓûêΓûê     | 253/500 [03:22<03:39,  1.13it/s]
 51%|ΓûêΓûêΓûêΓûêΓûê     | 254/500 [03:23<03:36,  1.14it/s]
 51%|ΓûêΓûêΓûêΓûêΓûê     | 255/500 [03:23<03:42,  1.10it/s]
 51%|ΓûêΓûêΓûêΓûêΓûê     | 256/500 [03:24<03:46,  1.08it/s]
 51%|ΓûêΓûêΓûêΓûêΓûêΓûÅ    | 257/500 [03:25<03:40,  1.10it/s]
 52%|ΓûêΓûêΓûêΓûêΓûêΓûÅ    | 258/500 [03:26<03:42,  1.09it/s]
 52%|ΓûêΓûêΓûêΓûêΓûêΓûÅ    | 259/500 [03:27<03:42,  1.08it/s]
 52%|ΓûêΓûêΓûêΓûêΓûêΓûÅ    | 260/500 [03:28<03:31,  1.14it/s]
 52%|ΓûêΓûêΓûêΓûêΓûêΓûÅ    | 261/500 [03:29<03:35,  1.11it/s]
 52%|ΓûêΓûêΓûêΓûêΓûêΓûÅ    | 262/500 [03:30<03:32,  1.12it/s]
 53%|ΓûêΓûêΓûêΓûêΓûêΓûÄ    | 263/500 [03:31<03:23,  1.17it/s]
 53%|ΓûêΓûêΓûêΓûêΓûêΓûÄ    | 264/500 [03:31<03:23,  1.16it/s]
 53%|ΓûêΓûêΓûêΓûêΓûêΓûÄ    | 265/500 [03:32<03:21,  1.17it/s]
 53%|ΓûêΓûêΓûêΓûêΓûêΓûÄ    | 266/500 [03:33<03:24,  1.14it/s]
 53%|ΓûêΓûêΓûêΓûêΓûêΓûÄ    | 267/500 [03:34<03:25,  1.14it/s]
 54%|ΓûêΓûêΓûêΓûêΓûêΓûÄ    | 268/500 [03:35<03:29,  1.11it/s]
 54%|ΓûêΓûêΓûêΓûêΓûêΓûì    | 269/500 [03:36<03:20,  1.15it/s]
 54%|ΓûêΓûêΓûêΓûêΓûêΓûì    | 270/500 [03:37<03:19,  1.15it/s]
 54%|ΓûêΓûêΓûêΓûêΓûêΓûì    | 271/500 [03:38<03:16,  1.16it/s]
 54%|ΓûêΓûêΓûêΓûêΓûêΓûì    | 272/500 [03:38<03:11,  1.19it/s]
 55%|ΓûêΓûêΓûêΓûêΓûêΓûì    | 273/500 [03:39<03:07,  1.21it/s]
 55%|ΓûêΓûêΓûêΓûêΓûêΓûì    | 274/500 [03:40<03:14,  1.16it/s]
 55%|ΓûêΓûêΓûêΓûêΓûêΓûî    | 275/500 [03:41<03:08,  1.20it/s]
 55%|ΓûêΓûêΓûêΓûêΓûêΓûî    | 276/500 [03:42<03:04,  1.22it/s]
 55%|ΓûêΓûêΓûêΓûêΓûêΓûî    | 277/500 [03:43<03:12,  1.16it/s]
 56%|ΓûêΓûêΓûêΓûêΓûêΓûî    | 278/500 [03:44<03:20,  1.11it/s]
 56%|ΓûêΓûêΓûêΓûêΓûêΓûî    | 279/500 [03:45<03:25,  1.08it/s]
 56%|ΓûêΓûêΓûêΓûêΓûêΓûî    | 280/500 [03:45<03:14,  1.13it/s]
 56%|ΓûêΓûêΓûêΓûêΓûêΓûî    | 281/500 [03:46<03:12,  1.14it/s]
 56%|ΓûêΓûêΓûêΓûêΓûêΓûï    | 282/500 [03:47<03:10,  1.14it/s]
 57%|ΓûêΓûêΓûêΓûêΓûêΓûï    | 283/500 [03:48<03:19,  1.09it/s]
 57%|ΓûêΓûêΓûêΓûêΓûêΓûï    | 284/500 [03:49<03:16,  1.10it/s]
 57%|ΓûêΓûêΓûêΓûêΓûêΓûï    | 285/500 [03:50<03:13,  1.11it/s]
 57%|ΓûêΓûêΓûêΓûêΓûêΓûï    | 286/500 [03:51<03:11,  1.12it/s]
 57%|ΓûêΓûêΓûêΓûêΓûêΓûï    | 287/500 [03:52<03:08,  1.13it/s]
 58%|ΓûêΓûêΓûêΓûêΓûêΓûè    | 288/500 [03:52<03:04,  1.15it/s]
 58%|ΓûêΓûêΓûêΓûêΓûêΓûè    | 289/500 [03:53<02:57,  1.19it/s]
 58%|ΓûêΓûêΓûêΓûêΓûêΓûè    | 290/500 [03:54<02:51,  1.22it/s]
 58%|ΓûêΓûêΓûêΓûêΓûêΓûè    | 291/500 [03:55<02:53,  1.21it/s]
 58%|ΓûêΓûêΓûêΓûêΓûêΓûè    | 292/500 [03:56<02:53,  1.20it/s]
 59%|ΓûêΓûêΓûêΓûêΓûêΓûè    | 293/500 [03:57<02:58,  1.16it/s]
 59%|ΓûêΓûêΓûêΓûêΓûêΓûë    | 294/500 [03:58<02:58,  1.15it/s]
 59%|ΓûêΓûêΓûêΓûêΓûêΓûë    | 295/500 [03:58<02:57,  1.16it/s]
 59%|ΓûêΓûêΓûêΓûêΓûêΓûë    | 296/500 [03:59<02:51,  1.19it/s]
 59%|ΓûêΓûêΓûêΓûêΓûêΓûë    | 297/500 [04:00<02:53,  1.17it/s]
 60%|ΓûêΓûêΓûêΓûêΓûêΓûë    | 298/500 [04:01<02:47,  1.20it/s]
 60%|ΓûêΓûêΓûêΓûêΓûêΓûë    | 299/500 [04:02<02:51,  1.17it/s]
 60%|ΓûêΓûêΓûêΓûêΓûêΓûê    | 300/500 [04:03<02:54,  1.15it/s]
 60%|ΓûêΓûêΓûêΓûêΓûêΓûê    | 301/500 [04:03<02:48,  1.18it/s]
 60%|ΓûêΓûêΓûêΓûêΓûêΓûê    | 302/500 [04:04<02:53,  1.14it/s]
 61%|ΓûêΓûêΓûêΓûêΓûêΓûê    | 303/500 [04:05<02:49,  1.16it/s]
 61%|ΓûêΓûêΓûêΓûêΓûêΓûê    | 304/500 [04:06<02:48,  1.16it/s]
 61%|ΓûêΓûêΓûêΓûêΓûêΓûê    | 305/500 [04:07<02:48,  1.16it/s]
 61%|ΓûêΓûêΓûêΓûêΓûêΓûê    | 306/500 [04:08<02:51,  1.13it/s]
 61%|ΓûêΓûêΓûêΓûêΓûêΓûêΓûÅ   | 307/500 [04:09<02:53,  1.11it/s]
 62%|ΓûêΓûêΓûêΓûêΓûêΓûêΓûÅ   | 308/500 [04:10<02:46,  1.15it/s]
 62%|ΓûêΓûêΓûêΓûêΓûêΓûêΓûÅ   | 309/500 [04:11<02:49,  1.12it/s]
 62%|ΓûêΓûêΓûêΓûêΓûêΓûêΓûÅ   | 310/500 [04:11<02:42,  1.17it/s]
 62%|ΓûêΓûêΓûêΓûêΓûêΓûêΓûÅ   | 311/500 [04:12<02:42,  1.16it/s]
 62%|ΓûêΓûêΓûêΓûêΓûêΓûêΓûÅ   | 312/500 [04:13<02:42,  1.16it/s]
 63%|ΓûêΓûêΓûêΓûêΓûêΓûêΓûÄ   | 313/500 [04:14<02:37,  1.19it/s]
 63%|ΓûêΓûêΓûêΓûêΓûêΓûêΓûÄ   | 314/500 [04:15<02:33,  1.21it/s]
 63%|ΓûêΓûêΓûêΓûêΓûêΓûêΓûÄ   | 315/500 [04:15<02:30,  1.23it/s]
 63%|ΓûêΓûêΓûêΓûêΓûêΓûêΓûÄ   | 316/500 [04:16<02:27,  1.25it/s]
 63%|ΓûêΓûêΓûêΓûêΓûêΓûêΓûÄ   | 317/500 [04:17<02:35,  1.17it/s]
 64%|ΓûêΓûêΓûêΓûêΓûêΓûêΓûÄ   | 318/500 [04:18<02:43,  1.11it/s]
 64%|ΓûêΓûêΓûêΓûêΓûêΓûêΓûì   | 319/500 [04:19<02:35,  1.17it/s]
 64%|ΓûêΓûêΓûêΓûêΓûêΓûêΓûì   | 320/500 [04:20<02:40,  1.12it/s]
 64%|ΓûêΓûêΓûêΓûêΓûêΓûêΓûì   | 321/500 [04:21<02:38,  1.13it/s]
 64%|ΓûêΓûêΓûêΓûêΓûêΓûêΓûì   | 322/500 [04:22<02:40,  1.11it/s]
 65%|ΓûêΓûêΓûêΓûêΓûêΓûêΓûì   | 323/500 [04:23<02:39,  1.11it/s]
 65%|ΓûêΓûêΓûêΓûêΓûêΓûêΓûì   | 324/500 [04:23<02:37,  1.12it/s]
 65%|ΓûêΓûêΓûêΓûêΓûêΓûêΓûî   | 325/500 [04:24<02:34,  1.13it/s]
 65%|ΓûêΓûêΓûêΓûêΓûêΓûêΓûî   | 326/500 [04:25<02:32,  1.14it/s]
 65%|ΓûêΓûêΓûêΓûêΓûêΓûêΓûî   | 327/500 [04:26<02:29,  1.15it/s]
 66%|ΓûêΓûêΓûêΓûêΓûêΓûêΓûî   | 328/500 [04:27<02:28,  1.16it/s]
 66%|ΓûêΓûêΓûêΓûêΓûêΓûêΓûî   | 329/500 [04:28<02:28,  1.15it/s]
 66%|ΓûêΓûêΓûêΓûêΓûêΓûêΓûî   | 330/500 [04:29<02:26,  1.16it/s]
 66%|ΓûêΓûêΓûêΓûêΓûêΓûêΓûî   | 331/500 [04:29<02:21,  1.20it/s]
 66%|ΓûêΓûêΓûêΓûêΓûêΓûêΓûï   | 332/500 [04:30<02:25,  1.15it/s]
 67%|ΓûêΓûêΓûêΓûêΓûêΓûêΓûï   | 333/500 [04:31<02:20,  1.19it/s]
 67%|ΓûêΓûêΓûêΓûêΓûêΓûêΓûï   | 334/500 [04:32<02:19,  1.19it/s]
 67%|ΓûêΓûêΓûêΓûêΓûêΓûêΓûï   | 335/500 [04:33<02:15,  1.22it/s]
 67%|ΓûêΓûêΓûêΓûêΓûêΓûêΓûï   | 336/500 [04:34<02:12,  1.24it/s]
 67%|ΓûêΓûêΓûêΓûêΓûêΓûêΓûï   | 337/500 [04:34<02:12,  1.23it/s]
 68%|ΓûêΓûêΓûêΓûêΓûêΓûêΓûè   | 338/500 [04:35<02:09,  1.25it/s]
 68%|ΓûêΓûêΓûêΓûêΓûêΓûêΓûè   | 339/500 [04:36<02:16,  1.18it/s]
 68%|ΓûêΓûêΓûêΓûêΓûêΓûêΓûè   | 340/500 [04:37<02:18,  1.15it/s]
 68%|ΓûêΓûêΓûêΓûêΓûêΓûêΓûè   | 341/500 [04:38<02:22,  1.11it/s]
 68%|ΓûêΓûêΓûêΓûêΓûêΓûêΓûè   | 342/500 [04:39<02:17,  1.15it/s]
 69%|ΓûêΓûêΓûêΓûêΓûêΓûêΓûè   | 343/500 [04:40<02:16,  1.15it/s]
 69%|ΓûêΓûêΓûêΓûêΓûêΓûêΓûë   | 344/500 [04:41<02:17,  1.13it/s]
 69%|ΓûêΓûêΓûêΓûêΓûêΓûêΓûë   | 345/500 [04:41<02:16,  1.14it/s]
 69%|ΓûêΓûêΓûêΓûêΓûêΓûêΓûë   | 346/500 [04:42<02:14,  1.15it/s]
 69%|ΓûêΓûêΓûêΓûêΓûêΓûêΓûë   | 347/500 [04:43<02:13,  1.14it/s]
 70%|ΓûêΓûêΓûêΓûêΓûêΓûêΓûë   | 348/500 [04:44<02:12,  1.15it/s]
 70%|ΓûêΓûêΓûêΓûêΓûêΓûêΓûë   | 349/500 [04:45<02:06,  1.19it/s]
 70%|ΓûêΓûêΓûêΓûêΓûêΓûêΓûê   | 350/500 [04:46<02:10,  1.15it/s]
 70%|ΓûêΓûêΓûêΓûêΓûêΓûêΓûê   | 351/500 [04:46<02:04,  1.20it/s]
 70%|ΓûêΓûêΓûêΓûêΓûêΓûêΓûê   | 352/500 [04:47<02:04,  1.18it/s]
 71%|ΓûêΓûêΓûêΓûêΓûêΓûêΓûê   | 353/500 [04:48<02:05,  1.17it/s]
 71%|ΓûêΓûêΓûêΓûêΓûêΓûêΓûê   | 354/500 [04:49<02:01,  1.21it/s]
 71%|ΓûêΓûêΓûêΓûêΓûêΓûêΓûê   | 355/500 [04:50<02:00,  1.20it/s]
 71%|ΓûêΓûêΓûêΓûêΓûêΓûêΓûê   | 356/500 [04:51<01:59,  1.20it/s]
 71%|ΓûêΓûêΓûêΓûêΓûêΓûêΓûêΓûÅ  | 357/500 [04:51<01:56,  1.23it/s]
 72%|ΓûêΓûêΓûêΓûêΓûêΓûêΓûêΓûÅ  | 358/500 [04:52<01:54,  1.24it/s]
 72%|ΓûêΓûêΓûêΓûêΓûêΓûêΓûêΓûÅ  | 359/500 [04:53<01:59,  1.18it/s]
 72%|ΓûêΓûêΓûêΓûêΓûêΓûêΓûêΓûÅ  | 360/500 [04:54<01:58,  1.18it/s]
 72%|ΓûêΓûêΓûêΓûêΓûêΓûêΓûêΓûÅ  | 361/500 [04:55<01:54,  1.22it/s]
 72%|ΓûêΓûêΓûêΓûêΓûêΓûêΓûêΓûÅ  | 362/500 [04:56<01:58,  1.16it/s]
 73%|ΓûêΓûêΓûêΓûêΓûêΓûêΓûêΓûÄ  | 363/500 [04:57<02:01,  1.12it/s]
 73%|ΓûêΓûêΓûêΓûêΓûêΓûêΓûêΓûÄ  | 364/500 [04:58<01:59,  1.14it/s]
 73%|ΓûêΓûêΓûêΓûêΓûêΓûêΓûêΓûÄ  | 365/500 [04:58<01:56,  1.15it/s]
 73%|ΓûêΓûêΓûêΓûêΓûêΓûêΓûêΓûÄ  | 366/500 [04:59<01:55,  1.16it/s]
 73%|ΓûêΓûêΓûêΓûêΓûêΓûêΓûêΓûÄ  | 367/500 [05:00<01:51,  1.19it/s]
 74%|ΓûêΓûêΓûêΓûêΓûêΓûêΓûêΓûÄ  | 368/500 [05:01<01:51,  1.19it/s]
 74%|ΓûêΓûêΓûêΓûêΓûêΓûêΓûêΓûì  | 369/500 [05:02<01:47,  1.22it/s]
 74%|ΓûêΓûêΓûêΓûêΓûêΓûêΓûêΓûì  | 370/500 [05:02<01:44,  1.24it/s]
 74%|ΓûêΓûêΓûêΓûêΓûêΓûêΓûêΓûì  | 371/500 [05:03<01:45,  1.23it/s]
 74%|ΓûêΓûêΓûêΓûêΓûêΓûêΓûêΓûì  | 372/500 [05:04<01:47,  1.19it/s]
 75%|ΓûêΓûêΓûêΓûêΓûêΓûêΓûêΓûì  | 373/500 [05:05<01:45,  1.21it/s]
 75%|ΓûêΓûêΓûêΓûêΓûêΓûêΓûêΓûì  | 374/500 [05:06<01:42,  1.23it/s]
 75%|ΓûêΓûêΓûêΓûêΓûêΓûêΓûêΓûî  | 375/500 [05:07<01:46,  1.18it/s]
 75%|ΓûêΓûêΓûêΓûêΓûêΓûêΓûêΓûî  | 376/500 [05:08<01:45,  1.17it/s]
 75%|ΓûêΓûêΓûêΓûêΓûêΓûêΓûêΓûî  | 377/500 [05:08<01:41,  1.21it/s]
 76%|ΓûêΓûêΓûêΓûêΓûêΓûêΓûêΓûî  | 378/500 [05:09<01:42,  1.20it/s]
 76%|ΓûêΓûêΓûêΓûêΓûêΓûêΓûêΓûî  | 379/500 [05:10<01:40,  1.20it/s]
 76%|ΓûêΓûêΓûêΓûêΓûêΓûêΓûêΓûî  | 380/500 [05:11<01:37,  1.23it/s]
 76%|ΓûêΓûêΓûêΓûêΓûêΓûêΓûêΓûî  | 381/500 [05:12<01:38,  1.21it/s]
 76%|ΓûêΓûêΓûêΓûêΓûêΓûêΓûêΓûï  | 382/500 [05:12<01:38,  1.19it/s]
 77%|ΓûêΓûêΓûêΓûêΓûêΓûêΓûêΓûï  | 383/500 [05:13<01:37,  1.20it/s]
 77%|ΓûêΓûêΓûêΓûêΓûêΓûêΓûêΓûï  | 384/500 [05:14<01:34,  1.23it/s]
 77%|ΓûêΓûêΓûêΓûêΓûêΓûêΓûêΓûï  | 385/500 [05:15<01:35,  1.21it/s]
 77%|ΓûêΓûêΓûêΓûêΓûêΓûêΓûêΓûï  | 386/500 [05:16<01:40,  1.14it/s]
 77%|ΓûêΓûêΓûêΓûêΓûêΓûêΓûêΓûï  | 387/500 [05:17<01:35,  1.18it/s]
 78%|ΓûêΓûêΓûêΓûêΓûêΓûêΓûêΓûè  | 388/500 [05:18<01:35,  1.18it/s]
 78%|ΓûêΓûêΓûêΓûêΓûêΓûêΓûêΓûè  | 389/500 [05:18<01:32,  1.20it/s]
 78%|ΓûêΓûêΓûêΓûêΓûêΓûêΓûêΓûè  | 390/500 [05:19<01:28,  1.24it/s]
 78%|ΓûêΓûêΓûêΓûêΓûêΓûêΓûêΓûè  | 391/500 [05:20<01:30,  1.21it/s]
 78%|ΓûêΓûêΓûêΓûêΓûêΓûêΓûêΓûè  | 392/500 [05:21<01:26,  1.25it/s]
 79%|ΓûêΓûêΓûêΓûêΓûêΓûêΓûêΓûè  | 393/500 [05:21<01:23,  1.28it/s]
 79%|ΓûêΓûêΓûêΓûêΓûêΓûêΓûêΓûë  | 394/500 [05:22<01:23,  1.27it/s]
 79%|ΓûêΓûêΓûêΓûêΓûêΓûêΓûêΓûë  | 395/500 [05:23<01:25,  1.22it/s]
 79%|ΓûêΓûêΓûêΓûêΓûêΓûêΓûêΓûë  | 396/500 [05:24<01:26,  1.21it/s]
 79%|ΓûêΓûêΓûêΓûêΓûêΓûêΓûêΓûë  | 397/500 [05:25<01:24,  1.21it/s]
 80%|ΓûêΓûêΓûêΓûêΓûêΓûêΓûêΓûë  | 398/500 [05:26<01:25,  1.19it/s]
 80%|ΓûêΓûêΓûêΓûêΓûêΓûêΓûêΓûë  | 399/500 [05:26<01:24,  1.19it/s]
 80%|ΓûêΓûêΓûêΓûêΓûêΓûêΓûêΓûê  | 400/500 [05:27<01:21,  1.23it/s]
 80%|ΓûêΓûêΓûêΓûêΓûêΓûêΓûêΓûê  | 401/500 [05:28<01:21,  1.21it/s]
 80%|ΓûêΓûêΓûêΓûêΓûêΓûêΓûêΓûê  | 402/500 [05:29<01:23,  1.18it/s]
 81%|ΓûêΓûêΓûêΓûêΓûêΓûêΓûêΓûê  | 403/500 [05:30<01:19,  1.23it/s]
 81%|ΓûêΓûêΓûêΓûêΓûêΓûêΓûêΓûê  | 404/500 [05:31<01:18,  1.22it/s]
 81%|ΓûêΓûêΓûêΓûêΓûêΓûêΓûêΓûê  | 405/500 [05:31<01:18,  1.22it/s]
 81%|ΓûêΓûêΓûêΓûêΓûêΓûêΓûêΓûê  | 406/500 [05:32<01:16,  1.23it/s]
 81%|ΓûêΓûêΓûêΓûêΓûêΓûêΓûêΓûêΓûÅ | 407/500 [05:33<01:14,  1.25it/s]
 82%|ΓûêΓûêΓûêΓûêΓûêΓûêΓûêΓûêΓûÅ | 408/500 [05:34<01:14,  1.24it/s]
 82%|ΓûêΓûêΓûêΓûêΓûêΓûêΓûêΓûêΓûÅ | 409/500 [05:35<01:13,  1.23it/s]
 82%|ΓûêΓûêΓûêΓûêΓûêΓûêΓûêΓûêΓûÅ | 410/500 [05:35<01:10,  1.27it/s]
 82%|ΓûêΓûêΓûêΓûêΓûêΓûêΓûêΓûêΓûÅ | 411/500 [05:36<01:10,  1.26it/s]
 82%|ΓûêΓûêΓûêΓûêΓûêΓûêΓûêΓûêΓûÅ | 412/500 [05:37<01:10,  1.24it/s]
 83%|ΓûêΓûêΓûêΓûêΓûêΓûêΓûêΓûêΓûÄ | 413/500 [05:38<01:08,  1.27it/s]
 83%|ΓûêΓûêΓûêΓûêΓûêΓûêΓûêΓûêΓûÄ | 414/500 [05:38<01:06,  1.28it/s]
 83%|ΓûêΓûêΓûêΓûêΓûêΓûêΓûêΓûêΓûÄ | 415/500 [05:39<01:07,  1.26it/s]
 83%|ΓûêΓûêΓûêΓûêΓûêΓûêΓûêΓûêΓûÄ | 416/500 [05:40<01:05,  1.29it/s]
 83%|ΓûêΓûêΓûêΓûêΓûêΓûêΓûêΓûêΓûÄ | 417/500 [05:41<01:03,  1.30it/s]
 84%|ΓûêΓûêΓûêΓûêΓûêΓûêΓûêΓûêΓûÄ | 418/500 [05:42<01:03,  1.29it/s]
 84%|ΓûêΓûêΓûêΓûêΓûêΓûêΓûêΓûêΓûì | 419/500 [05:43<01:07,  1.20it/s]
 84%|ΓûêΓûêΓûêΓûêΓûêΓûêΓûêΓûêΓûì | 420/500 [05:43<01:07,  1.18it/s]
 84%|ΓûêΓûêΓûêΓûêΓûêΓûêΓûêΓûêΓûì | 421/500 [05:44<01:08,  1.16it/s]
 84%|ΓûêΓûêΓûêΓûêΓûêΓûêΓûêΓûêΓûì | 422/500 [05:45<01:06,  1.17it/s]
 85%|ΓûêΓûêΓûêΓûêΓûêΓûêΓûêΓûêΓûì | 423/500 [05:46<01:03,  1.22it/s]
 85%|ΓûêΓûêΓûêΓûêΓûêΓûêΓûêΓûêΓûì | 424/500 [05:47<01:01,  1.24it/s]
 85%|ΓûêΓûêΓûêΓûêΓûêΓûêΓûêΓûêΓûî | 425/500 [05:48<01:01,  1.22it/s]
 85%|ΓûêΓûêΓûêΓûêΓûêΓûêΓûêΓûêΓûî | 426/500 [05:48<01:03,  1.17it/s]
 85%|ΓûêΓûêΓûêΓûêΓûêΓûêΓûêΓûêΓûî | 427/500 [05:49<01:04,  1.14it/s]
 86%|ΓûêΓûêΓûêΓûêΓûêΓûêΓûêΓûêΓûî | 428/500 [05:50<01:01,  1.18it/s]
 86%|ΓûêΓûêΓûêΓûêΓûêΓûêΓûêΓûêΓûî | 429/500 [05:51<01:00,  1.18it/s]
 86%|ΓûêΓûêΓûêΓûêΓûêΓûêΓûêΓûêΓûî | 430/500 [05:52<00:57,  1.21it/s]
 86%|ΓûêΓûêΓûêΓûêΓûêΓûêΓûêΓûêΓûî | 431/500 [05:53<00:57,  1.21it/s]
 86%|ΓûêΓûêΓûêΓûêΓûêΓûêΓûêΓûêΓûï | 432/500 [05:53<00:56,  1.21it/s]
 87%|ΓûêΓûêΓûêΓûêΓûêΓûêΓûêΓûêΓûï | 433/500 [05:54<00:55,  1.20it/s]
 87%|ΓûêΓûêΓûêΓûêΓûêΓûêΓûêΓûêΓûï | 434/500 [05:55<00:53,  1.24it/s]
 87%|ΓûêΓûêΓûêΓûêΓûêΓûêΓûêΓûêΓûï | 435/500 [05:56<00:52,  1.24it/s]
 87%|ΓûêΓûêΓûêΓûêΓûêΓûêΓûêΓûêΓûï | 436/500 [05:57<00:53,  1.21it/s]
 87%|ΓûêΓûêΓûêΓûêΓûêΓûêΓûêΓûêΓûï | 437/500 [05:58<00:51,  1.23it/s]
 88%|ΓûêΓûêΓûêΓûêΓûêΓûêΓûêΓûêΓûè | 438/500 [05:58<00:51,  1.21it/s]
 88%|ΓûêΓûêΓûêΓûêΓûêΓûêΓûêΓûêΓûè | 439/500 [05:59<00:51,  1.17it/s]
 88%|ΓûêΓûêΓûêΓûêΓûêΓûêΓûêΓûêΓûè | 440/500 [06:00<00:49,  1.21it/s]
 88%|ΓûêΓûêΓûêΓûêΓûêΓûêΓûêΓûêΓûè | 441/500 [06:01<00:48,  1.21it/s]
 88%|ΓûêΓûêΓûêΓûêΓûêΓûêΓûêΓûêΓûè | 442/500 [06:02<00:47,  1.21it/s]
 89%|ΓûêΓûêΓûêΓûêΓûêΓûêΓûêΓûêΓûè | 443/500 [06:03<00:48,  1.17it/s]
 89%|ΓûêΓûêΓûêΓûêΓûêΓûêΓûêΓûêΓûë | 444/500 [06:03<00:47,  1.17it/s]
 89%|ΓûêΓûêΓûêΓûêΓûêΓûêΓûêΓûêΓûë | 445/500 [06:04<00:47,  1.16it/s]
 89%|ΓûêΓûêΓûêΓûêΓûêΓûêΓûêΓûêΓûë | 446/500 [06:05<00:45,  1.20it/s]
 89%|ΓûêΓûêΓûêΓûêΓûêΓûêΓûêΓûêΓûë | 447/500 [06:06<00:44,  1.19it/s]
 90%|ΓûêΓûêΓûêΓûêΓûêΓûêΓûêΓûêΓûë | 448/500 [06:07<00:42,  1.22it/s]
 90%|ΓûêΓûêΓûêΓûêΓûêΓûêΓûêΓûêΓûë | 449/500 [06:08<00:43,  1.16it/s]
 90%|ΓûêΓûêΓûêΓûêΓûêΓûêΓûêΓûêΓûê | 450/500 [06:08<00:41,  1.21it/s]
 90%|ΓûêΓûêΓûêΓûêΓûêΓûêΓûêΓûêΓûê | 451/500 [06:09<00:39,  1.24it/s]
 90%|ΓûêΓûêΓûêΓûêΓûêΓûêΓûêΓûêΓûê | 452/500 [06:10<00:40,  1.18it/s]
 91%|ΓûêΓûêΓûêΓûêΓûêΓûêΓûêΓûêΓûê | 453/500 [06:11<00:38,  1.21it/s]
 91%|ΓûêΓûêΓûêΓûêΓûêΓûêΓûêΓûêΓûê | 454/500 [06:12<00:38,  1.21it/s]
 91%|ΓûêΓûêΓûêΓûêΓûêΓûêΓûêΓûêΓûê | 455/500 [06:13<00:37,  1.20it/s]
 91%|ΓûêΓûêΓûêΓûêΓûêΓûêΓûêΓûêΓûê | 456/500 [06:13<00:36,  1.20it/s]
 91%|ΓûêΓûêΓûêΓûêΓûêΓûêΓûêΓûêΓûêΓûÅ| 457/500 [06:14<00:37,  1.15it/s]
 92%|ΓûêΓûêΓûêΓûêΓûêΓûêΓûêΓûêΓûêΓûÅ| 459/500 [06:15<00:27,  1.51it/s]
 92%|ΓûêΓûêΓûêΓûêΓûêΓûêΓûêΓûêΓûêΓûÅ| 460/500 [06:16<00:28,  1.41it/s]
 92%|ΓûêΓûêΓûêΓûêΓûêΓûêΓûêΓûêΓûêΓûÅ| 461/500 [06:17<00:29,  1.32it/s]
 92%|ΓûêΓûêΓûêΓûêΓûêΓûêΓûêΓûêΓûêΓûÅ| 462/500 [06:18<00:28,  1.32it/s]
 93%|ΓûêΓûêΓûêΓûêΓûêΓûêΓûêΓûêΓûêΓûÄ| 463/500 [06:19<00:29,  1.27it/s]
 93%|ΓûêΓûêΓûêΓûêΓûêΓûêΓûêΓûêΓûêΓûÄ| 464/500 [06:19<00:28,  1.28it/s]
 93%|ΓûêΓûêΓûêΓûêΓûêΓûêΓûêΓûêΓûêΓûÄ| 465/500 [06:20<00:28,  1.22it/s]
 93%|ΓûêΓûêΓûêΓûêΓûêΓûêΓûêΓûêΓûêΓûÄ| 466/500 [06:21<00:27,  1.24it/s]
 93%|ΓûêΓûêΓûêΓûêΓûêΓûêΓûêΓûêΓûêΓûÄ| 467/500 [06:22<00:26,  1.26it/s]
 94%|ΓûêΓûêΓûêΓûêΓûêΓûêΓûêΓûêΓûêΓûÄ| 468/500 [06:23<00:24,  1.28it/s]
 94%|ΓûêΓûêΓûêΓûêΓûêΓûêΓûêΓûêΓûêΓûì| 469/500 [06:23<00:24,  1.26it/s]
 94%|ΓûêΓûêΓûêΓûêΓûêΓûêΓûêΓûêΓûêΓûì| 470/500 [06:24<00:24,  1.23it/s]
 94%|ΓûêΓûêΓûêΓûêΓûêΓûêΓûêΓûêΓûêΓûì| 471/500 [06:25<00:23,  1.23it/s]
 94%|ΓûêΓûêΓûêΓûêΓûêΓûêΓûêΓûêΓûêΓûì| 472/500 [06:26<00:23,  1.18it/s]
 95%|ΓûêΓûêΓûêΓûêΓûêΓûêΓûêΓûêΓûêΓûì| 473/500 [06:27<00:22,  1.19it/s]
 95%|ΓûêΓûêΓûêΓûêΓûêΓûêΓûêΓûêΓûêΓûì| 474/500 [06:28<00:22,  1.15it/s]
 95%|ΓûêΓûêΓûêΓûêΓûêΓûêΓûêΓûêΓûêΓûî| 475/500 [06:29<00:22,  1.13it/s]
 95%|ΓûêΓûêΓûêΓûêΓûêΓûêΓûêΓûêΓûêΓûî| 476/500 [06:30<00:20,  1.15it/s]
 95%|ΓûêΓûêΓûêΓûêΓûêΓûêΓûêΓûêΓûêΓûî| 477/500 [06:30<00:19,  1.18it/s]
 96%|ΓûêΓûêΓûêΓûêΓûêΓûêΓûêΓûêΓûêΓûî| 478/500 [06:31<00:18,  1.20it/s]
 96%|ΓûêΓûêΓûêΓûêΓûêΓûêΓûêΓûêΓûêΓûî| 479/500 [06:32<00:17,  1.18it/s]
 96%|ΓûêΓûêΓûêΓûêΓûêΓûêΓûêΓûêΓûêΓûî| 480/500 [06:33<00:16,  1.18it/s]
 96%|ΓûêΓûêΓûêΓûêΓûêΓûêΓûêΓûêΓûêΓûî| 481/500 [06:34<00:16,  1.14it/s]
 96%|ΓûêΓûêΓûêΓûêΓûêΓûêΓûêΓûêΓûêΓûï| 482/500 [06:35<00:17,  1.04it/s]
 97%|ΓûêΓûêΓûêΓûêΓûêΓûêΓûêΓûêΓûêΓûï| 483/500 [06:36<00:17,  1.01s/it]
 97%|ΓûêΓûêΓûêΓûêΓûêΓûêΓûêΓûêΓûêΓûï| 484/500 [06:37<00:15,  1.01it/s]
 97%|ΓûêΓûêΓûêΓûêΓûêΓûêΓûêΓûêΓûêΓûï| 485/500 [06:38<00:15,  1.00s/it]
 97%|ΓûêΓûêΓûêΓûêΓûêΓûêΓûêΓûêΓûêΓûï| 486/500 [06:39<00:13,  1.02it/s]
 97%|ΓûêΓûêΓûêΓûêΓûêΓûêΓûêΓûêΓûêΓûï| 487/500 [06:40<00:12,  1.05it/s]
 98%|ΓûêΓûêΓûêΓûêΓûêΓûêΓûêΓûêΓûêΓûè| 488/500 [06:41<00:11,  1.07it/s]
 98%|ΓûêΓûêΓûêΓûêΓûêΓûêΓûêΓûêΓûêΓûè| 489/500 [06:42<00:10,  1.07it/s]
 98%|ΓûêΓûêΓûêΓûêΓûêΓûêΓûêΓûêΓûêΓûè| 490/500 [06:43<00:09,  1.10it/s]
 98%|ΓûêΓûêΓûêΓûêΓûêΓûêΓûêΓûêΓûêΓûè| 491/500 [06:44<00:08,  1.04it/s]
 98%|ΓûêΓûêΓûêΓûêΓûêΓûêΓûêΓûêΓûêΓûè| 492/500 [06:44<00:07,  1.08it/s]
 99%|ΓûêΓûêΓûêΓûêΓûêΓûêΓûêΓûêΓûêΓûè| 493/500 [06:45<00:06,  1.06it/s]
 99%|ΓûêΓûêΓûêΓûêΓûêΓûêΓûêΓûêΓûêΓûë| 494/500 [06:46<00:05,  1.09it/s]
 99%|ΓûêΓûêΓûêΓûêΓûêΓûêΓûêΓûêΓûêΓûë| 495/500 [06:47<00:04,  1.06it/s]
 99%|ΓûêΓûêΓûêΓûêΓûêΓûêΓûêΓûêΓûêΓûë| 496/500 [06:48<00:03,  1.10it/s]
 99%|ΓûêΓûêΓûêΓûêΓûêΓûêΓûêΓûêΓûêΓûë| 497/500 [06:49<00:02,  1.09it/s]
100%|ΓûêΓûêΓûêΓûêΓûêΓûêΓûêΓûêΓûêΓûë| 498/500 [06:50<00:01,  1.09it/s]
100%|ΓûêΓûêΓûêΓûêΓûêΓûêΓûêΓûêΓûêΓûë| 499/500 [06:51<00:00,  1.08it/s]
100%|ΓûêΓûêΓûêΓûêΓûêΓûêΓûêΓûêΓûêΓûê| 500/500 [06:52<00:00,  1.13it/s]
100%|ΓûêΓûêΓûêΓûêΓûêΓûêΓûêΓûêΓûêΓûê| 500/500 [06:52<00:00,  1.21it/s]
{"run_dir": "C:\\Users\\jv624\\Desktop\\fsm_reliability\\outputs\\cstr_grounding\\20261003_164622_20261002_083124_qwen25-7b-instruct_v4_v31_r0_withcert", "status": {"ok": 498, "not_eligible": 2}, "tf_agreement": 0.9133}
