python.exe : 
At C:\Users\jv624\Desktop\fsm_reliability\outputs\closed_loop_models.ps1:15 char:5
+     & $py @(@("-m", "scripts.42_cstr_closed_loop", "--dataset_dir", " ...
+     ~~~~~~~~~~~~~~~~~~~~~~~~~~~~~~~~~~~~~~~~~~~~~~~~~~~~~~~~~~~~~~~~~
    + CategoryInfo          : NotSpecified: (:String) [], RemoteException
    + FullyQualifiedErrorId : NativeCommandError
 
Loading weights:   0%|          | 0/338 [00:00<?, ?it/s]
Loading weights:   0%|          | 1/338 [00:00<01:40,  3.35it/s]
Loading weights:   5%|Γûî         | 17/338 [00:00<00:05, 53.65it/s]
Loading weights:  12%|ΓûêΓûÅ        | 40/338 [00:00<00:02, 107.97it/s]
Loading weights:  19%|ΓûêΓûè        | 63/338 [00:00<00:01, 145.31it/s]
Loading weights:  24%|ΓûêΓûêΓûì       | 82/338 [00:00<00:01, 154.13it/s]
Loading weights:  30%|ΓûêΓûêΓûë       | 100/338 [00:00<00:01, 150.40it/s]
Loading weights:  36%|ΓûêΓûêΓûêΓûï      | 123/338 [00:00<00:01, 165.65it/s]
Loading weights:  43%|ΓûêΓûêΓûêΓûêΓûÄ     | 147/338 [00:01<00:01, 177.35it/s]
Loading weights:  49%|ΓûêΓûêΓûêΓûêΓûë     | 166/338 [00:01<00:00, 173.65it/s]
Loading weights:  54%|ΓûêΓûêΓûêΓûêΓûêΓûì    | 184/338 [00:01<00:00, 169.46it/s]
Loading weights:  61%|ΓûêΓûêΓûêΓûêΓûêΓûê    | 205/338 [00:01<00:00, 180.38it/s]
Loading weights:  66%|ΓûêΓûêΓûêΓûêΓûêΓûêΓûï   | 224/338 [00:01<00:00, 164.57it/s]
Loading weights:  72%|ΓûêΓûêΓûêΓûêΓûêΓûêΓûêΓûÅ  | 242/338 [00:01<00:00, 167.80it/s]
Loading weights:  77%|ΓûêΓûêΓûêΓûêΓûêΓûêΓûêΓûï  | 260/338 [00:01<00:00, 167.44it/s]
Loading weights:  83%|ΓûêΓûêΓûêΓûêΓûêΓûêΓûêΓûêΓûÄ | 280/338 [00:01<00:00, 168.63it/s]
Loading weights:  88%|ΓûêΓûêΓûêΓûêΓûêΓûêΓûêΓûêΓûè | 299/338 [00:01<00:00, 174.03it/s]
Loading weights:  94%|ΓûêΓûêΓûêΓûêΓûêΓûêΓûêΓûêΓûêΓûì| 317/338 [00:02<00:00, 165.57it/s]
Loading weights: 100%|ΓûêΓûêΓûêΓûêΓûêΓûêΓûêΓûêΓûêΓûê| 338/338 [00:02<00:00, 155.94it/s]
[1/400] cstr_closedloop_00000 cool_stuck_closed: recovered {'always_validate': 0, 'never_validate': 0, 'observables_probe': 0, 'combined_probe': 0, 'random_matched': 0} | cache 3 gens | 0.6 min
[2/400] cstr_closedloop_00001 fouling: recovered {'always_validate': 0, 'never_validate': 0, 'observables_probe': 0, 'combined_probe': 0, 'random_matched': 0} | cache 3 gens | 1.0 min
[3/400] cstr_closedloop_00002 fouling: recovered {'always_validate': 0, 'never_validate': 0, 'observables_probe': 0, 'combined_probe': 0, 'random_matched': 0} | cache 4 gens | 1.5 min
[4/400] cstr_closedloop_00003 cool_stuck_closed: recovered {'always_validate': 0, 'never_validate': 0, 'observables_probe': 0, 'combined_probe': 0, 'random_matched': 0} | cache 4 gens | 2.3 min
[5/400] cstr_closedloop_00004 outlet_block: recovered {'always_validate': 1, 'never_validate': 1, 'observables_probe': 1, 'combined_probe': 1, 'random_matched': 1} | cache 1 gens | 2.5 min
[6/400] cstr_closedloop_00005 fouling: recovered {'always_validate': 0, 'never_validate': 0, 'observables_probe': 0, 'combined_probe': 0, 'random_matched': 0} | cache 1 gens | 3.2 min
[7/400] cstr_closedloop_00006 pump_degrade: recovered {'always_validate': 0, 'never_validate': 0, 'observables_probe': 0, 'combined_probe': 0, 'random_matched': 0} | cache 3 gens | 3.7 min
[8/400] cstr_closedloop_00007 pump_degrade: recovered {'always_validate': 1, 'never_validate': 1, 'observables_probe': 1, 'combined_probe': 1, 'random_matched': 1} | cache 1 gens | 4.0 min
[9/400] cstr_closedloop_00008 pump_degrade: recovered {'always_validate': 0, 'never_validate': 0, 'observables_probe': 0, 'combined_probe': 0, 'random_matched': 0} | cache 3 gens | 4.5 min
[10/400] cstr_closedloop_00009 fouling: recovered {'always_validate': 0, 'never_validate': 0, 'observables_probe': 0, 'combined_probe': 0, 'random_matched': 0} | cache 3 gens | 4.9 min
[11/400] cstr_closedloop_00010 outlet_block: recovered {'always_validate': 1, 'never_validate': 1, 'observables_probe': 1, 'combined_probe': 1, 'random_matched': 1} | cache 1 gens | 5.1 min
[12/400] cstr_closedloop_00011 outlet_block: recovered {'always_validate': 0, 'never_validate': 0, 'observables_probe': 0, 'combined_probe': 0, 'random_matched': 0} | cache 3 gens | 5.5 min
[13/400] cstr_closedloop_00012 cool_stuck_closed: recovered {'always_validate': 0, 'never_validate': 0, 'observables_probe': 0, 'combined_probe': 0, 'random_matched': 0} | cache 3 gens | 6.0 min
[14/400] cstr_closedloop_00013 outlet_block: recovered {'always_validate': 0, 'never_validate': 0, 'observables_probe': 0, 'combined_probe': 0, 'random_matched': 0} | cache 3 gens | 6.4 min
[15/400] cstr_closedloop_00014 pump_degrade: recovered {'always_validate': 1, 'never_validate': 1, 'observables_probe': 1, 'combined_probe': 1, 'random_matched': 1} | cache 1 gens | 6.7 min
[16/400] cstr_closedloop_00015 cool_stuck_closed: recovered {'always_validate': 0, 'never_validate': 0, 'observables_probe': 0, 'combined_probe': 0, 'random_matched': 0} | cache 3 gens | 7.2 min
[17/400] cstr_closedloop_00016 pump_degrade: recovered {'always_validate': 1, 'never_validate': 1, 'observables_probe': 1, 'combined_probe': 1, 'random_matched': 1} | cache 2 gens | 7.6 min
[18/400] cstr_closedloop_00017 cool_stuck_closed: recovered {'always_validate': 0, 'never_validate': 0, 'observables_probe': 0, 'combined_probe': 0, 'random_matched': 0} | cache 3 gens | 8.0 min
[19/400] cstr_closedloop_00018 cool_stuck_closed: recovered {'always_validate': 0, 'never_validate': 0, 'observables_probe': 0, 'combined_probe': 0, 'random_matched': 0} | cache 3 gens | 8.6 min
[20/400] cstr_closedloop_00019 pump_degrade: recovered {'always_validate': 0, 'never_validate': 0, 'observables_probe': 0, 'combined_probe': 0, 'random_matched': 0} | cache 3 gens | 9.2 min
[21/400] cstr_closedloop_00020 outlet_block: recovered {'always_validate': 0, 'never_validate': 0, 'observables_probe': 0, 'combined_probe': 0, 'random_matched': 0} | cache 4 gens | 10.1 min
[22/400] cstr_closedloop_00021 outlet_block: recovered {'always_validate': 1, 'never_validate': 1, 'observables_probe': 1, 'combined_probe': 1, 'random_matched': 1} | cache 2 gens | 10.5 min
[23/400] cstr_closedloop_00022 cool_stuck_closed: recovered {'always_validate': 0, 'never_validate': 0, 'observables_probe': 0, 'combined_probe': 0, 'random_matched': 0} | cache 3 gens | 11.1 min
[24/400] cstr_closedloop_00023 outlet_block: recovered {'always_validate': 1, 'never_validate': 1, 'observables_probe': 1, 'combined_probe': 1, 'random_matched': 1} | cache 2 gens | 11.5 min
[25/400] cstr_closedloop_00024 fouling: recovered {'always_validate': 0, 'never_validate': 0, 'observables_probe': 0, 'combined_probe': 0, 'random_matched': 0} | cache 3 gens | 11.9 min
[26/400] cstr_closedloop_00025 cool_stuck_closed: recovered {'always_validate': 1, 'never_validate': 1, 'observables_probe': 1, 'combined_probe': 1, 'random_matched': 1} | cache 1 gens | 12.1 min
[27/400] cstr_closedloop_00026 pump_degrade: recovered {'always_validate': 0, 'never_validate': 0, 'observables_probe': 0, 'combined_probe': 0, 'random_matched': 0} | cache 2 gens | 12.4 min
[28/400] cstr_closedloop_00027 pump_degrade: recovered {'always_validate': 0, 'never_validate': 0, 'observables_probe': 0, 'combined_probe': 0, 'random_matched': 0} | cache 3 gens | 12.8 min
[29/400] cstr_closedloop_00028 outlet_block: recovered {'always_validate': 1, 'never_validate': 1, 'observables_probe': 1, 'combined_probe': 1, 'random_matched': 1} | cache 1 gens | 13.0 min
[30/400] cstr_closedloop_00029 outlet_block: recovered {'always_validate': 0, 'never_validate': 0, 'observables_probe': 0, 'combined_probe': 0, 'random_matched': 0} | cache 3 gens | 13.5 min
[31/400] cstr_closedloop_00030 cool_stuck_closed: recovered {'always_validate': 0, 'never_validate': 0, 'observables_probe': 0, 'combined_probe': 0, 'random_matched': 0} | cache 3 gens | 14.0 min
[32/400] cstr_closedloop_00031 pump_degrade: recovered {'always_validate': 1, 'never_validate': 1, 'observables_probe': 1, 'combined_probe': 1, 'random_matched': 1} | cache 2 gens | 14.3 min
[33/400] cstr_closedloop_00032 outlet_block: recovered {'always_validate': 1, 'never_validate': 1, 'observables_probe': 1, 'combined_probe': 1, 'random_matched': 1} | cache 1 gens | 14.5 min
[34/400] cstr_closedloop_00033 outlet_block: recovered {'always_validate': 0, 'never_validate': 0, 'observables_probe': 0, 'combined_probe': 0, 'random_matched': 0} | cache 3 gens | 15.2 min
[35/400] cstr_closedloop_00034 cool_stuck_closed: recovered {'always_validate': 1, 'never_validate': 1, 'observables_probe': 1, 'combined_probe': 1, 'random_matched': 1} | cache 1 gens | 15.4 min
[36/400] cstr_closedloop_00035 pump_degrade: recovered {'always_validate': 0, 'never_validate': 0, 'observables_probe': 0, 'combined_probe': 0, 'random_matched': 0} | cache 3 gens | 16.0 min
[37/400] cstr_closedloop_00036 outlet_block: recovered {'always_validate': 1, 'never_validate': 1, 'observables_probe': 1, 'combined_probe': 1, 'random_matched': 1} | cache 1 gens | 16.2 min
[38/400] cstr_closedloop_00037 cool_stuck_closed: recovered {'always_validate': 1, 'never_validate': 1, 'observables_probe': 1, 'combined_probe': 1, 'random_matched': 1} | cache 1 gens | 16.4 min
[39/400] cstr_closedloop_00038 outlet_block: recovered {'always_validate': 1, 'never_validate': 1, 'observables_probe': 1, 'combined_probe': 1, 'random_matched': 1} | cache 1 gens | 16.6 min
[40/400] cstr_closedloop_00039 fouling: recovered {'always_validate': 0, 'never_validate': 0, 'observables_probe': 0, 'combined_probe': 0, 'random_matched': 0} | cache 4 gens | 17.4 min
[41/400] cstr_closedloop_00040 outlet_block: recovered {'always_validate': 1, 'never_validate': 1, 'observables_probe': 1, 'combined_probe': 1, 'random_matched': 1} | cache 2 gens | 18.0 min
[42/400] cstr_closedloop_00041 pump_degrade: recovered {'always_validate': 1, 'never_validate': 1, 'observables_probe': 1, 'combined_probe': 1, 'random_matched': 1} | cache 2 gens | 18.4 min
[43/400] cstr_closedloop_00042 pump_degrade: recovered {'always_validate': 1, 'never_validate': 1, 'observables_probe': 1, 'combined_probe': 1, 'random_matched': 1} | cache 1 gens | 18.6 min
[44/400] cstr_closedloop_00043 outlet_block: recovered {'always_validate': 1, 'never_validate': 1, 'observables_probe': 1, 'combined_probe': 1, 'random_matched': 1} | cache 1 gens | 18.8 min
[45/400] cstr_closedloop_00044 cool_stuck_closed: recovered {'always_validate': 0, 'never_validate': 0, 'observables_probe': 0, 'combined_probe': 0, 'random_matched': 0} | cache 3 gens | 19.7 min
[46/400] cstr_closedloop_00045 outlet_block: recovered {'always_validate': 1, 'never_validate': 1, 'observables_probe': 1, 'combined_probe': 1, 'random_matched': 1} | cache 2 gens | 20.2 min
[47/400] cstr_closedloop_00046 fouling: recovered {'always_validate': 0, 'never_validate': 0, 'observables_probe': 0, 'combined_probe': 0, 'random_matched': 0} | cache 4 gens | 20.9 min
[48/400] cstr_closedloop_00047 fouling: recovered {'always_validate': 0, 'never_validate': 0, 'observables_probe': 0, 'combined_probe': 0, 'random_matched': 0} | cache 5 gens | 21.9 min
[49/400] cstr_closedloop_00048 cool_stuck_closed: recovered {'always_validate': 0, 'never_validate': 0, 'observables_probe': 0, 'combined_probe': 0, 'random_matched': 0} | cache 3 gens | 22.6 min
[50/400] cstr_closedloop_00049 pump_degrade: recovered {'always_validate': 0, 'never_validate': 0, 'observables_probe': 0, 'combined_probe': 0, 'random_matched': 0} | cache 3 gens | 23.3 min
[51/400] cstr_closedloop_00050 fouling: recovered {'always_validate': 0, 'never_validate': 0, 'observables_probe': 0, 'combined_probe': 0, 'random_matched': 0} | cache 3 gens | 24.0 min
[52/400] cstr_closedloop_00051 pump_degrade: recovered {'always_validate': 0, 'never_validate': 0, 'observables_probe': 0, 'combined_probe': 0, 'random_matched': 0} | cache 3 gens | 24.7 min
[53/400] cstr_closedloop_00052 cool_stuck_closed: recovered {'always_validate': 0, 'never_validate': 0, 'observables_probe': 0, 'combined_probe': 0, 'random_matched': 0} | cache 3 gens | 25.3 min
[54/400] cstr_closedloop_00053 pump_degrade: recovered {'always_validate': 0, 'never_validate': 0, 'observables_probe': 0, 'combined_probe': 0, 'random_matched': 0} | cache 3 gens | 25.7 min
[55/400] cstr_closedloop_00054 cool_stuck_closed: recovered {'always_validate': 0, 'never_validate': 0, 'observables_probe': 0, 'combined_probe': 0, 'random_matched': 0} | cache 3 gens | 26.4 min
[56/400] cstr_closedloop_00055 fouling: recovered {'always_validate': 0, 'never_validate': 0, 'observables_probe': 0, 'combined_probe': 0, 'random_matched': 0} | cache 4 gens | 27.1 min
[57/400] cstr_closedloop_00056 cool_stuck_closed: recovered {'always_validate': 1, 'never_validate': 1, 'observables_probe': 0, 'combined_probe': 0, 'random_matched': 1} | cache 2 gens | 27.5 min
[58/400] cstr_closedloop_00057 cool_stuck_closed: recovered {'always_validate': 0, 'never_validate': 0, 'observables_probe': 0, 'combined_probe': 0, 'random_matched': 0} | cache 3 gens | 28.0 min
[59/400] cstr_closedloop_00058 cool_stuck_closed: recovered {'always_validate': 0, 'never_validate': 0, 'observables_probe': 0, 'combined_probe': 0, 'random_matched': 0} | cache 3 gens | 28.7 min
[60/400] cstr_closedloop_00059 fouling: recovered {'always_validate': 0, 'never_validate': 0, 'observables_probe': 0, 'combined_probe': 0, 'random_matched': 0} | cache 3 gens | 29.1 min
[61/400] cstr_closedloop_00060 cool_stuck_closed: recovered {'always_validate': 0, 'never_validate': 0, 'observables_probe': 0, 'combined_probe': 0, 'random_matched': 0} | cache 3 gens | 29.9 min
[62/400] cstr_closedloop_00061 pump_degrade: recovered {'always_validate': 1, 'never_validate': 1, 'observables_probe': 1, 'combined_probe': 1, 'random_matched': 1} | cache 1 gens | 30.2 min
[63/400] cstr_closedloop_00062 cool_stuck_closed: recovered {'always_validate': 1, 'never_validate': 1, 'observables_probe': 1, 'combined_probe': 1, 'random_matched': 1} | cache 1 gens | 30.4 min
[64/400] cstr_closedloop_00063 outlet_block: recovered {'always_validate': 0, 'never_validate': 0, 'observables_probe': 0, 'combined_probe': 0, 'random_matched': 0} | cache 3 gens | 31.1 min
[65/400] cstr_closedloop_00064 outlet_block: recovered {'always_validate': 0, 'never_validate': 0, 'observables_probe': 0, 'combined_probe': 0, 'random_matched': 0} | cache 3 gens | 31.7 min
[66/400] cstr_closedloop_00065 pump_degrade: recovered {'always_validate': 1, 'never_validate': 1, 'observables_probe': 1, 'combined_probe': 1, 'random_matched': 1} | cache 1 gens | 32.0 min
[67/400] cstr_closedloop_00066 outlet_block: recovered {'always_validate': 0, 'never_validate': 0, 'observables_probe': 0, 'combined_probe': 0, 'random_matched': 0} | cache 3 gens | 32.5 min
[68/400] cstr_closedloop_00067 outlet_block: recovered {'always_validate': 0, 'never_validate': 0, 'observables_probe': 0, 'combined_probe': 0, 'random_matched': 0} | cache 3 gens | 33.2 min
[69/400] cstr_closedloop_00068 pump_degrade: recovered {'always_validate': 0, 'never_validate': 0, 'observables_probe': 0, 'combined_probe': 0, 'random_matched': 0} | cache 3 gens | 33.7 min
[70/400] cstr_closedloop_00069 pump_degrade: recovered {'always_validate': 1, 'never_validate': 1, 'observables_probe': 1, 'combined_probe': 1, 'random_matched': 1} | cache 1 gens | 34.0 min
[71/400] cstr_closedloop_00070 fouling: recovered {'always_validate': 0, 'never_validate': 0, 'observables_probe': 0, 'combined_probe': 0, 'random_matched': 0} | cache 5 gens | 35.0 min
[72/400] cstr_closedloop_00071 pump_degrade: recovered {'always_validate': 0, 'never_validate': 0, 'observables_probe': 0, 'combined_probe': 0, 'random_matched': 0} | cache 3 gens | 35.6 min
[73/400] cstr_closedloop_00072 cool_stuck_closed: recovered {'always_validate': 1, 'never_validate': 1, 'observables_probe': 0, 'combined_probe': 0, 'random_matched': 1} | cache 2 gens | 36.0 min
[74/400] cstr_closedloop_00073 outlet_block: recovered {'always_validate': 1, 'never_validate': 1, 'observables_probe': 1, 'combined_probe': 1, 'random_matched': 1} | cache 1 gens | 36.3 min
[75/400] cstr_closedloop_00074 cool_stuck_closed: recovered {'always_validate': 1, 'never_validate': 1, 'observables_probe': 1, 'combined_probe': 1, 'random_matched': 1} | cache 2 gens | 36.8 min
[76/400] cstr_closedloop_00075 pump_degrade: recovered {'always_validate': 0, 'never_validate': 0, 'observables_probe': 0, 'combined_probe': 0, 'random_matched': 0} | cache 3 gens | 37.1 min
[77/400] cstr_closedloop_00076 fouling: recovered {'always_validate': 0, 'never_validate': 0, 'observables_probe': 0, 'combined_probe': 0, 'random_matched': 0} | cache 3 gens | 37.6 min
[78/400] cstr_closedloop_00077 pump_degrade: recovered {'always_validate': 1, 'never_validate': 1, 'observables_probe': 1, 'combined_probe': 1, 'random_matched': 1} | cache 1 gens | 37.8 min
[79/400] cstr_closedloop_00078 outlet_block: recovered {'always_validate': 1, 'never_validate': 1, 'observables_probe': 1, 'combined_probe': 1, 'random_matched': 1} | cache 2 gens | 38.1 min
[80/400] cstr_closedloop_00079 outlet_block: recovered {'always_validate': 0, 'never_validate': 0, 'observables_probe': 0, 'combined_probe': 0, 'random_matched': 0} | cache 3 gens | 38.8 min
[81/400] cstr_closedloop_00080 cool_stuck_closed: recovered {'always_validate': 0, 'never_validate': 0, 'observables_probe': 0, 'combined_probe': 0, 'random_matched': 0} | cache 3 gens | 39.5 min
[82/400] cstr_closedloop_00081 fouling: recovered {'always_validate': 0, 'never_validate': 0, 'observables_probe': 0, 'combined_probe': 0, 'random_matched': 0} | cache 6 gens | 40.7 min
[83/400] cstr_closedloop_00082 fouling: recovered {'always_validate': 0, 'never_validate': 0, 'observables_probe': 0, 'combined_probe': 0, 'random_matched': 0} | cache 3 gens | 41.4 min
[84/400] cstr_closedloop_00083 cool_stuck_closed: recovered {'always_validate': 0, 'never_validate': 0, 'observables_probe': 0, 'combined_probe': 0, 'random_matched': 0} | cache 3 gens | 42.5 min
[85/400] cstr_closedloop_00084 pump_degrade: recovered {'always_validate': 0, 'never_validate': 0, 'observables_probe': 0, 'combined_probe': 0, 'random_matched': 0} | cache 3 gens | 43.1 min
[86/400] cstr_closedloop_00085 cool_stuck_closed: recovered {'always_validate': 0, 'never_validate': 0, 'observables_probe': 0, 'combined_probe': 0, 'random_matched': 0} | cache 3 gens | 43.5 min
[87/400] cstr_closedloop_00086 cool_stuck_closed: recovered {'always_validate': 0, 'never_validate': 0, 'observables_probe': 0, 'combined_probe': 0, 'random_matched': 0} | cache 3 gens | 44.0 min
[88/400] cstr_closedloop_00087 outlet_block: recovered {'always_validate': 1, 'never_validate': 1, 'observables_probe': 1, 'combined_probe': 1, 'random_matched': 1} | cache 1 gens | 44.2 min
[89/400] cstr_closedloop_00088 outlet_block: recovered {'always_validate': 1, 'never_validate': 1, 'observables_probe': 1, 'combined_probe': 1, 'random_matched': 1} | cache 1 gens | 44.3 min
[90/400] cstr_closedloop_00089 fouling: recovered {'always_validate': 0, 'never_validate': 0, 'observables_probe': 0, 'combined_probe': 0, 'random_matched': 0} | cache 3 gens | 44.8 min
[91/400] cstr_closedloop_00090 pump_degrade: recovered {'always_validate': 1, 'never_validate': 1, 'observables_probe': 1, 'combined_probe': 1, 'random_matched': 1} | cache 1 gens | 45.0 min
[92/400] cstr_closedloop_00091 outlet_block: recovered {'always_validate': 0, 'never_validate': 0, 'observables_probe': 0, 'combined_probe': 0, 'random_matched': 0} | cache 3 gens | 45.4 min
[93/400] cstr_closedloop_00092 outlet_block: recovered {'always_validate': 0, 'never_validate': 0, 'observables_probe': 0, 'combined_probe': 0, 'random_matched': 0} | cache 3 gens | 45.8 min
[94/400] cstr_closedloop_00093 outlet_block: recovered {'always_validate': 1, 'never_validate': 1, 'observables_probe': 1, 'combined_probe': 1, 'random_matched': 1} | cache 1 gens | 45.9 min
[95/400] cstr_closedloop_00094 fouling: recovered {'always_validate': 0, 'never_validate': 0, 'observables_probe': 0, 'combined_probe': 0, 'random_matched': 0} | cache 3 gens | 46.3 min
[96/400] cstr_closedloop_00095 cool_stuck_closed: recovered {'always_validate': 0, 'never_validate': 0, 'observables_probe': 0, 'combined_probe': 0, 'random_matched': 0} | cache 3 gens | 46.9 min
[97/400] cstr_closedloop_00096 fouling: recovered {'always_validate': 0, 'never_validate': 0, 'observables_probe': 0, 'combined_probe': 0, 'random_matched': 0} | cache 3 gens | 47.4 min
[98/400] cstr_closedloop_00097 pump_degrade: recovered {'always_validate': 1, 'never_validate': 1, 'observables_probe': 1, 'combined_probe': 1, 'random_matched': 1} | cache 1 gens | 47.8 min
[99/400] cstr_closedloop_00098 pump_degrade: recovered {'always_validate': 0, 'never_validate': 0, 'observables_probe': 0, 'combined_probe': 0, 'random_matched': 0} | cache 3 gens | 48.3 min
[100/400] cstr_closedloop_00099 outlet_block: recovered {'always_validate': 1, 'never_validate': 1, 'observables_probe': 1, 'combined_probe': 1, 'random_matched': 1} | cache 1 gens | 48.5 min
[101/400] cstr_closedloop_00100 cool_stuck_closed: recovered {'always_validate': 0, 'never_validate': 0, 'observables_probe': 0, 'combined_probe': 0, 'random_matched': 0} | cache 3 gens | 49.5 min
[102/400] cstr_closedloop_00101 outlet_block: recovered {'always_validate': 0, 'never_validate': 0, 'observables_probe': 0, 'combined_probe': 0, 'random_matched': 0} | cache 3 gens | 50.1 min
[103/400] cstr_closedloop_00102 pump_degrade: recovered {'always_validate': 0, 'never_validate': 0, 'observables_probe': 0, 'combined_probe': 0, 'random_matched': 0} | cache 5 gens | 51.1 min
[104/400] cstr_closedloop_00103 cool_stuck_closed: recovered {'always_validate': 0, 'never_validate': 0, 'observables_probe': 0, 'combined_probe': 0, 'random_matched': 0} | cache 3 gens | 51.6 min
[105/400] cstr_closedloop_00104 outlet_block: recovered {'always_validate': 1, 'never_validate': 1, 'observables_probe': 1, 'combined_probe': 1, 'random_matched': 1} | cache 2 gens | 52.0 min
[106/400] cstr_closedloop_00105 pump_degrade: recovered {'always_validate': 0, 'never_validate': 0, 'observables_probe': 0, 'combined_probe': 0, 'random_matched': 0} | cache 3 gens | 52.6 min
[107/400] cstr_closedloop_00106 cool_stuck_closed: recovered {'always_validate': 0, 'never_validate': 0, 'observables_probe': 0, 'combined_probe': 0, 'random_matched': 0} | cache 3 gens | 53.1 min
[108/400] cstr_closedloop_00107 outlet_block: recovered {'always_validate': 1, 'never_validate': 1, 'observables_probe': 1, 'combined_probe': 1, 'random_matched': 1} | cache 1 gens | 53.3 min
[109/400] cstr_closedloop_00108 cool_stuck_closed: recovered {'always_validate': 0, 'never_validate': 0, 'observables_probe': 0, 'combined_probe': 0, 'random_matched': 0} | cache 3 gens | 53.9 min
[110/400] cstr_closedloop_00109 cool_stuck_closed: recovered {'always_validate': 1, 'never_validate': 1, 'observables_probe': 1, 'combined_probe': 1, 'random_matched': 1} | cache 1 gens | 54.1 min
[111/400] cstr_closedloop_00110 cool_stuck_closed: recovered {'always_validate': 0, 'never_validate': 0, 'observables_probe': 0, 'combined_probe': 0, 'random_matched': 0} | cache 3 gens | 54.6 min
[112/400] cstr_closedloop_00111 outlet_block: recovered {'always_validate': 0, 'never_validate': 0, 'observables_probe': 0, 'combined_probe': 0, 'random_matched': 0} | cache 3 gens | 55.3 min
[113/400] cstr_closedloop_00112 cool_stuck_closed: recovered {'always_validate': 0, 'never_validate': 0, 'observables_probe': 0, 'combined_probe': 0, 'random_matched': 0} | cache 3 gens | 55.9 min
[114/400] cstr_closedloop_00113 pump_degrade: recovered {'always_validate': 1, 'never_validate': 1, 'observables_probe': 1, 'combined_probe': 1, 'random_matched': 1} | cache 2 gens | 56.3 min
[115/400] cstr_closedloop_00114 outlet_block: recovered {'always_validate': 0, 'never_validate': 0, 'observables_probe': 0, 'combined_probe': 0, 'random_matched': 0} | cache 3 gens | 56.9 min
[116/400] cstr_closedloop_00115 pump_degrade: recovered {'always_validate': 0, 'never_validate': 0, 'observables_probe': 0, 'combined_probe': 0, 'random_matched': 0} | cache 3 gens | 57.4 min
[117/400] cstr_closedloop_00116 fouling: recovered {'always_validate': 0, 'never_validate': 0, 'observables_probe': 0, 'combined_probe': 0, 'random_matched': 0} | cache 3 gens | 57.9 min
[118/400] cstr_closedloop_00117 fouling: recovered {'always_validate': 0, 'never_validate': 0, 'observables_probe': 0, 'combined_probe': 0, 'random_matched': 0} | cache 3 gens | 58.4 min
[119/400] cstr_closedloop_00118 pump_degrade: recovered {'always_validate': 0, 'never_validate': 0, 'observables_probe': 0, 'combined_probe': 0, 'random_matched': 0} | cache 3 gens | 58.8 min
[120/400] cstr_closedloop_00119 fouling: recovered {'always_validate': 0, 'never_validate': 0, 'observables_probe': 0, 'combined_probe': 0, 'random_matched': 0} | cache 3 gens | 59.3 min
[121/400] cstr_closedloop_00120 cool_stuck_closed: recovered {'always_validate': 0, 'never_validate': 0, 'observables_probe': 0, 'combined_probe': 0, 'random_matched': 0} | cache 3 gens | 60.0 min
[122/400] cstr_closedloop_00121 pump_degrade: recovered {'always_validate': 0, 'never_validate': 0, 'observables_probe': 0, 'combined_probe': 0, 'random_matched': 0} | cache 3 gens | 60.5 min
[123/400] cstr_closedloop_00122 fouling: recovered {'always_validate': 0, 'never_validate': 0, 'observables_probe': 0, 'combined_probe': 0, 'random_matched': 0} | cache 3 gens | 61.0 min
[124/400] cstr_closedloop_00123 pump_degrade: recovered {'always_validate': 0, 'never_validate': 0, 'observables_probe': 0, 'combined_probe': 0, 'random_matched': 0} | cache 3 gens | 61.5 min
[125/400] cstr_closedloop_00124 fouling: recovered {'always_validate': 0, 'never_validate': 0, 'observables_probe': 0, 'combined_probe': 0, 'random_matched': 0} | cache 5 gens | 62.4 min
[126/400] cstr_closedloop_00125 cool_stuck_closed: recovered {'always_validate': 0, 'never_validate': 0, 'observables_probe': 0, 'combined_probe': 0, 'random_matched': 0} | cache 3 gens | 62.9 min
[127/400] cstr_closedloop_00126 fouling: recovered {'always_validate': 0, 'never_validate': 0, 'observables_probe': 0, 'combined_probe': 0, 'random_matched': 0} | cache 5 gens | 63.6 min
[128/400] cstr_closedloop_00127 pump_degrade: recovered {'always_validate': 1, 'never_validate': 1, 'observables_probe': 1, 'combined_probe': 1, 'random_matched': 1} | cache 2 gens | 63.9 min
[129/400] cstr_closedloop_00128 outlet_block: recovered {'always_validate': 1, 'never_validate': 1, 'observables_probe': 1, 'combined_probe': 1, 'random_matched': 1} | cache 2 gens | 64.2 min
[130/400] cstr_closedloop_00129 cool_stuck_closed: recovered {'always_validate': 0, 'never_validate': 0, 'observables_probe': 0, 'combined_probe': 0, 'random_matched': 0} | cache 3 gens | 64.7 min
[131/400] cstr_closedloop_00130 fouling: recovered {'always_validate': 0, 'never_validate': 0, 'observables_probe': 0, 'combined_probe': 0, 'random_matched': 0} | cache 3 gens | 65.2 min
[132/400] cstr_closedloop_00131 fouling: recovered {'always_validate': 0, 'never_validate': 0, 'observables_probe': 0, 'combined_probe': 0, 'random_matched': 0} | cache 3 gens | 65.8 min
[133/400] cstr_closedloop_00132 pump_degrade: recovered {'always_validate': 0, 'never_validate': 0, 'observables_probe': 0, 'combined_probe': 0, 'random_matched': 0} | cache 3 gens | 66.6 min
[134/400] cstr_closedloop_00133 cool_stuck_closed: recovered {'always_validate': 1, 'never_validate': 1, 'observables_probe': 1, 'combined_probe': 1, 'random_matched': 1} | cache 1 gens | 66.9 min
[135/400] cstr_closedloop_00134 pump_degrade: recovered {'always_validate': 1, 'never_validate': 1, 'observables_probe': 1, 'combined_probe': 1, 'random_matched': 1} | cache 2 gens | 67.3 min
[136/400] cstr_closedloop_00135 fouling: recovered {'always_validate': 0, 'never_validate': 0, 'observables_probe': 0, 'combined_probe': 0, 'random_matched': 0} | cache 3 gens | 67.8 min
[137/400] cstr_closedloop_00136 fouling: recovered {'always_validate': 0, 'never_validate': 0, 'observables_probe': 0, 'combined_probe': 0, 'random_matched': 0} | cache 3 gens | 68.4 min
[138/400] cstr_closedloop_00137 outlet_block: recovered {'always_validate': 1, 'never_validate': 1, 'observables_probe': 1, 'combined_probe': 1, 'random_matched': 1} | cache 2 gens | 68.7 min
[139/400] cstr_closedloop_00138 fouling: recovered {'always_validate': 0, 'never_validate': 0, 'observables_probe': 0, 'combined_probe': 0, 'random_matched': 0} | cache 3 gens | 69.2 min
[140/400] cstr_closedloop_00139 fouling: recovered {'always_validate': 0, 'never_validate': 0, 'observables_probe': 0, 'combined_probe': 0, 'random_matched': 0} | cache 3 gens | 69.6 min
[141/400] cstr_closedloop_00140 outlet_block: recovered {'always_validate': 1, 'never_validate': 1, 'observables_probe': 1, 'combined_probe': 1, 'random_matched': 1} | cache 2 gens | 70.1 min
[142/400] cstr_closedloop_00141 outlet_block: recovered {'always_validate': 1, 'never_validate': 1, 'observables_probe': 1, 'combined_probe': 1, 'random_matched': 1} | cache 1 gens | 70.3 min
[143/400] cstr_closedloop_00142 cool_stuck_closed: recovered {'always_validate': 0, 'never_validate': 0, 'observables_probe': 0, 'combined_probe': 0, 'random_matched': 0} | cache 3 gens | 70.8 min
[144/400] cstr_closedloop_00143 pump_degrade: recovered {'always_validate': 0, 'never_validate': 0, 'observables_probe': 0, 'combined_probe': 0, 'random_matched': 0} | cache 2 gens | 71.2 min
[145/400] cstr_closedloop_00144 fouling: recovered {'always_validate': 0, 'never_validate': 0, 'observables_probe': 0, 'combined_probe': 0, 'random_matched': 0} | cache 4 gens | 71.9 min
[146/400] cstr_closedloop_00145 fouling: recovered {'always_validate': 0, 'never_validate': 0, 'observables_probe': 0, 'combined_probe': 0, 'random_matched': 0} | cache 3 gens | 72.4 min
[147/400] cstr_closedloop_00146 fouling: recovered {'always_validate': 0, 'never_validate': 0, 'observables_probe': 0, 'combined_probe': 0, 'random_matched': 0} | cache 3 gens | 73.0 min
[148/400] cstr_closedloop_00147 outlet_block: recovered {'always_validate': 1, 'never_validate': 1, 'observables_probe': 1, 'combined_probe': 1, 'random_matched': 1} | cache 1 gens | 73.2 min
[149/400] cstr_closedloop_00148 outlet_block: recovered {'always_validate': 1, 'never_validate': 1, 'observables_probe': 1, 'combined_probe': 1, 'random_matched': 1} | cache 2 gens | 73.6 min
[150/400] cstr_closedloop_00149 fouling: recovered {'always_validate': 0, 'never_validate': 0, 'observables_probe': 0, 'combined_probe': 0, 'random_matched': 0} | cache 6 gens | 75.0 min
[151/400] cstr_closedloop_00150 fouling: recovered {'always_validate': 0, 'never_validate': 0, 'observables_probe': 0, 'combined_probe': 0, 'random_matched': 0} | cache 5 gens | 75.9 min
[152/400] cstr_closedloop_00151 cool_stuck_closed: recovered {'always_validate': 0, 'never_validate': 0, 'observables_probe': 0, 'combined_probe': 0, 'random_matched': 0} | cache 3 gens | 76.5 min
[153/400] cstr_closedloop_00152 fouling: recovered {'always_validate': 0, 'never_validate': 0, 'observables_probe': 0, 'combined_probe': 0, 'random_matched': 0} | cache 3 gens | 76.9 min
[154/400] cstr_closedloop_00153 fouling: recovered {'always_validate': 0, 'never_validate': 0, 'observables_probe': 0, 'combined_probe': 0, 'random_matched': 0} | cache 1 gens | 77.4 min
[155/400] cstr_closedloop_00154 outlet_block: recovered {'always_validate': 1, 'never_validate': 1, 'observables_probe': 1, 'combined_probe': 1, 'random_matched': 1} | cache 1 gens | 77.7 min
[156/400] cstr_closedloop_00155 outlet_block: recovered {'always_validate': 1, 'never_validate': 1, 'observables_probe': 1, 'combined_probe': 1, 'random_matched': 1} | cache 1 gens | 77.8 min
[157/400] cstr_closedloop_00156 pump_degrade: recovered {'always_validate': 0, 'never_validate': 0, 'observables_probe': 0, 'combined_probe': 0, 'random_matched': 0} | cache 3 gens | 78.2 min
[158/400] cstr_closedloop_00157 cool_stuck_closed: recovered {'always_validate': 1, 'never_validate': 1, 'observables_probe': 0, 'combined_probe': 1, 'random_matched': 1} | cache 2 gens | 78.5 min
[159/400] cstr_closedloop_00158 pump_degrade: recovered {'always_validate': 0, 'never_validate': 0, 'observables_probe': 0, 'combined_probe': 0, 'random_matched': 0} | cache 3 gens | 79.0 min
[160/400] cstr_closedloop_00159 fouling: recovered {'always_validate': 0, 'never_validate': 0, 'observables_probe': 0, 'combined_probe': 0, 'random_matched': 0} | cache 3 gens | 79.4 min
[161/400] cstr_closedloop_00160 cool_stuck_closed: recovered {'always_validate': 0, 'never_validate': 0, 'observables_probe': 0, 'combined_probe': 0, 'random_matched': 0} | cache 3 gens | 79.9 min
[162/400] cstr_closedloop_00161 outlet_block: recovered {'always_validate': 1, 'never_validate': 1, 'observables_probe': 1, 'combined_probe': 1, 'random_matched': 1} | cache 2 gens | 80.3 min
[163/400] cstr_closedloop_00162 outlet_block: recovered {'always_validate': 1, 'never_validate': 1, 'observables_probe': 1, 'combined_probe': 1, 'random_matched': 1} | cache 2 gens | 80.8 min
[164/400] cstr_closedloop_00163 fouling: recovered {'always_validate': 0, 'never_validate': 0, 'observables_probe': 0, 'combined_probe': 0, 'random_matched': 0} | cache 3 gens | 81.3 min
[165/400] cstr_closedloop_00164 fouling: recovered {'always_validate': 0, 'never_validate': 0, 'observables_probe': 0, 'combined_probe': 0, 'random_matched': 0} | cache 5 gens | 82.4 min
[166/400] cstr_closedloop_00165 cool_stuck_closed: recovered {'always_validate': 0, 'never_validate': 0, 'observables_probe': 0, 'combined_probe': 0, 'random_matched': 0} | cache 3 gens | 83.0 min
[167/400] cstr_closedloop_00166 cool_stuck_closed: recovered {'always_validate': 0, 'never_validate': 0, 'observables_probe': 0, 'combined_probe': 0, 'random_matched': 0} | cache 3 gens | 83.5 min
[168/400] cstr_closedloop_00167 outlet_block: recovered {'always_validate': 0, 'never_validate': 0, 'observables_probe': 0, 'combined_probe': 0, 'random_matched': 0} | cache 3 gens | 83.9 min
[169/400] cstr_closedloop_00168 pump_degrade: recovered {'always_validate': 0, 'never_validate': 0, 'observables_probe': 0, 'combined_probe': 0, 'random_matched': 0} | cache 3 gens | 84.7 min
[170/400] cstr_closedloop_00169 pump_degrade: recovered {'always_validate': 0, 'never_validate': 0, 'observables_probe': 0, 'combined_probe': 0, 'random_matched': 0} | cache 3 gens | 85.3 min
[171/400] cstr_closedloop_00170 fouling: recovered {'always_validate': 0, 'never_validate': 0, 'observables_probe': 0, 'combined_probe': 0, 'random_matched': 0} | cache 5 gens | 86.2 min
[172/400] cstr_closedloop_00171 pump_degrade: recovered {'always_validate': 1, 'never_validate': 1, 'observables_probe': 1, 'combined_probe': 1, 'random_matched': 1} | cache 1 gens | 86.4 min
[173/400] cstr_closedloop_00172 pump_degrade: recovered {'always_validate': 1, 'never_validate': 1, 'observables_probe': 1, 'combined_probe': 1, 'random_matched': 1} | cache 1 gens | 86.7 min
[174/400] cstr_closedloop_00173 pump_degrade: recovered {'always_validate': 0, 'never_validate': 0, 'observables_probe': 0, 'combined_probe': 0, 'random_matched': 0} | cache 3 gens | 87.1 min
[175/400] cstr_closedloop_00174 cool_stuck_closed: recovered {'always_validate': 1, 'never_validate': 1, 'observables_probe': 1, 'combined_probe': 1, 'random_matched': 1} | cache 2 gens | 87.5 min
[176/400] cstr_closedloop_00175 fouling: recovered {'always_validate': 0, 'never_validate': 0, 'observables_probe': 0, 'combined_probe': 0, 'random_matched': 0} | cache 3 gens | 88.0 min
[177/400] cstr_closedloop_00176 outlet_block: recovered {'always_validate': 0, 'never_validate': 0, 'observables_probe': 0, 'combined_probe': 0, 'random_matched': 0} | cache 3 gens | 88.4 min
[178/400] cstr_closedloop_00177 cool_stuck_closed: recovered {'always_validate': 0, 'never_validate': 0, 'observables_probe': 0, 'combined_probe': 0, 'random_matched': 0} | cache 3 gens | 89.0 min
[179/400] cstr_closedloop_00178 outlet_block: recovered {'always_validate': 1, 'never_validate': 1, 'observables_probe': 1, 'combined_probe': 1, 'random_matched': 1} | cache 1 gens | 89.3 min
[180/400] cstr_closedloop_00179 pump_degrade: recovered {'always_validate': 0, 'never_validate': 0, 'observables_probe': 0, 'combined_probe': 0, 'random_matched': 0} | cache 3 gens | 89.8 min
[181/400] cstr_closedloop_00180 outlet_block: recovered {'always_validate': 1, 'never_validate': 1, 'observables_probe': 1, 'combined_probe': 1, 'random_matched': 1} | cache 2 gens | 90.1 min
[182/400] cstr_closedloop_00181 pump_degrade: recovered {'always_validate': 0, 'never_validate': 0, 'observables_probe': 0, 'combined_probe': 0, 'random_matched': 0} | cache 3 gens | 90.6 min
[183/400] cstr_closedloop_00182 outlet_block: recovered {'always_validate': 0, 'never_validate': 0, 'observables_probe': 0, 'combined_probe': 0, 'random_matched': 0} | cache 3 gens | 91.0 min
[184/400] cstr_closedloop_00183 outlet_block: recovered {'always_validate': 1, 'never_validate': 1, 'observables_probe': 1, 'combined_probe': 1, 'random_matched': 1} | cache 2 gens | 91.4 min
[185/400] cstr_closedloop_00184 outlet_block: recovered {'always_validate': 0, 'never_validate': 0, 'observables_probe': 0, 'combined_probe': 0, 'random_matched': 0} | cache 2 gens | 91.8 min
[186/400] cstr_closedloop_00185 cool_stuck_closed: recovered {'always_validate': 0, 'never_validate': 0, 'observables_probe': 0, 'combined_probe': 0, 'random_matched': 0} | cache 3 gens | 92.3 min
[187/400] cstr_closedloop_00186 cool_stuck_closed: recovered {'always_validate': 0, 'never_validate': 0, 'observables_probe': 0, 'combined_probe': 0, 'random_matched': 0} | cache 3 gens | 92.9 min
[188/400] cstr_closedloop_00187 cool_stuck_closed: recovered {'always_validate': 1, 'never_validate': 1, 'observables_probe': 1, 'combined_probe': 1, 'random_matched': 1} | cache 1 gens | 93.2 min
[189/400] cstr_closedloop_00188 fouling: recovered {'always_validate': 0, 'never_validate': 0, 'observables_probe': 0, 'combined_probe': 0, 'random_matched': 0} | cache 3 gens | 93.6 min
[190/400] cstr_closedloop_00189 fouling: recovered {'always_validate': 0, 'never_validate': 0, 'observables_probe': 0, 'combined_probe': 0, 'random_matched': 0} | cache 3 gens | 94.1 min
[191/400] cstr_closedloop_00190 pump_degrade: recovered {'always_validate': 0, 'never_validate': 0, 'observables_probe': 0, 'combined_probe': 0, 'random_matched': 0} | cache 3 gens | 94.6 min
[192/400] cstr_closedloop_00191 outlet_block: recovered {'always_validate': 0, 'never_validate': 0, 'observables_probe': 0, 'combined_probe': 0, 'random_matched': 0} | cache 2 gens | 94.9 min
[193/400] cstr_closedloop_00192 pump_degrade: recovered {'always_validate': 1, 'never_validate': 1, 'observables_probe': 1, 'combined_probe': 1, 'random_matched': 1} | cache 1 gens | 95.1 min
[194/400] cstr_closedloop_00193 pump_degrade: recovered {'always_validate': 1, 'never_validate': 1, 'observables_probe': 1, 'combined_probe': 1, 'random_matched': 1} | cache 1 gens | 95.3 min
[195/400] cstr_closedloop_00194 fouling: recovered {'always_validate': 0, 'never_validate': 0, 'observables_probe': 0, 'combined_probe': 0, 'random_matched': 0} | cache 3 gens | 96.0 min
[196/400] cstr_closedloop_00195 cool_stuck_closed: recovered {'always_validate': 0, 'never_validate': 0, 'observables_probe': 0, 'combined_probe': 0, 'random_matched': 0} | cache 3 gens | 96.6 min
[197/400] cstr_closedloop_00196 fouling: recovered {'always_validate': 0, 'never_validate': 0, 'observables_probe': 0, 'combined_probe': 0, 'random_matched': 0} | cache 3 gens | 97.1 min
[198/400] cstr_closedloop_00197 fouling: recovered {'always_validate': 0, 'never_validate': 0, 'observables_probe': 0, 'combined_probe': 0, 'random_matched': 0} | cache 4 gens | 97.7 min
[199/400] cstr_closedloop_00198 outlet_block: recovered {'always_validate': 1, 'never_validate': 1, 'observables_probe': 1, 'combined_probe': 1, 'random_matched': 1} | cache 2 gens | 98.0 min
[200/400] cstr_closedloop_00199 pump_degrade: recovered {'always_validate': 1, 'never_validate': 1, 'observables_probe': 1, 'combined_probe': 1, 'random_matched': 1} | cache 2 gens | 98.4 min
[201/400] cstr_closedloop_00200 fouling: recovered {'always_validate': 0, 'never_validate': 0, 'observables_probe': 0, 'combined_probe': 0, 'random_matched': 0} | cache 3 gens | 98.9 min
[202/400] cstr_closedloop_00201 fouling: recovered {'always_validate': 0, 'never_validate': 0, 'observables_probe': 0, 'combined_probe': 0, 'random_matched': 0} | cache 3 gens | 99.4 min
[203/400] cstr_closedloop_00202 fouling: recovered {'always_validate': 0, 'never_validate': 0, 'observables_probe': 0, 'combined_probe': 0, 'random_matched': 0} | cache 3 gens | 99.8 min
[204/400] cstr_closedloop_00203 pump_degrade: recovered {'always_validate': 0, 'never_validate': 0, 'observables_probe': 0, 'combined_probe': 0, 'random_matched': 0} | cache 2 gens | 100.1 min
[205/400] cstr_closedloop_00204 pump_degrade: recovered {'always_validate': 1, 'never_validate': 1, 'observables_probe': 1, 'combined_probe': 1, 'random_matched': 1} | cache 2 gens | 100.4 min
[206/400] cstr_closedloop_00205 outlet_block: recovered {'always_validate': 0, 'never_validate': 0, 'observables_probe': 0, 'combined_probe': 0, 'random_matched': 0} | cache 3 gens | 100.9 min
[207/400] cstr_closedloop_00206 cool_stuck_closed: recovered {'always_validate': 0, 'never_validate': 0, 'observables_probe': 0, 'combined_probe': 0, 'random_matched': 0} | cache 3 gens | 101.4 min
[208/400] cstr_closedloop_00207 pump_degrade: recovered {'always_validate': 0, 'never_validate': 0, 'observables_probe': 0, 'combined_probe': 0, 'random_matched': 0} | cache 3 gens | 101.9 min
[209/400] cstr_closedloop_00208 cool_stuck_closed: recovered {'always_validate': 0, 'never_validate': 0, 'observables_probe': 0, 'combined_probe': 0, 'random_matched': 0} | cache 3 gens | 102.4 min
[210/400] cstr_closedloop_00209 outlet_block: recovered {'always_validate': 0, 'never_validate': 0, 'observables_probe': 0, 'combined_probe': 0, 'random_matched': 0} | cache 3 gens | 103.0 min
[211/400] cstr_closedloop_00210 cool_stuck_closed: recovered {'always_validate': 0, 'never_validate': 0, 'observables_probe': 0, 'combined_probe': 0, 'random_matched': 0} | cache 2 gens | 103.3 min
[212/400] cstr_closedloop_00211 outlet_block: recovered {'always_validate': 0, 'never_validate': 0, 'observables_probe': 0, 'combined_probe': 0, 'random_matched': 0} | cache 3 gens | 103.7 min
[213/400] cstr_closedloop_00212 fouling: recovered {'always_validate': 0, 'never_validate': 0, 'observables_probe': 0, 'combined_probe': 0, 'random_matched': 0} | cache 5 gens | 104.8 min
[214/400] cstr_closedloop_00213 fouling: recovered {'always_validate': 0, 'never_validate': 0, 'observables_probe': 0, 'combined_probe': 0, 'random_matched': 0} | cache 3 gens | 105.2 min
[215/400] cstr_closedloop_00214 cool_stuck_closed: recovered {'always_validate': 0, 'never_validate': 0, 'observables_probe': 0, 'combined_probe': 0, 'random_matched': 0} | cache 3 gens | 105.8 min
[216/400] cstr_closedloop_00215 pump_degrade: recovered {'always_validate': 0, 'never_validate': 0, 'observables_probe': 0, 'combined_probe': 0, 'random_matched': 0} | cache 3 gens | 106.4 min
[217/400] cstr_closedloop_00216 fouling: recovered {'always_validate': 0, 'never_validate': 0, 'observables_probe': 0, 'combined_probe': 0, 'random_matched': 0} | cache 3 gens | 106.9 min
[218/400] cstr_closedloop_00217 cool_stuck_closed: recovered {'always_validate': 1, 'never_validate': 1, 'observables_probe': 1, 'combined_probe': 1, 'random_matched': 1} | cache 1 gens | 107.1 min
[219/400] cstr_closedloop_00218 outlet_block: recovered {'always_validate': 0, 'never_validate': 0, 'observables_probe': 0, 'combined_probe': 0, 'random_matched': 0} | cache 3 gens | 107.5 min
[220/400] cstr_closedloop_00219 outlet_block: recovered {'always_validate': 1, 'never_validate': 1, 'observables_probe': 1, 'combined_probe': 0, 'random_matched': 0} | cache 2 gens | 108.2 min
[221/400] cstr_closedloop_00220 cool_stuck_closed: recovered {'always_validate': 1, 'never_validate': 1, 'observables_probe': 1, 'combined_probe': 1, 'random_matched': 1} | cache 1 gens | 108.4 min
[222/400] cstr_closedloop_00221 fouling: recovered {'always_validate': 0, 'never_validate': 0, 'observables_probe': 0, 'combined_probe': 0, 'random_matched': 0} | cache 4 gens | 109.0 min
[223/400] cstr_closedloop_00222 cool_stuck_closed: recovered {'always_validate': 1, 'never_validate': 1, 'observables_probe': 1, 'combined_probe': 1, 'random_matched': 1} | cache 1 gens | 109.2 min
[224/400] cstr_closedloop_00223 fouling: recovered {'always_validate': 0, 'never_validate': 0, 'observables_probe': 0, 'combined_probe': 0, 'random_matched': 0} | cache 3 gens | 109.6 min
[225/400] cstr_closedloop_00224 pump_degrade: recovered {'always_validate': 1, 'never_validate': 1, 'observables_probe': 1, 'combined_probe': 1, 'random_matched': 1} | cache 2 gens | 109.9 min
[226/400] cstr_closedloop_00225 pump_degrade: recovered {'always_validate': 0, 'never_validate': 0, 'observables_probe': 0, 'combined_probe': 0, 'random_matched': 0} | cache 3 gens | 110.2 min
[227/400] cstr_closedloop_00226 cool_stuck_closed: recovered {'always_validate': 0, 'never_validate': 0, 'observables_probe': 0, 'combined_probe': 0, 'random_matched': 0} | cache 3 gens | 110.8 min
[228/400] cstr_closedloop_00227 outlet_block: recovered {'always_validate': 0, 'never_validate': 0, 'observables_probe': 0, 'combined_probe': 0, 'random_matched': 0} | cache 3 gens | 111.2 min
[229/400] cstr_closedloop_00228 outlet_block: recovered {'always_validate': 1, 'never_validate': 1, 'observables_probe': 1, 'combined_probe': 1, 'random_matched': 1} | cache 1 gens | 111.4 min
[230/400] cstr_closedloop_00229 outlet_block: recovered {'always_validate': 0, 'never_validate': 0, 'observables_probe': 0, 'combined_probe': 0, 'random_matched': 0} | cache 3 gens | 111.8 min
[231/400] cstr_closedloop_00230 cool_stuck_closed: recovered {'always_validate': 0, 'never_validate': 0, 'observables_probe': 0, 'combined_probe': 0, 'random_matched': 0} | cache 3 gens | 112.4 min
[232/400] cstr_closedloop_00231 pump_degrade: recovered {'always_validate': 1, 'never_validate': 1, 'observables_probe': 1, 'combined_probe': 1, 'random_matched': 1} | cache 2 gens | 112.6 min
[233/400] cstr_closedloop_00232 cool_stuck_closed: recovered {'always_validate': 1, 'never_validate': 1, 'observables_probe': 1, 'combined_probe': 1, 'random_matched': 1} | cache 2 gens | 113.0 min
[234/400] cstr_closedloop_00233 fouling: recovered {'always_validate': 0, 'never_validate': 0, 'observables_probe': 0, 'combined_probe': 0, 'random_matched': 0} | cache 8 gens | 114.4 min
[235/400] cstr_closedloop_00234 fouling: recovered {'always_validate': 0, 'never_validate': 0, 'observables_probe': 0, 'combined_probe': 0, 'random_matched': 0} | cache 3 gens | 114.8 min
[236/400] cstr_closedloop_00235 outlet_block: recovered {'always_validate': 1, 'never_validate': 1, 'observables_probe': 1, 'combined_probe': 1, 'random_matched': 1} | cache 2 gens | 115.1 min
[237/400] cstr_closedloop_00236 pump_degrade: recovered {'always_validate': 0, 'never_validate': 0, 'observables_probe': 0, 'combined_probe': 0, 'random_matched': 0} | cache 3 gens | 115.6 min
[238/400] cstr_closedloop_00237 outlet_block: recovered {'always_validate': 1, 'never_validate': 1, 'observables_probe': 1, 'combined_probe': 1, 'random_matched': 1} | cache 1 gens | 115.8 min
[239/400] cstr_closedloop_00238 pump_degrade: recovered {'always_validate': 1, 'never_validate': 1, 'observables_probe': 1, 'combined_probe': 1, 'random_matched': 1} | cache 1 gens | 116.0 min
[240/400] cstr_closedloop_00239 fouling: recovered {'always_validate': 0, 'never_validate': 0, 'observables_probe': 0, 'combined_probe': 0, 'random_matched': 0} | cache 4 gens | 116.7 min
[241/400] cstr_closedloop_00240 fouling: recovered {'always_validate': 0, 'never_validate': 0, 'observables_probe': 0, 'combined_probe': 0, 'random_matched': 0} | cache 3 gens | 117.2 min
[242/400] cstr_closedloop_00241 pump_degrade: recovered {'always_validate': 0, 'never_validate': 0, 'observables_probe': 0, 'combined_probe': 0, 'random_matched': 0} | cache 3 gens | 117.7 min
[243/400] cstr_closedloop_00242 pump_degrade: recovered {'always_validate': 0, 'never_validate': 0, 'observables_probe': 0, 'combined_probe': 0, 'random_matched': 0} | cache 3 gens | 118.3 min
[244/400] cstr_closedloop_00243 pump_degrade: recovered {'always_validate': 0, 'never_validate': 0, 'observables_probe': 0, 'combined_probe': 0, 'random_matched': 0} | cache 3 gens | 118.9 min
[245/400] cstr_closedloop_00244 cool_stuck_closed: recovered {'always_validate': 0, 'never_validate': 0, 'observables_probe': 0, 'combined_probe': 0, 'random_matched': 0} | cache 3 gens | 119.6 min
[246/400] cstr_closedloop_00245 pump_degrade: recovered {'always_validate': 1, 'never_validate': 1, 'observables_probe': 1, 'combined_probe': 1, 'random_matched': 1} | cache 1 gens | 119.8 min
[247/400] cstr_closedloop_00246 fouling: recovered {'always_validate': 0, 'never_validate': 0, 'observables_probe': 0, 'combined_probe': 0, 'random_matched': 0} | cache 3 gens | 120.3 min
[248/400] cstr_closedloop_00247 pump_degrade: recovered {'always_validate': 1, 'never_validate': 1, 'observables_probe': 1, 'combined_probe': 1, 'random_matched': 1} | cache 1 gens | 120.5 min
[249/400] cstr_closedloop_00248 outlet_block: recovered {'always_validate': 0, 'never_validate': 0, 'observables_probe': 0, 'combined_probe': 0, 'random_matched': 0} | cache 3 gens | 121.0 min
[250/400] cstr_closedloop_00249 cool_stuck_closed: recovered {'always_validate': 0, 'never_validate': 0, 'observables_probe': 0, 'combined_probe': 0, 'random_matched': 0} | cache 3 gens | 121.5 min
[251/400] cstr_closedloop_00250 fouling: recovered {'always_validate': 0, 'never_validate': 0, 'observables_probe': 0, 'combined_probe': 0, 'random_matched': 0} | cache 4 gens | 122.0 min
[252/400] cstr_closedloop_00251 pump_degrade: recovered {'always_validate': 0, 'never_validate': 0, 'observables_probe': 0, 'combined_probe': 0, 'random_matched': 0} | cache 3 gens | 122.4 min
[253/400] cstr_closedloop_00252 fouling: recovered {'always_validate': 0, 'never_validate': 0, 'observables_probe': 0, 'combined_probe': 0, 'random_matched': 0} | cache 3 gens | 122.9 min
[254/400] cstr_closedloop_00253 pump_degrade: recovered {'always_validate': 1, 'never_validate': 1, 'observables_probe': 1, 'combined_probe': 1, 'random_matched': 1} | cache 1 gens | 123.0 min
[255/400] cstr_closedloop_00254 outlet_block: recovered {'always_validate': 1, 'never_validate': 1, 'observables_probe': 1, 'combined_probe': 1, 'random_matched': 1} | cache 1 gens | 123.2 min
[256/400] cstr_closedloop_00255 cool_stuck_closed: recovered {'always_validate': 0, 'never_validate': 0, 'observables_probe': 0, 'combined_probe': 0, 'random_matched': 0} | cache 3 gens | 123.7 min
[257/400] cstr_closedloop_00256 outlet_block: recovered {'always_validate': 1, 'never_validate': 1, 'observables_probe': 1, 'combined_probe': 1, 'random_matched': 1} | cache 1 gens | 123.9 min
[258/400] cstr_closedloop_00257 cool_stuck_closed: recovered {'always_validate': 0, 'never_validate': 0, 'observables_probe': 0, 'combined_probe': 0, 'random_matched': 0} | cache 3 gens | 124.6 min
[259/400] cstr_closedloop_00258 cool_stuck_closed: recovered {'always_validate': 0, 'never_validate': 0, 'observables_probe': 0, 'combined_probe': 0, 'random_matched': 0} | cache 3 gens | 125.2 min
[260/400] cstr_closedloop_00259 outlet_block: recovered {'always_validate': 0, 'never_validate': 0, 'observables_probe': 0, 'combined_probe': 0, 'random_matched': 0} | cache 3 gens | 125.9 min
[261/400] cstr_closedloop_00260 fouling: recovered {'always_validate': 0, 'never_validate': 0, 'observables_probe': 1, 'combined_probe': 1, 'random_matched': 0} | cache 3 gens | 126.4 min
[262/400] cstr_closedloop_00261 cool_stuck_closed: recovered {'always_validate': 0, 'never_validate': 0, 'observables_probe': 0, 'combined_probe': 0, 'random_matched': 0} | cache 3 gens | 127.0 min
[263/400] cstr_closedloop_00262 pump_degrade: recovered {'always_validate': 1, 'never_validate': 1, 'observables_probe': 1, 'combined_probe': 1, 'random_matched': 1} | cache 1 gens | 127.2 min
[264/400] cstr_closedloop_00263 pump_degrade: recovered {'always_validate': 1, 'never_validate': 1, 'observables_probe': 1, 'combined_probe': 1, 'random_matched': 1} | cache 1 gens | 127.6 min
[265/400] cstr_closedloop_00264 pump_degrade: recovered {'always_validate': 1, 'never_validate': 1, 'observables_probe': 1, 'combined_probe': 1, 'random_matched': 1} | cache 1 gens | 127.8 min
[266/400] cstr_closedloop_00265 pump_degrade: recovered {'always_validate': 1, 'never_validate': 1, 'observables_probe': 1, 'combined_probe': 1, 'random_matched': 1} | cache 1 gens | 128.0 min
[267/400] cstr_closedloop_00266 cool_stuck_closed: recovered {'always_validate': 1, 'never_validate': 1, 'observables_probe': 1, 'combined_probe': 1, 'random_matched': 1} | cache 1 gens | 128.2 min
[268/400] cstr_closedloop_00267 cool_stuck_closed: recovered {'always_validate': 0, 'never_validate': 0, 'observables_probe': 0, 'combined_probe': 0, 'random_matched': 0} | cache 3 gens | 128.8 min
[269/400] cstr_closedloop_00268 pump_degrade: recovered {'always_validate': 1, 'never_validate': 1, 'observables_probe': 1, 'combined_probe': 1, 'random_matched': 1} | cache 2 gens | 129.2 min
[270/400] cstr_closedloop_00269 outlet_block: recovered {'always_validate': 0, 'never_validate': 0, 'observables_probe': 0, 'combined_probe': 0, 'random_matched': 0} | cache 3 gens | 129.7 min
[271/400] cstr_closedloop_00270 fouling: recovered {'always_validate': 0, 'never_validate': 0, 'observables_probe': 0, 'combined_probe': 0, 'random_matched': 0} | cache 3 gens | 130.2 min
[272/400] cstr_closedloop_00271 fouling: recovered {'always_validate': 0, 'never_validate': 0, 'observables_probe': 0, 'combined_probe': 0, 'random_matched': 0} | cache 3 gens | 130.6 min
[273/400] cstr_closedloop_00272 fouling: recovered {'always_validate': 0, 'never_validate': 0, 'observables_probe': 0, 'combined_probe': 0, 'random_matched': 0} | cache 4 gens | 131.3 min
[274/400] cstr_closedloop_00273 outlet_block: recovered {'always_validate': 1, 'never_validate': 1, 'observables_probe': 1, 'combined_probe': 1, 'random_matched': 1} | cache 1 gens | 131.5 min
[275/400] cstr_closedloop_00274 pump_degrade: recovered {'always_validate': 0, 'never_validate': 0, 'observables_probe': 0, 'combined_probe': 0, 'random_matched': 0} | cache 5 gens | 132.6 min
[276/400] cstr_closedloop_00275 fouling: recovered {'always_validate': 0, 'never_validate': 0, 'observables_probe': 0, 'combined_probe': 0, 'random_matched': 0} | cache 3 gens | 133.4 min
[277/400] cstr_closedloop_00276 outlet_block: recovered {'always_validate': 1, 'never_validate': 1, 'observables_probe': 1, 'combined_probe': 1, 'random_matched': 1} | cache 2 gens | 133.8 min
[278/400] cstr_closedloop_00277 fouling: recovered {'always_validate': 1, 'never_validate': 1, 'observables_probe': 0, 'combined_probe': 0, 'random_matched': 1} | cache 3 gens | 134.4 min
[279/400] cstr_closedloop_00278 cool_stuck_closed: recovered {'always_validate': 0, 'never_validate': 0, 'observables_probe': 0, 'combined_probe': 0, 'random_matched': 0} | cache 2 gens | 135.3 min
[280/400] cstr_closedloop_00279 outlet_block: recovered {'always_validate': 0, 'never_validate': 0, 'observables_probe': 0, 'combined_probe': 0, 'random_matched': 0} | cache 3 gens | 136.0 min
[281/400] cstr_closedloop_00280 fouling: recovered {'always_validate': 0, 'never_validate': 0, 'observables_probe': 0, 'combined_probe': 0, 'random_matched': 0} | cache 3 gens | 136.5 min
[282/400] cstr_closedloop_00281 pump_degrade: recovered {'always_validate': 1, 'never_validate': 1, 'observables_probe': 1, 'combined_probe': 1, 'random_matched': 1} | cache 1 gens | 136.8 min
[283/400] cstr_closedloop_00282 outlet_block: recovered {'always_validate': 1, 'never_validate': 1, 'observables_probe': 1, 'combined_probe': 1, 'random_matched': 1} | cache 1 gens | 137.1 min
[284/400] cstr_closedloop_00283 cool_stuck_closed: recovered {'always_validate': 1, 'never_validate': 1, 'observables_probe': 1, 'combined_probe': 0, 'random_matched': 1} | cache 2 gens | 137.7 min
[285/400] cstr_closedloop_00284 outlet_block: recovered {'always_validate': 1, 'never_validate': 1, 'observables_probe': 1, 'combined_probe': 1, 'random_matched': 1} | cache 1 gens | 138.1 min
[286/400] cstr_closedloop_00285 outlet_block: recovered {'always_validate': 1, 'never_validate': 1, 'observables_probe': 1, 'combined_probe': 1, 'random_matched': 1} | cache 1 gens | 138.4 min
[287/400] cstr_closedloop_00286 pump_degrade: recovered {'always_validate': 0, 'never_validate': 0, 'observables_probe': 0, 'combined_probe': 0, 'random_matched': 0} | cache 3 gens | 139.3 min
[288/400] cstr_closedloop_00287 cool_stuck_closed: recovered {'always_validate': 0, 'never_validate': 0, 'observables_probe': 0, 'combined_probe': 0, 'random_matched': 0} | cache 3 gens | 139.9 min
[289/400] cstr_closedloop_00288 fouling: recovered {'always_validate': 0, 'never_validate': 0, 'observables_probe': 0, 'combined_probe': 0, 'random_matched': 0} | cache 3 gens | 140.3 min
[290/400] cstr_closedloop_00289 outlet_block: recovered {'always_validate': 1, 'never_validate': 1, 'observables_probe': 1, 'combined_probe': 1, 'random_matched': 1} | cache 2 gens | 140.7 min
[291/400] cstr_closedloop_00290 outlet_block: recovered {'always_validate': 0, 'never_validate': 0, 'observables_probe': 0, 'combined_probe': 0, 'random_matched': 0} | cache 3 gens | 141.1 min
[292/400] cstr_closedloop_00291 outlet_block: recovered {'always_validate': 1, 'never_validate': 1, 'observables_probe': 1, 'combined_probe': 1, 'random_matched': 1} | cache 2 gens | 141.4 min
[293/400] cstr_closedloop_00292 outlet_block: recovered {'always_validate': 1, 'never_validate': 1, 'observables_probe': 1, 'combined_probe': 1, 'random_matched': 1} | cache 1 gens | 141.6 min
[294/400] cstr_closedloop_00293 fouling: recovered {'always_validate': 0, 'never_validate': 0, 'observables_probe': 0, 'combined_probe': 0, 'random_matched': 0} | cache 5 gens | 142.3 min
[295/400] cstr_closedloop_00294 pump_degrade: recovered {'always_validate': 0, 'never_validate': 0, 'observables_probe': 0, 'combined_probe': 0, 'random_matched': 0} | cache 3 gens | 142.7 min
[296/400] cstr_closedloop_00295 outlet_block: recovered {'always_validate': 0, 'never_validate': 0, 'observables_probe': 0, 'combined_probe': 0, 'random_matched': 0} | cache 4 gens | 143.5 min
[297/400] cstr_closedloop_00296 outlet_block: recovered {'always_validate': 1, 'never_validate': 1, 'observables_probe': 1, 'combined_probe': 1, 'random_matched': 1} | cache 1 gens | 143.7 min
[298/400] cstr_closedloop_00297 outlet_block: recovered {'always_validate': 0, 'never_validate': 0, 'observables_probe': 0, 'combined_probe': 0, 'random_matched': 0} | cache 3 gens | 144.2 min
[299/400] cstr_closedloop_00298 outlet_block: recovered {'always_validate': 1, 'never_validate': 1, 'observables_probe': 1, 'combined_probe': 1, 'random_matched': 1} | cache 1 gens | 144.4 min
[300/400] cstr_closedloop_00299 fouling: recovered {'always_validate': 0, 'never_validate': 0, 'observables_probe': 0, 'combined_probe': 0, 'random_matched': 0} | cache 3 gens | 144.8 min
[301/400] cstr_closedloop_00300 cool_stuck_closed: recovered {'always_validate': 1, 'never_validate': 1, 'observables_probe': 0, 'combined_probe': 1, 'random_matched': 1} | cache 2 gens | 145.2 min
[302/400] cstr_closedloop_00301 pump_degrade: recovered {'always_validate': 1, 'never_validate': 1, 'observables_probe': 1, 'combined_probe': 1, 'random_matched': 1} | cache 1 gens | 145.4 min
[303/400] cstr_closedloop_00302 cool_stuck_closed: recovered {'always_validate': 0, 'never_validate': 0, 'observables_probe': 0, 'combined_probe': 0, 'random_matched': 0} | cache 5 gens | 146.5 min
[304/400] cstr_closedloop_00303 cool_stuck_closed: recovered {'always_validate': 0, 'never_validate': 0, 'observables_probe': 0, 'combined_probe': 0, 'random_matched': 0} | cache 3 gens | 147.0 min
[305/400] cstr_closedloop_00304 cool_stuck_closed: recovered {'always_validate': 0, 'never_validate': 0, 'observables_probe': 0, 'combined_probe': 0, 'random_matched': 0} | cache 3 gens | 147.5 min
[306/400] cstr_closedloop_00305 fouling: recovered {'always_validate': 0, 'never_validate': 0, 'observables_probe': 0, 'combined_probe': 0, 'random_matched': 0} | cache 3 gens | 147.9 min
[307/400] cstr_closedloop_00306 fouling: recovered {'always_validate': 0, 'never_validate': 0, 'observables_probe': 0, 'combined_probe': 0, 'random_matched': 0} | cache 3 gens | 148.4 min
[308/400] cstr_closedloop_00307 pump_degrade: recovered {'always_validate': 0, 'never_validate': 0, 'observables_probe': 0, 'combined_probe': 0, 'random_matched': 0} | cache 3 gens | 148.9 min
[309/400] cstr_closedloop_00308 outlet_block: recovered {'always_validate': 1, 'never_validate': 1, 'observables_probe': 1, 'combined_probe': 1, 'random_matched': 1} | cache 1 gens | 149.2 min
[310/400] cstr_closedloop_00309 pump_degrade: recovered {'always_validate': 1, 'never_validate': 1, 'observables_probe': 1, 'combined_probe': 1, 'random_matched': 1} | cache 1 gens | 149.4 min
[311/400] cstr_closedloop_00310 pump_degrade: recovered {'always_validate': 0, 'never_validate': 0, 'observables_probe': 0, 'combined_probe': 0, 'random_matched': 0} | cache 3 gens | 149.9 min
[312/400] cstr_closedloop_00311 outlet_block: recovered {'always_validate': 0, 'never_validate': 0, 'observables_probe': 0, 'combined_probe': 0, 'random_matched': 0} | cache 3 gens | 150.4 min
[313/400] cstr_closedloop_00312 pump_degrade: recovered {'always_validate': 1, 'never_validate': 1, 'observables_probe': 1, 'combined_probe': 1, 'random_matched': 0} | cache 2 gens | 151.0 min
[314/400] cstr_closedloop_00313 outlet_block: recovered {'always_validate': 1, 'never_validate': 1, 'observables_probe': 1, 'combined_probe': 1, 'random_matched': 1} | cache 1 gens | 151.2 min
[315/400] cstr_closedloop_00314 fouling: recovered {'always_validate': 0, 'never_validate': 0, 'observables_probe': 0, 'combined_probe': 0, 'random_matched': 0} | cache 5 gens | 151.9 min
[316/400] cstr_closedloop_00315 cool_stuck_closed: recovered {'always_validate': 1, 'never_validate': 1, 'observables_probe': 1, 'combined_probe': 1, 'random_matched': 1} | cache 2 gens | 152.2 min
[317/400] cstr_closedloop_00316 fouling: recovered {'always_validate': 0, 'never_validate': 0, 'observables_probe': 0, 'combined_probe': 0, 'random_matched': 0} | cache 4 gens | 153.0 min
[318/400] cstr_closedloop_00317 cool_stuck_closed: recovered {'always_validate': 0, 'never_validate': 0, 'observables_probe': 0, 'combined_probe': 0, 'random_matched': 0} | cache 3 gens | 153.6 min
[319/400] cstr_closedloop_00318 outlet_block: recovered {'always_validate': 1, 'never_validate': 1, 'observables_probe': 1, 'combined_probe': 1, 'random_matched': 1} | cache 2 gens | 153.9 min
[320/400] cstr_closedloop_00319 pump_degrade: recovered {'always_validate': 1, 'never_validate': 1, 'observables_probe': 1, 'combined_probe': 1, 'random_matched': 1} | cache 1 gens | 154.1 min
[321/400] cstr_closedloop_00320 fouling: recovered {'always_validate': 0, 'never_validate': 0, 'observables_probe': 0, 'combined_probe': 0, 'random_matched': 0} | cache 3 gens | 154.5 min
[322/400] cstr_closedloop_00321 fouling: recovered {'always_validate': 0, 'never_validate': 0, 'observables_probe': 0, 'combined_probe': 0, 'random_matched': 0} | cache 6 gens | 155.4 min
[323/400] cstr_closedloop_00322 pump_degrade: recovered {'always_validate': 1, 'never_validate': 1, 'observables_probe': 1, 'combined_probe': 1, 'random_matched': 1} | cache 2 gens | 155.7 min
[324/400] cstr_closedloop_00323 cool_stuck_closed: recovered {'always_validate': 0, 'never_validate': 0, 'observables_probe': 0, 'combined_probe': 0, 'random_matched': 0} | cache 3 gens | 156.1 min
[325/400] cstr_closedloop_00324 fouling: recovered {'always_validate': 0, 'never_validate': 0, 'observables_probe': 0, 'combined_probe': 0, 'random_matched': 0} | cache 3 gens | 156.6 min
[326/400] cstr_closedloop_00325 pump_degrade: recovered {'always_validate': 1, 'never_validate': 1, 'observables_probe': 1, 'combined_probe': 1, 'random_matched': 1} | cache 2 gens | 156.9 min
[327/400] cstr_closedloop_00326 fouling: recovered {'always_validate': 0, 'never_validate': 0, 'observables_probe': 0, 'combined_probe': 0, 'random_matched': 0} | cache 3 gens | 157.4 min
[328/400] cstr_closedloop_00327 cool_stuck_closed: recovered {'always_validate': 0, 'never_validate': 0, 'observables_probe': 0, 'combined_probe': 0, 'random_matched': 0} | cache 3 gens | 158.0 min
[329/400] cstr_closedloop_00328 cool_stuck_closed: recovered {'always_validate': 0, 'never_validate': 0, 'observables_probe': 0, 'combined_probe': 0, 'random_matched': 0} | cache 4 gens | 158.9 min
[330/400] cstr_closedloop_00329 cool_stuck_closed: recovered {'always_validate': 0, 'never_validate': 0, 'observables_probe': 0, 'combined_probe': 0, 'random_matched': 0} | cache 3 gens | 159.4 min
[331/400] cstr_closedloop_00330 pump_degrade: recovered {'always_validate': 1, 'never_validate': 1, 'observables_probe': 1, 'combined_probe': 1, 'random_matched': 1} | cache 1 gens | 159.5 min
[332/400] cstr_closedloop_00331 cool_stuck_closed: recovered {'always_validate': 0, 'never_validate': 0, 'observables_probe': 0, 'combined_probe': 0, 'random_matched': 0} | cache 3 gens | 160.0 min
[333/400] cstr_closedloop_00332 fouling: recovered {'always_validate': 0, 'never_validate': 0, 'observables_probe': 0, 'combined_probe': 0, 'random_matched': 0} | cache 3 gens | 160.4 min
[334/400] cstr_closedloop_00333 fouling: recovered {'always_validate': 0, 'never_validate': 0, 'observables_probe': 0, 'combined_probe': 0, 'random_matched': 0} | cache 4 gens | 161.0 min
[335/400] cstr_closedloop_00334 pump_degrade: recovered {'always_validate': 0, 'never_validate': 0, 'observables_probe': 0, 'combined_probe': 0, 'random_matched': 0} | cache 3 gens | 161.5 min
[336/400] cstr_closedloop_00335 fouling: recovered {'always_validate': 0, 'never_validate': 0, 'observables_probe': 0, 'combined_probe': 0, 'random_matched': 0} | cache 4 gens | 162.1 min
[337/400] cstr_closedloop_00336 cool_stuck_closed: recovered {'always_validate': 0, 'never_validate': 0, 'observables_probe': 0, 'combined_probe': 0, 'random_matched': 0} | cache 3 gens | 162.6 min
[338/400] cstr_closedloop_00337 cool_stuck_closed: recovered {'always_validate': 0, 'never_validate': 0, 'observables_probe': 0, 'combined_probe': 0, 'random_matched': 0} | cache 3 gens | 163.1 min
[339/400] cstr_closedloop_00338 fouling: recovered {'always_validate': 0, 'never_validate': 0, 'observables_probe': 0, 'combined_probe': 0, 'random_matched': 0} | cache 3 gens | 163.5 min
[340/400] cstr_closedloop_00339 cool_stuck_closed: recovered {'always_validate': 0, 'never_validate': 0, 'observables_probe': 0, 'combined_probe': 0, 'random_matched': 0} | cache 5 gens | 164.4 min
[341/400] cstr_closedloop_00340 outlet_block: recovered {'always_validate': 0, 'never_validate': 0, 'observables_probe': 0, 'combined_probe': 0, 'random_matched': 0} | cache 3 gens | 164.9 min
[342/400] cstr_closedloop_00341 fouling: recovered {'always_validate': 0, 'never_validate': 0, 'observables_probe': 0, 'combined_probe': 0, 'random_matched': 0} | cache 4 gens | 165.5 min
[343/400] cstr_closedloop_00342 pump_degrade: recovered {'always_validate': 0, 'never_validate': 0, 'observables_probe': 0, 'combined_probe': 0, 'random_matched': 0} | cache 3 gens | 165.8 min
[344/400] cstr_closedloop_00343 outlet_block: recovered {'always_validate': 1, 'never_validate': 1, 'observables_probe': 1, 'combined_probe': 1, 'random_matched': 1} | cache 1 gens | 166.0 min
[345/400] cstr_closedloop_00344 cool_stuck_closed: recovered {'always_validate': 0, 'never_validate': 0, 'observables_probe': 0, 'combined_probe': 0, 'random_matched': 0} | cache 1 gens | 166.5 min
[346/400] cstr_closedloop_00345 pump_degrade: recovered {'always_validate': 1, 'never_validate': 1, 'observables_probe': 1, 'combined_probe': 1, 'random_matched': 1} | cache 1 gens | 166.8 min
[347/400] cstr_closedloop_00346 pump_degrade: recovered {'always_validate': 1, 'never_validate': 1, 'observables_probe': 1, 'combined_probe': 1, 'random_matched': 1} | cache 1 gens | 166.9 min
[348/400] cstr_closedloop_00347 cool_stuck_closed: recovered {'always_validate': 1, 'never_validate': 1, 'observables_probe': 1, 'combined_probe': 1, 'random_matched': 1} | cache 1 gens | 167.1 min
[349/400] cstr_closedloop_00348 fouling: recovered {'always_validate': 0, 'never_validate': 0, 'observables_probe': 0, 'combined_probe': 0, 'random_matched': 0} | cache 3 gens | 167.5 min
[350/400] cstr_closedloop_00349 cool_stuck_closed: recovered {'always_validate': 1, 'never_validate': 1, 'observables_probe': 1, 'combined_probe': 1, 'random_matched': 1} | cache 1 gens | 167.7 min
[351/400] cstr_closedloop_00350 cool_stuck_closed: recovered {'always_validate': 1, 'never_validate': 1, 'observables_probe': 0, 'combined_probe': 1, 'random_matched': 1} | cache 2 gens | 168.0 min
[352/400] cstr_closedloop_00351 pump_degrade: recovered {'always_validate': 0, 'never_validate': 0, 'observables_probe': 0, 'combined_probe': 0, 'random_matched': 0} | cache 5 gens | 168.8 min
[353/400] cstr_closedloop_00352 fouling: recovered {'always_validate': 0, 'never_validate': 0, 'observables_probe': 0, 'combined_probe': 0, 'random_matched': 0} | cache 6 gens | 169.6 min
[354/400] cstr_closedloop_00353 pump_degrade: recovered {'always_validate': 0, 'never_validate': 0, 'observables_probe': 0, 'combined_probe': 0, 'random_matched': 0} | cache 3 gens | 170.1 min
[355/400] cstr_closedloop_00354 pump_degrade: recovered {'always_validate': 0, 'never_validate': 0, 'observables_probe': 0, 'combined_probe': 0, 'random_matched': 0} | cache 3 gens | 170.4 min
[356/400] cstr_closedloop_00355 cool_stuck_closed: recovered {'always_validate': 0, 'never_validate': 0, 'observables_probe': 0, 'combined_probe': 0, 'random_matched': 0} | cache 3 gens | 170.8 min
[357/400] cstr_closedloop_00356 outlet_block: recovered {'always_validate': 1, 'never_validate': 1, 'observables_probe': 1, 'combined_probe': 1, 'random_matched': 1} | cache 3 gens | 171.4 min
[358/400] cstr_closedloop_00357 fouling: recovered {'always_validate': 0, 'never_validate': 0, 'observables_probe': 0, 'combined_probe': 0, 'random_matched': 0} | cache 5 gens | 172.3 min
[359/400] cstr_closedloop_00358 outlet_block: recovered {'always_validate': 1, 'never_validate': 1, 'observables_probe': 1, 'combined_probe': 1, 'random_matched': 1} | cache 1 gens | 172.5 min
[360/400] cstr_closedloop_00359 cool_stuck_closed: recovered {'always_validate': 1, 'never_validate': 1, 'observables_probe': 0, 'combined_probe': 0, 'random_matched': 1} | cache 2 gens | 172.9 min
[361/400] cstr_closedloop_00360 fouling: recovered {'always_validate': 0, 'never_validate': 0, 'observables_probe': 0, 'combined_probe': 0, 'random_matched': 0} | cache 5 gens | 173.6 min
[362/400] cstr_closedloop_00361 cool_stuck_closed: recovered {'always_validate': 1, 'never_validate': 1, 'observables_probe': 1, 'combined_probe': 1, 'random_matched': 1} | cache 2 gens | 173.9 min
[363/400] cstr_closedloop_00362 cool_stuck_closed: recovered {'always_validate': 1, 'never_validate': 1, 'observables_probe': 1, 'combined_probe': 1, 'random_matched': 1} | cache 1 gens | 174.0 min
[364/400] cstr_closedloop_00363 outlet_block: recovered {'always_validate': 0, 'never_validate': 0, 'observables_probe': 0, 'combined_probe': 0, 'random_matched': 0} | cache 2 gens | 174.3 min
[365/400] cstr_closedloop_00364 cool_stuck_closed: recovered {'always_validate': 0, 'never_validate': 0, 'observables_probe': 0, 'combined_probe': 0, 'random_matched': 0} | cache 3 gens | 174.7 min
[366/400] cstr_closedloop_00365 cool_stuck_closed: recovered {'always_validate': 1, 'never_validate': 1, 'observables_probe': 1, 'combined_probe': 1, 'random_matched': 1} | cache 2 gens | 175.0 min
[367/400] cstr_closedloop_00366 cool_stuck_closed: recovered {'always_validate': 0, 'never_validate': 0, 'observables_probe': 0, 'combined_probe': 0, 'random_matched': 0} | cache 3 gens | 175.5 min
[368/400] cstr_closedloop_00367 outlet_block: recovered {'always_validate': 1, 'never_validate': 1, 'observables_probe': 1, 'combined_probe': 1, 'random_matched': 1} | cache 2 gens | 175.8 min
[369/400] cstr_closedloop_00368 pump_degrade: recovered {'always_validate': 1, 'never_validate': 1, 'observables_probe': 1, 'combined_probe': 1, 'random_matched': 1} | cache 1 gens | 176.0 min
[370/400] cstr_closedloop_00369 cool_stuck_closed: recovered {'always_validate': 1, 'never_validate': 1, 'observables_probe': 1, 'combined_probe': 1, 'random_matched': 1} | cache 1 gens | 176.2 min
[371/400] cstr_closedloop_00370 fouling: recovered {'always_validate': 0, 'never_validate': 0, 'observables_probe': 0, 'combined_probe': 0, 'random_matched': 0} | cache 3 gens | 176.6 min
[372/400] cstr_closedloop_00371 fouling: recovered {'always_validate': 0, 'never_validate': 0, 'observables_probe': 0, 'combined_probe': 0, 'random_matched': 0} | cache 3 gens | 177.0 min
[373/400] cstr_closedloop_00372 pump_degrade: recovered {'always_validate': 1, 'never_validate': 1, 'observables_probe': 1, 'combined_probe': 1, 'random_matched': 1} | cache 1 gens | 177.1 min
[374/400] cstr_closedloop_00373 pump_degrade: recovered {'always_validate': 1, 'never_validate': 1, 'observables_probe': 1, 'combined_probe': 1, 'random_matched': 1} | cache 1 gens | 177.3 min
[375/400] cstr_closedloop_00374 pump_degrade: recovered {'always_validate': 1, 'never_validate': 1, 'observables_probe': 1, 'combined_probe': 1, 'random_matched': 1} | cache 1 gens | 177.5 min
[376/400] cstr_closedloop_00375 pump_degrade: recovered {'always_validate': 1, 'never_validate': 1, 'observables_probe': 1, 'combined_probe': 1, 'random_matched': 1} | cache 1 gens | 177.7 min
[377/400] cstr_closedloop_00376 fouling: recovered {'always_validate': 0, 'never_validate': 0, 'observables_probe': 0, 'combined_probe': 0, 'random_matched': 0} | cache 3 gens | 178.2 min
[378/400] cstr_closedloop_00377 fouling: recovered {'always_validate': 0, 'never_validate': 0, 'observables_probe': 0, 'combined_probe': 0, 'random_matched': 0} | cache 3 gens | 178.7 min
[379/400] cstr_closedloop_00378 fouling: recovered {'always_validate': 0, 'never_validate': 0, 'observables_probe': 0, 'combined_probe': 0, 'random_matched': 0} | cache 3 gens | 179.0 min
[380/400] cstr_closedloop_00379 outlet_block: recovered {'always_validate': 0, 'never_validate': 0, 'observables_probe': 0, 'combined_probe': 0, 'random_matched': 0} | cache 3 gens | 179.5 min
[381/400] cstr_closedloop_00380 outlet_block: recovered {'always_validate': 0, 'never_validate': 0, 'observables_probe': 0, 'combined_probe': 0, 'random_matched': 0} | cache 3 gens | 180.0 min
[382/400] cstr_closedloop_00381 cool_stuck_closed: recovered {'always_validate': 0, 'never_validate': 0, 'observables_probe': 0, 'combined_probe': 0, 'random_matched': 0} | cache 3 gens | 180.4 min
[383/400] cstr_closedloop_00382 fouling: recovered {'always_validate': 0, 'never_validate': 0, 'observables_probe': 0, 'combined_probe': 0, 'random_matched': 0} | cache 6 gens | 181.3 min
[384/400] cstr_closedloop_00383 pump_degrade: recovered {'always_validate': 1, 'never_validate': 1, 'observables_probe': 1, 'combined_probe': 1, 'random_matched': 1} | cache 2 gens | 181.6 min
[385/400] cstr_closedloop_00384 pump_degrade: recovered {'always_validate': 0, 'never_validate': 0, 'observables_probe': 0, 'combined_probe': 0, 'random_matched': 0} | cache 3 gens | 182.0 min
[386/400] cstr_closedloop_00385 outlet_block: recovered {'always_validate': 1, 'never_validate': 1, 'observables_probe': 1, 'combined_probe': 1, 'random_matched': 1} | cache 1 gens | 182.2 min
[387/400] cstr_closedloop_00386 outlet_block: recovered {'always_validate': 0, 'never_validate': 0, 'observables_probe': 0, 'combined_probe': 0, 'random_matched': 0} | cache 6 gens | 183.3 min
[388/400] cstr_closedloop_00387 cool_stuck_closed: recovered {'always_validate': 0, 'never_validate': 0, 'observables_probe': 0, 'combined_probe': 0, 'random_matched': 0} | cache 3 gens | 183.8 min
[389/400] cstr_closedloop_00388 outlet_block: recovered {'always_validate': 0, 'never_validate': 0, 'observables_probe': 0, 'combined_probe': 0, 'random_matched': 0} | cache 3 gens | 184.3 min
[390/400] cstr_closedloop_00389 fouling: recovered {'always_validate': 0, 'never_validate': 0, 'observables_probe': 0, 'combined_probe': 0, 'random_matched': 0} | cache 3 gens | 184.7 min
[391/400] cstr_closedloop_00390 outlet_block: recovered {'always_validate': 0, 'never_validate': 0, 'observables_probe': 0, 'combined_probe': 0, 'random_matched': 0} | cache 3 gens | 185.1 min
[392/400] cstr_closedloop_00391 fouling: recovered {'always_validate': 0, 'never_validate': 0, 'observables_probe': 0, 'combined_probe': 0, 'random_matched': 0} | cache 5 gens | 185.8 min
[393/400] cstr_closedloop_00392 outlet_block: recovered {'always_validate': 1, 'never_validate': 1, 'observables_probe': 1, 'combined_probe': 1, 'random_matched': 1} | cache 1 gens | 185.9 min
[394/400] cstr_closedloop_00393 fouling: recovered {'always_validate': 0, 'never_validate': 0, 'observables_probe': 0, 'combined_probe': 0, 'random_matched': 0} | cache 3 gens | 186.3 min
[395/400] cstr_closedloop_00394 pump_degrade: recovered {'always_validate': 1, 'never_validate': 1, 'observables_probe': 1, 'combined_probe': 1, 'random_matched': 1} | cache 1 gens | 186.5 min
[396/400] cstr_closedloop_00395 fouling: recovered {'always_validate': 0, 'never_validate': 0, 'observables_probe': 0, 'combined_probe': 0, 'random_matched': 0} | cache 3 gens | 186.9 min
[397/400] cstr_closedloop_00396 fouling: recovered {'always_validate': 0, 'never_validate': 0, 'observables_probe': 0, 'combined_probe': 0, 'random_matched': 0} | cache 3 gens | 187.3 min
[398/400] cstr_closedloop_00397 pump_degrade: recovered {'always_validate': 1, 'never_validate': 1, 'observables_probe': 1, 'combined_probe': 1, 'random_matched': 1} | cache 2 gens | 187.5 min
[399/400] cstr_closedloop_00398 cool_stuck_closed: recovered {'always_validate': 0, 'never_validate': 0, 'observables_probe': 0, 'combined_probe': 0, 'random_matched': 0} | cache 3 gens | 188.0 min
[400/400] cstr_closedloop_00399 outlet_block: recovered {'always_validate': 1, 'never_validate': 1, 'observables_probe': 1, 'combined_probe': 1, 'random_matched': 0} | cache 2 gens | 188.5 min
{"run_dir": "C:\\Users\\jv624\\Desktop\\fsm_reliability\\outputs\\cstr_closed_loop\\20261003_181911_qwen25-15b", "hours": 3.14}
