python.exe : 
At C:\Users\jv624\Desktop\fsm_reliability\outputs\data_queue_resume.ps1:16 char:5
+     & $py @pyArgs 2>&1 | Out-File -Encoding utf8 "outputs\queue_$name ...
+     ~~~~~~~~~~~~~~~~~~
    + CategoryInfo          : NotSpecified: (:String) [], RemoteException
    + FullyQualifiedErrorId : NativeCommandError
 
Loading weights:   0%|          | 0/254 [00:00<?, ?it/s]
Loading weights:   0%|          | 1/254 [00:00<02:55,  1.44it/s]
Loading weights:   5%|▍         | 12/254 [00:00<00:12, 19.83it/s]
Loading weights:   7%|▋         | 19/254 [00:00<00:08, 29.19it/s]
Loading weights:  10%|█         | 26/254 [00:01<00:06, 34.35it/s]
Loading weights:  13%|█▎        | 32/254 [00:01<00:05, 37.43it/s]
Loading weights:  16%|█▌        | 40/254 [00:01<00:04, 45.91it/s]
Loading weights:  18%|█▊        | 46/254 [00:01<00:04, 48.37it/s]
Loading weights:  20%|██        | 52/254 [00:01<00:04, 49.84it/s]
Loading weights:  23%|██▎       | 58/254 [00:01<00:03, 50.82it/s]
Loading weights:  26%|██▌       | 66/254 [00:01<00:03, 57.27it/s]
Loading weights:  29%|██▊       | 73/254 [00:01<00:03, 56.68it/s]
Loading weights:  31%|███       | 79/254 [00:01<00:03, 55.64it/s]
Loading weights:  33%|███▎      | 85/254 [00:02<00:03, 56.09it/s]
Loading weights:  37%|███▋      | 93/254 [00:02<00:02, 56.56it/s]
Loading weights:  39%|███▉      | 99/254 [00:02<00:02, 56.24it/s]
Loading weights:  41%|████▏     | 105/254 [00:02<00:02, 54.23it/s]
Loading weights:  44%|████▍     | 112/254 [00:02<00:02, 55.08it/s]
Loading weights:  47%|████▋     | 120/254 [00:02<00:02, 58.65it/s]
Loading weights:  50%|████▉     | 126/254 [00:02<00:02, 54.46it/s]
Loading weights:  52%|█████▏    | 132/254 [00:02<00:02, 53.20it/s]
Loading weights:  54%|█████▍    | 138/254 [00:03<00:02, 51.72it/s]
Loading weights:  57%|█████▋    | 144/254 [00:03<00:02, 52.09it/s]
Loading weights:  59%|█████▉    | 150/254 [00:03<00:02, 51.01it/s]
Loading weights:  62%|██████▏   | 157/254 [00:03<00:01, 55.39it/s]
Loading weights:  65%|██████▍   | 165/254 [00:03<00:01, 56.52it/s]
Loading weights:  67%|██████▋   | 171/254 [00:03<00:01, 53.52it/s]
Loading weights:  70%|██████▉   | 177/254 [00:03<00:01, 48.86it/s]
Loading weights:  72%|███████▏  | 184/254 [00:03<00:01, 51.27it/s]
Loading weights:  76%|███████▌  | 192/254 [00:04<00:01, 52.45it/s]
Loading weights:  78%|███████▊  | 198/254 [00:04<00:01, 46.70it/s]
Loading weights:  80%|███████▉  | 203/254 [00:04<00:01, 45.94it/s]
Loading weights:  83%|████████▎ | 210/254 [00:04<00:00, 51.61it/s]
Loading weights:  85%|████████▌ | 216/254 [00:04<00:00, 47.86it/s]
Loading weights:  87%|████████▋ | 221/254 [00:04<00:00, 45.35it/s]
Loading weights:  90%|█████████ | 229/254 [00:04<00:00, 50.05it/s]
Loading weights:  93%|█████████▎| 237/254 [00:05<00:00, 51.54it/s]
Loading weights:  96%|█████████▌| 243/254 [00:05<00:00, 51.35it/s]
Loading weights:  98%|█████████▊| 249/254 [00:05<00:00, 50.69it/s]
Loading weights: 100%|██████████| 254/254 [00:05<00:00, 47.86it/s]

  0%|          | 0/500 [00:00<?, ?it/s][transformers] Ignoring clean_up_tokenization_spaces=True for BPE tokenizer 
TokenizersBackend. The clean_up_tokenization post-processing step is designed for WordPiece tokenizers and is 
destructive for BPE (it strips spaces before punctuation). Set clean_up_tokenization_spaces=False to suppress this 
warning, or set clean_up_tokenization_spaces_for_bpe_even_though_it_will_corrupt_output=True to force cleanup anyway.

  0%|          | 2/500 [00:00<03:16,  2.53it/s]
  1%|          | 3/500 [00:04<15:30,  1.87s/it]
  1%|          | 4/500 [00:05<13:24,  1.62s/it]
  1%|          | 5/500 [00:08<15:23,  1.87s/it]
  1%|          | 6/500 [00:10<15:39,  1.90s/it]
  1%|▏         | 7/500 [00:14<21:45,  2.65s/it]
  2%|▏         | 8/500 [00:16<19:04,  2.33s/it]
  2%|▏         | 9/500 [00:18<19:41,  2.41s/it]
  2%|▏         | 10/500 [00:22<22:48,  2.79s/it]
  2%|▏         | 11/500 [00:27<27:51,  3.42s/it]
  2%|▏         | 12/500 [00:31<29:10,  3.59s/it]
  3%|▎         | 13/500 [00:33<27:11,  3.35s/it]
  3%|▎         | 15/500 [00:36<19:47,  2.45s/it]
  3%|▎         | 16/500 [00:39<20:06,  2.49s/it]
  3%|▎         | 17/500 [00:41<20:05,  2.50s/it]
  4%|▎         | 18/500 [00:43<18:52,  2.35s/it]
  4%|▍         | 19/500 [00:45<17:15,  2.15s/it]
  4%|▍         | 20/500 [00:48<19:51,  2.48s/it]
  4%|▍         | 21/500 [00:50<18:45,  2.35s/it]
  4%|▍         | 22/500 [00:53<19:39,  2.47s/it]
  5%|▍         | 24/500 [00:58<19:15,  2.43s/it]
  5%|▌         | 25/500 [01:00<19:36,  2.48s/it]
  5%|▌         | 26/500 [01:04<20:46,  2.63s/it]
  5%|▌         | 27/500 [01:06<20:04,  2.55s/it]
  6%|▌         | 28/500 [01:08<19:00,  2.42s/it]
  6%|▌         | 29/500 [01:10<17:51,  2.28s/it]
  6%|▌         | 30/500 [01:13<19:48,  2.53s/it]
  6%|▌         | 31/500 [01:16<20:00,  2.56s/it]
  6%|▋         | 32/500 [01:18<19:40,  2.52s/it]
  7%|▋         | 33/500 [01:20<18:23,  2.36s/it]
  7%|▋         | 34/500 [01:23<18:36,  2.40s/it]
  7%|▋         | 35/500 [01:26<20:19,  2.62s/it]
  7%|▋         | 36/500 [01:28<18:35,  2.40s/it]
  7%|▋         | 37/500 [01:29<16:48,  2.18s/it]
  8%|▊         | 39/500 [01:33<15:11,  1.98s/it]
  8%|▊         | 40/500 [01:35<15:34,  2.03s/it]
  8%|▊         | 42/500 [01:38<13:42,  1.80s/it]
  9%|▊         | 43/500 [01:40<14:27,  1.90s/it]
  9%|▉         | 44/500 [01:44<17:58,  2.37s/it]
  9%|▉         | 45/500 [01:47<20:04,  2.65s/it]
  9%|▉         | 46/500 [01:50<21:07,  2.79s/it]
  9%|▉         | 47/500 [01:54<22:00,  2.92s/it]
 10%|▉         | 48/500 [01:58<24:11,  3.21s/it]
 10%|▉         | 49/500 [02:01<23:35,  3.14s/it]
 10%|█         | 50/500 [02:04<24:56,  3.33s/it]
 10%|█         | 51/500 [02:08<26:21,  3.52s/it]
 10%|█         | 52/500 [02:12<26:12,  3.51s/it]
 11%|█         | 53/500 [02:16<26:32,  3.56s/it]
 11%|█         | 55/500 [02:19<20:16,  2.73s/it]
 11%|█         | 56/500 [02:22<20:17,  2.74s/it]
 11%|█▏        | 57/500 [02:25<21:32,  2.92s/it]
 12%|█▏        | 58/500 [02:28<21:08,  2.87s/it]
 12%|█▏        | 59/500 [02:30<20:09,  2.74s/it]
 12%|█▏        | 60/500 [02:34<22:13,  3.03s/it]
 12%|█▏        | 61/500 [02:39<25:02,  3.42s/it]
 12%|█▏        | 62/500 [02:42<24:38,  3.38s/it]
 13%|█▎        | 63/500 [02:46<25:21,  3.48s/it]
 13%|█▎        | 64/500 [02:49<24:25,  3.36s/it]
 13%|█▎        | 65/500 [02:53<25:38,  3.54s/it]
 13%|█▎        | 66/500 [02:56<26:10,  3.62s/it]
 13%|█▎        | 67/500 [03:01<27:07,  3.76s/it]
 14%|█▎        | 68/500 [03:03<25:09,  3.49s/it]
 14%|█▍        | 69/500 [03:06<22:50,  3.18s/it]
 14%|█▍        | 70/500 [03:09<22:56,  3.20s/it]
 14%|█▍        | 71/500 [03:12<22:40,  3.17s/it]
 14%|█▍        | 72/500 [03:16<24:50,  3.48s/it]
 15%|█▍        | 74/500 [03:19<17:14,  2.43s/it]
 15%|█▌        | 75/500 [03:23<19:43,  2.79s/it]
 15%|█▌        | 76/500 [03:26<20:19,  2.88s/it]
 15%|█▌        | 77/500 [03:29<20:17,  2.88s/it]
 16%|█▌        | 78/500 [03:32<20:34,  2.93s/it]
 16%|█▌        | 79/500 [03:34<19:27,  2.77s/it]
 16%|█▌        | 80/500 [03:37<18:48,  2.69s/it]
 16%|█▌        | 81/500 [03:40<19:58,  2.86s/it]
 16%|█▋        | 82/500 [03:43<20:56,  3.01s/it]
 17%|█▋        | 83/500 [03:48<24:24,  3.51s/it]
 17%|█▋        | 84/500 [03:50<21:53,  3.16s/it]
 17%|█▋        | 85/500 [03:54<22:21,  3.23s/it]
 17%|█▋        | 86/500 [03:56<20:45,  3.01s/it]
 17%|█▋        | 87/500 [03:59<21:01,  3.05s/it]
 18%|█▊        | 88/500 [04:02<19:58,  2.91s/it]
 18%|█▊        | 89/500 [04:05<20:32,  3.00s/it]
 18%|█▊        | 90/500 [04:08<20:07,  2.95s/it]
 18%|█▊        | 91/500 [04:11<19:23,  2.84s/it]
 18%|█▊        | 92/500 [04:14<20:34,  3.02s/it]
 19%|█▊        | 93/500 [04:17<19:46,  2.91s/it]
 19%|█▉        | 94/500 [04:20<20:34,  3.04s/it]
 19%|█▉        | 95/500 [04:22<19:29,  2.89s/it]
 19%|█▉        | 96/500 [04:25<19:31,  2.90s/it]
 19%|█▉        | 97/500 [04:28<18:30,  2.76s/it]
 20%|█▉        | 98/500 [04:31<18:22,  2.74s/it]
 20%|█▉        | 99/500 [04:33<18:05,  2.71s/it]
 20%|██        | 100/500 [04:36<18:23,  2.76s/it]
 20%|██        | 101/500 [04:39<18:42,  2.81s/it]
 20%|██        | 102/500 [04:42<18:13,  2.75s/it]
 21%|██        | 103/500 [04:44<18:23,  2.78s/it]
 21%|██        | 104/500 [04:47<18:18,  2.77s/it]
 21%|██        | 105/500 [04:49<17:18,  2.63s/it]
 21%|██        | 106/500 [04:53<19:57,  3.04s/it]
 21%|██▏       | 107/500 [04:56<18:44,  2.86s/it]
 22%|██▏       | 108/500 [04:59<18:45,  2.87s/it]
 22%|██▏       | 109/500 [05:01<17:32,  2.69s/it]
 22%|██▏       | 110/500 [05:05<18:55,  2.91s/it]
 22%|██▏       | 111/500 [05:07<18:44,  2.89s/it]
 22%|██▏       | 112/500 [05:10<19:03,  2.95s/it]
 23%|██▎       | 113/500 [05:14<19:26,  3.01s/it]
 23%|██▎       | 114/500 [05:16<19:08,  2.97s/it]
 23%|██▎       | 115/500 [05:20<19:33,  3.05s/it]
 23%|██▎       | 116/500 [05:23<20:33,  3.21s/it]
 23%|██▎       | 117/500 [05:27<21:04,  3.30s/it]
 24%|██▎       | 118/500 [05:29<19:21,  3.04s/it]
 24%|██▍       | 119/500 [05:32<19:03,  3.00s/it]
 24%|██▍       | 120/500 [05:35<19:26,  3.07s/it]
 24%|██▍       | 121/500 [05:40<22:28,  3.56s/it]
 24%|██▍       | 122/500 [05:43<20:28,  3.25s/it]
 25%|██▍       | 123/500 [05:45<19:22,  3.08s/it]
 25%|██▍       | 124/500 [05:48<19:23,  3.09s/it]
 25%|██▌       | 125/500 [05:52<19:34,  3.13s/it]
 25%|██▌       | 126/500 [05:56<22:07,  3.55s/it]
 25%|██▌       | 127/500 [06:01<23:48,  3.83s/it]
 26%|██▌       | 128/500 [06:03<20:32,  3.31s/it]
 26%|██▌       | 129/500 [06:06<20:11,  3.26s/it]
 26%|██▌       | 130/500 [06:09<20:31,  3.33s/it]
 26%|██▋       | 132/500 [06:14<17:18,  2.82s/it]
 27%|██▋       | 133/500 [06:18<18:35,  3.04s/it]
 27%|██▋       | 134/500 [06:20<17:30,  2.87s/it]
 27%|██▋       | 135/500 [06:23<17:16,  2.84s/it]
 27%|██▋       | 136/500 [06:26<18:38,  3.07s/it]
 27%|██▋       | 137/500 [06:30<19:10,  3.17s/it]
 28%|██▊       | 138/500 [06:33<19:19,  3.20s/it]
 28%|██▊       | 140/500 [06:36<14:32,  2.42s/it]
 28%|██▊       | 141/500 [06:40<16:10,  2.70s/it]
 28%|██▊       | 142/500 [06:42<16:04,  2.69s/it]
 29%|██▊       | 143/500 [06:47<18:32,  3.12s/it]
 29%|██▉       | 145/500 [06:50<14:17,  2.42s/it]
 29%|██▉       | 146/500 [06:52<14:43,  2.50s/it]
 29%|██▉       | 147/500 [06:56<16:33,  2.81s/it]
 30%|██▉       | 148/500 [06:59<16:39,  2.84s/it]
 30%|███       | 150/500 [07:01<11:54,  2.04s/it]
 30%|███       | 151/500 [07:04<13:16,  2.28s/it]
 30%|███       | 152/500 [07:07<14:16,  2.46s/it]
 31%|███       | 153/500 [07:10<14:57,  2.59s/it]
 31%|███       | 154/500 [07:13<15:45,  2.73s/it]
 31%|███       | 155/500 [07:16<15:48,  2.75s/it]
 31%|███       | 156/500 [07:19<15:40,  2.73s/it]
 31%|███▏      | 157/500 [07:21<15:59,  2.80s/it]
 32%|███▏      | 158/500 [07:23<14:17,  2.51s/it]
 32%|███▏      | 159/500 [07:26<14:25,  2.54s/it]
 32%|███▏      | 160/500 [07:29<15:04,  2.66s/it]
 32%|███▏      | 161/500 [07:32<15:34,  2.76s/it]
 32%|███▏      | 162/500 [07:35<15:47,  2.80s/it]
 33%|███▎      | 163/500 [07:37<15:18,  2.72s/it]
 33%|███▎      | 164/500 [07:40<15:45,  2.81s/it]
 33%|███▎      | 165/500 [07:43<15:10,  2.72s/it]
 33%|███▎      | 166/500 [07:46<16:01,  2.88s/it]
 34%|███▎      | 168/500 [07:49<12:29,  2.26s/it]
 34%|███▍      | 169/500 [07:52<13:16,  2.41s/it]
 34%|███▍      | 170/500 [07:55<14:33,  2.65s/it]
 34%|███▍      | 171/500 [07:59<15:18,  2.79s/it]
 34%|███▍      | 172/500 [08:02<16:51,  3.08s/it]
 35%|███▍      | 173/500 [08:05<15:56,  2.92s/it]
 35%|███▍      | 174/500 [08:09<17:35,  3.24s/it]
 35%|███▌      | 175/500 [08:13<18:14,  3.37s/it]
 35%|███▌      | 176/500 [08:16<17:46,  3.29s/it]
 35%|███▌      | 177/500 [08:18<16:49,  3.12s/it]
 36%|███▌      | 178/500 [08:22<18:06,  3.37s/it]
 36%|███▌      | 179/500 [08:25<17:19,  3.24s/it]
 36%|███▌      | 180/500 [08:28<16:15,  3.05s/it]
 36%|███▌      | 181/500 [08:31<15:43,  2.96s/it]
 36%|███▋      | 182/500 [08:34<16:40,  3.15s/it]
 37%|███▋      | 183/500 [08:37<15:53,  3.01s/it]
 37%|███▋      | 184/500 [08:39<14:51,  2.82s/it]
 37%|███▋      | 185/500 [08:42<13:56,  2.65s/it]
 37%|███▋      | 186/500 [08:44<13:55,  2.66s/it]
 37%|███▋      | 187/500 [08:47<14:00,  2.68s/it]
 38%|███▊      | 188/500 [08:50<14:00,  2.70s/it]
 38%|███▊      | 189/500 [08:52<13:38,  2.63s/it]
 38%|███▊      | 190/500 [08:56<15:44,  3.05s/it]
 38%|███▊      | 191/500 [08:59<15:02,  2.92s/it]
 38%|███▊      | 192/500 [09:02<15:00,  2.92s/it]
 39%|███▊      | 193/500 [09:05<14:56,  2.92s/it]
 39%|███▉      | 194/500 [09:09<16:23,  3.21s/it]
 39%|███▉      | 195/500 [09:10<14:23,  2.83s/it]
 39%|███▉      | 196/500 [09:15<16:39,  3.29s/it]
 39%|███▉      | 197/500 [09:19<17:44,  3.51s/it]
 40%|███▉      | 198/500 [09:22<17:33,  3.49s/it]
 40%|███▉      | 199/500 [09:25<16:35,  3.31s/it]
 40%|████      | 200/500 [09:29<16:46,  3.36s/it]
 40%|████      | 201/500 [09:32<16:40,  3.35s/it]
 40%|████      | 202/500 [09:35<16:04,  3.24s/it]
 41%|████      | 203/500 [09:40<18:28,  3.73s/it]
 41%|████      | 205/500 [09:44<14:04,  2.86s/it]
 41%|████      | 206/500 [09:46<13:23,  2.73s/it]
 41%|████▏     | 207/500 [09:49<14:11,  2.91s/it]
 42%|████▏     | 208/500 [09:52<14:07,  2.90s/it]
 42%|████▏     | 209/500 [09:56<14:56,  3.08s/it]
 42%|████▏     | 210/500 [09:59<15:43,  3.26s/it]
 42%|████▏     | 211/500 [10:03<16:30,  3.43s/it]
 42%|████▏     | 212/500 [10:06<15:38,  3.26s/it]
 43%|████▎     | 213/500 [10:08<13:18,  2.78s/it]
 43%|████▎     | 214/500 [10:11<13:47,  2.89s/it]
 43%|████▎     | 215/500 [10:14<13:36,  2.87s/it]
 43%|████▎     | 216/500 [10:16<13:07,  2.77s/it]
 43%|████▎     | 217/500 [10:19<13:15,  2.81s/it]
 44%|████▎     | 218/500 [10:22<13:07,  2.79s/it]
 44%|████▍     | 219/500 [10:25<13:56,  2.98s/it]
 44%|████▍     | 220/500 [10:28<13:45,  2.95s/it]
 44%|████▍     | 221/500 [10:31<13:43,  2.95s/it]
 44%|████▍     | 222/500 [10:35<14:22,  3.10s/it]
 45%|████▍     | 223/500 [10:38<14:04,  3.05s/it]
 45%|████▍     | 224/500 [10:41<14:27,  3.14s/it]
 45%|████▌     | 225/500 [10:45<16:04,  3.51s/it]
 45%|████▌     | 226/500 [10:48<14:27,  3.17s/it]
 45%|████▌     | 227/500 [10:50<13:31,  2.97s/it]
 46%|████▌     | 228/500 [10:53<13:43,  3.03s/it]
 46%|████▌     | 229/500 [10:56<13:11,  2.92s/it]
 46%|████▌     | 230/500 [10:59<13:37,  3.03s/it]
 46%|████▌     | 231/500 [11:02<13:08,  2.93s/it]
 46%|████▋     | 232/500 [11:04<12:03,  2.70s/it]
 47%|████▋     | 233/500 [11:07<12:04,  2.71s/it]
 47%|████▋     | 234/500 [11:10<12:56,  2.92s/it]
 47%|████▋     | 235/500 [11:13<12:55,  2.93s/it]
 47%|████▋     | 236/500 [11:16<12:17,  2.79s/it]
 47%|████▋     | 237/500 [11:19<12:38,  2.88s/it]
 48%|████▊     | 238/500 [11:21<11:34,  2.65s/it]
 48%|████▊     | 239/500 [11:25<13:43,  3.16s/it]
 48%|████▊     | 240/500 [11:27<12:28,  2.88s/it]
 48%|████▊     | 241/500 [11:33<15:18,  3.55s/it]
 48%|████▊     | 242/500 [11:37<15:59,  3.72s/it]
 49%|████▊     | 243/500 [11:40<15:19,  3.58s/it]
 49%|████▉     | 244/500 [11:43<14:38,  3.43s/it]
 49%|████▉     | 245/500 [11:46<14:06,  3.32s/it]
 49%|████▉     | 246/500 [11:49<12:59,  3.07s/it]
 49%|████▉     | 247/500 [11:52<12:49,  3.04s/it]
 50%|████▉     | 248/500 [11:54<12:27,  2.97s/it]
 50%|█████     | 250/500 [11:57<09:30,  2.28s/it]
 50%|█████     | 251/500 [11:59<08:32,  2.06s/it]
 50%|█████     | 252/500 [12:02<09:29,  2.30s/it]
 51%|█████     | 253/500 [12:05<10:18,  2.50s/it]
 51%|█████     | 254/500 [12:08<11:00,  2.68s/it]
 51%|█████     | 255/500 [12:11<11:12,  2.75s/it]
 51%|█████     | 256/500 [12:13<10:57,  2.69s/it]
 51%|█████▏    | 257/500 [12:16<11:22,  2.81s/it]
 52%|█████▏    | 258/500 [12:20<11:57,  2.96s/it]
 52%|█████▏    | 259/500 [12:22<10:47,  2.69s/it]
 52%|█████▏    | 260/500 [12:25<11:08,  2.78s/it]
 52%|█████▏    | 261/500 [12:27<10:53,  2.74s/it]
 52%|█████▏    | 262/500 [12:30<10:56,  2.76s/it]
 53%|█████▎    | 263/500 [12:34<11:53,  3.01s/it]
 53%|█████▎    | 264/500 [12:36<11:11,  2.84s/it]
 53%|█████▎    | 265/500 [12:39<11:18,  2.89s/it]
 53%|█████▎    | 266/500 [12:43<12:37,  3.24s/it]
 53%|█████▎    | 267/500 [12:46<12:18,  3.17s/it]
 54%|█████▎    | 268/500 [12:50<12:17,  3.18s/it]
 54%|█████▍    | 269/500 [12:52<11:42,  3.04s/it]
 54%|█████▍    | 270/500 [12:55<11:51,  3.10s/it]
 54%|█████▍    | 271/500 [12:58<11:08,  2.92s/it]
 54%|█████▍    | 272/500 [13:02<11:56,  3.14s/it]
 55%|█████▍    | 273/500 [13:04<11:06,  2.93s/it]
 55%|█████▍    | 274/500 [13:07<11:22,  3.02s/it]
 55%|█████▌    | 275/500 [13:11<11:51,  3.16s/it]
 55%|█████▌    | 276/500 [13:14<11:34,  3.10s/it]
 55%|█████▌    | 277/500 [13:17<11:13,  3.02s/it]
 56%|█████▌    | 278/500 [13:20<11:47,  3.19s/it]
 56%|█████▌    | 279/500 [13:23<11:05,  3.01s/it]
 56%|█████▌    | 280/500 [13:26<11:32,  3.15s/it]
 56%|█████▌    | 281/500 [13:29<11:20,  3.11s/it]
 56%|█████▋    | 282/500 [13:32<11:10,  3.07s/it]
 57%|█████▋    | 283/500 [13:35<11:10,  3.09s/it]
 57%|█████▋    | 284/500 [13:39<11:17,  3.14s/it]
 57%|█████▋    | 285/500 [13:42<11:53,  3.32s/it]
 57%|█████▋    | 286/500 [13:46<11:53,  3.34s/it]
 57%|█████▋    | 287/500 [13:49<11:26,  3.22s/it]
 58%|█████▊    | 288/500 [13:51<10:47,  3.05s/it]
 58%|█████▊    | 289/500 [13:55<11:26,  3.26s/it]
 58%|█████▊    | 290/500 [13:57<10:02,  2.87s/it]
 58%|█████▊    | 291/500 [14:01<10:41,  3.07s/it]
 58%|█████▊    | 292/500 [14:03<10:26,  3.01s/it]
 59%|█████▊    | 293/500 [14:06<09:36,  2.79s/it]
 59%|█████▉    | 294/500 [14:08<08:52,  2.59s/it]
 59%|█████▉    | 295/500 [14:11<09:06,  2.67s/it]
 59%|█████▉    | 296/500 [14:14<09:45,  2.87s/it]
 59%|█████▉    | 297/500 [14:17<09:58,  2.95s/it]
 60%|█████▉    | 298/500 [14:21<10:45,  3.20s/it]
 60%|█████▉    | 299/500 [14:24<10:32,  3.14s/it]
 60%|██████    | 300/500 [14:28<11:04,  3.32s/it]
 60%|██████    | 301/500 [14:32<11:37,  3.51s/it]
 60%|██████    | 302/500 [14:34<10:25,  3.16s/it]
 61%|██████    | 303/500 [14:38<10:57,  3.34s/it]
 61%|██████    | 304/500 [14:41<10:26,  3.20s/it]
 61%|██████    | 305/500 [14:43<09:53,  3.05s/it]
 61%|██████    | 306/500 [14:45<08:54,  2.76s/it]
 61%|██████▏   | 307/500 [14:54<14:07,  4.39s/it]
 62%|██████▏   | 308/500 [14:56<12:08,  3.80s/it]
 62%|██████▏   | 309/500 [15:00<11:54,  3.74s/it]
 62%|██████▏   | 310/500 [15:02<10:26,  3.30s/it]
 62%|██████▏   | 311/500 [15:05<10:27,  3.32s/it]
 62%|██████▏   | 312/500 [15:08<09:56,  3.17s/it]
 63%|██████▎   | 313/500 [15:11<09:42,  3.11s/it]
 63%|██████▎   | 314/500 [15:14<09:10,  2.96s/it]
 63%|██████▎   | 315/500 [15:16<08:33,  2.77s/it]
 63%|██████▎   | 316/500 [15:19<08:28,  2.76s/it]
 63%|██████▎   | 317/500 [15:21<08:09,  2.67s/it]
 64%|██████▎   | 318/500 [15:24<08:34,  2.83s/it]
 64%|██████▍   | 319/500 [15:28<09:05,  3.01s/it]
 64%|██████▍   | 321/500 [15:31<07:16,  2.44s/it]
 64%|██████▍   | 322/500 [15:34<07:43,  2.60s/it]
 65%|██████▍   | 324/500 [15:38<06:36,  2.25s/it]
 65%|██████▌   | 325/500 [15:41<06:56,  2.38s/it]
 65%|██████▌   | 326/500 [15:44<07:31,  2.59s/it]
 65%|██████▌   | 327/500 [15:47<07:26,  2.58s/it]
 66%|██████▌   | 328/500 [15:49<07:10,  2.50s/it]
 66%|██████▌   | 329/500 [15:51<06:47,  2.38s/it]
 66%|██████▌   | 330/500 [15:54<07:24,  2.61s/it]
 66%|██████▌   | 331/500 [15:56<06:43,  2.39s/it]
 66%|██████▋   | 332/500 [15:59<06:59,  2.50s/it]
 67%|██████▋   | 333/500 [16:01<06:55,  2.49s/it]
 67%|██████▋   | 334/500 [16:04<07:13,  2.61s/it]
 67%|██████▋   | 335/500 [16:07<07:46,  2.83s/it]
 67%|██████▋   | 336/500 [16:11<07:58,  2.92s/it]
 67%|██████▋   | 337/500 [16:13<07:41,  2.83s/it]
 68%|██████▊   | 338/500 [16:16<07:53,  2.92s/it]
 68%|██████▊   | 339/500 [16:19<07:44,  2.88s/it]
 68%|██████▊   | 340/500 [16:21<06:44,  2.53s/it]
 68%|██████▊   | 341/500 [16:25<07:43,  2.91s/it]
 68%|██████▊   | 342/500 [16:28<07:41,  2.92s/it]
 69%|██████▊   | 343/500 [16:31<07:54,  3.02s/it]
 69%|██████▉   | 344/500 [16:35<08:22,  3.22s/it]
 69%|██████▉   | 345/500 [16:37<08:03,  3.12s/it]
 69%|██████▉   | 346/500 [16:41<08:13,  3.20s/it]
 69%|██████▉   | 347/500 [16:43<07:33,  2.96s/it]
 70%|██████▉   | 348/500 [16:47<07:54,  3.12s/it]
 70%|██████▉   | 349/500 [16:48<06:44,  2.68s/it]
 70%|███████   | 350/500 [16:51<06:45,  2.70s/it]
 70%|███████   | 351/500 [16:54<07:09,  2.88s/it]
 70%|███████   | 352/500 [16:57<07:03,  2.86s/it]
 71%|███████   | 353/500 [17:00<06:52,  2.81s/it]
 71%|███████   | 354/500 [17:03<06:46,  2.79s/it]
 71%|███████   | 355/500 [17:05<06:36,  2.74s/it]
 71%|███████   | 356/500 [17:10<07:38,  3.19s/it]
 71%|███████▏  | 357/500 [17:13<07:48,  3.28s/it]
 72%|███████▏  | 358/500 [17:15<07:05,  3.00s/it]
 72%|███████▏  | 359/500 [17:18<07:05,  3.02s/it]
 72%|███████▏  | 360/500 [17:22<07:33,  3.24s/it]
 72%|███████▏  | 361/500 [17:25<07:33,  3.26s/it]
 72%|███████▏  | 362/500 [17:28<07:14,  3.15s/it]
 73%|███████▎  | 363/500 [17:31<06:30,  2.85s/it]
 73%|███████▎  | 365/500 [17:34<05:03,  2.25s/it]
 73%|███████▎  | 366/500 [17:36<05:06,  2.29s/it]
 73%|███████▎  | 367/500 [17:39<05:18,  2.39s/it]
 74%|███████▎  | 368/500 [17:43<06:23,  2.91s/it]
 74%|███████▍  | 369/500 [17:45<05:56,  2.73s/it]
 74%|███████▍  | 370/500 [17:49<06:18,  2.91s/it]
 74%|███████▍  | 371/500 [17:52<06:42,  3.12s/it]
 74%|███████▍  | 372/500 [17:55<06:42,  3.15s/it]
 75%|███████▍  | 374/500 [17:59<05:09,  2.46s/it]
 75%|███████▌  | 375/500 [18:02<05:16,  2.53s/it]
 75%|███████▌  | 376/500 [18:05<05:56,  2.88s/it]
 75%|███████▌  | 377/500 [18:08<05:56,  2.90s/it]
 76%|███████▌  | 378/500 [18:12<06:08,  3.02s/it]
 76%|███████▌  | 379/500 [18:15<06:10,  3.06s/it]
 76%|███████▌  | 380/500 [18:20<07:27,  3.73s/it]
 76%|███████▌  | 381/500 [18:22<06:23,  3.22s/it]
 76%|███████▋  | 382/500 [18:25<06:04,  3.09s/it]
 77%|███████▋  | 383/500 [18:28<05:56,  3.04s/it]
 77%|███████▋  | 384/500 [18:31<05:55,  3.06s/it]
 77%|███████▋  | 385/500 [18:33<05:21,  2.80s/it]
 77%|███████▋  | 386/500 [18:36<05:23,  2.84s/it]
 78%|███████▊  | 388/500 [18:39<03:54,  2.10s/it]
 78%|███████▊  | 389/500 [18:42<04:28,  2.42s/it]
 78%|███████▊  | 390/500 [18:44<04:14,  2.31s/it]
 78%|███████▊  | 391/500 [18:47<04:33,  2.51s/it]
 78%|███████▊  | 392/500 [18:50<04:58,  2.77s/it]
 79%|███████▊  | 393/500 [18:54<05:32,  3.11s/it]
 79%|███████▉  | 394/500 [18:57<05:05,  2.88s/it]
 79%|███████▉  | 395/500 [19:00<05:14,  2.99s/it]
 79%|███████▉  | 396/500 [19:03<05:21,  3.09s/it]
 79%|███████▉  | 397/500 [19:06<04:50,  2.82s/it]
 80%|███████▉  | 398/500 [19:08<04:40,  2.75s/it]
 80%|███████▉  | 399/500 [19:11<04:35,  2.73s/it]
 80%|████████  | 400/500 [19:17<06:04,  3.65s/it]
 80%|████████  | 401/500 [19:19<05:17,  3.20s/it]
 80%|████████  | 402/500 [19:22<05:09,  3.16s/it]
 81%|████████  | 403/500 [19:25<05:20,  3.30s/it]
 81%|████████  | 404/500 [19:28<05:07,  3.20s/it]
 81%|████████  | 405/500 [19:32<05:24,  3.41s/it]
 81%|████████  | 406/500 [19:36<05:16,  3.37s/it]
 81%|████████▏ | 407/500 [19:39<05:03,  3.26s/it]
 82%|████████▏ | 408/500 [19:42<04:51,  3.17s/it]
 82%|████████▏ | 409/500 [19:44<04:30,  2.97s/it]
 82%|████████▏ | 410/500 [19:47<04:35,  3.06s/it]
 82%|████████▏ | 411/500 [19:50<04:30,  3.04s/it]
 82%|████████▏ | 412/500 [19:53<04:12,  2.87s/it]
 83%|████████▎ | 413/500 [19:56<04:07,  2.84s/it]
 83%|████████▎ | 414/500 [19:59<04:17,  2.99s/it]
 83%|████████▎ | 415/500 [20:02<04:28,  3.15s/it]
 83%|████████▎ | 416/500 [20:06<04:24,  3.15s/it]
 83%|████████▎ | 417/500 [20:09<04:27,  3.22s/it]
 84%|████████▎ | 418/500 [20:12<04:16,  3.12s/it]
 84%|████████▍ | 419/500 [20:15<04:11,  3.11s/it]
 84%|████████▍ | 420/500 [20:18<03:57,  2.97s/it]
 84%|████████▍ | 422/500 [20:21<03:03,  2.35s/it]
 85%|████████▍ | 423/500 [20:24<03:17,  2.56s/it]
 85%|████████▌ | 426/500 [20:26<01:59,  1.62s/it]
 85%|████████▌ | 427/500 [20:30<02:28,  2.03s/it]
 86%|████████▌ | 428/500 [20:33<02:39,  2.21s/it]
 86%|████████▌ | 429/500 [20:36<02:59,  2.52s/it]
 86%|████████▌ | 430/500 [20:40<03:12,  2.75s/it]
 86%|████████▌ | 431/500 [20:43<03:14,  2.82s/it]
 86%|████████▋ | 432/500 [20:47<03:33,  3.15s/it]
 87%|████████▋ | 433/500 [20:51<03:48,  3.41s/it]
 87%|████████▋ | 434/500 [20:53<03:24,  3.10s/it]
 87%|████████▋ | 435/500 [20:56<03:22,  3.12s/it]
 87%|████████▋ | 436/500 [20:59<03:09,  2.97s/it]
 87%|████████▋ | 437/500 [21:02<03:08,  3.00s/it]
 88%|████████▊ | 438/500 [21:05<02:59,  2.89s/it]
 88%|████████▊ | 439/500 [21:07<02:51,  2.82s/it]
 88%|████████▊ | 440/500 [21:10<02:54,  2.91s/it]
 88%|████████▊ | 441/500 [21:13<02:48,  2.86s/it]
 88%|████████▊ | 442/500 [21:16<02:44,  2.84s/it]
 89%|████████▊ | 443/500 [21:18<02:31,  2.65s/it]
 89%|████████▉ | 445/500 [21:21<02:00,  2.19s/it]
 89%|████████▉ | 446/500 [21:23<01:56,  2.16s/it]
 89%|████████▉ | 447/500 [21:26<01:52,  2.12s/it]
 90%|████████▉ | 449/500 [21:28<01:33,  1.83s/it]
 90%|█████████ | 450/500 [21:31<01:45,  2.11s/it]
 90%|█████████ | 451/500 [21:34<01:50,  2.25s/it]
 90%|█████████ | 452/500 [21:37<02:02,  2.54s/it]
 91%|█████████ | 453/500 [21:41<02:07,  2.72s/it]
 91%|█████████ | 454/500 [21:43<02:05,  2.73s/it]
 91%|█████████ | 455/500 [21:47<02:18,  3.08s/it]
 91%|█████████ | 456/500 [21:49<01:59,  2.71s/it]
 91%|█████████▏| 457/500 [21:52<01:54,  2.66s/it]
 92%|█████████▏| 458/500 [21:55<01:56,  2.77s/it]
 92%|█████████▏| 459/500 [21:58<02:03,  3.01s/it]
 92%|█████████▏| 460/500 [22:01<02:00,  3.00s/it]
 92%|█████████▏| 461/500 [22:03<01:46,  2.73s/it]
 92%|█████████▏| 462/500 [22:06<01:42,  2.70s/it]
 93%|█████████▎| 463/500 [22:10<01:57,  3.17s/it]
 93%|█████████▎| 464/500 [22:13<01:47,  2.99s/it]
 93%|█████████▎| 465/500 [22:15<01:34,  2.70s/it]
 93%|█████████▎| 466/500 [22:19<01:43,  3.06s/it]
 93%|█████████▎| 467/500 [22:23<01:56,  3.54s/it]
 94%|█████████▎| 468/500 [22:27<01:48,  3.41s/it]
 94%|█████████▍| 469/500 [22:29<01:39,  3.20s/it]
 94%|█████████▍| 470/500 [22:32<01:27,  2.93s/it]
 94%|█████████▍| 471/500 [22:34<01:20,  2.76s/it]
 94%|█████████▍| 472/500 [22:38<01:25,  3.05s/it]
 95%|█████████▍| 473/500 [22:40<01:17,  2.86s/it]
 95%|█████████▍| 474/500 [22:43<01:13,  2.83s/it]
 95%|█████████▌| 475/500 [22:46<01:09,  2.79s/it]
 95%|█████████▌| 476/500 [22:49<01:09,  2.90s/it]
 95%|█████████▌| 477/500 [22:51<01:02,  2.70s/it]
 96%|█████████▌| 478/500 [22:54<01:01,  2.82s/it]
 96%|█████████▌| 479/500 [22:56<00:52,  2.50s/it]
 96%|█████████▌| 480/500 [22:58<00:49,  2.49s/it]
 96%|█████████▌| 481/500 [23:01<00:47,  2.51s/it]
 96%|█████████▋| 482/500 [23:04<00:47,  2.63s/it]
 97%|█████████▋| 483/500 [23:06<00:40,  2.39s/it]
 97%|█████████▋| 484/500 [23:08<00:37,  2.36s/it]
 97%|█████████▋| 485/500 [23:11<00:40,  2.68s/it]
 97%|█████████▋| 487/500 [23:14<00:27,  2.10s/it]
 98%|█████████▊| 488/500 [23:17<00:28,  2.41s/it]
 98%|█████████▊| 489/500 [23:20<00:28,  2.57s/it]
 98%|█████████▊| 490/500 [23:23<00:25,  2.60s/it]
 98%|█████████▊| 491/500 [23:26<00:23,  2.59s/it]
 98%|█████████▊| 492/500 [23:29<00:22,  2.84s/it]
 99%|█████████▊| 493/500 [23:31<00:17,  2.43s/it]
 99%|█████████▉| 495/500 [23:35<00:11,  2.37s/it]
 99%|█████████▉| 496/500 [23:38<00:09,  2.48s/it]
 99%|█████████▉| 497/500 [23:40<00:07,  2.44s/it]
100%|█████████▉| 498/500 [23:42<00:04,  2.33s/it]
100%|█████████▉| 499/500 [23:45<00:02,  2.46s/it]
100%|██████████| 500/500 [23:49<00:00,  2.72s/it]
100%|██████████| 500/500 [23:49<00:00,  2.86s/it]
{"run_dir": "C:\\Users\\jv624\\Desktop\\fsm_reliability\\outputs\\cstr_grounding\\20261001_112727_20260929_214136_llama-32-3b-instruct_v4_v31_r0_withcert", "status": {"not_eligible": 26, "ok": 474}, "tf_agreement": 0.9906}
