python.exe : W1004 22:52:59.732000 4704 site-packages\torch\utils\flop_counter.py:29] triton not found; flop counting 
will not work for triton kernels
At C:\Users\jv624\Desktop\fsm_reliability\outputs\closed_loop_models_v2.ps1:18 char:5
+     & $py @(@("-m", "scripts.42_cstr_closed_loop", "--dataset_dir", " ...
+     ~~~~~~~~~~~~~~~~~~~~~~~~~~~~~~~~~~~~~~~~~~~~~~~~~~~~~~~~~~~~~~~~~
    + CategoryInfo          : NotSpecified: (W1004 22:52:59.... triton kernels:String) [], RemoteException
    + FullyQualifiedErrorId : NativeCommandError
 

Loading weights:   0%|          | 0/339 [00:00<?, ?it/s]
Loading weights:   0%|          | 1/339 [00:00<04:22,  1.29it/s]
Loading weights:   1%|          | 2/339 [00:01<05:04,  1.11it/s]
Loading weights:   1%|          | 4/339 [00:02<02:20,  2.38it/s]
Loading weights:   1%|ΓûÅ         | 5/339 [00:02<01:51,  2.98it/s]
Loading weights:   2%|ΓûÅ         | 6/339 [00:02<01:32,  3.62it/s]
Loading weights:   5%|Γûì         | 16/339 [00:02<00:22, 14.58it/s]
Loading weights:   5%|Γûî         | 18/339 [00:02<00:23, 13.52it/s]
Loading weights:   8%|Γûè         | 28/339 [00:02<00:12, 25.32it/s]
Loading weights:   9%|Γûë         | 32/339 [00:03<00:12, 24.47it/s]
Loading weights:  12%|ΓûêΓûÅ        | 40/339 [00:03<00:09, 32.22it/s]
Loading weights:  13%|ΓûêΓûÄ        | 44/339 [00:03<00:10, 28.67it/s]
Loading weights:  15%|ΓûêΓûî        | 52/339 [00:03<00:07, 35.99it/s]
Loading weights:  17%|ΓûêΓûï        | 57/339 [00:03<00:08, 31.64it/s]
Loading weights:  19%|ΓûêΓûë        | 64/339 [00:03<00:07, 35.77it/s]
Loading weights:  20%|ΓûêΓûê        | 68/339 [00:04<00:08, 31.52it/s]
Loading weights:  22%|ΓûêΓûêΓûÅ       | 76/339 [00:04<00:06, 39.55it/s]
Loading weights:  24%|ΓûêΓûêΓûì       | 81/339 [00:04<00:07, 35.66it/s]
Loading weights:  26%|ΓûêΓûêΓûî       | 88/339 [00:04<00:06, 41.23it/s]
Loading weights:  27%|ΓûêΓûêΓûï       | 93/339 [00:04<00:06, 37.89it/s]
Loading weights:  29%|ΓûêΓûêΓûë       | 100/339 [00:04<00:05, 43.61it/s]
Loading weights:  31%|ΓûêΓûêΓûê       | 105/339 [00:04<00:05, 39.55it/s]
Loading weights:  33%|ΓûêΓûêΓûêΓûÄ      | 112/339 [00:05<00:05, 44.23it/s]
Loading weights:  35%|ΓûêΓûêΓûêΓûì      | 117/339 [00:05<00:05, 39.82it/s]
Loading weights:  37%|ΓûêΓûêΓûêΓûï      | 124/339 [00:05<00:04, 43.90it/s]
Loading weights:  38%|ΓûêΓûêΓûêΓûè      | 129/339 [00:05<00:05, 38.87it/s]
Loading weights:  40%|ΓûêΓûêΓûêΓûê      | 136/339 [00:05<00:04, 43.16it/s]
Loading weights:  42%|ΓûêΓûêΓûêΓûêΓûÅ     | 141/339 [00:05<00:05, 39.24it/s]
Loading weights:  44%|ΓûêΓûêΓûêΓûêΓûÄ     | 148/339 [00:05<00:04, 44.79it/s]
Loading weights:  45%|ΓûêΓûêΓûêΓûêΓûî     | 153/339 [00:06<00:04, 39.77it/s]
Loading weights:  47%|ΓûêΓûêΓûêΓûêΓûï     | 160/339 [00:06<00:03, 45.17it/s]
Loading weights:  49%|ΓûêΓûêΓûêΓûêΓûè     | 165/339 [00:06<00:04, 39.89it/s]
Loading weights:  51%|ΓûêΓûêΓûêΓûêΓûê     | 172/339 [00:06<00:03, 43.54it/s]
Loading weights:  52%|ΓûêΓûêΓûêΓûêΓûêΓûÅ    | 177/339 [00:06<00:04, 38.26it/s]
Loading weights:  54%|ΓûêΓûêΓûêΓûêΓûêΓûì    | 184/339 [00:06<00:03, 43.29it/s]
Loading weights:  56%|ΓûêΓûêΓûêΓûêΓûêΓûî    | 189/339 [00:06<00:03, 38.14it/s]
Loading weights:  58%|ΓûêΓûêΓûêΓûêΓûêΓûè    | 196/339 [00:07<00:03, 43.33it/s]
Loading weights:  59%|ΓûêΓûêΓûêΓûêΓûêΓûë    | 201/339 [00:07<00:03, 38.37it/s]
Loading weights:  61%|ΓûêΓûêΓûêΓûêΓûêΓûêΓûÅ   | 208/339 [00:07<00:03, 42.26it/s]
Loading weights:  63%|ΓûêΓûêΓûêΓûêΓûêΓûêΓûÄ   | 213/339 [00:07<00:03, 35.71it/s]
Loading weights:  65%|ΓûêΓûêΓûêΓûêΓûêΓûêΓûì   | 220/339 [00:07<00:02, 40.86it/s]
Loading weights:  66%|ΓûêΓûêΓûêΓûêΓûêΓûêΓûï   | 225/339 [00:07<00:03, 37.11it/s]
Loading weights:  68%|ΓûêΓûêΓûêΓûêΓûêΓûêΓûè   | 232/339 [00:07<00:02, 42.11it/s]
Loading weights:  70%|ΓûêΓûêΓûêΓûêΓûêΓûêΓûë   | 237/339 [00:08<00:02, 37.15it/s]
Loading weights:  72%|ΓûêΓûêΓûêΓûêΓûêΓûêΓûêΓûÅ  | 244/339 [00:08<00:02, 42.47it/s]
Loading weights:  73%|ΓûêΓûêΓûêΓûêΓûêΓûêΓûêΓûÄ  | 249/339 [00:08<00:02, 37.19it/s]
Loading weights:  76%|ΓûêΓûêΓûêΓûêΓûêΓûêΓûêΓûî  | 256/339 [00:08<00:01, 42.46it/s]
Loading weights:  77%|ΓûêΓûêΓûêΓûêΓûêΓûêΓûêΓûï  | 261/339 [00:08<00:02, 38.11it/s]
Loading weights:  79%|ΓûêΓûêΓûêΓûêΓûêΓûêΓûêΓûë  | 268/339 [00:08<00:01, 42.27it/s]
Loading weights:  81%|ΓûêΓûêΓûêΓûêΓûêΓûêΓûêΓûê  | 273/339 [00:09<00:01, 37.99it/s]
Loading weights:  83%|ΓûêΓûêΓûêΓûêΓûêΓûêΓûêΓûêΓûÄ | 280/339 [00:09<00:01, 42.86it/s]
Loading weights:  84%|ΓûêΓûêΓûêΓûêΓûêΓûêΓûêΓûêΓûì | 285/339 [00:09<00:01, 38.35it/s]
Loading weights:  86%|ΓûêΓûêΓûêΓûêΓûêΓûêΓûêΓûêΓûî | 292/339 [00:09<00:01, 42.69it/s]
Loading weights:  88%|ΓûêΓûêΓûêΓûêΓûêΓûêΓûêΓûêΓûè | 297/339 [00:09<00:01, 37.62it/s]
Loading weights:  90%|ΓûêΓûêΓûêΓûêΓûêΓûêΓûêΓûêΓûë | 304/339 [00:09<00:00, 42.77it/s]
Loading weights:  91%|ΓûêΓûêΓûêΓûêΓûêΓûêΓûêΓûêΓûê | 309/339 [00:09<00:00, 38.40it/s]
Loading weights:  93%|ΓûêΓûêΓûêΓûêΓûêΓûêΓûêΓûêΓûêΓûÄ| 316/339 [00:10<00:00, 43.18it/s]
Loading weights:  95%|ΓûêΓûêΓûêΓûêΓûêΓûêΓûêΓûêΓûêΓûì| 321/339 [00:10<00:00, 38.51it/s]
Loading weights:  97%|ΓûêΓûêΓûêΓûêΓûêΓûêΓûêΓûêΓûêΓûï| 328/339 [00:10<00:00, 43.10it/s]
Loading weights:  98%|ΓûêΓûêΓûêΓûêΓûêΓûêΓûêΓûêΓûêΓûè| 333/339 [00:10<00:00, 37.93it/s]
Loading weights: 100%|ΓûêΓûêΓûêΓûêΓûêΓûêΓûêΓûêΓûêΓûê| 339/339 [00:10<00:00, 32.03it/s]
[1/400] cstr_closedloop_00000 cool_stuck_closed: recovered {'always_validate': 0, 'never_validate': 0, 'observables_probe': 0, 'combined_probe': 0, 'random_matched': 0, 'internals_probe': 0} | cache 7 gens | 2.3 min
[2/400] cstr_closedloop_00001 fouling: recovered {'always_validate': 0, 'never_validate': 0, 'observables_probe': 0, 'combined_probe': 0, 'random_matched': 0, 'internals_probe': 0} | cache 11 gens | 5.0 min
[3/400] cstr_closedloop_00002 fouling: recovered {'always_validate': 0, 'never_validate': 0, 'observables_probe': 0, 'combined_probe': 0, 'random_matched': 0, 'internals_probe': 0} | cache 6 gens | 6.4 min
[4/400] cstr_closedloop_00003 cool_stuck_closed: recovered {'always_validate': 0, 'never_validate': 0, 'observables_probe': 0, 'combined_probe': 0, 'random_matched': 0, 'internals_probe': 0} | cache 10 gens | 9.2 min
[5/400] cstr_closedloop_00004 outlet_block: recovered {'always_validate': 0, 'never_validate': 0, 'observables_probe': 0, 'combined_probe': 0, 'random_matched': 0, 'internals_probe': 0} | cache 6 gens | 10.7 min
[6/400] cstr_closedloop_00005 fouling: recovered {'always_validate': 0, 'never_validate': 0, 'observables_probe': 0, 'combined_probe': 0, 'random_matched': 0, 'internals_probe': 0} | cache 5 gens | 12.0 min
[7/400] cstr_closedloop_00006 pump_degrade: recovered {'always_validate': 1, 'never_validate': 0, 'observables_probe': 0, 'combined_probe': 1, 'random_matched': 0, 'internals_probe': 1} | cache 5 gens | 13.2 min
[8/400] cstr_closedloop_00007 pump_degrade: recovered {'always_validate': 0, 'never_validate': 0, 'observables_probe': 0, 'combined_probe': 0, 'random_matched': 0, 'internals_probe': 0} | cache 1 gens | 13.4 min
[9/400] cstr_closedloop_00008 pump_degrade: recovered {'always_validate': 1, 'never_validate': 0, 'observables_probe': 1, 'combined_probe': 0, 'random_matched': 0, 'internals_probe': 1} | cache 9 gens | 16.1 min
[10/400] cstr_closedloop_00009 fouling: recovered {'always_validate': 0, 'never_validate': 0, 'observables_probe': 0, 'combined_probe': 0, 'random_matched': 0, 'internals_probe': 0} | cache 6 gens | 17.4 min
[11/400] cstr_closedloop_00010 outlet_block: recovered {'always_validate': 1, 'never_validate': 0, 'observables_probe': 0, 'combined_probe': 1, 'random_matched': 0, 'internals_probe': 1} | cache 7 gens | 19.0 min
[12/400] cstr_closedloop_00011 outlet_block: recovered {'always_validate': 0, 'never_validate': 0, 'observables_probe': 0, 'combined_probe': 0, 'random_matched': 0, 'internals_probe': 0} | cache 13 gens | 22.1 min
[13/400] cstr_closedloop_00012 cool_stuck_closed: recovered {'always_validate': 0, 'never_validate': 0, 'observables_probe': 0, 'combined_probe': 0, 'random_matched': 0, 'internals_probe': 0} | cache 12 gens | 25.2 min
[14/400] cstr_closedloop_00013 outlet_block: recovered {'always_validate': 0, 'never_validate': 0, 'observables_probe': 0, 'combined_probe': 0, 'random_matched': 0, 'internals_probe': 0} | cache 12 gens | 28.3 min
[15/400] cstr_closedloop_00014 pump_degrade: recovered {'always_validate': 1, 'never_validate': 1, 'observables_probe': 1, 'combined_probe': 1, 'random_matched': 1, 'internals_probe': 1} | cache 2 gens | 29.0 min
[16/400] cstr_closedloop_00015 cool_stuck_closed: recovered {'always_validate': 0, 'never_validate': 0, 'observables_probe': 0, 'combined_probe': 0, 'random_matched': 0, 'internals_probe': 0} | cache 9 gens | 31.1 min
[17/400] cstr_closedloop_00016 pump_degrade: recovered {'always_validate': 1, 'never_validate': 1, 'observables_probe': 1, 'combined_probe': 1, 'random_matched': 0, 'internals_probe': 1} | cache 2 gens | 31.6 min
[18/400] cstr_closedloop_00017 cool_stuck_closed: recovered {'always_validate': 0, 'never_validate': 0, 'observables_probe': 0, 'combined_probe': 0, 'random_matched': 0, 'internals_probe': 0} | cache 8 gens | 33.7 min
[19/400] cstr_closedloop_00018 cool_stuck_closed: recovered {'always_validate': 0, 'never_validate': 0, 'observables_probe': 0, 'combined_probe': 0, 'random_matched': 0, 'internals_probe': 0} | cache 9 gens | 36.6 min
[20/400] cstr_closedloop_00019 pump_degrade: recovered {'always_validate': 0, 'never_validate': 0, 'observables_probe': 0, 'combined_probe': 0, 'random_matched': 0, 'internals_probe': 0} | cache 4 gens | 37.5 min
[21/400] cstr_closedloop_00020 outlet_block: recovered {'always_validate': 0, 'never_validate': 0, 'observables_probe': 0, 'combined_probe': 0, 'random_matched': 0, 'internals_probe': 0} | cache 1 gens | 37.7 min
[22/400] cstr_closedloop_00021 outlet_block: recovered {'always_validate': 1, 'never_validate': 1, 'observables_probe': 1, 'combined_probe': 1, 'random_matched': 1, 'internals_probe': 1} | cache 2 gens | 38.3 min
[23/400] cstr_closedloop_00022 cool_stuck_closed: recovered {'always_validate': 0, 'never_validate': 0, 'observables_probe': 0, 'combined_probe': 0, 'random_matched': 0, 'internals_probe': 0} | cache 9 gens | 41.0 min
[24/400] cstr_closedloop_00023 outlet_block: recovered {'always_validate': 1, 'never_validate': 1, 'observables_probe': 1, 'combined_probe': 1, 'random_matched': 0, 'internals_probe': 1} | cache 6 gens | 42.6 min
[25/400] cstr_closedloop_00024 fouling: recovered {'always_validate': 0, 'never_validate': 0, 'observables_probe': 0, 'combined_probe': 0, 'random_matched': 0, 'internals_probe': 0} | cache 8 gens | 44.5 min
[26/400] cstr_closedloop_00025 cool_stuck_closed: recovered {'always_validate': 0, 'never_validate': 0, 'observables_probe': 0, 'combined_probe': 0, 'random_matched': 0, 'internals_probe': 0} | cache 3 gens | 45.3 min
[27/400] cstr_closedloop_00026 pump_degrade: recovered {'always_validate': 0, 'never_validate': 0, 'observables_probe': 0, 'combined_probe': 0, 'random_matched': 0, 'internals_probe': 0} | cache 7 gens | 46.9 min
[28/400] cstr_closedloop_00027 pump_degrade: recovered {'always_validate': 0, 'never_validate': 0, 'observables_probe': 0, 'combined_probe': 0, 'random_matched': 0, 'internals_probe': 1} | cache 11 gens | 50.0 min
[29/400] cstr_closedloop_00028 outlet_block: recovered {'always_validate': 1, 'never_validate': 1, 'observables_probe': 1, 'combined_probe': 1, 'random_matched': 1, 'internals_probe': 1} | cache 1 gens | 50.4 min
[30/400] cstr_closedloop_00029 outlet_block: recovered {'always_validate': 0, 'never_validate': 0, 'observables_probe': 0, 'combined_probe': 0, 'random_matched': 0, 'internals_probe': 0} | cache 10 gens | 53.3 min
[31/400] cstr_closedloop_00030 cool_stuck_closed: recovered {'always_validate': 0, 'never_validate': 0, 'observables_probe': 0, 'combined_probe': 0, 'random_matched': 0, 'internals_probe': 0} | cache 8 gens | 55.5 min
[32/400] cstr_closedloop_00031 pump_degrade: recovered {'always_validate': 1, 'never_validate': 1, 'observables_probe': 1, 'combined_probe': 1, 'random_matched': 0, 'internals_probe': 1} | cache 4 gens | 56.4 min
[33/400] cstr_closedloop_00032 outlet_block: recovered {'always_validate': 1, 'never_validate': 0, 'observables_probe': 1, 'combined_probe': 0, 'random_matched': 0, 'internals_probe': 1} | cache 6 gens | 58.2 min
[34/400] cstr_closedloop_00033 outlet_block: recovered {'always_validate': 1, 'never_validate': 0, 'observables_probe': 0, 'combined_probe': 0, 'random_matched': 0, 'internals_probe': 1} | cache 13 gens | 61.4 min
[35/400] cstr_closedloop_00034 cool_stuck_closed: recovered {'always_validate': 1, 'never_validate': 0, 'observables_probe': 0, 'combined_probe': 1, 'random_matched': 0, 'internals_probe': 0} | cache 4 gens | 62.5 min
[36/400] cstr_closedloop_00035 pump_degrade: recovered {'always_validate': 1, 'never_validate': 0, 'observables_probe': 0, 'combined_probe': 0, 'random_matched': 0, 'internals_probe': 1} | cache 8 gens | 64.3 min
[37/400] cstr_closedloop_00036 outlet_block: recovered {'always_validate': 1, 'never_validate': 1, 'observables_probe': 1, 'combined_probe': 1, 'random_matched': 1, 'internals_probe': 1} | cache 1 gens | 64.7 min
[38/400] cstr_closedloop_00037 cool_stuck_closed: recovered {'always_validate': 0, 'never_validate': 0, 'observables_probe': 0, 'combined_probe': 0, 'random_matched': 0, 'internals_probe': 0} | cache 4 gens | 65.7 min
[39/400] cstr_closedloop_00038 outlet_block: recovered {'always_validate': 1, 'never_validate': 1, 'observables_probe': 1, 'combined_probe': 1, 'random_matched': 1, 'internals_probe': 1} | cache 3 gens | 66.7 min
[40/400] cstr_closedloop_00039 fouling: recovered {'always_validate': 0, 'never_validate': 0, 'observables_probe': 0, 'combined_probe': 0, 'random_matched': 0, 'internals_probe': 0} | cache 8 gens | 68.8 min
[41/400] cstr_closedloop_00040 outlet_block: recovered {'always_validate': 1, 'never_validate': 0, 'observables_probe': 0, 'combined_probe': 0, 'random_matched': 0, 'internals_probe': 1} | cache 6 gens | 70.5 min
[42/400] cstr_closedloop_00041 pump_degrade: recovered {'always_validate': 1, 'never_validate': 0, 'observables_probe': 1, 'combined_probe': 0, 'random_matched': 1, 'internals_probe': 1} | cache 6 gens | 72.2 min
[43/400] cstr_closedloop_00042 pump_degrade: recovered {'always_validate': 1, 'never_validate': 1, 'observables_probe': 1, 'combined_probe': 1, 'random_matched': 0, 'internals_probe': 1} | cache 5 gens | 73.3 min
[44/400] cstr_closedloop_00043 outlet_block: recovered {'always_validate': 1, 'never_validate': 0, 'observables_probe': 0, 'combined_probe': 0, 'random_matched': 1, 'internals_probe': 1} | cache 7 gens | 75.6 min
[45/400] cstr_closedloop_00044 cool_stuck_closed: recovered {'always_validate': 0, 'never_validate': 0, 'observables_probe': 0, 'combined_probe': 0, 'random_matched': 0, 'internals_probe': 0} | cache 8 gens | 77.8 min
[46/400] cstr_closedloop_00045 outlet_block: recovered {'always_validate': 0, 'never_validate': 0, 'observables_probe': 0, 'combined_probe': 0, 'random_matched': 0, 'internals_probe': 0} | cache 9 gens | 79.7 min
[47/400] cstr_closedloop_00046 fouling: recovered {'always_validate': 0, 'never_validate': 0, 'observables_probe': 0, 'combined_probe': 0, 'random_matched': 0, 'internals_probe': 0} | cache 7 gens | 81.4 min
[48/400] cstr_closedloop_00047 fouling: recovered {'always_validate': 0, 'never_validate': 0, 'observables_probe': 0, 'combined_probe': 0, 'random_matched': 0, 'internals_probe': 0} | cache 9 gens | 83.6 min
[49/400] cstr_closedloop_00048 cool_stuck_closed: recovered {'always_validate': 0, 'never_validate': 0, 'observables_probe': 0, 'combined_probe': 0, 'random_matched': 0, 'internals_probe': 0} | cache 11 gens | 86.5 min
[50/400] cstr_closedloop_00049 pump_degrade: recovered {'always_validate': 1, 'never_validate': 0, 'observables_probe': 0, 'combined_probe': 0, 'random_matched': 0, 'internals_probe': 0} | cache 13 gens | 89.6 min
[51/400] cstr_closedloop_00050 fouling: recovered {'always_validate': 1, 'never_validate': 0, 'observables_probe': 0, 'combined_probe': 0, 'random_matched': 0, 'internals_probe': 0} | cache 6 gens | 91.0 min
[52/400] cstr_closedloop_00051 pump_degrade: recovered {'always_validate': 0, 'never_validate': 0, 'observables_probe': 1, 'combined_probe': 0, 'random_matched': 0, 'internals_probe': 0} | cache 12 gens | 94.1 min
[53/400] cstr_closedloop_00052 cool_stuck_closed: recovered {'always_validate': 0, 'never_validate': 0, 'observables_probe': 0, 'combined_probe': 0, 'random_matched': 0, 'internals_probe': 0} | cache 10 gens | 96.9 min
[54/400] cstr_closedloop_00053 pump_degrade: recovered {'always_validate': 0, 'never_validate': 0, 'observables_probe': 0, 'combined_probe': 0, 'random_matched': 0, 'internals_probe': 0} | cache 5 gens | 98.2 min
[55/400] cstr_closedloop_00054 cool_stuck_closed: recovered {'always_validate': 0, 'never_validate': 0, 'observables_probe': 0, 'combined_probe': 0, 'random_matched': 0, 'internals_probe': 0} | cache 11 gens | 101.2 min
[56/400] cstr_closedloop_00055 fouling: recovered {'always_validate': 0, 'never_validate': 0, 'observables_probe': 0, 'combined_probe': 0, 'random_matched': 0, 'internals_probe': 0} | cache 5 gens | 102.4 min
[57/400] cstr_closedloop_00056 cool_stuck_closed: recovered {'always_validate': 1, 'never_validate': 1, 'observables_probe': 0, 'combined_probe': 1, 'random_matched': 0, 'internals_probe': 1} | cache 6 gens | 104.5 min
[58/400] cstr_closedloop_00057 cool_stuck_closed: recovered {'always_validate': 0, 'never_validate': 0, 'observables_probe': 0, 'combined_probe': 0, 'random_matched': 0, 'internals_probe': 0} | cache 5 gens | 105.7 min
[59/400] cstr_closedloop_00058 cool_stuck_closed: recovered {'always_validate': 0, 'never_validate': 0, 'observables_probe': 0, 'combined_probe': 0, 'random_matched': 0, 'internals_probe': 0} | cache 5 gens | 106.9 min
[60/400] cstr_closedloop_00059 fouling: recovered {'always_validate': 0, 'never_validate': 0, 'observables_probe': 0, 'combined_probe': 0, 'random_matched': 0, 'internals_probe': 0} | cache 8 gens | 109.3 min
[61/400] cstr_closedloop_00060 cool_stuck_closed: recovered {'always_validate': 0, 'never_validate': 0, 'observables_probe': 0, 'combined_probe': 0, 'random_matched': 0, 'internals_probe': 0} | cache 5 gens | 110.8 min
[62/400] cstr_closedloop_00061 pump_degrade: recovered {'always_validate': 1, 'never_validate': 1, 'observables_probe': 1, 'combined_probe': 1, 'random_matched': 1, 'internals_probe': 1} | cache 1 gens | 111.1 min
[63/400] cstr_closedloop_00062 cool_stuck_closed: recovered {'always_validate': 1, 'never_validate': 1, 'observables_probe': 0, 'combined_probe': 1, 'random_matched': 1, 'internals_probe': 1} | cache 4 gens | 112.3 min
[64/400] cstr_closedloop_00063 outlet_block: recovered {'always_validate': 0, 'never_validate': 0, 'observables_probe': 0, 'combined_probe': 0, 'random_matched': 0, 'internals_probe': 0} | cache 12 gens | 115.1 min
[65/400] cstr_closedloop_00064 outlet_block: recovered {'always_validate': 1, 'never_validate': 0, 'observables_probe': 0, 'combined_probe': 1, 'random_matched': 0, 'internals_probe': 1} | cache 6 gens | 116.8 min
[66/400] cstr_closedloop_00065 pump_degrade: recovered {'always_validate': 1, 'never_validate': 1, 'observables_probe': 1, 'combined_probe': 1, 'random_matched': 0, 'internals_probe': 1} | cache 2 gens | 117.3 min
[67/400] cstr_closedloop_00066 outlet_block: recovered {'always_validate': 1, 'never_validate': 0, 'observables_probe': 0, 'combined_probe': 0, 'random_matched': 0, 'internals_probe': 1} | cache 6 gens | 118.7 min
[68/400] cstr_closedloop_00067 outlet_block: recovered {'always_validate': 0, 'never_validate': 0, 'observables_probe': 0, 'combined_probe': 0, 'random_matched': 0, 'internals_probe': 0} | cache 9 gens | 121.1 min
[69/400] cstr_closedloop_00068 pump_degrade: recovered {'always_validate': 1, 'never_validate': 0, 'observables_probe': 1, 'combined_probe': 1, 'random_matched': 0, 'internals_probe': 0} | cache 6 gens | 122.8 min
[70/400] cstr_closedloop_00069 pump_degrade: recovered {'always_validate': 1, 'never_validate': 1, 'observables_probe': 0, 'combined_probe': 1, 'random_matched': 1, 'internals_probe': 1} | cache 2 gens | 123.5 min
[71/400] cstr_closedloop_00070 fouling: recovered {'always_validate': 0, 'never_validate': 0, 'observables_probe': 0, 'combined_probe': 0, 'random_matched': 0, 'internals_probe': 0} | cache 6 gens | 124.8 min
[72/400] cstr_closedloop_00071 pump_degrade: recovered {'always_validate': 0, 'never_validate': 0, 'observables_probe': 0, 'combined_probe': 0, 'random_matched': 0, 'internals_probe': 0} | cache 6 gens | 126.9 min
[73/400] cstr_closedloop_00072 cool_stuck_closed: recovered {'always_validate': 1, 'never_validate': 0, 'observables_probe': 0, 'combined_probe': 0, 'random_matched': 0, 'internals_probe': 0} | cache 7 gens | 128.7 min
[74/400] cstr_closedloop_00073 outlet_block: recovered {'always_validate': 1, 'never_validate': 1, 'observables_probe': 1, 'combined_probe': 1, 'random_matched': 1, 'internals_probe': 1} | cache 3 gens | 129.6 min
[75/400] cstr_closedloop_00074 cool_stuck_closed: recovered {'always_validate': 1, 'never_validate': 1, 'observables_probe': 1, 'combined_probe': 1, 'random_matched': 1, 'internals_probe': 1} | cache 4 gens | 130.9 min
[76/400] cstr_closedloop_00075 pump_degrade: recovered {'always_validate': 0, 'never_validate': 0, 'observables_probe': 0, 'combined_probe': 0, 'random_matched': 0, 'internals_probe': 0} | cache 11 gens | 134.1 min
[77/400] cstr_closedloop_00076 fouling: recovered {'always_validate': 0, 'never_validate': 0, 'observables_probe': 0, 'combined_probe': 0, 'random_matched': 0, 'internals_probe': 0} | cache 3 gens | 134.8 min
[78/400] cstr_closedloop_00077 pump_degrade: recovered {'always_validate': 1, 'never_validate': 1, 'observables_probe': 1, 'combined_probe': 1, 'random_matched': 0, 'internals_probe': 1} | cache 2 gens | 135.4 min
[79/400] cstr_closedloop_00078 outlet_block: recovered {'always_validate': 1, 'never_validate': 1, 'observables_probe': 1, 'combined_probe': 1, 'random_matched': 1, 'internals_probe': 1} | cache 2 gens | 136.0 min
[80/400] cstr_closedloop_00079 outlet_block: recovered {'always_validate': 1, 'never_validate': 0, 'observables_probe': 0, 'combined_probe': 0, 'random_matched': 1, 'internals_probe': 1} | cache 8 gens | 138.0 min
[81/400] cstr_closedloop_00080 cool_stuck_closed: recovered {'always_validate': 0, 'never_validate': 0, 'observables_probe': 0, 'combined_probe': 0, 'random_matched': 0, 'internals_probe': 0} | cache 7 gens | 139.9 min
[82/400] cstr_closedloop_00081 fouling: recovered {'always_validate': 0, 'never_validate': 0, 'observables_probe': 0, 'combined_probe': 0, 'random_matched': 0, 'internals_probe': 0} | cache 10 gens | 142.2 min
[83/400] cstr_closedloop_00082 fouling: recovered {'always_validate': 0, 'never_validate': 0, 'observables_probe': 0, 'combined_probe': 0, 'random_matched': 0, 'internals_probe': 0} | cache 9 gens | 144.6 min
[84/400] cstr_closedloop_00083 cool_stuck_closed: recovered {'always_validate': 0, 'never_validate': 0, 'observables_probe': 0, 'combined_probe': 0, 'random_matched': 0, 'internals_probe': 0} | cache 7 gens | 146.8 min
[85/400] cstr_closedloop_00084 pump_degrade: recovered {'always_validate': 0, 'never_validate': 0, 'observables_probe': 1, 'combined_probe': 1, 'random_matched': 0, 'internals_probe': 0} | cache 8 gens | 149.3 min
[86/400] cstr_closedloop_00085 cool_stuck_closed: recovered {'always_validate': 0, 'never_validate': 0, 'observables_probe': 0, 'combined_probe': 1, 'random_matched': 0, 'internals_probe': 0} | cache 9 gens | 151.5 min
[87/400] cstr_closedloop_00086 cool_stuck_closed: recovered {'always_validate': 0, 'never_validate': 0, 'observables_probe': 0, 'combined_probe': 0, 'random_matched': 0, 'internals_probe': 0} | cache 6 gens | 153.1 min
[88/400] cstr_closedloop_00087 outlet_block: recovered {'always_validate': 1, 'never_validate': 1, 'observables_probe': 1, 'combined_probe': 1, 'random_matched': 1, 'internals_probe': 1} | cache 3 gens | 154.1 min
[89/400] cstr_closedloop_00088 outlet_block: recovered {'always_validate': 0, 'never_validate': 0, 'observables_probe': 0, 'combined_probe': 0, 'random_matched': 0, 'internals_probe': 0} | cache 7 gens | 155.9 min
[90/400] cstr_closedloop_00089 fouling: recovered {'always_validate': 0, 'never_validate': 0, 'observables_probe': 0, 'combined_probe': 0, 'random_matched': 0, 'internals_probe': 0} | cache 5 gens | 156.9 min
[91/400] cstr_closedloop_00090 pump_degrade: recovered {'always_validate': 0, 'never_validate': 0, 'observables_probe': 0, 'combined_probe': 0, 'random_matched': 0, 'internals_probe': 0} | cache 1 gens | 157.1 min
[92/400] cstr_closedloop_00091 outlet_block: recovered {'always_validate': 0, 'never_validate': 0, 'observables_probe': 0, 'combined_probe': 0, 'random_matched': 0, 'internals_probe': 0} | cache 6 gens | 158.8 min
[93/400] cstr_closedloop_00092 outlet_block: recovered {'always_validate': 0, 'never_validate': 0, 'observables_probe': 0, 'combined_probe': 0, 'random_matched': 0, 'internals_probe': 0} | cache 5 gens | 160.2 min
[94/400] cstr_closedloop_00093 outlet_block: recovered {'always_validate': 1, 'never_validate': 0, 'observables_probe': 0, 'combined_probe': 1, 'random_matched': 1, 'internals_probe': 1} | cache 8 gens | 162.1 min
[95/400] cstr_closedloop_00094 fouling: recovered {'always_validate': 0, 'never_validate': 0, 'observables_probe': 0, 'combined_probe': 0, 'random_matched': 0, 'internals_probe': 0} | cache 8 gens | 163.9 min
[96/400] cstr_closedloop_00095 cool_stuck_closed: recovered {'always_validate': 0, 'never_validate': 0, 'observables_probe': 0, 'combined_probe': 0, 'random_matched': 0, 'internals_probe': 0} | cache 7 gens | 165.8 min
[97/400] cstr_closedloop_00096 fouling: recovered {'always_validate': 0, 'never_validate': 0, 'observables_probe': 0, 'combined_probe': 0, 'random_matched': 0, 'internals_probe': 0} | cache 11 gens | 168.6 min
[98/400] cstr_closedloop_00097 pump_degrade: recovered {'always_validate': 1, 'never_validate': 1, 'observables_probe': 0, 'combined_probe': 1, 'random_matched': 0, 'internals_probe': 1} | cache 2 gens | 169.2 min
[99/400] cstr_closedloop_00098 pump_degrade: recovered {'always_validate': 0, 'never_validate': 0, 'observables_probe': 0, 'combined_probe': 0, 'random_matched': 0, 'internals_probe': 0} | cache 7 gens | 171.2 min
[100/400] cstr_closedloop_00099 outlet_block: recovered {'always_validate': 1, 'never_validate': 1, 'observables_probe': 1, 'combined_probe': 1, 'random_matched': 1, 'internals_probe': 1} | cache 2 gens | 171.8 min
[101/400] cstr_closedloop_00100 cool_stuck_closed: recovered {'always_validate': 0, 'never_validate': 0, 'observables_probe': 0, 'combined_probe': 0, 'random_matched': 0, 'internals_probe': 0} | cache 10 gens | 174.4 min
[102/400] cstr_closedloop_00101 outlet_block: recovered {'always_validate': 0, 'never_validate': 0, 'observables_probe': 0, 'combined_probe': 0, 'random_matched': 0, 'internals_probe': 0} | cache 11 gens | 177.6 min
[103/400] cstr_closedloop_00102 pump_degrade: recovered {'always_validate': 1, 'never_validate': 0, 'observables_probe': 0, 'combined_probe': 1, 'random_matched': 0, 'internals_probe': 1} | cache 3 gens | 178.3 min
[104/400] cstr_closedloop_00103 cool_stuck_closed: recovered {'always_validate': 0, 'never_validate': 0, 'observables_probe': 0, 'combined_probe': 0, 'random_matched': 0, 'internals_probe': 0} | cache 7 gens | 180.0 min
[105/400] cstr_closedloop_00104 outlet_block: recovered {'always_validate': 0, 'never_validate': 0, 'observables_probe': 1, 'combined_probe': 0, 'random_matched': 1, 'internals_probe': 0} | cache 12 gens | 183.2 min
[106/400] cstr_closedloop_00105 pump_degrade: recovered {'always_validate': 0, 'never_validate': 0, 'observables_probe': 0, 'combined_probe': 0, 'random_matched': 0, 'internals_probe': 0} | cache 10 gens | 185.6 min
[107/400] cstr_closedloop_00106 cool_stuck_closed: recovered {'always_validate': 0, 'never_validate': 0, 'observables_probe': 0, 'combined_probe': 0, 'random_matched': 0, 'internals_probe': 0} | cache 5 gens | 186.8 min
[108/400] cstr_closedloop_00107 outlet_block: recovered {'always_validate': 1, 'never_validate': 0, 'observables_probe': 1, 'combined_probe': 1, 'random_matched': 0, 'internals_probe': 1} | cache 7 gens | 188.5 min
[109/400] cstr_closedloop_00108 cool_stuck_closed: recovered {'always_validate': 0, 'never_validate': 0, 'observables_probe': 0, 'combined_probe': 0, 'random_matched': 0, 'internals_probe': 0} | cache 7 gens | 190.6 min
[110/400] cstr_closedloop_00109 cool_stuck_closed: recovered {'always_validate': 0, 'never_validate': 0, 'observables_probe': 0, 'combined_probe': 0, 'random_matched': 0, 'internals_probe': 0} | cache 5 gens | 192.1 min
[111/400] cstr_closedloop_00110 cool_stuck_closed: recovered {'always_validate': 0, 'never_validate': 0, 'observables_probe': 0, 'combined_probe': 0, 'random_matched': 0, 'internals_probe': 0} | cache 11 gens | 195.0 min
[112/400] cstr_closedloop_00111 outlet_block: recovered {'always_validate': 1, 'never_validate': 0, 'observables_probe': 0, 'combined_probe': 1, 'random_matched': 0, 'internals_probe': 1} | cache 6 gens | 196.5 min
[113/400] cstr_closedloop_00112 cool_stuck_closed: recovered {'always_validate': 0, 'never_validate': 0, 'observables_probe': 0, 'combined_probe': 0, 'random_matched': 0, 'internals_probe': 0} | cache 3 gens | 197.3 min
[114/400] cstr_closedloop_00113 pump_degrade: recovered {'always_validate': 1, 'never_validate': 0, 'observables_probe': 1, 'combined_probe': 1, 'random_matched': 0, 'internals_probe': 1} | cache 5 gens | 198.6 min
[115/400] cstr_closedloop_00114 outlet_block: recovered {'always_validate': 0, 'never_validate': 0, 'observables_probe': 0, 'combined_probe': 0, 'random_matched': 0, 'internals_probe': 1} | cache 11 gens | 201.6 min
[116/400] cstr_closedloop_00115 pump_degrade: recovered {'always_validate': 0, 'never_validate': 0, 'observables_probe': 0, 'combined_probe': 0, 'random_matched': 0, 'internals_probe': 0} | cache 11 gens | 204.4 min
[117/400] cstr_closedloop_00116 fouling: recovered {'always_validate': 0, 'never_validate': 0, 'observables_probe': 0, 'combined_probe': 0, 'random_matched': 0, 'internals_probe': 0} | cache 9 gens | 206.4 min
[118/400] cstr_closedloop_00117 fouling: recovered {'always_validate': 0, 'never_validate': 0, 'observables_probe': 0, 'combined_probe': 0, 'random_matched': 0, 'internals_probe': 0} | cache 9 gens | 208.3 min
[119/400] cstr_closedloop_00118 pump_degrade: recovered {'always_validate': 0, 'never_validate': 0, 'observables_probe': 0, 'combined_probe': 0, 'random_matched': 0, 'internals_probe': 0} | cache 9 gens | 210.7 min
[120/400] cstr_closedloop_00119 fouling: recovered {'always_validate': 0, 'never_validate': 0, 'observables_probe': 0, 'combined_probe': 0, 'random_matched': 0, 'internals_probe': 0} | cache 9 gens | 212.8 min
[121/400] cstr_closedloop_00120 cool_stuck_closed: recovered {'always_validate': 0, 'never_validate': 0, 'observables_probe': 0, 'combined_probe': 0, 'random_matched': 0, 'internals_probe': 0} | cache 11 gens | 215.7 min
[122/400] cstr_closedloop_00121 pump_degrade: recovered {'always_validate': 1, 'never_validate': 0, 'observables_probe': 1, 'combined_probe': 0, 'random_matched': 0, 'internals_probe': 1} | cache 12 gens | 219.5 min
[123/400] cstr_closedloop_00122 fouling: recovered {'always_validate': 0, 'never_validate': 0, 'observables_probe': 0, 'combined_probe': 0, 'random_matched': 0, 'internals_probe': 0} | cache 12 gens | 222.1 min
[124/400] cstr_closedloop_00123 pump_degrade: recovered {'always_validate': 1, 'never_validate': 0, 'observables_probe': 0, 'combined_probe': 0, 'random_matched': 0, 'internals_probe': 1} | cache 8 gens | 224.7 min
[125/400] cstr_closedloop_00124 fouling: recovered {'always_validate': 0, 'never_validate': 0, 'observables_probe': 0, 'combined_probe': 0, 'random_matched': 0, 'internals_probe': 0} | cache 8 gens | 226.8 min
[126/400] cstr_closedloop_00125 cool_stuck_closed: recovered {'always_validate': 0, 'never_validate': 0, 'observables_probe': 0, 'combined_probe': 0, 'random_matched': 0, 'internals_probe': 0} | cache 9 gens | 229.4 min
[127/400] cstr_closedloop_00126 fouling: recovered {'always_validate': 0, 'never_validate': 0, 'observables_probe': 0, 'combined_probe': 0, 'random_matched': 0, 'internals_probe': 0} | cache 8 gens | 231.1 min
[128/400] cstr_closedloop_00127 pump_degrade: recovered {'always_validate': 1, 'never_validate': 1, 'observables_probe': 1, 'combined_probe': 1, 'random_matched': 1, 'internals_probe': 1} | cache 3 gens | 231.9 min
[129/400] cstr_closedloop_00128 outlet_block: recovered {'always_validate': 1, 'never_validate': 1, 'observables_probe': 1, 'combined_probe': 1, 'random_matched': 1, 'internals_probe': 1} | cache 2 gens | 232.3 min
[130/400] cstr_closedloop_00129 cool_stuck_closed: recovered {'always_validate': 0, 'never_validate': 0, 'observables_probe': 0, 'combined_probe': 0, 'random_matched': 0, 'internals_probe': 0} | cache 10 gens | 235.0 min
[131/400] cstr_closedloop_00130 fouling: recovered {'always_validate': 0, 'never_validate': 0, 'observables_probe': 0, 'combined_probe': 0, 'random_matched': 0, 'internals_probe': 0} | cache 5 gens | 236.1 min
[132/400] cstr_closedloop_00131 fouling: recovered {'always_validate': 0, 'never_validate': 0, 'observables_probe': 0, 'combined_probe': 0, 'random_matched': 0, 'internals_probe': 0} | cache 8 gens | 238.3 min
[133/400] cstr_closedloop_00132 pump_degrade: recovered {'always_validate': 0, 'never_validate': 0, 'observables_probe': 0, 'combined_probe': 0, 'random_matched': 0, 'internals_probe': 0} | cache 7 gens | 240.8 min
[134/400] cstr_closedloop_00133 cool_stuck_closed: recovered {'always_validate': 0, 'never_validate': 0, 'observables_probe': 0, 'combined_probe': 0, 'random_matched': 0, 'internals_probe': 0} | cache 8 gens | 243.4 min
[135/400] cstr_closedloop_00134 pump_degrade: recovered {'always_validate': 0, 'never_validate': 0, 'observables_probe': 1, 'combined_probe': 1, 'random_matched': 1, 'internals_probe': 0} | cache 4 gens | 244.5 min
[136/400] cstr_closedloop_00135 fouling: recovered {'always_validate': 0, 'never_validate': 0, 'observables_probe': 0, 'combined_probe': 0, 'random_matched': 0, 'internals_probe': 0} | cache 11 gens | 247.1 min
[137/400] cstr_closedloop_00136 fouling: recovered {'always_validate': 0, 'never_validate': 0, 'observables_probe': 0, 'combined_probe': 0, 'random_matched': 0, 'internals_probe': 0} | cache 5 gens | 248.2 min
[138/400] cstr_closedloop_00137 outlet_block: recovered {'always_validate': 1, 'never_validate': 1, 'observables_probe': 1, 'combined_probe': 1, 'random_matched': 1, 'internals_probe': 1} | cache 3 gens | 249.2 min
[139/400] cstr_closedloop_00138 fouling: recovered {'always_validate': 0, 'never_validate': 0, 'observables_probe': 0, 'combined_probe': 0, 'random_matched': 0, 'internals_probe': 0} | cache 8 gens | 251.3 min
[140/400] cstr_closedloop_00139 fouling: recovered {'always_validate': 0, 'never_validate': 0, 'observables_probe': 0, 'combined_probe': 0, 'random_matched': 0, 'internals_probe': 0} | cache 8 gens | 253.1 min
[141/400] cstr_closedloop_00140 outlet_block: recovered {'always_validate': 0, 'never_validate': 0, 'observables_probe': 0, 'combined_probe': 0, 'random_matched': 0, 'internals_probe': 0} | cache 10 gens | 255.6 min
[142/400] cstr_closedloop_00141 outlet_block: recovered {'always_validate': 1, 'never_validate': 1, 'observables_probe': 1, 'combined_probe': 1, 'random_matched': 0, 'internals_probe': 1} | cache 2 gens | 256.2 min
[143/400] cstr_closedloop_00142 cool_stuck_closed: recovered {'always_validate': 0, 'never_validate': 0, 'observables_probe': 0, 'combined_probe': 0, 'random_matched': 0, 'internals_probe': 0} | cache 5 gens | 257.5 min
[144/400] cstr_closedloop_00143 pump_degrade: recovered {'always_validate': 1, 'never_validate': 0, 'observables_probe': 1, 'combined_probe': 0, 'random_matched': 0, 'internals_probe': 1} | cache 9 gens | 259.9 min
[145/400] cstr_closedloop_00144 fouling: recovered {'always_validate': 0, 'never_validate': 0, 'observables_probe': 0, 'combined_probe': 0, 'random_matched': 0, 'internals_probe': 0} | cache 11 gens | 262.5 min
[146/400] cstr_closedloop_00145 fouling: recovered {'always_validate': 0, 'never_validate': 0, 'observables_probe': 0, 'combined_probe': 0, 'random_matched': 0, 'internals_probe': 0} | cache 12 gens | 265.2 min
[147/400] cstr_closedloop_00146 fouling: recovered {'always_validate': 0, 'never_validate': 0, 'observables_probe': 0, 'combined_probe': 1, 'random_matched': 0, 'internals_probe': 0} | cache 8 gens | 267.1 min
[148/400] cstr_closedloop_00147 outlet_block: recovered {'always_validate': 1, 'never_validate': 1, 'observables_probe': 1, 'combined_probe': 1, 'random_matched': 1, 'internals_probe': 1} | cache 5 gens | 268.7 min
[149/400] cstr_closedloop_00148 outlet_block: recovered {'always_validate': 1, 'never_validate': 1, 'observables_probe': 1, 'combined_probe': 1, 'random_matched': 1, 'internals_probe': 1} | cache 2 gens | 269.4 min
[150/400] cstr_closedloop_00149 fouling: recovered {'always_validate': 0, 'never_validate': 0, 'observables_probe': 0, 'combined_probe': 0, 'random_matched': 0, 'internals_probe': 0} | cache 6 gens | 271.0 min
[151/400] cstr_closedloop_00150 fouling: recovered {'always_validate': 0, 'never_validate': 0, 'observables_probe': 0, 'combined_probe': 0, 'random_matched': 0, 'internals_probe': 0} | cache 10 gens | 273.2 min
[152/400] cstr_closedloop_00151 cool_stuck_closed: recovered {'always_validate': 0, 'never_validate': 0, 'observables_probe': 0, 'combined_probe': 0, 'random_matched': 0, 'internals_probe': 0} | cache 9 gens | 275.6 min
[153/400] cstr_closedloop_00152 fouling: recovered {'always_validate': 0, 'never_validate': 0, 'observables_probe': 0, 'combined_probe': 0, 'random_matched': 0, 'internals_probe': 0} | cache 8 gens | 277.6 min
[154/400] cstr_closedloop_00153 fouling: recovered {'always_validate': 0, 'never_validate': 0, 'observables_probe': 0, 'combined_probe': 0, 'random_matched': 0, 'internals_probe': 0} | cache 10 gens | 280.1 min
[155/400] cstr_closedloop_00154 outlet_block: recovered {'always_validate': 1, 'never_validate': 1, 'observables_probe': 1, 'combined_probe': 1, 'random_matched': 1, 'internals_probe': 1} | cache 2 gens | 280.6 min
[156/400] cstr_closedloop_00155 outlet_block: recovered {'always_validate': 1, 'never_validate': 1, 'observables_probe': 1, 'combined_probe': 1, 'random_matched': 1, 'internals_probe': 1} | cache 2 gens | 281.2 min
[157/400] cstr_closedloop_00156 pump_degrade: recovered {'always_validate': 1, 'never_validate': 0, 'observables_probe': 1, 'combined_probe': 1, 'random_matched': 0, 'internals_probe': 1} | cache 5 gens | 282.4 min
[158/400] cstr_closedloop_00157 cool_stuck_closed: recovered {'always_validate': 0, 'never_validate': 0, 'observables_probe': 0, 'combined_probe': 0, 'random_matched': 0, 'internals_probe': 0} | cache 8 gens | 284.7 min
[159/400] cstr_closedloop_00158 pump_degrade: recovered {'always_validate': 0, 'never_validate': 0, 'observables_probe': 0, 'combined_probe': 0, 'random_matched': 0, 'internals_probe': 0} | cache 8 gens | 286.8 min
[160/400] cstr_closedloop_00159 fouling: recovered {'always_validate': 1, 'never_validate': 0, 'observables_probe': 0, 'combined_probe': 0, 'random_matched': 0, 'internals_probe': 0} | cache 8 gens | 288.7 min
[161/400] cstr_closedloop_00160 cool_stuck_closed: recovered {'always_validate': 0, 'never_validate': 0, 'observables_probe': 0, 'combined_probe': 0, 'random_matched': 0, 'internals_probe': 0} | cache 12 gens | 292.3 min
[162/400] cstr_closedloop_00161 outlet_block: recovered {'always_validate': 0, 'never_validate': 0, 'observables_probe': 0, 'combined_probe': 0, 'random_matched': 0, 'internals_probe': 0} | cache 9 gens | 294.5 min
[163/400] cstr_closedloop_00162 outlet_block: recovered {'always_validate': 1, 'never_validate': 1, 'observables_probe': 1, 'combined_probe': 1, 'random_matched': 0, 'internals_probe': 1} | cache 4 gens | 295.7 min
[164/400] cstr_closedloop_00163 fouling: recovered {'always_validate': 0, 'never_validate': 0, 'observables_probe': 0, 'combined_probe': 0, 'random_matched': 0, 'internals_probe': 0} | cache 5 gens | 297.0 min
[165/400] cstr_closedloop_00164 fouling: recovered {'always_validate': 0, 'never_validate': 0, 'observables_probe': 0, 'combined_probe': 0, 'random_matched': 0, 'internals_probe': 0} | cache 7 gens | 298.7 min
[166/400] cstr_closedloop_00165 cool_stuck_closed: recovered {'always_validate': 0, 'never_validate': 0, 'observables_probe': 0, 'combined_probe': 0, 'random_matched': 0, 'internals_probe': 0} | cache 10 gens | 301.4 min
[167/400] cstr_closedloop_00166 cool_stuck_closed: recovered {'always_validate': 0, 'never_validate': 0, 'observables_probe': 0, 'combined_probe': 0, 'random_matched': 0, 'internals_probe': 0} | cache 14 gens | 305.4 min
[168/400] cstr_closedloop_00167 outlet_block: recovered {'always_validate': 1, 'never_validate': 0, 'observables_probe': 0, 'combined_probe': 1, 'random_matched': 0, 'internals_probe': 0} | cache 5 gens | 306.7 min
[169/400] cstr_closedloop_00168 pump_degrade: recovered {'always_validate': 0, 'never_validate': 0, 'observables_probe': 0, 'combined_probe': 0, 'random_matched': 0, 'internals_probe': 0} | cache 6 gens | 308.2 min
[170/400] cstr_closedloop_00169 pump_degrade: recovered {'always_validate': 0, 'never_validate': 0, 'observables_probe': 0, 'combined_probe': 0, 'random_matched': 0, 'internals_probe': 0} | cache 7 gens | 310.3 min
[171/400] cstr_closedloop_00170 fouling: recovered {'always_validate': 0, 'never_validate': 0, 'observables_probe': 0, 'combined_probe': 0, 'random_matched': 0, 'internals_probe': 0} | cache 10 gens | 312.5 min
[172/400] cstr_closedloop_00171 pump_degrade: recovered {'always_validate': 0, 'never_validate': 0, 'observables_probe': 0, 'combined_probe': 0, 'random_matched': 0, 'internals_probe': 0} | cache 1 gens | 312.8 min
[173/400] cstr_closedloop_00172 pump_degrade: recovered {'always_validate': 0, 'never_validate': 0, 'observables_probe': 0, 'combined_probe': 0, 'random_matched': 0, 'internals_probe': 0} | cache 7 gens | 314.5 min
[174/400] cstr_closedloop_00173 pump_degrade: recovered {'always_validate': 0, 'never_validate': 0, 'observables_probe': 0, 'combined_probe': 0, 'random_matched': 0, 'internals_probe': 0} | cache 8 gens | 316.7 min
[175/400] cstr_closedloop_00174 cool_stuck_closed: recovered {'always_validate': 0, 'never_validate': 0, 'observables_probe': 0, 'combined_probe': 0, 'random_matched': 0, 'internals_probe': 0} | cache 11 gens | 320.1 min
[176/400] cstr_closedloop_00175 fouling: recovered {'always_validate': 0, 'never_validate': 0, 'observables_probe': 0, 'combined_probe': 0, 'random_matched': 0, 'internals_probe': 0} | cache 11 gens | 323.1 min
[177/400] cstr_closedloop_00176 outlet_block: recovered {'always_validate': 0, 'never_validate': 0, 'observables_probe': 0, 'combined_probe': 0, 'random_matched': 0, 'internals_probe': 0} | cache 9 gens | 325.1 min
[178/400] cstr_closedloop_00177 cool_stuck_closed: recovered {'always_validate': 0, 'never_validate': 0, 'observables_probe': 0, 'combined_probe': 0, 'random_matched': 0, 'internals_probe': 0} | cache 7 gens | 327.1 min
[179/400] cstr_closedloop_00178 outlet_block: recovered {'always_validate': 1, 'never_validate': 1, 'observables_probe': 1, 'combined_probe': 1, 'random_matched': 1, 'internals_probe': 1} | cache 3 gens | 327.9 min
[180/400] cstr_closedloop_00179 pump_degrade: recovered {'always_validate': 0, 'never_validate': 0, 'observables_probe': 0, 'combined_probe': 0, 'random_matched': 0, 'internals_probe': 0} | cache 5 gens | 329.4 min
[181/400] cstr_closedloop_00180 outlet_block: recovered {'always_validate': 1, 'never_validate': 1, 'observables_probe': 1, 'combined_probe': 1, 'random_matched': 0, 'internals_probe': 1} | cache 4 gens | 330.6 min
[182/400] cstr_closedloop_00181 pump_degrade: recovered {'always_validate': 0, 'never_validate': 0, 'observables_probe': 0, 'combined_probe': 0, 'random_matched': 0, 'internals_probe': 0} | cache 8 gens | 332.9 min
[183/400] cstr_closedloop_00182 outlet_block: recovered {'always_validate': 0, 'never_validate': 0, 'observables_probe': 0, 'combined_probe': 0, 'random_matched': 1, 'internals_probe': 0} | cache 14 gens | 336.6 min
[184/400] cstr_closedloop_00183 outlet_block: recovered {'always_validate': 1, 'never_validate': 1, 'observables_probe': 1, 'combined_probe': 1, 'random_matched': 0, 'internals_probe': 1} | cache 5 gens | 337.9 min
[185/400] cstr_closedloop_00184 outlet_block: recovered {'always_validate': 1, 'never_validate': 0, 'observables_probe': 1, 'combined_probe': 0, 'random_matched': 0, 'internals_probe': 0} | cache 8 gens | 340.0 min
[186/400] cstr_closedloop_00185 cool_stuck_closed: recovered {'always_validate': 0, 'never_validate': 0, 'observables_probe': 0, 'combined_probe': 0, 'random_matched': 0, 'internals_probe': 0} | cache 9 gens | 342.5 min
[187/400] cstr_closedloop_00186 cool_stuck_closed: recovered {'always_validate': 0, 'never_validate': 0, 'observables_probe': 0, 'combined_probe': 0, 'random_matched': 0, 'internals_probe': 0} | cache 8 gens | 344.6 min
[188/400] cstr_closedloop_00187 cool_stuck_closed: recovered {'always_validate': 1, 'never_validate': 1, 'observables_probe': 0, 'combined_probe': 0, 'random_matched': 1, 'internals_probe': 0} | cache 4 gens | 345.6 min
[189/400] cstr_closedloop_00188 fouling: recovered {'always_validate': 0, 'never_validate': 0, 'observables_probe': 0, 'combined_probe': 0, 'random_matched': 0, 'internals_probe': 0} | cache 3 gens | 346.3 min
[190/400] cstr_closedloop_00189 fouling: recovered {'always_validate': 0, 'never_validate': 0, 'observables_probe': 0, 'combined_probe': 0, 'random_matched': 0, 'internals_probe': 0} | cache 9 gens | 348.3 min
[191/400] cstr_closedloop_00190 pump_degrade: recovered {'always_validate': 1, 'never_validate': 1, 'observables_probe': 1, 'combined_probe': 1, 'random_matched': 1, 'internals_probe': 1} | cache 1 gens | 348.7 min
[192/400] cstr_closedloop_00191 outlet_block: recovered {'always_validate': 1, 'never_validate': 0, 'observables_probe': 1, 'combined_probe': 1, 'random_matched': 1, 'internals_probe': 1} | cache 8 gens | 351.2 min
[193/400] cstr_closedloop_00192 pump_degrade: recovered {'always_validate': 1, 'never_validate': 0, 'observables_probe': 0, 'combined_probe': 0, 'random_matched': 0, 'internals_probe': 1} | cache 10 gens | 353.5 min
[194/400] cstr_closedloop_00193 pump_degrade: recovered {'always_validate': 0, 'never_validate': 0, 'observables_probe': 0, 'combined_probe': 0, 'random_matched': 0, 'internals_probe': 0} | cache 4 gens | 354.3 min
[195/400] cstr_closedloop_00194 fouling: recovered {'always_validate': 0, 'never_validate': 0, 'observables_probe': 0, 'combined_probe': 0, 'random_matched': 0, 'internals_probe': 0} | cache 15 gens | 357.5 min
[196/400] cstr_closedloop_00195 cool_stuck_closed: recovered {'always_validate': 0, 'never_validate': 0, 'observables_probe': 0, 'combined_probe': 0, 'random_matched': 0, 'internals_probe': 0} | cache 7 gens | 359.3 min
[197/400] cstr_closedloop_00196 fouling: recovered {'always_validate': 0, 'never_validate': 0, 'observables_probe': 0, 'combined_probe': 0, 'random_matched': 0, 'internals_probe': 0} | cache 6 gens | 360.6 min
[198/400] cstr_closedloop_00197 fouling: recovered {'always_validate': 0, 'never_validate': 0, 'observables_probe': 0, 'combined_probe': 0, 'random_matched': 0, 'internals_probe': 0} | cache 11 gens | 363.3 min
[199/400] cstr_closedloop_00198 outlet_block: recovered {'always_validate': 1, 'never_validate': 1, 'observables_probe': 1, 'combined_probe': 1, 'random_matched': 1, 'internals_probe': 1} | cache 3 gens | 364.3 min
[200/400] cstr_closedloop_00199 pump_degrade: recovered {'always_validate': 1, 'never_validate': 0, 'observables_probe': 0, 'combined_probe': 0, 'random_matched': 1, 'internals_probe': 1} | cache 4 gens | 365.2 min
[201/400] cstr_closedloop_00200 fouling: recovered {'always_validate': 0, 'never_validate': 0, 'observables_probe': 0, 'combined_probe': 0, 'random_matched': 0, 'internals_probe': 1} | cache 7 gens | 366.9 min
[202/400] cstr_closedloop_00201 fouling: recovered {'always_validate': 0, 'never_validate': 0, 'observables_probe': 0, 'combined_probe': 0, 'random_matched': 0, 'internals_probe': 0} | cache 13 gens | 370.0 min
[203/400] cstr_closedloop_00202 fouling: recovered {'always_validate': 0, 'never_validate': 0, 'observables_probe': 0, 'combined_probe': 0, 'random_matched': 0, 'internals_probe': 0} | cache 11 gens | 372.3 min
[204/400] cstr_closedloop_00203 pump_degrade: recovered {'always_validate': 0, 'never_validate': 0, 'observables_probe': 0, 'combined_probe': 0, 'random_matched': 1, 'internals_probe': 0} | cache 9 gens | 374.5 min
[205/400] cstr_closedloop_00204 pump_degrade: recovered {'always_validate': 1, 'never_validate': 0, 'observables_probe': 0, 'combined_probe': 0, 'random_matched': 0, 'internals_probe': 1} | cache 4 gens | 375.6 min
[206/400] cstr_closedloop_00205 outlet_block: recovered {'always_validate': 0, 'never_validate': 0, 'observables_probe': 0, 'combined_probe': 0, 'random_matched': 0, 'internals_probe': 0} | cache 10 gens | 378.4 min
[207/400] cstr_closedloop_00206 cool_stuck_closed: recovered {'always_validate': 0, 'never_validate': 0, 'observables_probe': 0, 'combined_probe': 0, 'random_matched': 0, 'internals_probe': 0} | cache 9 gens | 380.7 min
[208/400] cstr_closedloop_00207 pump_degrade: recovered {'always_validate': 0, 'never_validate': 0, 'observables_probe': 0, 'combined_probe': 0, 'random_matched': 0, 'internals_probe': 0} | cache 10 gens | 382.9 min
[209/400] cstr_closedloop_00208 cool_stuck_closed: recovered {'always_validate': 0, 'never_validate': 0, 'observables_probe': 0, 'combined_probe': 0, 'random_matched': 0, 'internals_probe': 0} | cache 9 gens | 385.5 min
[210/400] cstr_closedloop_00209 outlet_block: recovered {'always_validate': 1, 'never_validate': 0, 'observables_probe': 0, 'combined_probe': 0, 'random_matched': 0, 'internals_probe': 1} | cache 5 gens | 386.8 min
[211/400] cstr_closedloop_00210 cool_stuck_closed: recovered {'always_validate': 0, 'never_validate': 0, 'observables_probe': 0, 'combined_probe': 0, 'random_matched': 0, 'internals_probe': 0} | cache 5 gens | 388.1 min
[212/400] cstr_closedloop_00211 outlet_block: recovered {'always_validate': 1, 'never_validate': 0, 'observables_probe': 0, 'combined_probe': 0, 'random_matched': 0, 'internals_probe': 1} | cache 8 gens | 390.4 min
[213/400] cstr_closedloop_00212 fouling: recovered {'always_validate': 0, 'never_validate': 0, 'observables_probe': 0, 'combined_probe': 0, 'random_matched': 0, 'internals_probe': 0} | cache 3 gens | 391.1 min
[214/400] cstr_closedloop_00213 fouling: recovered {'always_validate': 0, 'never_validate': 0, 'observables_probe': 1, 'combined_probe': 1, 'random_matched': 1, 'internals_probe': 0} | cache 6 gens | 392.4 min
[215/400] cstr_closedloop_00214 cool_stuck_closed: recovered {'always_validate': 0, 'never_validate': 0, 'observables_probe': 0, 'combined_probe': 0, 'random_matched': 0, 'internals_probe': 0} | cache 13 gens | 396.1 min
[216/400] cstr_closedloop_00215 pump_degrade: recovered {'always_validate': 1, 'never_validate': 0, 'observables_probe': 0, 'combined_probe': 1, 'random_matched': 0, 'internals_probe': 1} | cache 7 gens | 397.8 min
[217/400] cstr_closedloop_00216 fouling: recovered {'always_validate': 0, 'never_validate': 0, 'observables_probe': 0, 'combined_probe': 0, 'random_matched': 0, 'internals_probe': 0} | cache 9 gens | 399.7 min
[218/400] cstr_closedloop_00217 cool_stuck_closed: recovered {'always_validate': 0, 'never_validate': 0, 'observables_probe': 0, 'combined_probe': 0, 'random_matched': 0, 'internals_probe': 0} | cache 6 gens | 401.1 min
[219/400] cstr_closedloop_00218 outlet_block: recovered {'always_validate': 1, 'never_validate': 0, 'observables_probe': 0, 'combined_probe': 0, 'random_matched': 0, 'internals_probe': 1} | cache 8 gens | 403.1 min
[220/400] cstr_closedloop_00219 outlet_block: recovered {'always_validate': 0, 'never_validate': 0, 'observables_probe': 0, 'combined_probe': 0, 'random_matched': 0, 'internals_probe': 0} | cache 10 gens | 405.4 min
[221/400] cstr_closedloop_00220 cool_stuck_closed: recovered {'always_validate': 0, 'never_validate': 0, 'observables_probe': 0, 'combined_probe': 0, 'random_matched': 0, 'internals_probe': 0} | cache 6 gens | 406.9 min
[222/400] cstr_closedloop_00221 fouling: recovered {'always_validate': 0, 'never_validate': 0, 'observables_probe': 0, 'combined_probe': 0, 'random_matched': 0, 'internals_probe': 0} | cache 11 gens | 409.3 min
[223/400] cstr_closedloop_00222 cool_stuck_closed: recovered {'always_validate': 0, 'never_validate': 0, 'observables_probe': 0, 'combined_probe': 0, 'random_matched': 0, 'internals_probe': 0} | cache 6 gens | 410.8 min
[224/400] cstr_closedloop_00223 fouling: recovered {'always_validate': 0, 'never_validate': 0, 'observables_probe': 0, 'combined_probe': 0, 'random_matched': 0, 'internals_probe': 0} | cache 10 gens | 413.5 min
[225/400] cstr_closedloop_00224 pump_degrade: recovered {'always_validate': 1, 'never_validate': 1, 'observables_probe': 1, 'combined_probe': 1, 'random_matched': 1, 'internals_probe': 1} | cache 4 gens | 414.7 min
[226/400] cstr_closedloop_00225 pump_degrade: recovered {'always_validate': 0, 'never_validate': 0, 'observables_probe': 0, 'combined_probe': 0, 'random_matched': 0, 'internals_probe': 0} | cache 3 gens | 415.6 min
[227/400] cstr_closedloop_00226 cool_stuck_closed: recovered {'always_validate': 0, 'never_validate': 0, 'observables_probe': 0, 'combined_probe': 0, 'random_matched': 0, 'internals_probe': 0} | cache 3 gens | 416.4 min
[228/400] cstr_closedloop_00227 outlet_block: recovered {'always_validate': 0, 'never_validate': 0, 'observables_probe': 0, 'combined_probe': 0, 'random_matched': 0, 'internals_probe': 0} | cache 1 gens | 416.7 min
[229/400] cstr_closedloop_00228 outlet_block: recovered {'always_validate': 1, 'never_validate': 1, 'observables_probe': 1, 'combined_probe': 1, 'random_matched': 1, 'internals_probe': 1} | cache 1 gens | 417.1 min
[230/400] cstr_closedloop_00229 outlet_block: recovered {'always_validate': 1, 'never_validate': 0, 'observables_probe': 0, 'combined_probe': 0, 'random_matched': 0, 'internals_probe': 1} | cache 10 gens | 419.7 min
[231/400] cstr_closedloop_00230 cool_stuck_closed: recovered {'always_validate': 0, 'never_validate': 0, 'observables_probe': 0, 'combined_probe': 0, 'random_matched': 0, 'internals_probe': 0} | cache 10 gens | 422.4 min
[232/400] cstr_closedloop_00231 pump_degrade: recovered {'always_validate': 1, 'never_validate': 1, 'observables_probe': 1, 'combined_probe': 1, 'random_matched': 0, 'internals_probe': 1} | cache 6 gens | 424.1 min
[233/400] cstr_closedloop_00232 cool_stuck_closed: recovered {'always_validate': 0, 'never_validate': 0, 'observables_probe': 0, 'combined_probe': 0, 'random_matched': 0, 'internals_probe': 0} | cache 8 gens | 426.1 min
[234/400] cstr_closedloop_00233 fouling: recovered {'always_validate': 0, 'never_validate': 0, 'observables_probe': 0, 'combined_probe': 0, 'random_matched': 0, 'internals_probe': 0} | cache 11 gens | 428.8 min
[235/400] cstr_closedloop_00234 fouling: recovered {'always_validate': 0, 'never_validate': 0, 'observables_probe': 0, 'combined_probe': 0, 'random_matched': 0, 'internals_probe': 0} | cache 10 gens | 431.0 min
[236/400] cstr_closedloop_00235 outlet_block: recovered {'always_validate': 0, 'never_validate': 0, 'observables_probe': 1, 'combined_probe': 1, 'random_matched': 0, 'internals_probe': 0} | cache 7 gens | 433.1 min
[237/400] cstr_closedloop_00236 pump_degrade: recovered {'always_validate': 0, 'never_validate': 0, 'observables_probe': 0, 'combined_probe': 0, 'random_matched': 0, 'internals_probe': 0} | cache 8 gens | 434.8 min
[238/400] cstr_closedloop_00237 outlet_block: recovered {'always_validate': 1, 'never_validate': 0, 'observables_probe': 1, 'combined_probe': 1, 'random_matched': 1, 'internals_probe': 1} | cache 4 gens | 436.1 min
[239/400] cstr_closedloop_00238 pump_degrade: recovered {'always_validate': 1, 'never_validate': 1, 'observables_probe': 1, 'combined_probe': 1, 'random_matched': 1, 'internals_probe': 1} | cache 1 gens | 436.5 min
[240/400] cstr_closedloop_00239 fouling: recovered {'always_validate': 0, 'never_validate': 0, 'observables_probe': 0, 'combined_probe': 0, 'random_matched': 0, 'internals_probe': 0} | cache 13 gens | 439.8 min
[241/400] cstr_closedloop_00240 fouling: recovered {'always_validate': 0, 'never_validate': 0, 'observables_probe': 0, 'combined_probe': 0, 'random_matched': 0, 'internals_probe': 0} | cache 8 gens | 441.6 min
[242/400] cstr_closedloop_00241 pump_degrade: recovered {'always_validate': 0, 'never_validate': 0, 'observables_probe': 0, 'combined_probe': 0, 'random_matched': 0, 'internals_probe': 0} | cache 7 gens | 443.6 min
[243/400] cstr_closedloop_00242 pump_degrade: recovered {'always_validate': 0, 'never_validate': 0, 'observables_probe': 0, 'combined_probe': 0, 'random_matched': 0, 'internals_probe': 0} | cache 13 gens | 446.6 min
[244/400] cstr_closedloop_00243 pump_degrade: recovered {'always_validate': 0, 'never_validate': 0, 'observables_probe': 1, 'combined_probe': 1, 'random_matched': 0, 'internals_probe': 0} | cache 10 gens | 449.0 min
[245/400] cstr_closedloop_00244 cool_stuck_closed: recovered {'always_validate': 0, 'never_validate': 0, 'observables_probe': 0, 'combined_probe': 0, 'random_matched': 0, 'internals_probe': 0} | cache 13 gens | 452.7 min
[246/400] cstr_closedloop_00245 pump_degrade: recovered {'always_validate': 1, 'never_validate': 1, 'observables_probe': 1, 'combined_probe': 1, 'random_matched': 1, 'internals_probe': 1} | cache 4 gens | 454.1 min
[247/400] cstr_closedloop_00246 fouling: recovered {'always_validate': 0, 'never_validate': 0, 'observables_probe': 0, 'combined_probe': 0, 'random_matched': 0, 'internals_probe': 0} | cache 10 gens | 456.4 min
[248/400] cstr_closedloop_00247 pump_degrade: recovered {'always_validate': 1, 'never_validate': 1, 'observables_probe': 1, 'combined_probe': 1, 'random_matched': 1, 'internals_probe': 1} | cache 1 gens | 456.7 min
[249/400] cstr_closedloop_00248 outlet_block: recovered {'always_validate': 0, 'never_validate': 0, 'observables_probe': 0, 'combined_probe': 0, 'random_matched': 0, 'internals_probe': 0} | cache 6 gens | 458.1 min
[250/400] cstr_closedloop_00249 cool_stuck_closed: recovered {'always_validate': 0, 'never_validate': 0, 'observables_probe': 0, 'combined_probe': 0, 'random_matched': 0, 'internals_probe': 0} | cache 10 gens | 460.8 min
[251/400] cstr_closedloop_00250 fouling: recovered {'always_validate': 0, 'never_validate': 0, 'observables_probe': 0, 'combined_probe': 0, 'random_matched': 0, 'internals_probe': 0} | cache 8 gens | 462.6 min
[252/400] cstr_closedloop_00251 pump_degrade: recovered {'always_validate': 0, 'never_validate': 0, 'observables_probe': 0, 'combined_probe': 0, 'random_matched': 0, 'internals_probe': 0} | cache 12 gens | 465.6 min
[253/400] cstr_closedloop_00252 fouling: recovered {'always_validate': 0, 'never_validate': 0, 'observables_probe': 0, 'combined_probe': 0, 'random_matched': 0, 'internals_probe': 0} | cache 5 gens | 466.6 min
[254/400] cstr_closedloop_00253 pump_degrade: recovered {'always_validate': 1, 'never_validate': 1, 'observables_probe': 1, 'combined_probe': 1, 'random_matched': 1, 'internals_probe': 1} | cache 1 gens | 466.8 min
[255/400] cstr_closedloop_00254 outlet_block: recovered {'always_validate': 1, 'never_validate': 0, 'observables_probe': 1, 'combined_probe': 0, 'random_matched': 0, 'internals_probe': 1} | cache 4 gens | 468.2 min
[256/400] cstr_closedloop_00255 cool_stuck_closed: recovered {'always_validate': 0, 'never_validate': 0, 'observables_probe': 0, 'combined_probe': 0, 'random_matched': 0, 'internals_probe': 0} | cache 5 gens | 469.4 min
[257/400] cstr_closedloop_00256 outlet_block: recovered {'always_validate': 1, 'never_validate': 1, 'observables_probe': 1, 'combined_probe': 1, 'random_matched': 1, 'internals_probe': 1} | cache 4 gens | 470.4 min
[258/400] cstr_closedloop_00257 cool_stuck_closed: recovered {'always_validate': 0, 'never_validate': 0, 'observables_probe': 0, 'combined_probe': 0, 'random_matched': 0, 'internals_probe': 0} | cache 5 gens | 471.9 min
[259/400] cstr_closedloop_00258 cool_stuck_closed: recovered {'always_validate': 0, 'never_validate': 0, 'observables_probe': 0, 'combined_probe': 0, 'random_matched': 0, 'internals_probe': 0} | cache 7 gens | 474.1 min
[260/400] cstr_closedloop_00259 outlet_block: recovered {'always_validate': 0, 'never_validate': 0, 'observables_probe': 0, 'combined_probe': 0, 'random_matched': 0, 'internals_probe': 0} | cache 8 gens | 475.7 min
[261/400] cstr_closedloop_00260 fouling: recovered {'always_validate': 0, 'never_validate': 0, 'observables_probe': 0, 'combined_probe': 0, 'random_matched': 0, 'internals_probe': 0} | cache 8 gens | 477.7 min
[262/400] cstr_closedloop_00261 cool_stuck_closed: recovered {'always_validate': 0, 'never_validate': 0, 'observables_probe': 0, 'combined_probe': 0, 'random_matched': 0, 'internals_probe': 0} | cache 10 gens | 480.7 min
[263/400] cstr_closedloop_00262 pump_degrade: recovered {'always_validate': 1, 'never_validate': 1, 'observables_probe': 1, 'combined_probe': 1, 'random_matched': 1, 'internals_probe': 1} | cache 6 gens | 482.1 min
[264/400] cstr_closedloop_00263 pump_degrade: recovered {'always_validate': 1, 'never_validate': 1, 'observables_probe': 1, 'combined_probe': 1, 'random_matched': 1, 'internals_probe': 1} | cache 3 gens | 483.1 min
[265/400] cstr_closedloop_00264 pump_degrade: recovered {'always_validate': 1, 'never_validate': 1, 'observables_probe': 1, 'combined_probe': 1, 'random_matched': 1, 'internals_probe': 1} | cache 3 gens | 483.9 min
[266/400] cstr_closedloop_00265 pump_degrade: recovered {'always_validate': 1, 'never_validate': 1, 'observables_probe': 1, 'combined_probe': 1, 'random_matched': 1, 'internals_probe': 1} | cache 2 gens | 484.6 min
[267/400] cstr_closedloop_00266 cool_stuck_closed: recovered {'always_validate': 0, 'never_validate': 0, 'observables_probe': 0, 'combined_probe': 0, 'random_matched': 0, 'internals_probe': 0} | cache 8 gens | 486.8 min
[268/400] cstr_closedloop_00267 cool_stuck_closed: recovered {'always_validate': 0, 'never_validate': 0, 'observables_probe': 0, 'combined_probe': 0, 'random_matched': 0, 'internals_probe': 0} | cache 6 gens | 488.3 min
[269/400] cstr_closedloop_00268 pump_degrade: recovered {'always_validate': 1, 'never_validate': 1, 'observables_probe': 1, 'combined_probe': 1, 'random_matched': 1, 'internals_probe': 1} | cache 3 gens | 489.0 min
[270/400] cstr_closedloop_00269 outlet_block: recovered {'always_validate': 0, 'never_validate': 0, 'observables_probe': 0, 'combined_probe': 0, 'random_matched': 0, 'internals_probe': 0} | cache 9 gens | 491.7 min
[271/400] cstr_closedloop_00270 fouling: recovered {'always_validate': 0, 'never_validate': 0, 'observables_probe': 0, 'combined_probe': 0, 'random_matched': 0, 'internals_probe': 0} | cache 5 gens | 492.9 min
[272/400] cstr_closedloop_00271 fouling: recovered {'always_validate': 0, 'never_validate': 0, 'observables_probe': 0, 'combined_probe': 0, 'random_matched': 0, 'internals_probe': 0} | cache 14 gens | 496.2 min
[273/400] cstr_closedloop_00272 fouling: recovered {'always_validate': 1, 'never_validate': 0, 'observables_probe': 0, 'combined_probe': 0, 'random_matched': 0, 'internals_probe': 0} | cache 6 gens | 497.7 min
[274/400] cstr_closedloop_00273 outlet_block: recovered {'always_validate': 1, 'never_validate': 1, 'observables_probe': 1, 'combined_probe': 1, 'random_matched': 0, 'internals_probe': 1} | cache 3 gens | 498.6 min
[275/400] cstr_closedloop_00274 pump_degrade: recovered {'always_validate': 0, 'never_validate': 0, 'observables_probe': 0, 'combined_probe': 0, 'random_matched': 0, 'internals_probe': 0} | cache 7 gens | 500.1 min
[276/400] cstr_closedloop_00275 fouling: recovered {'always_validate': 0, 'never_validate': 0, 'observables_probe': 0, 'combined_probe': 0, 'random_matched': 0, 'internals_probe': 0} | cache 5 gens | 501.3 min
[277/400] cstr_closedloop_00276 outlet_block: recovered {'always_validate': 1, 'never_validate': 1, 'observables_probe': 1, 'combined_probe': 1, 'random_matched': 1, 'internals_probe': 1} | cache 6 gens | 502.9 min
[278/400] cstr_closedloop_00277 fouling: recovered {'always_validate': 1, 'never_validate': 0, 'observables_probe': 0, 'combined_probe': 0, 'random_matched': 0, 'internals_probe': 0} | cache 6 gens | 504.3 min
[279/400] cstr_closedloop_00278 cool_stuck_closed: recovered {'always_validate': 0, 'never_validate': 0, 'observables_probe': 0, 'combined_probe': 0, 'random_matched': 0, 'internals_probe': 0} | cache 5 gens | 505.9 min
[280/400] cstr_closedloop_00279 outlet_block: recovered {'always_validate': 1, 'never_validate': 0, 'observables_probe': 0, 'combined_probe': 1, 'random_matched': 1, 'internals_probe': 1} | cache 8 gens | 507.8 min
[281/400] cstr_closedloop_00280 fouling: recovered {'always_validate': 0, 'never_validate': 0, 'observables_probe': 0, 'combined_probe': 0, 'random_matched': 0, 'internals_probe': 0} | cache 9 gens | 510.0 min
[282/400] cstr_closedloop_00281 pump_degrade: recovered {'always_validate': 1, 'never_validate': 1, 'observables_probe': 1, 'combined_probe': 1, 'random_matched': 1, 'internals_probe': 1} | cache 1 gens | 510.4 min
[283/400] cstr_closedloop_00282 outlet_block: recovered {'always_validate': 0, 'never_validate': 0, 'observables_probe': 1, 'combined_probe': 1, 'random_matched': 0, 'internals_probe': 0} | cache 9 gens | 513.1 min
[284/400] cstr_closedloop_00283 cool_stuck_closed: recovered {'always_validate': 0, 'never_validate': 0, 'observables_probe': 0, 'combined_probe': 0, 'random_matched': 0, 'internals_probe': 0} | cache 5 gens | 514.6 min
[285/400] cstr_closedloop_00284 outlet_block: recovered {'always_validate': 1, 'never_validate': 1, 'observables_probe': 1, 'combined_probe': 1, 'random_matched': 1, 'internals_probe': 1} | cache 1 gens | 514.9 min
[286/400] cstr_closedloop_00285 outlet_block: recovered {'always_validate': 1, 'never_validate': 1, 'observables_probe': 1, 'combined_probe': 1, 'random_matched': 1, 'internals_probe': 1} | cache 4 gens | 516.2 min
[287/400] cstr_closedloop_00286 pump_degrade: recovered {'always_validate': 0, 'never_validate': 0, 'observables_probe': 0, 'combined_probe': 0, 'random_matched': 0, 'internals_probe': 0} | cache 8 gens | 518.3 min
[288/400] cstr_closedloop_00287 cool_stuck_closed: recovered {'always_validate': 0, 'never_validate': 0, 'observables_probe': 0, 'combined_probe': 0, 'random_matched': 0, 'internals_probe': 0} | cache 7 gens | 520.2 min
[289/400] cstr_closedloop_00288 fouling: recovered {'always_validate': 0, 'never_validate': 0, 'observables_probe': 0, 'combined_probe': 0, 'random_matched': 0, 'internals_probe': 0} | cache 13 gens | 523.6 min
[290/400] cstr_closedloop_00289 outlet_block: recovered {'always_validate': 0, 'never_validate': 0, 'observables_probe': 0, 'combined_probe': 0, 'random_matched': 0, 'internals_probe': 0} | cache 9 gens | 525.7 min
[291/400] cstr_closedloop_00290 outlet_block: recovered {'always_validate': 0, 'never_validate': 0, 'observables_probe': 0, 'combined_probe': 0, 'random_matched': 0, 'internals_probe': 0} | cache 12 gens | 528.3 min
[292/400] cstr_closedloop_00291 outlet_block: recovered {'always_validate': 0, 'never_validate': 0, 'observables_probe': 0, 'combined_probe': 0, 'random_matched': 0, 'internals_probe': 0} | cache 6 gens | 530.0 min
[293/400] cstr_closedloop_00292 outlet_block: recovered {'always_validate': 0, 'never_validate': 0, 'observables_probe': 1, 'combined_probe': 0, 'random_matched': 0, 'internals_probe': 0} | cache 7 gens | 531.8 min
[294/400] cstr_closedloop_00293 fouling: recovered {'always_validate': 0, 'never_validate': 0, 'observables_probe': 0, 'combined_probe': 0, 'random_matched': 0, 'internals_probe': 0} | cache 12 gens | 534.4 min
[295/400] cstr_closedloop_00294 pump_degrade: recovered {'always_validate': 0, 'never_validate': 0, 'observables_probe': 0, 'combined_probe': 0, 'random_matched': 0, 'internals_probe': 0} | cache 12 gens | 537.1 min
[296/400] cstr_closedloop_00295 outlet_block: recovered {'always_validate': 0, 'never_validate': 0, 'observables_probe': 0, 'combined_probe': 0, 'random_matched': 0, 'internals_probe': 0} | cache 3 gens | 537.8 min
[297/400] cstr_closedloop_00296 outlet_block: recovered {'always_validate': 0, 'never_validate': 0, 'observables_probe': 0, 'combined_probe': 0, 'random_matched': 0, 'internals_probe': 0} | cache 9 gens | 540.0 min
[298/400] cstr_closedloop_00297 outlet_block: recovered {'always_validate': 0, 'never_validate': 0, 'observables_probe': 0, 'combined_probe': 0, 'random_matched': 0, 'internals_probe': 0} | cache 12 gens | 542.8 min
[299/400] cstr_closedloop_00298 outlet_block: recovered {'always_validate': 1, 'never_validate': 1, 'observables_probe': 1, 'combined_probe': 1, 'random_matched': 1, 'internals_probe': 1} | cache 3 gens | 543.6 min
[300/400] cstr_closedloop_00299 fouling: recovered {'always_validate': 0, 'never_validate': 0, 'observables_probe': 0, 'combined_probe': 0, 'random_matched': 0, 'internals_probe': 0} | cache 6 gens | 544.9 min
[301/400] cstr_closedloop_00300 cool_stuck_closed: recovered {'always_validate': 0, 'never_validate': 0, 'observables_probe': 0, 'combined_probe': 0, 'random_matched': 0, 'internals_probe': 0} | cache 9 gens | 547.3 min
[302/400] cstr_closedloop_00301 pump_degrade: recovered {'always_validate': 1, 'never_validate': 1, 'observables_probe': 1, 'combined_probe': 1, 'random_matched': 1, 'internals_probe': 1} | cache 1 gens | 547.6 min
[303/400] cstr_closedloop_00302 cool_stuck_closed: recovered {'always_validate': 0, 'never_validate': 0, 'observables_probe': 0, 'combined_probe': 0, 'random_matched': 0, 'internals_probe': 0} | cache 7 gens | 549.1 min
[304/400] cstr_closedloop_00303 cool_stuck_closed: recovered {'always_validate': 0, 'never_validate': 0, 'observables_probe': 0, 'combined_probe': 0, 'random_matched': 0, 'internals_probe': 0} | cache 9 gens | 551.6 min
[305/400] cstr_closedloop_00304 cool_stuck_closed: recovered {'always_validate': 0, 'never_validate': 0, 'observables_probe': 0, 'combined_probe': 0, 'random_matched': 0, 'internals_probe': 0} | cache 5 gens | 552.9 min
[306/400] cstr_closedloop_00305 fouling: recovered {'always_validate': 0, 'never_validate': 0, 'observables_probe': 0, 'combined_probe': 0, 'random_matched': 0, 'internals_probe': 0} | cache 13 gens | 555.9 min
[307/400] cstr_closedloop_00306 fouling: recovered {'always_validate': 0, 'never_validate': 0, 'observables_probe': 0, 'combined_probe': 0, 'random_matched': 0, 'internals_probe': 0} | cache 12 gens | 558.6 min
[308/400] cstr_closedloop_00307 pump_degrade: recovered {'always_validate': 0, 'never_validate': 0, 'observables_probe': 0, 'combined_probe': 0, 'random_matched': 0, 'internals_probe': 0} | cache 7 gens | 560.8 min
[309/400] cstr_closedloop_00308 outlet_block: recovered {'always_validate': 0, 'never_validate': 0, 'observables_probe': 1, 'combined_probe': 0, 'random_matched': 1, 'internals_probe': 0} | cache 11 gens | 564.0 min
[310/400] cstr_closedloop_00309 pump_degrade: recovered {'always_validate': 1, 'never_validate': 1, 'observables_probe': 1, 'combined_probe': 1, 'random_matched': 1, 'internals_probe': 1} | cache 1 gens | 564.3 min
[311/400] cstr_closedloop_00310 pump_degrade: recovered {'always_validate': 0, 'never_validate': 0, 'observables_probe': 0, 'combined_probe': 0, 'random_matched': 0, 'internals_probe': 0} | cache 9 gens | 566.8 min
[312/400] cstr_closedloop_00311 outlet_block: recovered {'always_validate': 0, 'never_validate': 0, 'observables_probe': 0, 'combined_probe': 0, 'random_matched': 0, 'internals_probe': 0} | cache 9 gens | 569.4 min
[313/400] cstr_closedloop_00312 pump_degrade: recovered {'always_validate': 1, 'never_validate': 1, 'observables_probe': 1, 'combined_probe': 1, 'random_matched': 0, 'internals_probe': 1} | cache 3 gens | 570.1 min
[314/400] cstr_closedloop_00313 outlet_block: recovered {'always_validate': 1, 'never_validate': 0, 'observables_probe': 0, 'combined_probe': 1, 'random_matched': 0, 'internals_probe': 1} | cache 9 gens | 572.3 min
[315/400] cstr_closedloop_00314 fouling: recovered {'always_validate': 0, 'never_validate': 0, 'observables_probe': 0, 'combined_probe': 0, 'random_matched': 0, 'internals_probe': 0} | cache 14 gens | 575.4 min
[316/400] cstr_closedloop_00315 cool_stuck_closed: recovered {'always_validate': 1, 'never_validate': 0, 'observables_probe': 0, 'combined_probe': 1, 'random_matched': 1, 'internals_probe': 0} | cache 4 gens | 576.5 min
[317/400] cstr_closedloop_00316 fouling: recovered {'always_validate': 0, 'never_validate': 0, 'observables_probe': 0, 'combined_probe': 0, 'random_matched': 0, 'internals_probe': 0} | cache 5 gens | 577.5 min
[318/400] cstr_closedloop_00317 cool_stuck_closed: recovered {'always_validate': 0, 'never_validate': 0, 'observables_probe': 0, 'combined_probe': 0, 'random_matched': 0, 'internals_probe': 0} | cache 13 gens | 581.0 min
[319/400] cstr_closedloop_00318 outlet_block: recovered {'always_validate': 1, 'never_validate': 1, 'observables_probe': 1, 'combined_probe': 1, 'random_matched': 1, 'internals_probe': 1} | cache 2 gens | 581.6 min
[320/400] cstr_closedloop_00319 pump_degrade: recovered {'always_validate': 1, 'never_validate': 1, 'observables_probe': 1, 'combined_probe': 1, 'random_matched': 1, 'internals_probe': 1} | cache 3 gens | 582.5 min
[321/400] cstr_closedloop_00320 fouling: recovered {'always_validate': 0, 'never_validate': 0, 'observables_probe': 0, 'combined_probe': 0, 'random_matched': 0, 'internals_probe': 0} | cache 7 gens | 584.4 min
[322/400] cstr_closedloop_00321 fouling: recovered {'always_validate': 0, 'never_validate': 0, 'observables_probe': 0, 'combined_probe': 0, 'random_matched': 0, 'internals_probe': 0} | cache 7 gens | 586.1 min
[323/400] cstr_closedloop_00322 pump_degrade: recovered {'always_validate': 1, 'never_validate': 0, 'observables_probe': 1, 'combined_probe': 1, 'random_matched': 1, 'internals_probe': 1} | cache 4 gens | 587.5 min
[324/400] cstr_closedloop_00323 cool_stuck_closed: recovered {'always_validate': 0, 'never_validate': 0, 'observables_probe': 0, 'combined_probe': 0, 'random_matched': 0, 'internals_probe': 0} | cache 8 gens | 589.4 min
[325/400] cstr_closedloop_00324 fouling: recovered {'always_validate': 0, 'never_validate': 0, 'observables_probe': 0, 'combined_probe': 0, 'random_matched': 0, 'internals_probe': 0} | cache 5 gens | 590.5 min
[326/400] cstr_closedloop_00325 pump_degrade: recovered {'always_validate': 1, 'never_validate': 1, 'observables_probe': 1, 'combined_probe': 1, 'random_matched': 0, 'internals_probe': 1} | cache 2 gens | 591.0 min
[327/400] cstr_closedloop_00326 fouling: recovered {'always_validate': 0, 'never_validate': 0, 'observables_probe': 0, 'combined_probe': 0, 'random_matched': 0, 'internals_probe': 0} | cache 4 gens | 591.9 min
[328/400] cstr_closedloop_00327 cool_stuck_closed: recovered {'always_validate': 0, 'never_validate': 0, 'observables_probe': 0, 'combined_probe': 0, 'random_matched': 0, 'internals_probe': 0} | cache 3 gens | 592.6 min
[329/400] cstr_closedloop_00328 cool_stuck_closed: recovered {'always_validate': 1, 'never_validate': 0, 'observables_probe': 0, 'combined_probe': 0, 'random_matched': 0, 'internals_probe': 0} | cache 9 gens | 594.9 min
[330/400] cstr_closedloop_00329 cool_stuck_closed: recovered {'always_validate': 0, 'never_validate': 0, 'observables_probe': 0, 'combined_probe': 0, 'random_matched': 0, 'internals_probe': 0} | cache 8 gens | 596.9 min
[331/400] cstr_closedloop_00330 pump_degrade: recovered {'always_validate': 1, 'never_validate': 0, 'observables_probe': 0, 'combined_probe': 0, 'random_matched': 1, 'internals_probe': 1} | cache 3 gens | 597.7 min
[332/400] cstr_closedloop_00331 cool_stuck_closed: recovered {'always_validate': 0, 'never_validate': 0, 'observables_probe': 0, 'combined_probe': 0, 'random_matched': 0, 'internals_probe': 0} | cache 12 gens | 601.0 min
[333/400] cstr_closedloop_00332 fouling: recovered {'always_validate': 0, 'never_validate': 0, 'observables_probe': 0, 'combined_probe': 0, 'random_matched': 0, 'internals_probe': 0} | cache 10 gens | 603.4 min
[334/400] cstr_closedloop_00333 fouling: recovered {'always_validate': 0, 'never_validate': 0, 'observables_probe': 0, 'combined_probe': 0, 'random_matched': 0, 'internals_probe': 0} | cache 8 gens | 605.3 min
[335/400] cstr_closedloop_00334 pump_degrade: recovered {'always_validate': 1, 'never_validate': 0, 'observables_probe': 0, 'combined_probe': 0, 'random_matched': 0, 'internals_probe': 1} | cache 5 gens | 606.8 min
[336/400] cstr_closedloop_00335 fouling: recovered {'always_validate': 0, 'never_validate': 0, 'observables_probe': 0, 'combined_probe': 0, 'random_matched': 0, 'internals_probe': 0} | cache 5 gens | 607.9 min
[337/400] cstr_closedloop_00336 cool_stuck_closed: recovered {'always_validate': 0, 'never_validate': 0, 'observables_probe': 0, 'combined_probe': 0, 'random_matched': 0, 'internals_probe': 0} | cache 7 gens | 610.2 min
[338/400] cstr_closedloop_00337 cool_stuck_closed: recovered {'always_validate': 0, 'never_validate': 0, 'observables_probe': 0, 'combined_probe': 0, 'random_matched': 0, 'internals_probe': 0} | cache 8 gens | 612.6 min
[339/400] cstr_closedloop_00338 fouling: recovered {'always_validate': 0, 'never_validate': 0, 'observables_probe': 0, 'combined_probe': 0, 'random_matched': 0, 'internals_probe': 0} | cache 11 gens | 615.1 min
[340/400] cstr_closedloop_00339 cool_stuck_closed: recovered {'always_validate': 0, 'never_validate': 0, 'observables_probe': 0, 'combined_probe': 0, 'random_matched': 0, 'internals_probe': 0} | cache 13 gens | 618.5 min
[341/400] cstr_closedloop_00340 outlet_block: recovered {'always_validate': 0, 'never_validate': 0, 'observables_probe': 0, 'combined_probe': 0, 'random_matched': 0, 'internals_probe': 0} | cache 10 gens | 620.6 min
[342/400] cstr_closedloop_00341 fouling: recovered {'always_validate': 0, 'never_validate': 0, 'observables_probe': 0, 'combined_probe': 0, 'random_matched': 0, 'internals_probe': 0} | cache 8 gens | 622.8 min
[343/400] cstr_closedloop_00342 pump_degrade: recovered {'always_validate': 0, 'never_validate': 0, 'observables_probe': 0, 'combined_probe': 0, 'random_matched': 0, 'internals_probe': 0} | cache 5 gens | 623.9 min
[344/400] cstr_closedloop_00343 outlet_block: recovered {'always_validate': 1, 'never_validate': 1, 'observables_probe': 1, 'combined_probe': 1, 'random_matched': 1, 'internals_probe': 1} | cache 1 gens | 624.3 min
[345/400] cstr_closedloop_00344 cool_stuck_closed: recovered {'always_validate': 1, 'never_validate': 1, 'observables_probe': 1, 'combined_probe': 1, 'random_matched': 1, 'internals_probe': 1} | cache 3 gens | 625.2 min
[346/400] cstr_closedloop_00345 pump_degrade: recovered {'always_validate': 1, 'never_validate': 1, 'observables_probe': 1, 'combined_probe': 1, 'random_matched': 1, 'internals_probe': 1} | cache 1 gens | 625.6 min
[347/400] cstr_closedloop_00346 pump_degrade: recovered {'always_validate': 1, 'never_validate': 0, 'observables_probe': 1, 'combined_probe': 1, 'random_matched': 0, 'internals_probe': 1} | cache 4 gens | 626.7 min
[348/400] cstr_closedloop_00347 cool_stuck_closed: recovered {'always_validate': 1, 'never_validate': 1, 'observables_probe': 0, 'combined_probe': 1, 'random_matched': 1, 'internals_probe': 0} | cache 3 gens | 627.6 min
[349/400] cstr_closedloop_00348 fouling: recovered {'always_validate': 0, 'never_validate': 0, 'observables_probe': 0, 'combined_probe': 0, 'random_matched': 0, 'internals_probe': 0} | cache 3 gens | 628.3 min
[350/400] cstr_closedloop_00349 cool_stuck_closed: recovered {'always_validate': 1, 'never_validate': 1, 'observables_probe': 1, 'combined_probe': 1, 'random_matched': 1, 'internals_probe': 0} | cache 4 gens | 629.5 min
[351/400] cstr_closedloop_00350 cool_stuck_closed: recovered {'always_validate': 1, 'never_validate': 1, 'observables_probe': 0, 'combined_probe': 1, 'random_matched': 1, 'internals_probe': 0} | cache 5 gens | 631.2 min
[352/400] cstr_closedloop_00351 pump_degrade: recovered {'always_validate': 1, 'never_validate': 0, 'observables_probe': 1, 'combined_probe': 0, 'random_matched': 0, 'internals_probe': 0} | cache 11 gens | 634.6 min
[353/400] cstr_closedloop_00352 fouling: recovered {'always_validate': 0, 'never_validate': 0, 'observables_probe': 0, 'combined_probe': 0, 'random_matched': 0, 'internals_probe': 0} | cache 7 gens | 636.4 min
[354/400] cstr_closedloop_00353 pump_degrade: recovered {'always_validate': 0, 'never_validate': 0, 'observables_probe': 0, 'combined_probe': 0, 'random_matched': 0, 'internals_probe': 0} | cache 14 gens | 640.9 min
[355/400] cstr_closedloop_00354 pump_degrade: recovered {'always_validate': 0, 'never_validate': 0, 'observables_probe': 0, 'combined_probe': 0, 'random_matched': 0, 'internals_probe': 0} | cache 3 gens | 641.7 min
[356/400] cstr_closedloop_00355 cool_stuck_closed: recovered {'always_validate': 0, 'never_validate': 0, 'observables_probe': 0, 'combined_probe': 0, 'random_matched': 0, 'internals_probe': 0} | cache 6 gens | 644.5 min
[357/400] cstr_closedloop_00356 outlet_block: recovered {'always_validate': 1, 'never_validate': 1, 'observables_probe': 1, 'combined_probe': 1, 'random_matched': 1, 'internals_probe': 1} | cache 3 gens | 646.0 min
[358/400] cstr_closedloop_00357 fouling: recovered {'always_validate': 0, 'never_validate': 0, 'observables_probe': 0, 'combined_probe': 0, 'random_matched': 0, 'internals_probe': 0} | cache 7 gens | 648.3 min
[359/400] cstr_closedloop_00358 outlet_block: recovered {'always_validate': 1, 'never_validate': 1, 'observables_probe': 1, 'combined_probe': 1, 'random_matched': 0, 'internals_probe': 1} | cache 3 gens | 649.8 min
[360/400] cstr_closedloop_00359 cool_stuck_closed: recovered {'always_validate': 1, 'never_validate': 1, 'observables_probe': 0, 'combined_probe': 1, 'random_matched': 1, 'internals_probe': 1} | cache 4 gens | 651.4 min
[361/400] cstr_closedloop_00360 fouling: recovered {'always_validate': 0, 'never_validate': 0, 'observables_probe': 0, 'combined_probe': 0, 'random_matched': 0, 'internals_probe': 0} | cache 9 gens | 653.8 min
[362/400] cstr_closedloop_00361 cool_stuck_closed: recovered {'always_validate': 0, 'never_validate': 0, 'observables_probe': 0, 'combined_probe': 0, 'random_matched': 0, 'internals_probe': 0} | cache 8 gens | 656.1 min
[363/400] cstr_closedloop_00362 cool_stuck_closed: recovered {'always_validate': 1, 'never_validate': 1, 'observables_probe': 1, 'combined_probe': 1, 'random_matched': 1, 'internals_probe': 1} | cache 1 gens | 656.5 min
[364/400] cstr_closedloop_00363 outlet_block: recovered {'always_validate': 0, 'never_validate': 0, 'observables_probe': 1, 'combined_probe': 0, 'random_matched': 0, 'internals_probe': 0} | cache 12 gens | 659.6 min
[365/400] cstr_closedloop_00364 cool_stuck_closed: recovered {'always_validate': 0, 'never_validate': 0, 'observables_probe': 0, 'combined_probe': 0, 'random_matched': 0, 'internals_probe': 0} | cache 6 gens | 661.2 min
[366/400] cstr_closedloop_00365 cool_stuck_closed: recovered {'always_validate': 0, 'never_validate': 0, 'observables_probe': 0, 'combined_probe': 0, 'random_matched': 0, 'internals_probe': 0} | cache 3 gens | 662.1 min
[367/400] cstr_closedloop_00366 cool_stuck_closed: recovered {'always_validate': 0, 'never_validate': 0, 'observables_probe': 0, 'combined_probe': 0, 'random_matched': 0, 'internals_probe': 0} | cache 10 gens | 664.5 min
[368/400] cstr_closedloop_00367 outlet_block: recovered {'always_validate': 1, 'never_validate': 0, 'observables_probe': 0, 'combined_probe': 0, 'random_matched': 0, 'internals_probe': 1} | cache 9 gens | 666.6 min
[369/400] cstr_closedloop_00368 pump_degrade: recovered {'always_validate': 1, 'never_validate': 1, 'observables_probe': 1, 'combined_probe': 1, 'random_matched': 1, 'internals_probe': 1} | cache 4 gens | 668.2 min
[370/400] cstr_closedloop_00369 cool_stuck_closed: recovered {'always_validate': 0, 'never_validate': 0, 'observables_probe': 0, 'combined_probe': 0, 'random_matched': 0, 'internals_probe': 0} | cache 8 gens | 670.9 min
[371/400] cstr_closedloop_00370 fouling: recovered {'always_validate': 0, 'never_validate': 0, 'observables_probe': 0, 'combined_probe': 0, 'random_matched': 0, 'internals_probe': 0} | cache 9 gens | 673.4 min
[372/400] cstr_closedloop_00371 fouling: recovered {'always_validate': 0, 'never_validate': 0, 'observables_probe': 0, 'combined_probe': 0, 'random_matched': 0, 'internals_probe': 0} | cache 12 gens | 676.8 min
[373/400] cstr_closedloop_00372 pump_degrade: recovered {'always_validate': 1, 'never_validate': 1, 'observables_probe': 1, 'combined_probe': 1, 'random_matched': 1, 'internals_probe': 1} | cache 1 gens | 677.3 min
[374/400] cstr_closedloop_00373 pump_degrade: recovered {'always_validate': 1, 'never_validate': 1, 'observables_probe': 1, 'combined_probe': 1, 'random_matched': 1, 'internals_probe': 1} | cache 3 gens | 679.0 min
[375/400] cstr_closedloop_00374 pump_degrade: recovered {'always_validate': 1, 'never_validate': 0, 'observables_probe': 1, 'combined_probe': 0, 'random_matched': 0, 'internals_probe': 1} | cache 8 gens | 682.2 min
[376/400] cstr_closedloop_00375 pump_degrade: recovered {'always_validate': 0, 'never_validate': 0, 'observables_probe': 0, 'combined_probe': 0, 'random_matched': 0, 'internals_probe': 0} | cache 10 gens | 684.8 min
[377/400] cstr_closedloop_00376 fouling: recovered {'always_validate': 1, 'never_validate': 0, 'observables_probe': 0, 'combined_probe': 0, 'random_matched': 1, 'internals_probe': 0} | cache 4 gens | 685.8 min
[378/400] cstr_closedloop_00377 fouling: recovered {'always_validate': 0, 'never_validate': 0, 'observables_probe': 0, 'combined_probe': 0, 'random_matched': 0, 'internals_probe': 0} | cache 11 gens | 688.8 min
[379/400] cstr_closedloop_00378 fouling: recovered {'always_validate': 0, 'never_validate': 0, 'observables_probe': 0, 'combined_probe': 0, 'random_matched': 0, 'internals_probe': 0} | cache 7 gens | 690.5 min
[380/400] cstr_closedloop_00379 outlet_block: recovered {'always_validate': 1, 'never_validate': 0, 'observables_probe': 0, 'combined_probe': 1, 'random_matched': 0, 'internals_probe': 1} | cache 3 gens | 691.4 min
[381/400] cstr_closedloop_00380 outlet_block: recovered {'always_validate': 1, 'never_validate': 1, 'observables_probe': 1, 'combined_probe': 1, 'random_matched': 0, 'internals_probe': 1} | cache 6 gens | 693.3 min
[382/400] cstr_closedloop_00381 cool_stuck_closed: recovered {'always_validate': 0, 'never_validate': 0, 'observables_probe': 0, 'combined_probe': 0, 'random_matched': 0, 'internals_probe': 0} | cache 9 gens | 695.9 min
[383/400] cstr_closedloop_00382 fouling: recovered {'always_validate': 0, 'never_validate': 0, 'observables_probe': 0, 'combined_probe': 0, 'random_matched': 0, 'internals_probe': 0} | cache 5 gens | 697.2 min
[384/400] cstr_closedloop_00383 pump_degrade: recovered {'always_validate': 1, 'never_validate': 1, 'observables_probe': 1, 'combined_probe': 1, 'random_matched': 0, 'internals_probe': 1} | cache 6 gens | 699.3 min
[385/400] cstr_closedloop_00384 pump_degrade: recovered {'always_validate': 0, 'never_validate': 0, 'observables_probe': 0, 'combined_probe': 0, 'random_matched': 0, 'internals_probe': 0} | cache 15 gens | 702.8 min
[386/400] cstr_closedloop_00385 outlet_block: recovered {'always_validate': 1, 'never_validate': 0, 'observables_probe': 0, 'combined_probe': 0, 'random_matched': 0, 'internals_probe': 1} | cache 11 gens | 705.4 min
[387/400] cstr_closedloop_00386 outlet_block: recovered {'always_validate': 0, 'never_validate': 0, 'observables_probe': 0, 'combined_probe': 0, 'random_matched': 0, 'internals_probe': 0} | cache 7 gens | 707.3 min
[388/400] cstr_closedloop_00387 cool_stuck_closed: recovered {'always_validate': 0, 'never_validate': 0, 'observables_probe': 0, 'combined_probe': 0, 'random_matched': 0, 'internals_probe': 0} | cache 10 gens | 710.2 min
[389/400] cstr_closedloop_00388 outlet_block: recovered {'always_validate': 0, 'never_validate': 0, 'observables_probe': 0, 'combined_probe': 0, 'random_matched': 0, 'internals_probe': 0} | cache 10 gens | 712.6 min
[390/400] cstr_closedloop_00389 fouling: recovered {'always_validate': 0, 'never_validate': 0, 'observables_probe': 0, 'combined_probe': 0, 'random_matched': 0, 'internals_probe': 0} | cache 8 gens | 714.4 min
[391/400] cstr_closedloop_00390 outlet_block: recovered {'always_validate': 0, 'never_validate': 0, 'observables_probe': 1, 'combined_probe': 1, 'random_matched': 0, 'internals_probe': 0} | cache 9 gens | 717.1 min
[392/400] cstr_closedloop_00391 fouling: recovered {'always_validate': 1, 'never_validate': 0, 'observables_probe': 0, 'combined_probe': 0, 'random_matched': 0, 'internals_probe': 0} | cache 9 gens | 719.3 min
[393/400] cstr_closedloop_00392 outlet_block: recovered {'always_validate': 1, 'never_validate': 0, 'observables_probe': 0, 'combined_probe': 0, 'random_matched': 0, 'internals_probe': 1} | cache 3 gens | 720.1 min
[394/400] cstr_closedloop_00393 fouling: recovered {'always_validate': 0, 'never_validate': 0, 'observables_probe': 0, 'combined_probe': 0, 'random_matched': 0, 'internals_probe': 0} | cache 12 gens | 723.0 min
[395/400] cstr_closedloop_00394 pump_degrade: recovered {'always_validate': 0, 'never_validate': 0, 'observables_probe': 1, 'combined_probe': 0, 'random_matched': 1, 'internals_probe': 0} | cache 4 gens | 724.2 min
[396/400] cstr_closedloop_00395 fouling: recovered {'always_validate': 0, 'never_validate': 0, 'observables_probe': 0, 'combined_probe': 0, 'random_matched': 0, 'internals_probe': 0} | cache 7 gens | 726.0 min
[397/400] cstr_closedloop_00396 fouling: recovered {'always_validate': 0, 'never_validate': 0, 'observables_probe': 0, 'combined_probe': 0, 'random_matched': 0, 'internals_probe': 0} | cache 9 gens | 728.1 min
[398/400] cstr_closedloop_00397 pump_degrade: recovered {'always_validate': 1, 'never_validate': 1, 'observables_probe': 1, 'combined_probe': 1, 'random_matched': 1, 'internals_probe': 1} | cache 6 gens | 730.0 min
[399/400] cstr_closedloop_00398 cool_stuck_closed: recovered {'always_validate': 0, 'never_validate': 0, 'observables_probe': 0, 'combined_probe': 0, 'random_matched': 0, 'internals_probe': 0} | cache 9 gens | 732.2 min
[400/400] cstr_closedloop_00399 outlet_block: recovered {'always_validate': 1, 'never_validate': 0, 'observables_probe': 1, 'combined_probe': 0, 'random_matched': 0, 'internals_probe': 1} | cache 6 gens | 733.6 min
{"run_dir": "C:\\Users\\jv624\\Desktop\\fsm_reliability\\outputs\\cstr_closed_loop\\20261004_225258_qwen25-7b", "hours": 12.23}
