python.exe : 
At C:\Users\jv624\Desktop\fsm_reliability\outputs\r0_rule_queue.ps1:14 char:5
+     & $py @(@("-m", "scripts.42_cstr_closed_loop", "--dataset_dir", " ...
+     ~~~~~~~~~~~~~~~~~~~~~~~~~~~~~~~~~~~~~~~~~~~~~~~~~~~~~~~~~~~~~~~~~
    + CategoryInfo          : NotSpecified: (:String) [], RemoteException
    + FullyQualifiedErrorId : NativeCommandError
 
Loading weights:   0%|          | 0/218 [00:00<?, ?it/s]
Loading weights:   0%|          | 1/218 [00:00<00:36,  5.87it/s]
Loading weights:   6%|Γûî         | 13/218 [00:00<00:03, 57.26it/s]
Loading weights:  11%|Γûê         | 23/218 [00:00<00:02, 72.28it/s]
Loading weights:  16%|ΓûêΓûî        | 35/218 [00:00<00:02, 87.75it/s]
Loading weights:  21%|ΓûêΓûê        | 45/218 [00:00<00:01, 89.21it/s]
Loading weights:  26%|ΓûêΓûêΓûî       | 57/218 [00:00<00:01, 93.23it/s]
Loading weights:  31%|ΓûêΓûêΓûê       | 67/218 [00:00<00:01, 90.47it/s]
Loading weights:  35%|ΓûêΓûêΓûêΓûî      | 77/218 [00:00<00:01, 90.62it/s]
Loading weights:  41%|ΓûêΓûêΓûêΓûê      | 89/218 [00:01<00:01, 97.05it/s]
Loading weights:  47%|ΓûêΓûêΓûêΓûêΓûï     | 102/218 [00:01<00:01, 100.89it/s]
Loading weights:  52%|ΓûêΓûêΓûêΓûêΓûêΓûÅ    | 113/218 [00:01<00:01, 95.99it/s] 
Loading weights:  57%|ΓûêΓûêΓûêΓûêΓûêΓûï    | 125/218 [00:01<00:00, 101.47it/s]
Loading weights:  62%|ΓûêΓûêΓûêΓûêΓûêΓûêΓûÅ   | 136/218 [00:01<00:00, 103.77it/s]
Loading weights:  67%|ΓûêΓûêΓûêΓûêΓûêΓûêΓûï   | 147/218 [00:01<00:00, 103.21it/s]
Loading weights:  72%|ΓûêΓûêΓûêΓûêΓûêΓûêΓûêΓûÅ  | 158/218 [00:01<00:00, 94.57it/s] 
Loading weights:  78%|ΓûêΓûêΓûêΓûêΓûêΓûêΓûêΓûè  | 170/218 [00:01<00:00, 99.99it/s]
Loading weights:  84%|ΓûêΓûêΓûêΓûêΓûêΓûêΓûêΓûêΓûì | 183/218 [00:01<00:00, 101.94it/s]
Loading weights:  89%|ΓûêΓûêΓûêΓûêΓûêΓûêΓûêΓûêΓûë | 194/218 [00:02<00:00, 95.58it/s] 
Loading weights:  94%|ΓûêΓûêΓûêΓûêΓûêΓûêΓûêΓûêΓûêΓûì| 206/218 [00:02<00:00, 100.21it/s]
Loading weights: 100%|ΓûêΓûêΓûêΓûêΓûêΓûêΓûêΓûêΓûêΓûê| 218/218 [00:02<00:00, 94.40it/s] 
[1/400] cstr_closedloop_00000 cool_stuck_closed: recovered {'observables_probe_r0': 0, 'combined_probe_r0': 0, 'internals_probe_r0': 0} | cache 2 gens | 0.5 min
[2/400] cstr_closedloop_00001 fouling: recovered {'observables_probe_r0': 0, 'combined_probe_r0': 0, 'internals_probe_r0': 0} | cache 3 gens | 0.7 min
[3/400] cstr_closedloop_00002 fouling: recovered {'observables_probe_r0': 0, 'combined_probe_r0': 0, 'internals_probe_r0': 0} | cache 3 gens | 1.0 min
[4/400] cstr_closedloop_00003 cool_stuck_closed: recovered {'observables_probe_r0': 0, 'combined_probe_r0': 0, 'internals_probe_r0': 0} | cache 3 gens | 1.4 min
[5/400] cstr_closedloop_00004 outlet_block: recovered {'observables_probe_r0': 1, 'combined_probe_r0': 1, 'internals_probe_r0': 1} | cache 1 gens | 1.6 min
[6/400] cstr_closedloop_00005 fouling: recovered {'observables_probe_r0': 0, 'combined_probe_r0': 0, 'internals_probe_r0': 0} | cache 3 gens | 1.9 min
[7/400] cstr_closedloop_00006 pump_degrade: recovered {'observables_probe_r0': 0, 'combined_probe_r0': 0, 'internals_probe_r0': 0} | cache 3 gens | 2.3 min
[8/400] cstr_closedloop_00007 pump_degrade: recovered {'observables_probe_r0': 1, 'combined_probe_r0': 1, 'internals_probe_r0': 1} | cache 1 gens | 2.4 min
[9/400] cstr_closedloop_00008 pump_degrade: recovered {'observables_probe_r0': 0, 'combined_probe_r0': 0, 'internals_probe_r0': 0} | cache 3 gens | 2.8 min
[10/400] cstr_closedloop_00009 fouling: recovered {'observables_probe_r0': 0, 'combined_probe_r0': 0, 'internals_probe_r0': 0} | cache 3 gens | 2.9 min
[11/400] cstr_closedloop_00010 outlet_block: recovered {'observables_probe_r0': 1, 'combined_probe_r0': 1, 'internals_probe_r0': 1} | cache 2 gens | 3.1 min
[12/400] cstr_closedloop_00011 outlet_block: recovered {'observables_probe_r0': 0, 'combined_probe_r0': 0, 'internals_probe_r0': 0} | cache 2 gens | 3.3 min
[13/400] cstr_closedloop_00012 cool_stuck_closed: recovered {'observables_probe_r0': 0, 'combined_probe_r0': 0, 'internals_probe_r0': 0} | cache 3 gens | 3.7 min
[14/400] cstr_closedloop_00013 outlet_block: recovered {'observables_probe_r0': 0, 'combined_probe_r0': 0, 'internals_probe_r0': 0} | cache 3 gens | 3.9 min
[15/400] cstr_closedloop_00014 pump_degrade: recovered {'observables_probe_r0': 1, 'combined_probe_r0': 1, 'internals_probe_r0': 1} | cache 1 gens | 4.1 min
[16/400] cstr_closedloop_00015 cool_stuck_closed: recovered {'observables_probe_r0': 0, 'combined_probe_r0': 0, 'internals_probe_r0': 0} | cache 3 gens | 4.4 min
[17/400] cstr_closedloop_00016 pump_degrade: recovered {'observables_probe_r0': 1, 'combined_probe_r0': 1, 'internals_probe_r0': 1} | cache 1 gens | 4.6 min
[18/400] cstr_closedloop_00017 cool_stuck_closed: recovered {'observables_probe_r0': 0, 'combined_probe_r0': 0, 'internals_probe_r0': 0} | cache 3 gens | 5.2 min
[19/400] cstr_closedloop_00018 cool_stuck_closed: recovered {'observables_probe_r0': 0, 'combined_probe_r0': 0, 'internals_probe_r0': 0} | cache 3 gens | 5.6 min
[20/400] cstr_closedloop_00019 pump_degrade: recovered {'observables_probe_r0': 0, 'combined_probe_r0': 0, 'internals_probe_r0': 0} | cache 2 gens | 5.8 min
[21/400] cstr_closedloop_00020 outlet_block: recovered {'observables_probe_r0': 0, 'combined_probe_r0': 0, 'internals_probe_r0': 0} | cache 2 gens | 6.1 min
[22/400] cstr_closedloop_00021 outlet_block: recovered {'observables_probe_r0': 1, 'combined_probe_r0': 1, 'internals_probe_r0': 1} | cache 1 gens | 6.3 min
[23/400] cstr_closedloop_00022 cool_stuck_closed: recovered {'observables_probe_r0': 0, 'combined_probe_r0': 0, 'internals_probe_r0': 0} | cache 3 gens | 6.8 min
[24/400] cstr_closedloop_00023 outlet_block: recovered {'observables_probe_r0': 1, 'combined_probe_r0': 1, 'internals_probe_r0': 1} | cache 1 gens | 6.9 min
[25/400] cstr_closedloop_00024 fouling: recovered {'observables_probe_r0': 0, 'combined_probe_r0': 0, 'internals_probe_r0': 0} | cache 3 gens | 7.2 min
[26/400] cstr_closedloop_00025 cool_stuck_closed: recovered {'observables_probe_r0': 1, 'combined_probe_r0': 0, 'internals_probe_r0': 1} | cache 2 gens | 8.0 min
[27/400] cstr_closedloop_00026 pump_degrade: recovered {'observables_probe_r0': 0, 'combined_probe_r0': 0, 'internals_probe_r0': 0} | cache 2 gens | 8.2 min
[28/400] cstr_closedloop_00027 pump_degrade: recovered {'observables_probe_r0': 0, 'combined_probe_r0': 0, 'internals_probe_r0': 0} | cache 3 gens | 8.5 min
[29/400] cstr_closedloop_00028 outlet_block: recovered {'observables_probe_r0': 1, 'combined_probe_r0': 1, 'internals_probe_r0': 1} | cache 1 gens | 8.7 min
[30/400] cstr_closedloop_00029 outlet_block: recovered {'observables_probe_r0': 0, 'combined_probe_r0': 0, 'internals_probe_r0': 0} | cache 3 gens | 9.1 min
[31/400] cstr_closedloop_00030 cool_stuck_closed: recovered {'observables_probe_r0': 0, 'combined_probe_r0': 0, 'internals_probe_r0': 0} | cache 2 gens | 9.3 min
[32/400] cstr_closedloop_00031 pump_degrade: recovered {'observables_probe_r0': 1, 'combined_probe_r0': 1, 'internals_probe_r0': 1} | cache 1 gens | 9.4 min
[33/400] cstr_closedloop_00032 outlet_block: recovered {'observables_probe_r0': 1, 'combined_probe_r0': 1, 'internals_probe_r0': 1} | cache 1 gens | 9.7 min
[34/400] cstr_closedloop_00033 outlet_block: recovered {'observables_probe_r0': 0, 'combined_probe_r0': 0, 'internals_probe_r0': 0} | cache 3 gens | 10.0 min
[35/400] cstr_closedloop_00034 cool_stuck_closed: recovered {'observables_probe_r0': 1, 'combined_probe_r0': 1, 'internals_probe_r0': 1} | cache 1 gens | 10.2 min
[36/400] cstr_closedloop_00035 pump_degrade: recovered {'observables_probe_r0': 0, 'combined_probe_r0': 0, 'internals_probe_r0': 0} | cache 2 gens | 10.4 min
[37/400] cstr_closedloop_00036 outlet_block: recovered {'observables_probe_r0': 1, 'combined_probe_r0': 1, 'internals_probe_r0': 1} | cache 1 gens | 10.6 min
[38/400] cstr_closedloop_00037 cool_stuck_closed: recovered {'observables_probe_r0': 1, 'combined_probe_r0': 1, 'internals_probe_r0': 1} | cache 1 gens | 10.8 min
[39/400] cstr_closedloop_00038 outlet_block: recovered {'observables_probe_r0': 1, 'combined_probe_r0': 1, 'internals_probe_r0': 1} | cache 1 gens | 11.0 min
[40/400] cstr_closedloop_00039 fouling: recovered {'observables_probe_r0': 0, 'combined_probe_r0': 0, 'internals_probe_r0': 0} | cache 3 gens | 11.3 min
[41/400] cstr_closedloop_00040 outlet_block: recovered {'observables_probe_r0': 1, 'combined_probe_r0': 1, 'internals_probe_r0': 1} | cache 1 gens | 11.5 min
[42/400] cstr_closedloop_00041 pump_degrade: recovered {'observables_probe_r0': 1, 'combined_probe_r0': 1, 'internals_probe_r0': 1} | cache 1 gens | 11.6 min
[43/400] cstr_closedloop_00042 pump_degrade: recovered {'observables_probe_r0': 1, 'combined_probe_r0': 1, 'internals_probe_r0': 1} | cache 1 gens | 11.8 min
[44/400] cstr_closedloop_00043 outlet_block: recovered {'observables_probe_r0': 1, 'combined_probe_r0': 1, 'internals_probe_r0': 1} | cache 1 gens | 11.9 min
[45/400] cstr_closedloop_00044 cool_stuck_closed: recovered {'observables_probe_r0': 0, 'combined_probe_r0': 0, 'internals_probe_r0': 0} | cache 2 gens | 12.1 min
[46/400] cstr_closedloop_00045 outlet_block: recovered {'observables_probe_r0': 1, 'combined_probe_r0': 1, 'internals_probe_r0': 1} | cache 1 gens | 12.2 min
[47/400] cstr_closedloop_00046 fouling: recovered {'observables_probe_r0': 0, 'combined_probe_r0': 0, 'internals_probe_r0': 0} | cache 3 gens | 13.0 min
[48/400] cstr_closedloop_00047 fouling: recovered {'observables_probe_r0': 0, 'combined_probe_r0': 0, 'internals_probe_r0': 0} | cache 3 gens | 13.3 min
[49/400] cstr_closedloop_00048 cool_stuck_closed: recovered {'observables_probe_r0': 0, 'combined_probe_r0': 0, 'internals_probe_r0': 0} | cache 3 gens | 14.0 min
[50/400] cstr_closedloop_00049 pump_degrade: recovered {'observables_probe_r0': 0, 'combined_probe_r0': 0, 'internals_probe_r0': 0} | cache 2 gens | 14.4 min
[51/400] cstr_closedloop_00050 fouling: recovered {'observables_probe_r0': 0, 'combined_probe_r0': 0, 'internals_probe_r0': 0} | cache 3 gens | 14.7 min
[52/400] cstr_closedloop_00051 pump_degrade: recovered {'observables_probe_r0': 0, 'combined_probe_r0': 0, 'internals_probe_r0': 0} | cache 2 gens | 15.0 min
[53/400] cstr_closedloop_00052 cool_stuck_closed: recovered {'observables_probe_r0': 0, 'combined_probe_r0': 0, 'internals_probe_r0': 0} | cache 3 gens | 15.4 min
[54/400] cstr_closedloop_00053 pump_degrade: recovered {'observables_probe_r0': 0, 'combined_probe_r0': 0, 'internals_probe_r0': 0} | cache 2 gens | 15.7 min
[55/400] cstr_closedloop_00054 cool_stuck_closed: recovered {'observables_probe_r0': 0, 'combined_probe_r0': 0, 'internals_probe_r0': 0} | cache 3 gens | 16.0 min
[56/400] cstr_closedloop_00055 fouling: recovered {'observables_probe_r0': 0, 'combined_probe_r0': 0, 'internals_probe_r0': 0} | cache 5 gens | 17.0 min
[57/400] cstr_closedloop_00056 cool_stuck_closed: recovered {'observables_probe_r0': 0, 'combined_probe_r0': 0, 'internals_probe_r0': 1} | cache 2 gens | 17.6 min
[58/400] cstr_closedloop_00057 cool_stuck_closed: recovered {'observables_probe_r0': 0, 'combined_probe_r0': 0, 'internals_probe_r0': 0} | cache 2 gens | 17.8 min
[59/400] cstr_closedloop_00058 cool_stuck_closed: recovered {'observables_probe_r0': 0, 'combined_probe_r0': 0, 'internals_probe_r0': 0} | cache 3 gens | 18.1 min
[60/400] cstr_closedloop_00059 fouling: recovered {'observables_probe_r0': 0, 'combined_probe_r0': 0, 'internals_probe_r0': 0} | cache 3 gens | 18.5 min
[61/400] cstr_closedloop_00060 cool_stuck_closed: recovered {'observables_probe_r0': 0, 'combined_probe_r0': 0, 'internals_probe_r0': 0} | cache 3 gens | 19.2 min
[62/400] cstr_closedloop_00061 pump_degrade: recovered {'observables_probe_r0': 1, 'combined_probe_r0': 1, 'internals_probe_r0': 1} | cache 1 gens | 19.4 min
[63/400] cstr_closedloop_00062 cool_stuck_closed: recovered {'observables_probe_r0': 1, 'combined_probe_r0': 1, 'internals_probe_r0': 1} | cache 1 gens | 19.6 min
[64/400] cstr_closedloop_00063 outlet_block: recovered {'observables_probe_r0': 0, 'combined_probe_r0': 0, 'internals_probe_r0': 0} | cache 3 gens | 20.0 min
[65/400] cstr_closedloop_00064 outlet_block: recovered {'observables_probe_r0': 0, 'combined_probe_r0': 0, 'internals_probe_r0': 0} | cache 3 gens | 20.4 min
[66/400] cstr_closedloop_00065 pump_degrade: recovered {'observables_probe_r0': 1, 'combined_probe_r0': 1, 'internals_probe_r0': 1} | cache 1 gens | 20.6 min
[67/400] cstr_closedloop_00066 outlet_block: recovered {'observables_probe_r0': 0, 'combined_probe_r0': 0, 'internals_probe_r0': 0} | cache 3 gens | 21.0 min
[68/400] cstr_closedloop_00067 outlet_block: recovered {'observables_probe_r0': 0, 'combined_probe_r0': 0, 'internals_probe_r0': 0} | cache 2 gens | 21.3 min
[69/400] cstr_closedloop_00068 pump_degrade: recovered {'observables_probe_r0': 0, 'combined_probe_r0': 0, 'internals_probe_r0': 0} | cache 2 gens | 21.7 min
[70/400] cstr_closedloop_00069 pump_degrade: recovered {'observables_probe_r0': 1, 'combined_probe_r0': 1, 'internals_probe_r0': 1} | cache 1 gens | 22.0 min
[71/400] cstr_closedloop_00070 fouling: recovered {'observables_probe_r0': 0, 'combined_probe_r0': 0, 'internals_probe_r0': 0} | cache 3 gens | 22.3 min
[72/400] cstr_closedloop_00071 pump_degrade: recovered {'observables_probe_r0': 0, 'combined_probe_r0': 0, 'internals_probe_r0': 0} | cache 2 gens | 23.2 min
[73/400] cstr_closedloop_00072 cool_stuck_closed: recovered {'observables_probe_r0': 0, 'combined_probe_r0': 1, 'internals_probe_r0': 0} | cache 2 gens | 23.8 min
[74/400] cstr_closedloop_00073 outlet_block: recovered {'observables_probe_r0': 1, 'combined_probe_r0': 1, 'internals_probe_r0': 1} | cache 1 gens | 24.1 min
[75/400] cstr_closedloop_00074 cool_stuck_closed: recovered {'observables_probe_r0': 1, 'combined_probe_r0': 1, 'internals_probe_r0': 1} | cache 1 gens | 24.3 min
[76/400] cstr_closedloop_00075 pump_degrade: recovered {'observables_probe_r0': 0, 'combined_probe_r0': 0, 'internals_probe_r0': 0} | cache 3 gens | 24.8 min
[77/400] cstr_closedloop_00076 fouling: recovered {'observables_probe_r0': 0, 'combined_probe_r0': 0, 'internals_probe_r0': 0} | cache 3 gens | 25.2 min
[78/400] cstr_closedloop_00077 pump_degrade: recovered {'observables_probe_r0': 1, 'combined_probe_r0': 1, 'internals_probe_r0': 1} | cache 1 gens | 25.5 min
[79/400] cstr_closedloop_00078 outlet_block: recovered {'observables_probe_r0': 1, 'combined_probe_r0': 1, 'internals_probe_r0': 1} | cache 1 gens | 25.7 min
[80/400] cstr_closedloop_00079 outlet_block: recovered {'observables_probe_r0': 0, 'combined_probe_r0': 0, 'internals_probe_r0': 0} | cache 2 gens | 26.2 min
[81/400] cstr_closedloop_00080 cool_stuck_closed: recovered {'observables_probe_r0': 0, 'combined_probe_r0': 0, 'internals_probe_r0': 0} | cache 3 gens | 26.7 min
[82/400] cstr_closedloop_00081 fouling: recovered {'observables_probe_r0': 0, 'combined_probe_r0': 0, 'internals_probe_r0': 0} | cache 3 gens | 27.2 min
[83/400] cstr_closedloop_00082 fouling: recovered {'observables_probe_r0': 0, 'combined_probe_r0': 0, 'internals_probe_r0': 0} | cache 3 gens | 27.6 min
[84/400] cstr_closedloop_00083 cool_stuck_closed: recovered {'observables_probe_r0': 0, 'combined_probe_r0': 0, 'internals_probe_r0': 0} | cache 2 gens | 28.0 min
[85/400] cstr_closedloop_00084 pump_degrade: recovered {'observables_probe_r0': 0, 'combined_probe_r0': 0, 'internals_probe_r0': 0} | cache 2 gens | 28.4 min
[86/400] cstr_closedloop_00085 cool_stuck_closed: recovered {'observables_probe_r0': 0, 'combined_probe_r0': 0, 'internals_probe_r0': 0} | cache 2 gens | 28.7 min
[87/400] cstr_closedloop_00086 cool_stuck_closed: recovered {'observables_probe_r0': 0, 'combined_probe_r0': 0, 'internals_probe_r0': 0} | cache 2 gens | 29.1 min
[88/400] cstr_closedloop_00087 outlet_block: recovered {'observables_probe_r0': 1, 'combined_probe_r0': 1, 'internals_probe_r0': 1} | cache 1 gens | 29.4 min
[89/400] cstr_closedloop_00088 outlet_block: recovered {'observables_probe_r0': 1, 'combined_probe_r0': 1, 'internals_probe_r0': 1} | cache 1 gens | 29.6 min
[90/400] cstr_closedloop_00089 fouling: recovered {'observables_probe_r0': 0, 'combined_probe_r0': 0, 'internals_probe_r0': 0} | cache 3 gens | 29.9 min
[91/400] cstr_closedloop_00090 pump_degrade: recovered {'observables_probe_r0': 1, 'combined_probe_r0': 1, 'internals_probe_r0': 1} | cache 1 gens | 30.3 min
[92/400] cstr_closedloop_00091 outlet_block: recovered {'observables_probe_r0': 0, 'combined_probe_r0': 0, 'internals_probe_r0': 0} | cache 3 gens | 30.9 min
[93/400] cstr_closedloop_00092 outlet_block: recovered {'observables_probe_r0': 0, 'combined_probe_r0': 0, 'internals_probe_r0': 0} | cache 2 gens | 31.2 min
[94/400] cstr_closedloop_00093 outlet_block: recovered {'observables_probe_r0': 1, 'combined_probe_r0': 1, 'internals_probe_r0': 1} | cache 1 gens | 31.3 min
[95/400] cstr_closedloop_00094 fouling: recovered {'observables_probe_r0': 0, 'combined_probe_r0': 0, 'internals_probe_r0': 0} | cache 3 gens | 31.6 min
[96/400] cstr_closedloop_00095 cool_stuck_closed: recovered {'observables_probe_r0': 0, 'combined_probe_r0': 0, 'internals_probe_r0': 0} | cache 2 gens | 31.9 min
[97/400] cstr_closedloop_00096 fouling: recovered {'observables_probe_r0': 0, 'combined_probe_r0': 0, 'internals_probe_r0': 0} | cache 3 gens | 32.2 min
[98/400] cstr_closedloop_00097 pump_degrade: recovered {'observables_probe_r0': 1, 'combined_probe_r0': 1, 'internals_probe_r0': 1} | cache 1 gens | 32.5 min
[99/400] cstr_closedloop_00098 pump_degrade: recovered {'observables_probe_r0': 0, 'combined_probe_r0': 0, 'internals_probe_r0': 0} | cache 3 gens | 33.0 min
[100/400] cstr_closedloop_00099 outlet_block: recovered {'observables_probe_r0': 1, 'combined_probe_r0': 1, 'internals_probe_r0': 1} | cache 1 gens | 33.3 min
[101/400] cstr_closedloop_00100 cool_stuck_closed: recovered {'observables_probe_r0': 0, 'combined_probe_r0': 0, 'internals_probe_r0': 0} | cache 2 gens | 33.6 min
[102/400] cstr_closedloop_00101 outlet_block: recovered {'observables_probe_r0': 0, 'combined_probe_r0': 0, 'internals_probe_r0': 0} | cache 2 gens | 34.0 min
[103/400] cstr_closedloop_00102 pump_degrade: recovered {'observables_probe_r0': 0, 'combined_probe_r0': 0, 'internals_probe_r0': 0} | cache 3 gens | 34.4 min
[104/400] cstr_closedloop_00103 cool_stuck_closed: recovered {'observables_probe_r0': 0, 'combined_probe_r0': 0, 'internals_probe_r0': 0} | cache 3 gens | 34.7 min
[105/400] cstr_closedloop_00104 outlet_block: recovered {'observables_probe_r0': 1, 'combined_probe_r0': 1, 'internals_probe_r0': 1} | cache 1 gens | 34.9 min
[106/400] cstr_closedloop_00105 pump_degrade: recovered {'observables_probe_r0': 0, 'combined_probe_r0': 0, 'internals_probe_r0': 0} | cache 3 gens | 35.5 min
[107/400] cstr_closedloop_00106 cool_stuck_closed: recovered {'observables_probe_r0': 0, 'combined_probe_r0': 0, 'internals_probe_r0': 0} | cache 2 gens | 36.5 min
[108/400] cstr_closedloop_00107 outlet_block: recovered {'observables_probe_r0': 1, 'combined_probe_r0': 1, 'internals_probe_r0': 1} | cache 1 gens | 36.7 min
[109/400] cstr_closedloop_00108 cool_stuck_closed: recovered {'observables_probe_r0': 0, 'combined_probe_r0': 0, 'internals_probe_r0': 0} | cache 3 gens | 37.4 min
[110/400] cstr_closedloop_00109 cool_stuck_closed: recovered {'observables_probe_r0': 1, 'combined_probe_r0': 1, 'internals_probe_r0': 1} | cache 1 gens | 37.7 min
[111/400] cstr_closedloop_00110 cool_stuck_closed: recovered {'observables_probe_r0': 0, 'combined_probe_r0': 0, 'internals_probe_r0': 0} | cache 3 gens | 38.4 min
[112/400] cstr_closedloop_00111 outlet_block: recovered {'observables_probe_r0': 0, 'combined_probe_r0': 0, 'internals_probe_r0': 0} | cache 3 gens | 38.9 min
[113/400] cstr_closedloop_00112 cool_stuck_closed: recovered {'observables_probe_r0': 0, 'combined_probe_r0': 0, 'internals_probe_r0': 0} | cache 2 gens | 39.3 min
[114/400] cstr_closedloop_00113 pump_degrade: recovered {'observables_probe_r0': 1, 'combined_probe_r0': 1, 'internals_probe_r0': 1} | cache 1 gens | 39.7 min
[115/400] cstr_closedloop_00114 outlet_block: recovered {'observables_probe_r0': 0, 'combined_probe_r0': 0, 'internals_probe_r0': 0} | cache 3 gens | 40.2 min
[116/400] cstr_closedloop_00115 pump_degrade: recovered {'observables_probe_r0': 0, 'combined_probe_r0': 0, 'internals_probe_r0': 0} | cache 2 gens | 41.2 min
[117/400] cstr_closedloop_00116 fouling: recovered {'observables_probe_r0': 0, 'combined_probe_r0': 0, 'internals_probe_r0': 0} | cache 3 gens | 41.8 min
[118/400] cstr_closedloop_00117 fouling: recovered {'observables_probe_r0': 0, 'combined_probe_r0': 0, 'internals_probe_r0': 0} | cache 3 gens | 42.1 min
[119/400] cstr_closedloop_00118 pump_degrade: recovered {'observables_probe_r0': 0, 'combined_probe_r0': 0, 'internals_probe_r0': 0} | cache 3 gens | 42.7 min
[120/400] cstr_closedloop_00119 fouling: recovered {'observables_probe_r0': 0, 'combined_probe_r0': 0, 'internals_probe_r0': 0} | cache 4 gens | 43.6 min
[121/400] cstr_closedloop_00120 cool_stuck_closed: recovered {'observables_probe_r0': 0, 'combined_probe_r0': 0, 'internals_probe_r0': 0} | cache 3 gens | 44.6 min
[122/400] cstr_closedloop_00121 pump_degrade: recovered {'observables_probe_r0': 0, 'combined_probe_r0': 0, 'internals_probe_r0': 0} | cache 2 gens | 44.9 min
[123/400] cstr_closedloop_00122 fouling: recovered {'observables_probe_r0': 0, 'combined_probe_r0': 0, 'internals_probe_r0': 0} | cache 3 gens | 45.1 min
[124/400] cstr_closedloop_00123 pump_degrade: recovered {'observables_probe_r0': 0, 'combined_probe_r0': 0, 'internals_probe_r0': 0} | cache 2 gens | 45.4 min
[125/400] cstr_closedloop_00124 fouling: recovered {'observables_probe_r0': 0, 'combined_probe_r0': 0, 'internals_probe_r0': 0} | cache 1 gens | 46.5 min
[126/400] cstr_closedloop_00125 cool_stuck_closed: recovered {'observables_probe_r0': 0, 'combined_probe_r0': 0, 'internals_probe_r0': 0} | cache 2 gens | 47.6 min
[127/400] cstr_closedloop_00126 fouling: recovered {'observables_probe_r0': 0, 'combined_probe_r0': 0, 'internals_probe_r0': 0} | cache 3 gens | 48.1 min
[128/400] cstr_closedloop_00127 pump_degrade: recovered {'observables_probe_r0': 1, 'combined_probe_r0': 1, 'internals_probe_r0': 1} | cache 1 gens | 48.3 min
[129/400] cstr_closedloop_00128 outlet_block: recovered {'observables_probe_r0': 1, 'combined_probe_r0': 1, 'internals_probe_r0': 1} | cache 1 gens | 48.5 min
[130/400] cstr_closedloop_00129 cool_stuck_closed: recovered {'observables_probe_r0': 0, 'combined_probe_r0': 0, 'internals_probe_r0': 0} | cache 3 gens | 49.7 min
[131/400] cstr_closedloop_00130 fouling: recovered {'observables_probe_r0': 0, 'combined_probe_r0': 0, 'internals_probe_r0': 0} | cache 3 gens | 50.3 min
[132/400] cstr_closedloop_00131 fouling: recovered {'observables_probe_r0': 0, 'combined_probe_r0': 0, 'internals_probe_r0': 0} | cache 3 gens | 50.7 min
[133/400] cstr_closedloop_00132 pump_degrade: recovered {'observables_probe_r0': 0, 'combined_probe_r0': 0, 'internals_probe_r0': 0} | cache 2 gens | 51.2 min
[134/400] cstr_closedloop_00133 cool_stuck_closed: recovered {'observables_probe_r0': 1, 'combined_probe_r0': 1, 'internals_probe_r0': 1} | cache 1 gens | 51.5 min
[135/400] cstr_closedloop_00134 pump_degrade: recovered {'observables_probe_r0': 1, 'combined_probe_r0': 1, 'internals_probe_r0': 1} | cache 1 gens | 51.7 min
[136/400] cstr_closedloop_00135 fouling: recovered {'observables_probe_r0': 0, 'combined_probe_r0': 0, 'internals_probe_r0': 0} | cache 3 gens | 52.4 min
[137/400] cstr_closedloop_00136 fouling: recovered {'observables_probe_r0': 0, 'combined_probe_r0': 0, 'internals_probe_r0': 0} | cache 3 gens | 53.1 min
[138/400] cstr_closedloop_00137 outlet_block: recovered {'observables_probe_r0': 1, 'combined_probe_r0': 1, 'internals_probe_r0': 1} | cache 1 gens | 53.4 min
[139/400] cstr_closedloop_00138 fouling: recovered {'observables_probe_r0': 0, 'combined_probe_r0': 0, 'internals_probe_r0': 0} | cache 5 gens | 55.4 min
[140/400] cstr_closedloop_00139 fouling: recovered {'observables_probe_r0': 0, 'combined_probe_r0': 0, 'internals_probe_r0': 0} | cache 3 gens | 55.8 min
[141/400] cstr_closedloop_00140 outlet_block: recovered {'observables_probe_r0': 1, 'combined_probe_r0': 1, 'internals_probe_r0': 1} | cache 1 gens | 56.0 min
[142/400] cstr_closedloop_00141 outlet_block: recovered {'observables_probe_r0': 1, 'combined_probe_r0': 1, 'internals_probe_r0': 1} | cache 1 gens | 56.4 min
[143/400] cstr_closedloop_00142 cool_stuck_closed: recovered {'observables_probe_r0': 0, 'combined_probe_r0': 0, 'internals_probe_r0': 0} | cache 3 gens | 56.8 min
[144/400] cstr_closedloop_00143 pump_degrade: recovered {'observables_probe_r0': 0, 'combined_probe_r0': 0, 'internals_probe_r0': 0} | cache 2 gens | 57.2 min
[145/400] cstr_closedloop_00144 fouling: recovered {'observables_probe_r0': 0, 'combined_probe_r0': 0, 'internals_probe_r0': 0} | cache 3 gens | 57.5 min
[146/400] cstr_closedloop_00145 fouling: recovered {'observables_probe_r0': 0, 'combined_probe_r0': 1, 'internals_probe_r0': 1} | cache 4 gens | 58.5 min
[147/400] cstr_closedloop_00146 fouling: recovered {'observables_probe_r0': 0, 'combined_probe_r0': 0, 'internals_probe_r0': 0} | cache 3 gens | 59.4 min
[148/400] cstr_closedloop_00147 outlet_block: recovered {'observables_probe_r0': 1, 'combined_probe_r0': 1, 'internals_probe_r0': 1} | cache 1 gens | 59.7 min
[149/400] cstr_closedloop_00148 outlet_block: recovered {'observables_probe_r0': 1, 'combined_probe_r0': 1, 'internals_probe_r0': 1} | cache 1 gens | 60.1 min
[150/400] cstr_closedloop_00149 fouling: recovered {'observables_probe_r0': 0, 'combined_probe_r0': 0, 'internals_probe_r0': 0} | cache 3 gens | 60.7 min
[151/400] cstr_closedloop_00150 fouling: recovered {'observables_probe_r0': 0, 'combined_probe_r0': 0, 'internals_probe_r0': 0} | cache 3 gens | 61.2 min
[152/400] cstr_closedloop_00151 cool_stuck_closed: recovered {'observables_probe_r0': 0, 'combined_probe_r0': 0, 'internals_probe_r0': 0} | cache 2 gens | 61.6 min
[153/400] cstr_closedloop_00152 fouling: recovered {'observables_probe_r0': 0, 'combined_probe_r0': 0, 'internals_probe_r0': 0} | cache 3 gens | 62.0 min
[154/400] cstr_closedloop_00153 fouling: recovered {'observables_probe_r0': 0, 'combined_probe_r0': 0, 'internals_probe_r0': 0} | cache 3 gens | 62.5 min
[155/400] cstr_closedloop_00154 outlet_block: recovered {'observables_probe_r0': 1, 'combined_probe_r0': 1, 'internals_probe_r0': 1} | cache 1 gens | 62.8 min
[156/400] cstr_closedloop_00155 outlet_block: recovered {'observables_probe_r0': 1, 'combined_probe_r0': 1, 'internals_probe_r0': 1} | cache 1 gens | 62.9 min
[157/400] cstr_closedloop_00156 pump_degrade: recovered {'observables_probe_r0': 0, 'combined_probe_r0': 0, 'internals_probe_r0': 0} | cache 3 gens | 63.6 min
[158/400] cstr_closedloop_00157 cool_stuck_closed: recovered {'observables_probe_r0': 1, 'combined_probe_r0': 1, 'internals_probe_r0': 1} | cache 2 gens | 64.2 min
[159/400] cstr_closedloop_00158 pump_degrade: recovered {'observables_probe_r0': 0, 'combined_probe_r0': 0, 'internals_probe_r0': 0} | cache 3 gens | 64.8 min
[160/400] cstr_closedloop_00159 fouling: recovered {'observables_probe_r0': 0, 'combined_probe_r0': 0, 'internals_probe_r0': 0} | cache 3 gens | 65.3 min
[161/400] cstr_closedloop_00160 cool_stuck_closed: recovered {'observables_probe_r0': 0, 'combined_probe_r0': 0, 'internals_probe_r0': 0} | cache 3 gens | 66.6 min
[162/400] cstr_closedloop_00161 outlet_block: recovered {'observables_probe_r0': 1, 'combined_probe_r0': 1, 'internals_probe_r0': 1} | cache 1 gens | 66.9 min
[163/400] cstr_closedloop_00162 outlet_block: recovered {'observables_probe_r0': 1, 'combined_probe_r0': 1, 'internals_probe_r0': 1} | cache 1 gens | 67.3 min
[164/400] cstr_closedloop_00163 fouling: recovered {'observables_probe_r0': 0, 'combined_probe_r0': 0, 'internals_probe_r0': 0} | cache 3 gens | 68.5 min
[165/400] cstr_closedloop_00164 fouling: recovered {'observables_probe_r0': 0, 'combined_probe_r0': 0, 'internals_probe_r0': 0} | cache 1 gens | 68.8 min
[166/400] cstr_closedloop_00165 cool_stuck_closed: recovered {'observables_probe_r0': 0, 'combined_probe_r0': 0, 'internals_probe_r0': 0} | cache 2 gens | 69.0 min
[167/400] cstr_closedloop_00166 cool_stuck_closed: recovered {'observables_probe_r0': 0, 'combined_probe_r0': 0, 'internals_probe_r0': 0} | cache 2 gens | 69.4 min
[168/400] cstr_closedloop_00167 outlet_block: recovered {'observables_probe_r0': 0, 'combined_probe_r0': 0, 'internals_probe_r0': 0} | cache 2 gens | 69.8 min
[169/400] cstr_closedloop_00168 pump_degrade: recovered {'observables_probe_r0': 0, 'combined_probe_r0': 0, 'internals_probe_r0': 0} | cache 2 gens | 70.2 min
[170/400] cstr_closedloop_00169 pump_degrade: recovered {'observables_probe_r0': 0, 'combined_probe_r0': 0, 'internals_probe_r0': 0} | cache 2 gens | 70.5 min
[171/400] cstr_closedloop_00170 fouling: recovered {'observables_probe_r0': 0, 'combined_probe_r0': 0, 'internals_probe_r0': 0} | cache 3 gens | 71.7 min
[172/400] cstr_closedloop_00171 pump_degrade: recovered {'observables_probe_r0': 1, 'combined_probe_r0': 1, 'internals_probe_r0': 1} | cache 1 gens | 72.0 min
[173/400] cstr_closedloop_00172 pump_degrade: recovered {'observables_probe_r0': 1, 'combined_probe_r0': 1, 'internals_probe_r0': 1} | cache 1 gens | 72.3 min
[174/400] cstr_closedloop_00173 pump_degrade: recovered {'observables_probe_r0': 0, 'combined_probe_r0': 0, 'internals_probe_r0': 0} | cache 2 gens | 72.6 min
[175/400] cstr_closedloop_00174 cool_stuck_closed: recovered {'observables_probe_r0': 1, 'combined_probe_r0': 1, 'internals_probe_r0': 1} | cache 1 gens | 72.9 min
[176/400] cstr_closedloop_00175 fouling: recovered {'observables_probe_r0': 0, 'combined_probe_r0': 0, 'internals_probe_r0': 0} | cache 3 gens | 73.5 min
[177/400] cstr_closedloop_00176 outlet_block: recovered {'observables_probe_r0': 0, 'combined_probe_r0': 0, 'internals_probe_r0': 0} | cache 3 gens | 74.1 min
[178/400] cstr_closedloop_00177 cool_stuck_closed: recovered {'observables_probe_r0': 0, 'combined_probe_r0': 0, 'internals_probe_r0': 0} | cache 2 gens | 74.5 min
[179/400] cstr_closedloop_00178 outlet_block: recovered {'observables_probe_r0': 1, 'combined_probe_r0': 1, 'internals_probe_r0': 1} | cache 1 gens | 74.8 min
[180/400] cstr_closedloop_00179 pump_degrade: recovered {'observables_probe_r0': 0, 'combined_probe_r0': 0, 'internals_probe_r0': 0} | cache 3 gens | 75.5 min
[181/400] cstr_closedloop_00180 outlet_block: recovered {'observables_probe_r0': 1, 'combined_probe_r0': 1, 'internals_probe_r0': 1} | cache 1 gens | 75.7 min
[182/400] cstr_closedloop_00181 pump_degrade: recovered {'observables_probe_r0': 0, 'combined_probe_r0': 0, 'internals_probe_r0': 0} | cache 2 gens | 76.5 min
[183/400] cstr_closedloop_00182 outlet_block: recovered {'observables_probe_r0': 0, 'combined_probe_r0': 0, 'internals_probe_r0': 0} | cache 3 gens | 77.2 min
[184/400] cstr_closedloop_00183 outlet_block: recovered {'observables_probe_r0': 1, 'combined_probe_r0': 1, 'internals_probe_r0': 1} | cache 1 gens | 77.5 min
[185/400] cstr_closedloop_00184 outlet_block: recovered {'observables_probe_r0': 0, 'combined_probe_r0': 0, 'internals_probe_r0': 0} | cache 2 gens | 77.8 min
[186/400] cstr_closedloop_00185 cool_stuck_closed: recovered {'observables_probe_r0': 0, 'combined_probe_r0': 0, 'internals_probe_r0': 0} | cache 3 gens | 78.2 min
[187/400] cstr_closedloop_00186 cool_stuck_closed: recovered {'observables_probe_r0': 0, 'combined_probe_r0': 0, 'internals_probe_r0': 0} | cache 3 gens | 79.3 min
[188/400] cstr_closedloop_00187 cool_stuck_closed: recovered {'observables_probe_r0': 1, 'combined_probe_r0': 1, 'internals_probe_r0': 1} | cache 1 gens | 79.6 min
[189/400] cstr_closedloop_00188 fouling: recovered {'observables_probe_r0': 0, 'combined_probe_r0': 0, 'internals_probe_r0': 0} | cache 3 gens | 80.1 min
[190/400] cstr_closedloop_00189 fouling: recovered {'observables_probe_r0': 1, 'combined_probe_r0': 1, 'internals_probe_r0': 1} | cache 1 gens | 80.4 min
[191/400] cstr_closedloop_00190 pump_degrade: recovered {'observables_probe_r0': 0, 'combined_probe_r0': 0, 'internals_probe_r0': 0} | cache 2 gens | 80.8 min
[192/400] cstr_closedloop_00191 outlet_block: recovered {'observables_probe_r0': 0, 'combined_probe_r0': 0, 'internals_probe_r0': 0} | cache 2 gens | 81.2 min
[193/400] cstr_closedloop_00192 pump_degrade: recovered {'observables_probe_r0': 1, 'combined_probe_r0': 1, 'internals_probe_r0': 1} | cache 1 gens | 81.5 min
[194/400] cstr_closedloop_00193 pump_degrade: recovered {'observables_probe_r0': 1, 'combined_probe_r0': 1, 'internals_probe_r0': 1} | cache 1 gens | 81.7 min
[195/400] cstr_closedloop_00194 fouling: recovered {'observables_probe_r0': 0, 'combined_probe_r0': 0, 'internals_probe_r0': 0} | cache 3 gens | 82.1 min
[196/400] cstr_closedloop_00195 cool_stuck_closed: recovered {'observables_probe_r0': 0, 'combined_probe_r0': 0, 'internals_probe_r0': 0} | cache 3 gens | 83.0 min
[197/400] cstr_closedloop_00196 fouling: recovered {'observables_probe_r0': 0, 'combined_probe_r0': 0, 'internals_probe_r0': 0} | cache 3 gens | 83.3 min
[198/400] cstr_closedloop_00197 fouling: recovered {'observables_probe_r0': 0, 'combined_probe_r0': 0, 'internals_probe_r0': 0} | cache 3 gens | 83.8 min
[199/400] cstr_closedloop_00198 outlet_block: recovered {'observables_probe_r0': 1, 'combined_probe_r0': 1, 'internals_probe_r0': 1} | cache 1 gens | 84.1 min
[200/400] cstr_closedloop_00199 pump_degrade: recovered {'observables_probe_r0': 1, 'combined_probe_r0': 1, 'internals_probe_r0': 1} | cache 1 gens | 84.3 min
[201/400] cstr_closedloop_00200 fouling: recovered {'observables_probe_r0': 0, 'combined_probe_r0': 0, 'internals_probe_r0': 0} | cache 3 gens | 85.2 min
[202/400] cstr_closedloop_00201 fouling: recovered {'observables_probe_r0': 1, 'combined_probe_r0': 1, 'internals_probe_r0': 1} | cache 1 gens | 85.6 min
[203/400] cstr_closedloop_00202 fouling: recovered {'observables_probe_r0': 0, 'combined_probe_r0': 0, 'internals_probe_r0': 0} | cache 3 gens | 86.1 min
[204/400] cstr_closedloop_00203 pump_degrade: recovered {'observables_probe_r0': 0, 'combined_probe_r0': 0, 'internals_probe_r0': 0} | cache 2 gens | 86.4 min
[205/400] cstr_closedloop_00204 pump_degrade: recovered {'observables_probe_r0': 1, 'combined_probe_r0': 1, 'internals_probe_r0': 1} | cache 1 gens | 86.6 min
[206/400] cstr_closedloop_00205 outlet_block: recovered {'observables_probe_r0': 0, 'combined_probe_r0': 0, 'internals_probe_r0': 0} | cache 3 gens | 87.9 min
[207/400] cstr_closedloop_00206 cool_stuck_closed: recovered {'observables_probe_r0': 0, 'combined_probe_r0': 0, 'internals_probe_r0': 0} | cache 2 gens | 88.2 min
[208/400] cstr_closedloop_00207 pump_degrade: recovered {'observables_probe_r0': 0, 'combined_probe_r0': 0, 'internals_probe_r0': 0} | cache 2 gens | 88.5 min
[209/400] cstr_closedloop_00208 cool_stuck_closed: recovered {'observables_probe_r0': 0, 'combined_probe_r0': 0, 'internals_probe_r0': 0} | cache 2 gens | 88.9 min
[210/400] cstr_closedloop_00209 outlet_block: recovered {'observables_probe_r0': 0, 'combined_probe_r0': 0, 'internals_probe_r0': 0} | cache 2 gens | 89.2 min
[211/400] cstr_closedloop_00210 cool_stuck_closed: recovered {'observables_probe_r0': 0, 'combined_probe_r0': 0, 'internals_probe_r0': 0} | cache 2 gens | 89.5 min
[212/400] cstr_closedloop_00211 outlet_block: recovered {'observables_probe_r0': 0, 'combined_probe_r0': 0, 'internals_probe_r0': 0} | cache 3 gens | 90.1 min
[213/400] cstr_closedloop_00212 fouling: recovered {'observables_probe_r0': 0, 'combined_probe_r0': 0, 'internals_probe_r0': 0} | cache 3 gens | 90.6 min
[214/400] cstr_closedloop_00213 fouling: recovered {'observables_probe_r0': 0, 'combined_probe_r0': 0, 'internals_probe_r0': 0} | cache 3 gens | 91.2 min
[215/400] cstr_closedloop_00214 cool_stuck_closed: recovered {'observables_probe_r0': 0, 'combined_probe_r0': 0, 'internals_probe_r0': 0} | cache 3 gens | 91.8 min
[216/400] cstr_closedloop_00215 pump_degrade: recovered {'observables_probe_r0': 0, 'combined_probe_r0': 0, 'internals_probe_r0': 0} | cache 2 gens | 92.2 min
[217/400] cstr_closedloop_00216 fouling: recovered {'observables_probe_r0': 0, 'combined_probe_r0': 0, 'internals_probe_r0': 0} | cache 3 gens | 92.7 min
[218/400] cstr_closedloop_00217 cool_stuck_closed: recovered {'observables_probe_r0': 1, 'combined_probe_r0': 0, 'internals_probe_r0': 0} | cache 2 gens | 93.5 min
[219/400] cstr_closedloop_00218 outlet_block: recovered {'observables_probe_r0': 0, 'combined_probe_r0': 0, 'internals_probe_r0': 0} | cache 2 gens | 93.8 min
[220/400] cstr_closedloop_00219 outlet_block: recovered {'observables_probe_r0': 1, 'combined_probe_r0': 1, 'internals_probe_r0': 1} | cache 1 gens | 93.9 min
[221/400] cstr_closedloop_00220 cool_stuck_closed: recovered {'observables_probe_r0': 1, 'combined_probe_r0': 1, 'internals_probe_r0': 1} | cache 2 gens | 94.4 min
[222/400] cstr_closedloop_00221 fouling: recovered {'observables_probe_r0': 0, 'combined_probe_r0': 0, 'internals_probe_r0': 0} | cache 3 gens | 94.8 min
[223/400] cstr_closedloop_00222 cool_stuck_closed: recovered {'observables_probe_r0': 1, 'combined_probe_r0': 1, 'internals_probe_r0': 1} | cache 1 gens | 94.9 min
[224/400] cstr_closedloop_00223 fouling: recovered {'observables_probe_r0': 0, 'combined_probe_r0': 0, 'internals_probe_r0': 0} | cache 3 gens | 95.2 min
[225/400] cstr_closedloop_00224 pump_degrade: recovered {'observables_probe_r0': 1, 'combined_probe_r0': 1, 'internals_probe_r0': 1} | cache 1 gens | 95.3 min
[226/400] cstr_closedloop_00225 pump_degrade: recovered {'observables_probe_r0': 0, 'combined_probe_r0': 0, 'internals_probe_r0': 0} | cache 3 gens | 95.7 min
[227/400] cstr_closedloop_00226 cool_stuck_closed: recovered {'observables_probe_r0': 0, 'combined_probe_r0': 0, 'internals_probe_r0': 0} | cache 2 gens | 96.6 min
[228/400] cstr_closedloop_00227 outlet_block: recovered {'observables_probe_r0': 0, 'combined_probe_r0': 0, 'internals_probe_r0': 0} | cache 3 gens | 96.9 min
[229/400] cstr_closedloop_00228 outlet_block: recovered {'observables_probe_r0': 1, 'combined_probe_r0': 1, 'internals_probe_r0': 1} | cache 1 gens | 97.1 min
[230/400] cstr_closedloop_00229 outlet_block: recovered {'observables_probe_r0': 0, 'combined_probe_r0': 0, 'internals_probe_r0': 0} | cache 3 gens | 97.6 min
[231/400] cstr_closedloop_00230 cool_stuck_closed: recovered {'observables_probe_r0': 0, 'combined_probe_r0': 0, 'internals_probe_r0': 0} | cache 3 gens | 98.4 min
[232/400] cstr_closedloop_00231 pump_degrade: recovered {'observables_probe_r0': 1, 'combined_probe_r0': 1, 'internals_probe_r0': 1} | cache 1 gens | 98.6 min
[233/400] cstr_closedloop_00232 cool_stuck_closed: recovered {'observables_probe_r0': 1, 'combined_probe_r0': 1, 'internals_probe_r0': 1} | cache 1 gens | 98.7 min
[234/400] cstr_closedloop_00233 fouling: recovered {'observables_probe_r0': 1, 'combined_probe_r0': 1, 'internals_probe_r0': 1} | cache 1 gens | 99.0 min
[235/400] cstr_closedloop_00234 fouling: recovered {'observables_probe_r0': 0, 'combined_probe_r0': 0, 'internals_probe_r0': 0} | cache 3 gens | 99.4 min
[236/400] cstr_closedloop_00235 outlet_block: recovered {'observables_probe_r0': 1, 'combined_probe_r0': 1, 'internals_probe_r0': 1} | cache 1 gens | 99.6 min
[237/400] cstr_closedloop_00236 pump_degrade: recovered {'observables_probe_r0': 0, 'combined_probe_r0': 0, 'internals_probe_r0': 0} | cache 2 gens | 99.9 min
[238/400] cstr_closedloop_00237 outlet_block: recovered {'observables_probe_r0': 1, 'combined_probe_r0': 1, 'internals_probe_r0': 1} | cache 1 gens | 100.2 min
[239/400] cstr_closedloop_00238 pump_degrade: recovered {'observables_probe_r0': 1, 'combined_probe_r0': 1, 'internals_probe_r0': 1} | cache 1 gens | 100.4 min
[240/400] cstr_closedloop_00239 fouling: recovered {'observables_probe_r0': 0, 'combined_probe_r0': 0, 'internals_probe_r0': 0} | cache 3 gens | 100.8 min
[241/400] cstr_closedloop_00240 fouling: recovered {'observables_probe_r0': 0, 'combined_probe_r0': 0, 'internals_probe_r0': 0} | cache 3 gens | 101.2 min
[242/400] cstr_closedloop_00241 pump_degrade: recovered {'observables_probe_r0': 0, 'combined_probe_r0': 0, 'internals_probe_r0': 0} | cache 3 gens | 101.7 min
[243/400] cstr_closedloop_00242 pump_degrade: recovered {'observables_probe_r0': 0, 'combined_probe_r0': 0, 'internals_probe_r0': 0} | cache 2 gens | 102.1 min
[244/400] cstr_closedloop_00243 pump_degrade: recovered {'observables_probe_r0': 0, 'combined_probe_r0': 0, 'internals_probe_r0': 0} | cache 3 gens | 102.7 min
[245/400] cstr_closedloop_00244 cool_stuck_closed: recovered {'observables_probe_r0': 0, 'combined_probe_r0': 0, 'internals_probe_r0': 0} | cache 2 gens | 103.0 min
[246/400] cstr_closedloop_00245 pump_degrade: recovered {'observables_probe_r0': 1, 'combined_probe_r0': 1, 'internals_probe_r0': 1} | cache 1 gens | 103.2 min
[247/400] cstr_closedloop_00246 fouling: recovered {'observables_probe_r0': 1, 'combined_probe_r0': 1, 'internals_probe_r0': 1} | cache 2 gens | 103.7 min
[248/400] cstr_closedloop_00247 pump_degrade: recovered {'observables_probe_r0': 1, 'combined_probe_r0': 1, 'internals_probe_r0': 1} | cache 1 gens | 103.9 min
[249/400] cstr_closedloop_00248 outlet_block: recovered {'observables_probe_r0': 0, 'combined_probe_r0': 0, 'internals_probe_r0': 0} | cache 3 gens | 104.4 min
[250/400] cstr_closedloop_00249 cool_stuck_closed: recovered {'observables_probe_r0': 0, 'combined_probe_r0': 0, 'internals_probe_r0': 0} | cache 2 gens | 104.7 min
[251/400] cstr_closedloop_00250 fouling: recovered {'observables_probe_r0': 0, 'combined_probe_r0': 0, 'internals_probe_r0': 0} | cache 3 gens | 105.1 min
[252/400] cstr_closedloop_00251 pump_degrade: recovered {'observables_probe_r0': 0, 'combined_probe_r0': 0, 'internals_probe_r0': 0} | cache 3 gens | 105.6 min
[253/400] cstr_closedloop_00252 fouling: recovered {'observables_probe_r0': 0, 'combined_probe_r0': 0, 'internals_probe_r0': 0} | cache 3 gens | 105.9 min
[254/400] cstr_closedloop_00253 pump_degrade: recovered {'observables_probe_r0': 1, 'combined_probe_r0': 1, 'internals_probe_r0': 1} | cache 1 gens | 106.0 min
[255/400] cstr_closedloop_00254 outlet_block: recovered {'observables_probe_r0': 1, 'combined_probe_r0': 1, 'internals_probe_r0': 1} | cache 1 gens | 106.2 min
[256/400] cstr_closedloop_00255 cool_stuck_closed: recovered {'observables_probe_r0': 0, 'combined_probe_r0': 0, 'internals_probe_r0': 0} | cache 2 gens | 106.4 min
[257/400] cstr_closedloop_00256 outlet_block: recovered {'observables_probe_r0': 1, 'combined_probe_r0': 1, 'internals_probe_r0': 1} | cache 1 gens | 106.5 min
[258/400] cstr_closedloop_00257 cool_stuck_closed: recovered {'observables_probe_r0': 0, 'combined_probe_r0': 0, 'internals_probe_r0': 0} | cache 2 gens | 106.8 min
[259/400] cstr_closedloop_00258 cool_stuck_closed: recovered {'observables_probe_r0': 0, 'combined_probe_r0': 0, 'internals_probe_r0': 0} | cache 2 gens | 107.1 min
[260/400] cstr_closedloop_00259 outlet_block: recovered {'observables_probe_r0': 0, 'combined_probe_r0': 0, 'internals_probe_r0': 0} | cache 2 gens | 107.3 min
[261/400] cstr_closedloop_00260 fouling: recovered {'observables_probe_r0': 0, 'combined_probe_r0': 0, 'internals_probe_r0': 0} | cache 3 gens | 107.7 min
[262/400] cstr_closedloop_00261 cool_stuck_closed: recovered {'observables_probe_r0': 0, 'combined_probe_r0': 0, 'internals_probe_r0': 0} | cache 2 gens | 108.0 min
[263/400] cstr_closedloop_00262 pump_degrade: recovered {'observables_probe_r0': 1, 'combined_probe_r0': 1, 'internals_probe_r0': 1} | cache 1 gens | 108.2 min
[264/400] cstr_closedloop_00263 pump_degrade: recovered {'observables_probe_r0': 1, 'combined_probe_r0': 1, 'internals_probe_r0': 1} | cache 1 gens | 108.4 min
[265/400] cstr_closedloop_00264 pump_degrade: recovered {'observables_probe_r0': 1, 'combined_probe_r0': 1, 'internals_probe_r0': 1} | cache 1 gens | 108.7 min
[266/400] cstr_closedloop_00265 pump_degrade: recovered {'observables_probe_r0': 1, 'combined_probe_r0': 1, 'internals_probe_r0': 1} | cache 1 gens | 108.9 min
[267/400] cstr_closedloop_00266 cool_stuck_closed: recovered {'observables_probe_r0': 1, 'combined_probe_r0': 1, 'internals_probe_r0': 1} | cache 1 gens | 109.0 min
[268/400] cstr_closedloop_00267 cool_stuck_closed: recovered {'observables_probe_r0': 0, 'combined_probe_r0': 0, 'internals_probe_r0': 0} | cache 2 gens | 109.3 min
[269/400] cstr_closedloop_00268 pump_degrade: recovered {'observables_probe_r0': 1, 'combined_probe_r0': 1, 'internals_probe_r0': 1} | cache 1 gens | 109.5 min
[270/400] cstr_closedloop_00269 outlet_block: recovered {'observables_probe_r0': 0, 'combined_probe_r0': 0, 'internals_probe_r0': 0} | cache 3 gens | 110.5 min
[271/400] cstr_closedloop_00270 fouling: recovered {'observables_probe_r0': 1, 'combined_probe_r0': 1, 'internals_probe_r0': 1} | cache 1 gens | 110.8 min
[272/400] cstr_closedloop_00271 fouling: recovered {'observables_probe_r0': 0, 'combined_probe_r0': 0, 'internals_probe_r0': 0} | cache 3 gens | 111.4 min
[273/400] cstr_closedloop_00272 fouling: recovered {'observables_probe_r0': 0, 'combined_probe_r0': 0, 'internals_probe_r0': 0} | cache 3 gens | 112.0 min
[274/400] cstr_closedloop_00273 outlet_block: recovered {'observables_probe_r0': 1, 'combined_probe_r0': 1, 'internals_probe_r0': 1} | cache 1 gens | 112.3 min
[275/400] cstr_closedloop_00274 pump_degrade: recovered {'observables_probe_r0': 0, 'combined_probe_r0': 0, 'internals_probe_r0': 0} | cache 3 gens | 113.0 min
[276/400] cstr_closedloop_00275 fouling: recovered {'observables_probe_r0': 0, 'combined_probe_r0': 0, 'internals_probe_r0': 0} | cache 3 gens | 113.2 min
[277/400] cstr_closedloop_00276 outlet_block: recovered {'observables_probe_r0': 1, 'combined_probe_r0': 1, 'internals_probe_r0': 1} | cache 1 gens | 113.5 min
[278/400] cstr_closedloop_00277 fouling: recovered {'observables_probe_r0': 0, 'combined_probe_r0': 1, 'internals_probe_r0': 1} | cache 2 gens | 113.8 min
[279/400] cstr_closedloop_00278 cool_stuck_closed: recovered {'observables_probe_r0': 0, 'combined_probe_r0': 0, 'internals_probe_r0': 0} | cache 2 gens | 114.2 min
[280/400] cstr_closedloop_00279 outlet_block: recovered {'observables_probe_r0': 0, 'combined_probe_r0': 0, 'internals_probe_r0': 0} | cache 2 gens | 114.5 min
[281/400] cstr_closedloop_00280 fouling: recovered {'observables_probe_r0': 0, 'combined_probe_r0': 0, 'internals_probe_r0': 0} | cache 3 gens | 115.2 min
[282/400] cstr_closedloop_00281 pump_degrade: recovered {'observables_probe_r0': 1, 'combined_probe_r0': 1, 'internals_probe_r0': 1} | cache 1 gens | 115.4 min
[283/400] cstr_closedloop_00282 outlet_block: recovered {'observables_probe_r0': 1, 'combined_probe_r0': 1, 'internals_probe_r0': 1} | cache 1 gens | 115.6 min
[284/400] cstr_closedloop_00283 cool_stuck_closed: recovered {'observables_probe_r0': 1, 'combined_probe_r0': 1, 'internals_probe_r0': 1} | cache 1 gens | 115.9 min
[285/400] cstr_closedloop_00284 outlet_block: recovered {'observables_probe_r0': 1, 'combined_probe_r0': 1, 'internals_probe_r0': 1} | cache 1 gens | 116.1 min
[286/400] cstr_closedloop_00285 outlet_block: recovered {'observables_probe_r0': 1, 'combined_probe_r0': 1, 'internals_probe_r0': 1} | cache 1 gens | 116.2 min
[287/400] cstr_closedloop_00286 pump_degrade: recovered {'observables_probe_r0': 0, 'combined_probe_r0': 0, 'internals_probe_r0': 0} | cache 3 gens | 116.6 min
[288/400] cstr_closedloop_00287 cool_stuck_closed: recovered {'observables_probe_r0': 0, 'combined_probe_r0': 0, 'internals_probe_r0': 0} | cache 3 gens | 116.9 min
[289/400] cstr_closedloop_00288 fouling: recovered {'observables_probe_r0': 0, 'combined_probe_r0': 0, 'internals_probe_r0': 0} | cache 4 gens | 117.5 min
[290/400] cstr_closedloop_00289 outlet_block: recovered {'observables_probe_r0': 1, 'combined_probe_r0': 1, 'internals_probe_r0': 1} | cache 1 gens | 117.7 min
[291/400] cstr_closedloop_00290 outlet_block: recovered {'observables_probe_r0': 0, 'combined_probe_r0': 0, 'internals_probe_r0': 0} | cache 2 gens | 117.9 min
[292/400] cstr_closedloop_00291 outlet_block: recovered {'observables_probe_r0': 1, 'combined_probe_r0': 1, 'internals_probe_r0': 1} | cache 1 gens | 118.0 min
[293/400] cstr_closedloop_00292 outlet_block: recovered {'observables_probe_r0': 1, 'combined_probe_r0': 1, 'internals_probe_r0': 1} | cache 1 gens | 118.2 min
[294/400] cstr_closedloop_00293 fouling: recovered {'observables_probe_r0': 0, 'combined_probe_r0': 0, 'internals_probe_r0': 0} | cache 3 gens | 118.4 min
[295/400] cstr_closedloop_00294 pump_degrade: recovered {'observables_probe_r0': 0, 'combined_probe_r0': 0, 'internals_probe_r0': 0} | cache 2 gens | 118.7 min
[296/400] cstr_closedloop_00295 outlet_block: recovered {'observables_probe_r0': 0, 'combined_probe_r0': 0, 'internals_probe_r0': 0} | cache 3 gens | 119.1 min
[297/400] cstr_closedloop_00296 outlet_block: recovered {'observables_probe_r0': 1, 'combined_probe_r0': 1, 'internals_probe_r0': 1} | cache 1 gens | 119.2 min
[298/400] cstr_closedloop_00297 outlet_block: recovered {'observables_probe_r0': 0, 'combined_probe_r0': 0, 'internals_probe_r0': 0} | cache 3 gens | 119.9 min
[299/400] cstr_closedloop_00298 outlet_block: recovered {'observables_probe_r0': 1, 'combined_probe_r0': 1, 'internals_probe_r0': 1} | cache 1 gens | 120.0 min
[300/400] cstr_closedloop_00299 fouling: recovered {'observables_probe_r0': 0, 'combined_probe_r0': 0, 'internals_probe_r0': 0} | cache 3 gens | 120.2 min
[301/400] cstr_closedloop_00300 cool_stuck_closed: recovered {'observables_probe_r0': 1, 'combined_probe_r0': 1, 'internals_probe_r0': 1} | cache 2 gens | 120.5 min
[302/400] cstr_closedloop_00301 pump_degrade: recovered {'observables_probe_r0': 1, 'combined_probe_r0': 1, 'internals_probe_r0': 1} | cache 1 gens | 120.7 min
[303/400] cstr_closedloop_00302 cool_stuck_closed: recovered {'observables_probe_r0': 0, 'combined_probe_r0': 0, 'internals_probe_r0': 0} | cache 1 gens | 120.8 min
[304/400] cstr_closedloop_00303 cool_stuck_closed: recovered {'observables_probe_r0': 0, 'combined_probe_r0': 0, 'internals_probe_r0': 0} | cache 2 gens | 121.0 min
[305/400] cstr_closedloop_00304 cool_stuck_closed: recovered {'observables_probe_r0': 0, 'combined_probe_r0': 0, 'internals_probe_r0': 0} | cache 3 gens | 121.7 min
[306/400] cstr_closedloop_00305 fouling: recovered {'observables_probe_r0': 0, 'combined_probe_r0': 0, 'internals_probe_r0': 0} | cache 3 gens | 122.1 min
[307/400] cstr_closedloop_00306 fouling: recovered {'observables_probe_r0': 0, 'combined_probe_r0': 0, 'internals_probe_r0': 0} | cache 3 gens | 122.4 min
[308/400] cstr_closedloop_00307 pump_degrade: recovered {'observables_probe_r0': 0, 'combined_probe_r0': 0, 'internals_probe_r0': 0} | cache 2 gens | 122.8 min
[309/400] cstr_closedloop_00308 outlet_block: recovered {'observables_probe_r0': 1, 'combined_probe_r0': 1, 'internals_probe_r0': 1} | cache 1 gens | 123.1 min
[310/400] cstr_closedloop_00309 pump_degrade: recovered {'observables_probe_r0': 1, 'combined_probe_r0': 1, 'internals_probe_r0': 1} | cache 1 gens | 123.3 min
[311/400] cstr_closedloop_00310 pump_degrade: recovered {'observables_probe_r0': 0, 'combined_probe_r0': 0, 'internals_probe_r0': 0} | cache 2 gens | 123.8 min
[312/400] cstr_closedloop_00311 outlet_block: recovered {'observables_probe_r0': 0, 'combined_probe_r0': 0, 'internals_probe_r0': 0} | cache 2 gens | 124.1 min
[313/400] cstr_closedloop_00312 pump_degrade: recovered {'observables_probe_r0': 1, 'combined_probe_r0': 1, 'internals_probe_r0': 1} | cache 1 gens | 124.3 min
[314/400] cstr_closedloop_00313 outlet_block: recovered {'observables_probe_r0': 1, 'combined_probe_r0': 1, 'internals_probe_r0': 1} | cache 1 gens | 124.5 min
[315/400] cstr_closedloop_00314 fouling: recovered {'observables_probe_r0': 0, 'combined_probe_r0': 0, 'internals_probe_r0': 0} | cache 3 gens | 124.8 min
[316/400] cstr_closedloop_00315 cool_stuck_closed: recovered {'observables_probe_r0': 1, 'combined_probe_r0': 1, 'internals_probe_r0': 1} | cache 1 gens | 125.0 min
[317/400] cstr_closedloop_00316 fouling: recovered {'observables_probe_r0': 0, 'combined_probe_r0': 0, 'internals_probe_r0': 0} | cache 3 gens | 125.4 min
[318/400] cstr_closedloop_00317 cool_stuck_closed: recovered {'observables_probe_r0': 0, 'combined_probe_r0': 0, 'internals_probe_r0': 0} | cache 2 gens | 125.6 min
[319/400] cstr_closedloop_00318 outlet_block: recovered {'observables_probe_r0': 1, 'combined_probe_r0': 1, 'internals_probe_r0': 1} | cache 1 gens | 125.7 min
[320/400] cstr_closedloop_00319 pump_degrade: recovered {'observables_probe_r0': 1, 'combined_probe_r0': 1, 'internals_probe_r0': 1} | cache 1 gens | 126.0 min
[321/400] cstr_closedloop_00320 fouling: recovered {'observables_probe_r0': 0, 'combined_probe_r0': 0, 'internals_probe_r0': 0} | cache 3 gens | 126.2 min
[322/400] cstr_closedloop_00321 fouling: recovered {'observables_probe_r0': 0, 'combined_probe_r0': 0, 'internals_probe_r0': 0} | cache 3 gens | 126.5 min
[323/400] cstr_closedloop_00322 pump_degrade: recovered {'observables_probe_r0': 1, 'combined_probe_r0': 1, 'internals_probe_r0': 1} | cache 1 gens | 126.8 min
[324/400] cstr_closedloop_00323 cool_stuck_closed: recovered {'observables_probe_r0': 0, 'combined_probe_r0': 0, 'internals_probe_r0': 0} | cache 3 gens | 127.7 min
[325/400] cstr_closedloop_00324 fouling: recovered {'observables_probe_r0': 0, 'combined_probe_r0': 0, 'internals_probe_r0': 0} | cache 5 gens | 129.5 min
[326/400] cstr_closedloop_00325 pump_degrade: recovered {'observables_probe_r0': 1, 'combined_probe_r0': 1, 'internals_probe_r0': 1} | cache 1 gens | 129.8 min
[327/400] cstr_closedloop_00326 fouling: recovered {'observables_probe_r0': 0, 'combined_probe_r0': 1, 'internals_probe_r0': 1} | cache 3 gens | 130.5 min
[328/400] cstr_closedloop_00327 cool_stuck_closed: recovered {'observables_probe_r0': 0, 'combined_probe_r0': 0, 'internals_probe_r0': 0} | cache 2 gens | 130.9 min
[329/400] cstr_closedloop_00328 cool_stuck_closed: recovered {'observables_probe_r0': 0, 'combined_probe_r0': 0, 'internals_probe_r0': 0} | cache 3 gens | 131.7 min
[330/400] cstr_closedloop_00329 cool_stuck_closed: recovered {'observables_probe_r0': 0, 'combined_probe_r0': 0, 'internals_probe_r0': 0} | cache 2 gens | 132.0 min
[331/400] cstr_closedloop_00330 pump_degrade: recovered {'observables_probe_r0': 1, 'combined_probe_r0': 1, 'internals_probe_r0': 1} | cache 1 gens | 132.2 min
[332/400] cstr_closedloop_00331 cool_stuck_closed: recovered {'observables_probe_r0': 0, 'combined_probe_r0': 0, 'internals_probe_r0': 0} | cache 2 gens | 133.1 min
[333/400] cstr_closedloop_00332 fouling: recovered {'observables_probe_r0': 0, 'combined_probe_r0': 0, 'internals_probe_r0': 0} | cache 3 gens | 133.3 min
[334/400] cstr_closedloop_00333 fouling: recovered {'observables_probe_r0': 0, 'combined_probe_r0': 0, 'internals_probe_r0': 0} | cache 3 gens | 133.8 min
[335/400] cstr_closedloop_00334 pump_degrade: recovered {'observables_probe_r0': 0, 'combined_probe_r0': 0, 'internals_probe_r0': 0} | cache 3 gens | 134.3 min
[336/400] cstr_closedloop_00335 fouling: recovered {'observables_probe_r0': 0, 'combined_probe_r0': 0, 'internals_probe_r0': 0} | cache 3 gens | 134.8 min
[337/400] cstr_closedloop_00336 cool_stuck_closed: recovered {'observables_probe_r0': 0, 'combined_probe_r0': 0, 'internals_probe_r0': 0} | cache 3 gens | 135.5 min
[338/400] cstr_closedloop_00337 cool_stuck_closed: recovered {'observables_probe_r0': 0, 'combined_probe_r0': 0, 'internals_probe_r0': 0} | cache 2 gens | 135.9 min
[339/400] cstr_closedloop_00338 fouling: recovered {'observables_probe_r0': 0, 'combined_probe_r0': 0, 'internals_probe_r0': 0} | cache 3 gens | 136.5 min
[340/400] cstr_closedloop_00339 cool_stuck_closed: recovered {'observables_probe_r0': 0, 'combined_probe_r0': 0, 'internals_probe_r0': 0} | cache 3 gens | 137.1 min
[341/400] cstr_closedloop_00340 outlet_block: recovered {'observables_probe_r0': 0, 'combined_probe_r0': 0, 'internals_probe_r0': 0} | cache 2 gens | 137.4 min
[342/400] cstr_closedloop_00341 fouling: recovered {'observables_probe_r0': 0, 'combined_probe_r0': 0, 'internals_probe_r0': 0} | cache 3 gens | 137.8 min
[343/400] cstr_closedloop_00342 pump_degrade: recovered {'observables_probe_r0': 0, 'combined_probe_r0': 0, 'internals_probe_r0': 0} | cache 2 gens | 138.2 min
[344/400] cstr_closedloop_00343 outlet_block: recovered {'observables_probe_r0': 1, 'combined_probe_r0': 1, 'internals_probe_r0': 1} | cache 1 gens | 138.5 min
[345/400] cstr_closedloop_00344 cool_stuck_closed: recovered {'observables_probe_r0': 1, 'combined_probe_r0': 1, 'internals_probe_r0': 1} | cache 1 gens | 138.7 min
[346/400] cstr_closedloop_00345 pump_degrade: recovered {'observables_probe_r0': 1, 'combined_probe_r0': 1, 'internals_probe_r0': 1} | cache 1 gens | 139.0 min
[347/400] cstr_closedloop_00346 pump_degrade: recovered {'observables_probe_r0': 1, 'combined_probe_r0': 1, 'internals_probe_r0': 1} | cache 1 gens | 139.2 min
[348/400] cstr_closedloop_00347 cool_stuck_closed: recovered {'observables_probe_r0': 1, 'combined_probe_r0': 1, 'internals_probe_r0': 1} | cache 1 gens | 139.4 min
[349/400] cstr_closedloop_00348 fouling: recovered {'observables_probe_r0': 0, 'combined_probe_r0': 0, 'internals_probe_r0': 0} | cache 3 gens | 139.8 min
[350/400] cstr_closedloop_00349 cool_stuck_closed: recovered {'observables_probe_r0': 1, 'combined_probe_r0': 1, 'internals_probe_r0': 1} | cache 1 gens | 140.0 min
[351/400] cstr_closedloop_00350 cool_stuck_closed: recovered {'observables_probe_r0': 1, 'combined_probe_r0': 0, 'internals_probe_r0': 1} | cache 2 gens | 140.9 min
[352/400] cstr_closedloop_00351 pump_degrade: recovered {'observables_probe_r0': 0, 'combined_probe_r0': 0, 'internals_probe_r0': 0} | cache 2 gens | 141.2 min
[353/400] cstr_closedloop_00352 fouling: recovered {'observables_probe_r0': 0, 'combined_probe_r0': 0, 'internals_probe_r0': 0} | cache 3 gens | 141.7 min
[354/400] cstr_closedloop_00353 pump_degrade: recovered {'observables_probe_r0': 0, 'combined_probe_r0': 0, 'internals_probe_r0': 0} | cache 3 gens | 142.4 min
[355/400] cstr_closedloop_00354 pump_degrade: recovered {'observables_probe_r0': 0, 'combined_probe_r0': 0, 'internals_probe_r0': 0} | cache 2 gens | 143.0 min
[356/400] cstr_closedloop_00355 cool_stuck_closed: recovered {'observables_probe_r0': 0, 'combined_probe_r0': 0, 'internals_probe_r0': 0} | cache 2 gens | 143.4 min
[357/400] cstr_closedloop_00356 outlet_block: recovered {'observables_probe_r0': 1, 'combined_probe_r0': 1, 'internals_probe_r0': 1} | cache 1 gens | 143.7 min
[358/400] cstr_closedloop_00357 fouling: recovered {'observables_probe_r0': 0, 'combined_probe_r0': 0, 'internals_probe_r0': 0} | cache 2 gens | 144.4 min
[359/400] cstr_closedloop_00358 outlet_block: recovered {'observables_probe_r0': 1, 'combined_probe_r0': 1, 'internals_probe_r0': 1} | cache 1 gens | 144.7 min
[360/400] cstr_closedloop_00359 cool_stuck_closed: recovered {'observables_probe_r0': 1, 'combined_probe_r0': 1, 'internals_probe_r0': 1} | cache 2 gens | 145.1 min
[361/400] cstr_closedloop_00360 fouling: recovered {'observables_probe_r0': 0, 'combined_probe_r0': 0, 'internals_probe_r0': 0} | cache 3 gens | 145.3 min
[362/400] cstr_closedloop_00361 cool_stuck_closed: recovered {'observables_probe_r0': 1, 'combined_probe_r0': 1, 'internals_probe_r0': 1} | cache 1 gens | 145.5 min
[363/400] cstr_closedloop_00362 cool_stuck_closed: recovered {'observables_probe_r0': 1, 'combined_probe_r0': 1, 'internals_probe_r0': 1} | cache 1 gens | 145.7 min
[364/400] cstr_closedloop_00363 outlet_block: recovered {'observables_probe_r0': 0, 'combined_probe_r0': 0, 'internals_probe_r0': 0} | cache 2 gens | 145.9 min
[365/400] cstr_closedloop_00364 cool_stuck_closed: recovered {'observables_probe_r0': 0, 'combined_probe_r0': 0, 'internals_probe_r0': 0} | cache 2 gens | 146.2 min
[366/400] cstr_closedloop_00365 cool_stuck_closed: recovered {'observables_probe_r0': 1, 'combined_probe_r0': 1, 'internals_probe_r0': 1} | cache 1 gens | 146.4 min
[367/400] cstr_closedloop_00366 cool_stuck_closed: recovered {'observables_probe_r0': 0, 'combined_probe_r0': 0, 'internals_probe_r0': 0} | cache 2 gens | 146.6 min
[368/400] cstr_closedloop_00367 outlet_block: recovered {'observables_probe_r0': 1, 'combined_probe_r0': 1, 'internals_probe_r0': 1} | cache 1 gens | 146.8 min
[369/400] cstr_closedloop_00368 pump_degrade: recovered {'observables_probe_r0': 1, 'combined_probe_r0': 1, 'internals_probe_r0': 1} | cache 1 gens | 147.1 min
[370/400] cstr_closedloop_00369 cool_stuck_closed: recovered {'observables_probe_r0': 1, 'combined_probe_r0': 1, 'internals_probe_r0': 1} | cache 1 gens | 147.4 min
[371/400] cstr_closedloop_00370 fouling: recovered {'observables_probe_r0': 0, 'combined_probe_r0': 0, 'internals_probe_r0': 0} | cache 3 gens | 147.8 min
[372/400] cstr_closedloop_00371 fouling: recovered {'observables_probe_r0': 0, 'combined_probe_r0': 0, 'internals_probe_r0': 0} | cache 3 gens | 148.2 min
[373/400] cstr_closedloop_00372 pump_degrade: recovered {'observables_probe_r0': 1, 'combined_probe_r0': 1, 'internals_probe_r0': 1} | cache 1 gens | 148.4 min
[374/400] cstr_closedloop_00373 pump_degrade: recovered {'observables_probe_r0': 1, 'combined_probe_r0': 1, 'internals_probe_r0': 1} | cache 1 gens | 148.8 min
[375/400] cstr_closedloop_00374 pump_degrade: recovered {'observables_probe_r0': 1, 'combined_probe_r0': 1, 'internals_probe_r0': 1} | cache 1 gens | 149.1 min
[376/400] cstr_closedloop_00375 pump_degrade: recovered {'observables_probe_r0': 1, 'combined_probe_r0': 1, 'internals_probe_r0': 1} | cache 1 gens | 149.4 min
[377/400] cstr_closedloop_00376 fouling: recovered {'observables_probe_r0': 0, 'combined_probe_r0': 0, 'internals_probe_r0': 0} | cache 4 gens | 150.2 min
[378/400] cstr_closedloop_00377 fouling: recovered {'observables_probe_r0': 0, 'combined_probe_r0': 0, 'internals_probe_r0': 0} | cache 3 gens | 150.5 min
[379/400] cstr_closedloop_00378 fouling: recovered {'observables_probe_r0': 0, 'combined_probe_r0': 0, 'internals_probe_r0': 0} | cache 3 gens | 151.1 min
[380/400] cstr_closedloop_00379 outlet_block: recovered {'observables_probe_r0': 0, 'combined_probe_r0': 0, 'internals_probe_r0': 0} | cache 3 gens | 151.5 min
[381/400] cstr_closedloop_00380 outlet_block: recovered {'observables_probe_r0': 0, 'combined_probe_r0': 0, 'internals_probe_r0': 0} | cache 2 gens | 151.9 min
[382/400] cstr_closedloop_00381 cool_stuck_closed: recovered {'observables_probe_r0': 0, 'combined_probe_r0': 0, 'internals_probe_r0': 0} | cache 2 gens | 152.3 min
[383/400] cstr_closedloop_00382 fouling: recovered {'observables_probe_r0': 0, 'combined_probe_r0': 0, 'internals_probe_r0': 0} | cache 3 gens | 152.9 min
[384/400] cstr_closedloop_00383 pump_degrade: recovered {'observables_probe_r0': 1, 'combined_probe_r0': 1, 'internals_probe_r0': 1} | cache 1 gens | 153.1 min
[385/400] cstr_closedloop_00384 pump_degrade: recovered {'observables_probe_r0': 0, 'combined_probe_r0': 0, 'internals_probe_r0': 0} | cache 3 gens | 153.5 min
[386/400] cstr_closedloop_00385 outlet_block: recovered {'observables_probe_r0': 1, 'combined_probe_r0': 1, 'internals_probe_r0': 1} | cache 1 gens | 153.7 min
[387/400] cstr_closedloop_00386 outlet_block: recovered {'observables_probe_r0': 0, 'combined_probe_r0': 0, 'internals_probe_r0': 0} | cache 3 gens | 154.1 min
[388/400] cstr_closedloop_00387 cool_stuck_closed: recovered {'observables_probe_r0': 0, 'combined_probe_r0': 0, 'internals_probe_r0': 0} | cache 2 gens | 154.4 min
[389/400] cstr_closedloop_00388 outlet_block: recovered {'observables_probe_r0': 0, 'combined_probe_r0': 0, 'internals_probe_r0': 0} | cache 3 gens | 155.0 min
[390/400] cstr_closedloop_00389 fouling: recovered {'observables_probe_r0': 0, 'combined_probe_r0': 0, 'internals_probe_r0': 0} | cache 3 gens | 155.4 min
[391/400] cstr_closedloop_00390 outlet_block: recovered {'observables_probe_r0': 0, 'combined_probe_r0': 0, 'internals_probe_r0': 0} | cache 2 gens | 155.9 min
[392/400] cstr_closedloop_00391 fouling: recovered {'observables_probe_r0': 0, 'combined_probe_r0': 0, 'internals_probe_r0': 0} | cache 3 gens | 156.4 min
[393/400] cstr_closedloop_00392 outlet_block: recovered {'observables_probe_r0': 1, 'combined_probe_r0': 1, 'internals_probe_r0': 1} | cache 1 gens | 156.5 min
[394/400] cstr_closedloop_00393 fouling: recovered {'observables_probe_r0': 0, 'combined_probe_r0': 0, 'internals_probe_r0': 0} | cache 3 gens | 156.9 min
[395/400] cstr_closedloop_00394 pump_degrade: recovered {'observables_probe_r0': 1, 'combined_probe_r0': 1, 'internals_probe_r0': 1} | cache 1 gens | 157.2 min
[396/400] cstr_closedloop_00395 fouling: recovered {'observables_probe_r0': 0, 'combined_probe_r0': 0, 'internals_probe_r0': 0} | cache 3 gens | 157.6 min
[397/400] cstr_closedloop_00396 fouling: recovered {'observables_probe_r0': 0, 'combined_probe_r0': 0, 'internals_probe_r0': 0} | cache 3 gens | 158.3 min
[398/400] cstr_closedloop_00397 pump_degrade: recovered {'observables_probe_r0': 1, 'combined_probe_r0': 1, 'internals_probe_r0': 1} | cache 1 gens | 158.5 min
[399/400] cstr_closedloop_00398 cool_stuck_closed: recovered {'observables_probe_r0': 0, 'combined_probe_r0': 0, 'internals_probe_r0': 0} | cache 2 gens | 158.8 min
[400/400] cstr_closedloop_00399 outlet_block: recovered {'observables_probe_r0': 1, 'combined_probe_r0': 1, 'internals_probe_r0': 1} | cache 1 gens | 159.0 min
{"run_dir": "C:\\Users\\jv624\\Desktop\\fsm_reliability\\outputs\\cstr_closed_loop\\20261009_191158_smollm2-17b_r0rule", "hours": 2.65}
