python.exe : 
At C:\Users\jv624\Desktop\fsm_reliability\outputs\followup_detached.ps1:12 char:5
+     & $py @pyArgs 2>&1 | Out-File -Encoding utf8 "outputs\queue_$name ...
+     ~~~~~~~~~~~~~~~~~~
    + CategoryInfo          : NotSpecified: (:String) [], RemoteException
    + FullyQualifiedErrorId : NativeCommandError
 
Loading weights:   0%|          | 0/338 [00:00<?, ?it/s]
Loading weights:   0%|          | 1/338 [00:00<02:22,  2.37it/s]
Loading weights:   4%|Γûì         | 15/338 [00:00<00:09, 34.04it/s]
Loading weights:  10%|Γûê         | 35/338 [00:00<00:04, 75.10it/s]
Loading weights:  14%|ΓûêΓûì        | 48/338 [00:00<00:03, 89.36it/s]
Loading weights:  19%|ΓûêΓûè        | 63/338 [00:00<00:02, 100.68it/s]
Loading weights:  22%|ΓûêΓûêΓûÅ       | 76/338 [00:01<00:02, 96.04it/s] 
Loading weights:  28%|ΓûêΓûêΓûè       | 93/338 [00:01<00:02, 113.55it/s]
Loading weights:  31%|ΓûêΓûêΓûêΓûÅ      | 106/338 [00:01<00:02, 115.81it/s]
Loading weights:  35%|ΓûêΓûêΓûêΓûî      | 119/338 [00:01<00:01, 115.07it/s]
Loading weights:  39%|ΓûêΓûêΓûêΓûë      | 133/338 [00:01<00:01, 116.61it/s]
Loading weights:  43%|ΓûêΓûêΓûêΓûêΓûÄ     | 147/338 [00:01<00:01, 122.06it/s]
Loading weights:  47%|ΓûêΓûêΓûêΓûêΓûï     | 160/338 [00:01<00:01, 111.08it/s]
Loading weights:  51%|ΓûêΓûêΓûêΓûêΓûê     | 172/338 [00:01<00:01, 110.37it/s]
Loading weights:  54%|ΓûêΓûêΓûêΓûêΓûêΓûì    | 184/338 [00:01<00:01, 109.44it/s]
Loading weights:  58%|ΓûêΓûêΓûêΓûêΓûêΓûè    | 196/338 [00:02<00:01, 97.72it/s] 
Loading weights:  62%|ΓûêΓûêΓûêΓûêΓûêΓûêΓûÅ   | 209/338 [00:02<00:01, 102.67it/s]
Loading weights:  65%|ΓûêΓûêΓûêΓûêΓûêΓûêΓûî   | 221/338 [00:02<00:01, 105.28it/s]
Loading weights:  69%|ΓûêΓûêΓûêΓûêΓûêΓûêΓûë   | 233/338 [00:02<00:00, 105.19it/s]
Loading weights:  72%|ΓûêΓûêΓûêΓûêΓûêΓûêΓûêΓûÅ  | 245/338 [00:02<00:00, 104.35it/s]
Loading weights:  76%|ΓûêΓûêΓûêΓûêΓûêΓûêΓûêΓûî  | 256/338 [00:02<00:00, 98.35it/s] 
Loading weights:  80%|ΓûêΓûêΓûêΓûêΓûêΓûêΓûêΓûë  | 269/338 [00:02<00:00, 102.80it/s]
Loading weights:  83%|ΓûêΓûêΓûêΓûêΓûêΓûêΓûêΓûêΓûÄ | 280/338 [00:02<00:00, 101.25it/s]
Loading weights:  87%|ΓûêΓûêΓûêΓûêΓûêΓûêΓûêΓûêΓûï | 293/338 [00:03<00:00, 98.76it/s] 
Loading weights:  90%|ΓûêΓûêΓûêΓûêΓûêΓûêΓûêΓûêΓûë | 303/338 [00:03<00:00, 96.06it/s]
Loading weights:  93%|ΓûêΓûêΓûêΓûêΓûêΓûêΓûêΓûêΓûêΓûÄ| 315/338 [00:03<00:00, 98.93it/s]
Loading weights:  96%|ΓûêΓûêΓûêΓûêΓûêΓûêΓûêΓûêΓûêΓûî| 325/338 [00:03<00:00, 94.87it/s]
Loading weights:  99%|ΓûêΓûêΓûêΓûêΓûêΓûêΓûêΓûêΓûêΓûë| 335/338 [00:03<00:00, 83.14it/s]
Loading weights: 100%|ΓûêΓûêΓûêΓûêΓûêΓûêΓûêΓûêΓûêΓûê| 338/338 [00:03<00:00, 95.43it/s]

  0%|          | 0/500 [00:00<?, ?it/s]
  0%|          | 1/500 [00:00<02:54,  2.86it/s]
  0%|          | 2/500 [00:00<02:26,  3.41it/s]
  1%|          | 3/500 [00:00<02:19,  3.55it/s]
  1%|          | 4/500 [00:01<02:22,  3.47it/s]
  1%|          | 5/500 [00:01<02:23,  3.44it/s]
  1%|          | 6/500 [00:01<02:18,  3.56it/s]
  1%|ΓûÅ         | 7/500 [00:01<02:13,  3.69it/s]
  2%|ΓûÅ         | 8/500 [00:02<02:08,  3.82it/s]
  2%|ΓûÅ         | 9/500 [00:02<02:06,  3.89it/s]
  2%|ΓûÅ         | 10/500 [00:02<02:05,  3.92it/s]
  2%|ΓûÅ         | 11/500 [00:02<02:01,  4.01it/s]
  2%|ΓûÅ         | 12/500 [00:03<01:58,  4.12it/s]
  3%|ΓûÄ         | 13/500 [00:03<02:00,  4.04it/s]
  3%|ΓûÄ         | 14/500 [00:03<01:59,  4.05it/s]
  3%|ΓûÄ         | 15/500 [00:03<02:04,  3.91it/s]
  3%|ΓûÄ         | 16/500 [00:04<02:04,  3.87it/s]
  3%|ΓûÄ         | 17/500 [00:04<02:02,  3.93it/s]
  4%|ΓûÄ         | 18/500 [00:04<02:04,  3.88it/s]
  4%|Γûì         | 19/500 [00:04<02:00,  3.99it/s]
  4%|Γûì         | 20/500 [00:05<01:58,  4.04it/s]
  4%|Γûì         | 21/500 [00:05<01:59,  4.01it/s]
  4%|Γûì         | 22/500 [00:05<01:55,  4.14it/s]
  5%|Γûì         | 23/500 [00:05<01:52,  4.22it/s]
  5%|Γûì         | 24/500 [00:06<01:55,  4.12it/s]
  5%|Γûî         | 25/500 [00:06<01:56,  4.08it/s]
  5%|Γûî         | 26/500 [00:06<01:53,  4.16it/s]
  5%|Γûî         | 27/500 [00:06<01:53,  4.18it/s]
  6%|Γûî         | 28/500 [00:07<01:51,  4.25it/s]
  6%|Γûî         | 29/500 [00:07<01:50,  4.28it/s]
  6%|Γûî         | 30/500 [00:07<01:46,  4.42it/s]
  6%|Γûî         | 31/500 [00:07<01:48,  4.30it/s]
  6%|Γûï         | 32/500 [00:08<01:50,  4.25it/s]
  7%|Γûï         | 33/500 [00:08<01:51,  4.20it/s]
  7%|Γûï         | 34/500 [00:08<01:46,  4.38it/s]
  7%|Γûï         | 35/500 [00:08<01:45,  4.39it/s]
  7%|Γûï         | 36/500 [00:08<01:43,  4.48it/s]
  7%|Γûï         | 37/500 [00:09<01:43,  4.48it/s]
  8%|Γûè         | 38/500 [00:09<01:42,  4.49it/s]
  8%|Γûè         | 39/500 [00:09<01:41,  4.54it/s]
  8%|Γûè         | 40/500 [00:09<01:43,  4.43it/s]
  8%|Γûè         | 41/500 [00:10<01:43,  4.42it/s]
  8%|Γûè         | 42/500 [00:10<01:46,  4.31it/s]
  9%|Γûè         | 43/500 [00:10<01:43,  4.40it/s]
  9%|Γûë         | 45/500 [00:10<01:19,  5.72it/s]
  9%|Γûë         | 46/500 [00:10<01:24,  5.36it/s]
  9%|Γûë         | 47/500 [00:11<01:34,  4.79it/s]
 10%|Γûë         | 48/500 [00:11<01:37,  4.64it/s]
 10%|Γûë         | 49/500 [00:11<01:39,  4.55it/s]
 10%|Γûê         | 50/500 [00:11<01:39,  4.53it/s]
 10%|Γûê         | 51/500 [00:12<01:40,  4.46it/s]
 10%|Γûê         | 52/500 [00:12<01:39,  4.52it/s]
 11%|Γûê         | 53/500 [00:12<01:38,  4.55it/s]
 11%|Γûê         | 54/500 [00:12<01:39,  4.50it/s]
 11%|Γûê         | 55/500 [00:13<01:50,  4.03it/s]
 11%|Γûê         | 56/500 [00:13<01:48,  4.10it/s]
 11%|ΓûêΓûÅ        | 57/500 [00:13<01:46,  4.15it/s]
 12%|ΓûêΓûÅ        | 58/500 [00:13<01:45,  4.20it/s]
 12%|ΓûêΓûÅ        | 59/500 [00:14<01:42,  4.32it/s]
 12%|ΓûêΓûÅ        | 60/500 [00:14<01:39,  4.41it/s]
 12%|ΓûêΓûÅ        | 61/500 [00:14<01:38,  4.48it/s]
 12%|ΓûêΓûÅ        | 62/500 [00:14<01:41,  4.33it/s]
 13%|ΓûêΓûÄ        | 63/500 [00:14<01:37,  4.50it/s]
 13%|ΓûêΓûÄ        | 64/500 [00:15<01:36,  4.53it/s]
 13%|ΓûêΓûÄ        | 65/500 [00:15<01:35,  4.58it/s]
 13%|ΓûêΓûÄ        | 66/500 [00:15<01:36,  4.50it/s]
 13%|ΓûêΓûÄ        | 67/500 [00:15<01:36,  4.48it/s]
 14%|ΓûêΓûÄ        | 68/500 [00:16<01:35,  4.53it/s]
 14%|ΓûêΓûì        | 69/500 [00:16<01:33,  4.59it/s]
 14%|ΓûêΓûì        | 70/500 [00:16<01:35,  4.49it/s]
 14%|ΓûêΓûì        | 71/500 [00:16<01:37,  4.39it/s]
 14%|ΓûêΓûì        | 72/500 [00:16<01:40,  4.28it/s]
 15%|ΓûêΓûì        | 73/500 [00:17<01:44,  4.08it/s]
 15%|ΓûêΓûì        | 74/500 [00:17<01:41,  4.20it/s]
 15%|ΓûêΓûî        | 75/500 [00:17<01:43,  4.12it/s]
 15%|ΓûêΓûî        | 76/500 [00:17<01:41,  4.16it/s]
 15%|ΓûêΓûî        | 77/500 [00:18<01:43,  4.09it/s]
 16%|ΓûêΓûî        | 78/500 [00:18<01:42,  4.12it/s]
 16%|ΓûêΓûî        | 80/500 [00:18<01:17,  5.39it/s]
 16%|ΓûêΓûî        | 81/500 [00:18<01:23,  5.05it/s]
 16%|ΓûêΓûï        | 82/500 [00:19<01:24,  4.94it/s]
 17%|ΓûêΓûï        | 83/500 [00:19<01:29,  4.63it/s]
 17%|ΓûêΓûï        | 84/500 [00:19<01:32,  4.52it/s]
 17%|ΓûêΓûï        | 85/500 [00:19<01:36,  4.31it/s]
 17%|ΓûêΓûï        | 86/500 [00:20<01:35,  4.34it/s]
 17%|ΓûêΓûï        | 87/500 [00:20<01:35,  4.31it/s]
 18%|ΓûêΓûè        | 88/500 [00:20<01:38,  4.18it/s]
 18%|ΓûêΓûè        | 89/500 [00:20<01:38,  4.17it/s]
 18%|ΓûêΓûè        | 90/500 [00:21<01:41,  4.03it/s]
 18%|ΓûêΓûè        | 91/500 [00:21<01:40,  4.05it/s]
 18%|ΓûêΓûè        | 92/500 [00:21<01:39,  4.10it/s]
 19%|ΓûêΓûè        | 93/500 [00:21<01:42,  3.97it/s]
 19%|ΓûêΓûë        | 94/500 [00:22<01:40,  4.06it/s]
 19%|ΓûêΓûë        | 95/500 [00:22<01:34,  4.27it/s]
 19%|ΓûêΓûë        | 96/500 [00:22<01:33,  4.32it/s]
 19%|ΓûêΓûë        | 97/500 [00:22<01:34,  4.28it/s]
 20%|ΓûêΓûë        | 98/500 [00:22<01:32,  4.34it/s]
 20%|ΓûêΓûë        | 99/500 [00:23<01:32,  4.32it/s]
 20%|ΓûêΓûê        | 100/500 [00:23<01:35,  4.20it/s]
 20%|ΓûêΓûê        | 101/500 [00:23<01:33,  4.28it/s]
 20%|ΓûêΓûê        | 102/500 [00:23<01:33,  4.27it/s]
 21%|ΓûêΓûê        | 103/500 [00:24<01:32,  4.29it/s]
 21%|ΓûêΓûê        | 104/500 [00:24<01:30,  4.38it/s]
 21%|ΓûêΓûê        | 105/500 [00:24<01:32,  4.25it/s]
 21%|ΓûêΓûê        | 106/500 [00:24<01:32,  4.24it/s]
 21%|ΓûêΓûêΓûÅ       | 107/500 [00:25<01:34,  4.14it/s]
 22%|ΓûêΓûêΓûÅ       | 108/500 [00:25<01:33,  4.17it/s]
 22%|ΓûêΓûêΓûÅ       | 109/500 [00:25<01:40,  3.90it/s]
 22%|ΓûêΓûêΓûÅ       | 110/500 [00:25<01:42,  3.80it/s]
 22%|ΓûêΓûêΓûÅ       | 111/500 [00:26<01:39,  3.90it/s]
 22%|ΓûêΓûêΓûÅ       | 112/500 [00:26<01:47,  3.60it/s]
 23%|ΓûêΓûêΓûÄ       | 113/500 [00:26<01:57,  3.31it/s]
 23%|ΓûêΓûêΓûÄ       | 114/500 [00:27<01:57,  3.28it/s]
 23%|ΓûêΓûêΓûÄ       | 115/500 [00:27<01:56,  3.30it/s]
 23%|ΓûêΓûêΓûÄ       | 116/500 [00:27<01:56,  3.28it/s]
 23%|ΓûêΓûêΓûÄ       | 117/500 [00:28<01:58,  3.25it/s]
 24%|ΓûêΓûêΓûÄ       | 118/500 [00:28<01:54,  3.33it/s]
 24%|ΓûêΓûêΓûì       | 119/500 [00:28<01:50,  3.45it/s]
 24%|ΓûêΓûêΓûì       | 120/500 [00:28<01:48,  3.51it/s]
 24%|ΓûêΓûêΓûì       | 121/500 [00:29<01:48,  3.48it/s]
 25%|ΓûêΓûêΓûì       | 123/500 [00:29<01:18,  4.81it/s]
 25%|ΓûêΓûêΓûì       | 124/500 [00:29<01:19,  4.76it/s]
 25%|ΓûêΓûêΓûî       | 125/500 [00:29<01:23,  4.49it/s]
 25%|ΓûêΓûêΓûî       | 126/500 [00:30<01:23,  4.46it/s]
 25%|ΓûêΓûêΓûî       | 127/500 [00:30<01:24,  4.43it/s]
 26%|ΓûêΓûêΓûî       | 128/500 [00:30<01:24,  4.39it/s]
 26%|ΓûêΓûêΓûî       | 129/500 [00:30<01:27,  4.24it/s]
 26%|ΓûêΓûêΓûî       | 130/500 [00:31<01:27,  4.21it/s]
 26%|ΓûêΓûêΓûî       | 131/500 [00:31<01:26,  4.25it/s]
 26%|ΓûêΓûêΓûï       | 132/500 [00:31<01:27,  4.21it/s]
 27%|ΓûêΓûêΓûï       | 133/500 [00:31<01:26,  4.24it/s]
 27%|ΓûêΓûêΓûï       | 134/500 [00:32<01:23,  4.37it/s]
 27%|ΓûêΓûêΓûï       | 135/500 [00:32<01:22,  4.41it/s]
 27%|ΓûêΓûêΓûï       | 136/500 [00:32<01:22,  4.44it/s]
 27%|ΓûêΓûêΓûï       | 137/500 [00:32<01:23,  4.33it/s]
 28%|ΓûêΓûêΓûè       | 138/500 [00:32<01:23,  4.32it/s]
 28%|ΓûêΓûêΓûè       | 139/500 [00:33<01:22,  4.36it/s]
 28%|ΓûêΓûêΓûè       | 140/500 [00:33<01:22,  4.35it/s]
 28%|ΓûêΓûêΓûè       | 141/500 [00:33<01:20,  4.44it/s]
 28%|ΓûêΓûêΓûè       | 142/500 [00:33<01:22,  4.34it/s]
 29%|ΓûêΓûêΓûè       | 143/500 [00:34<01:21,  4.37it/s]
 29%|ΓûêΓûêΓûë       | 144/500 [00:34<01:22,  4.34it/s]
 29%|ΓûêΓûêΓûë       | 145/500 [00:34<01:23,  4.24it/s]
 29%|ΓûêΓûêΓûë       | 146/500 [00:34<01:25,  4.13it/s]
 29%|ΓûêΓûêΓûë       | 147/500 [00:35<01:24,  4.18it/s]
 30%|ΓûêΓûêΓûë       | 148/500 [00:35<01:35,  3.70it/s]
 30%|ΓûêΓûêΓûë       | 149/500 [00:35<01:31,  3.84it/s]
 30%|ΓûêΓûêΓûê       | 150/500 [00:35<01:31,  3.84it/s]
 30%|ΓûêΓûêΓûê       | 151/500 [00:36<01:32,  3.79it/s]
 30%|ΓûêΓûêΓûê       | 152/500 [00:36<01:34,  3.69it/s]
 31%|ΓûêΓûêΓûê       | 153/500 [00:36<01:46,  3.25it/s]
 31%|ΓûêΓûêΓûê       | 154/500 [00:37<01:44,  3.32it/s]
 31%|ΓûêΓûêΓûê       | 155/500 [00:37<01:37,  3.53it/s]
 31%|ΓûêΓûêΓûê       | 156/500 [00:37<01:32,  3.73it/s]
 31%|ΓûêΓûêΓûêΓûÅ      | 157/500 [00:37<01:34,  3.64it/s]
 32%|ΓûêΓûêΓûêΓûÅ      | 158/500 [00:38<01:33,  3.65it/s]
 32%|ΓûêΓûêΓûêΓûÅ      | 159/500 [00:38<01:33,  3.64it/s]
 32%|ΓûêΓûêΓûêΓûÅ      | 160/500 [00:38<01:33,  3.63it/s]
 32%|ΓûêΓûêΓûêΓûÅ      | 161/500 [00:38<01:31,  3.69it/s]
 32%|ΓûêΓûêΓûêΓûÅ      | 162/500 [00:39<01:28,  3.80it/s]
 33%|ΓûêΓûêΓûêΓûÄ      | 163/500 [00:39<01:29,  3.78it/s]
 33%|ΓûêΓûêΓûêΓûÄ      | 164/500 [00:39<01:25,  3.91it/s]
 33%|ΓûêΓûêΓûêΓûÄ      | 165/500 [00:39<01:25,  3.91it/s]
 33%|ΓûêΓûêΓûêΓûÄ      | 166/500 [00:40<01:23,  4.01it/s]
 33%|ΓûêΓûêΓûêΓûÄ      | 167/500 [00:40<01:22,  4.06it/s]
 34%|ΓûêΓûêΓûêΓûÄ      | 168/500 [00:40<01:23,  3.98it/s]
 34%|ΓûêΓûêΓûêΓûì      | 169/500 [00:40<01:21,  4.06it/s]
 34%|ΓûêΓûêΓûêΓûì      | 170/500 [00:41<01:20,  4.10it/s]
 34%|ΓûêΓûêΓûêΓûì      | 171/500 [00:41<01:19,  4.11it/s]
 34%|ΓûêΓûêΓûêΓûì      | 172/500 [00:41<01:21,  4.03it/s]
 35%|ΓûêΓûêΓûêΓûì      | 173/500 [00:41<01:21,  4.01it/s]
 35%|ΓûêΓûêΓûêΓûì      | 174/500 [00:42<01:18,  4.13it/s]
 35%|ΓûêΓûêΓûêΓûî      | 175/500 [00:42<01:20,  4.05it/s]
 35%|ΓûêΓûêΓûêΓûî      | 176/500 [00:42<01:21,  3.99it/s]
 35%|ΓûêΓûêΓûêΓûî      | 177/500 [00:42<01:20,  4.03it/s]
 36%|ΓûêΓûêΓûêΓûî      | 178/500 [00:43<01:20,  3.99it/s]
 36%|ΓûêΓûêΓûêΓûî      | 179/500 [00:43<01:19,  4.05it/s]
 36%|ΓûêΓûêΓûêΓûî      | 180/500 [00:43<01:20,  4.00it/s]
 36%|ΓûêΓûêΓûêΓûî      | 181/500 [00:43<01:18,  4.05it/s]
 36%|ΓûêΓûêΓûêΓûï      | 182/500 [00:44<01:17,  4.08it/s]
 37%|ΓûêΓûêΓûêΓûï      | 183/500 [00:44<01:18,  4.06it/s]
 37%|ΓûêΓûêΓûêΓûï      | 184/500 [00:44<01:17,  4.07it/s]
 37%|ΓûêΓûêΓûêΓûï      | 185/500 [00:44<01:19,  3.98it/s]
 37%|ΓûêΓûêΓûêΓûï      | 186/500 [00:45<01:18,  4.02it/s]
 37%|ΓûêΓûêΓûêΓûï      | 187/500 [00:45<01:16,  4.07it/s]
 38%|ΓûêΓûêΓûêΓûè      | 188/500 [00:45<01:15,  4.12it/s]
 38%|ΓûêΓûêΓûêΓûè      | 189/500 [00:45<01:16,  4.09it/s]
 38%|ΓûêΓûêΓûêΓûè      | 190/500 [00:46<01:13,  4.21it/s]
 38%|ΓûêΓûêΓûêΓûè      | 191/500 [00:46<01:13,  4.21it/s]
 38%|ΓûêΓûêΓûêΓûè      | 192/500 [00:46<01:12,  4.25it/s]
 39%|ΓûêΓûêΓûêΓûè      | 193/500 [00:46<01:16,  3.99it/s]
 39%|ΓûêΓûêΓûêΓûë      | 194/500 [00:47<01:16,  3.98it/s]
 39%|ΓûêΓûêΓûêΓûë      | 195/500 [00:47<01:14,  4.07it/s]
 39%|ΓûêΓûêΓûêΓûë      | 196/500 [00:47<01:14,  4.10it/s]
 39%|ΓûêΓûêΓûêΓûë      | 197/500 [00:47<01:14,  4.06it/s]
 40%|ΓûêΓûêΓûêΓûë      | 198/500 [00:48<01:13,  4.11it/s]
 40%|ΓûêΓûêΓûêΓûë      | 199/500 [00:48<01:12,  4.15it/s]
 40%|ΓûêΓûêΓûêΓûê      | 200/500 [00:48<01:13,  4.09it/s]
 40%|ΓûêΓûêΓûêΓûê      | 201/500 [00:48<01:12,  4.11it/s]
 40%|ΓûêΓûêΓûêΓûê      | 202/500 [00:49<01:12,  4.13it/s]
 41%|ΓûêΓûêΓûêΓûê      | 203/500 [00:49<01:09,  4.27it/s]
 41%|ΓûêΓûêΓûêΓûê      | 204/500 [00:49<01:08,  4.34it/s]
 41%|ΓûêΓûêΓûêΓûê      | 205/500 [00:49<01:07,  4.34it/s]
 41%|ΓûêΓûêΓûêΓûê      | 206/500 [00:49<01:08,  4.32it/s]
 41%|ΓûêΓûêΓûêΓûêΓûÅ     | 207/500 [00:50<01:11,  4.10it/s]
 42%|ΓûêΓûêΓûêΓûêΓûÅ     | 208/500 [00:50<01:12,  4.04it/s]
 42%|ΓûêΓûêΓûêΓûêΓûÅ     | 209/500 [00:50<01:11,  4.07it/s]
 42%|ΓûêΓûêΓûêΓûêΓûÅ     | 210/500 [00:50<01:10,  4.13it/s]
 42%|ΓûêΓûêΓûêΓûêΓûÅ     | 211/500 [00:51<01:09,  4.16it/s]
 42%|ΓûêΓûêΓûêΓûêΓûÅ     | 212/500 [00:51<01:09,  4.17it/s]
 43%|ΓûêΓûêΓûêΓûêΓûÄ     | 213/500 [00:51<01:09,  4.15it/s]
 43%|ΓûêΓûêΓûêΓûêΓûÄ     | 214/500 [00:51<01:08,  4.15it/s]
 43%|ΓûêΓûêΓûêΓûêΓûÄ     | 215/500 [00:52<01:08,  4.15it/s]
 43%|ΓûêΓûêΓûêΓûêΓûÄ     | 216/500 [00:52<01:06,  4.29it/s]
 43%|ΓûêΓûêΓûêΓûêΓûÄ     | 217/500 [00:52<01:07,  4.16it/s]
 44%|ΓûêΓûêΓûêΓûêΓûÄ     | 218/500 [00:52<01:08,  4.09it/s]
 44%|ΓûêΓûêΓûêΓûêΓûì     | 219/500 [00:53<01:11,  3.93it/s]
 44%|ΓûêΓûêΓûêΓûêΓûì     | 220/500 [00:53<01:10,  3.99it/s]
 44%|ΓûêΓûêΓûêΓûêΓûì     | 221/500 [00:53<01:09,  4.04it/s]
 44%|ΓûêΓûêΓûêΓûêΓûì     | 222/500 [00:53<01:07,  4.13it/s]
 45%|ΓûêΓûêΓûêΓûêΓûì     | 223/500 [00:54<01:13,  3.77it/s]
 45%|ΓûêΓûêΓûêΓûêΓûì     | 224/500 [00:54<01:09,  3.95it/s]
 45%|ΓûêΓûêΓûêΓûêΓûî     | 225/500 [00:54<01:07,  4.06it/s]
 45%|ΓûêΓûêΓûêΓûêΓûî     | 226/500 [00:54<01:05,  4.18it/s]
 45%|ΓûêΓûêΓûêΓûêΓûî     | 227/500 [00:55<01:05,  4.16it/s]
 46%|ΓûêΓûêΓûêΓûêΓûî     | 228/500 [00:55<01:06,  4.11it/s]
 46%|ΓûêΓûêΓûêΓûêΓûî     | 229/500 [00:55<01:07,  4.01it/s]
 46%|ΓûêΓûêΓûêΓûêΓûî     | 230/500 [00:55<01:06,  4.07it/s]
 46%|ΓûêΓûêΓûêΓûêΓûî     | 231/500 [00:56<01:05,  4.10it/s]
 46%|ΓûêΓûêΓûêΓûêΓûï     | 232/500 [00:56<01:05,  4.09it/s]
 47%|ΓûêΓûêΓûêΓûêΓûï     | 233/500 [00:56<01:09,  3.85it/s]
 47%|ΓûêΓûêΓûêΓûêΓûï     | 234/500 [00:56<01:07,  3.95it/s]
 47%|ΓûêΓûêΓûêΓûêΓûï     | 235/500 [00:57<01:05,  4.05it/s]
 47%|ΓûêΓûêΓûêΓûêΓûï     | 236/500 [00:57<01:05,  4.03it/s]
 47%|ΓûêΓûêΓûêΓûêΓûï     | 237/500 [00:57<01:05,  4.00it/s]
 48%|ΓûêΓûêΓûêΓûêΓûè     | 238/500 [00:57<01:03,  4.09it/s]
 48%|ΓûêΓûêΓûêΓûêΓûè     | 239/500 [00:58<01:03,  4.14it/s]
 48%|ΓûêΓûêΓûêΓûêΓûè     | 240/500 [00:58<01:02,  4.15it/s]
 48%|ΓûêΓûêΓûêΓûêΓûè     | 241/500 [00:58<01:02,  4.11it/s]
 48%|ΓûêΓûêΓûêΓûêΓûè     | 242/500 [00:58<01:05,  3.95it/s]
 49%|ΓûêΓûêΓûêΓûêΓûè     | 243/500 [00:59<01:05,  3.93it/s]
 49%|ΓûêΓûêΓûêΓûêΓûë     | 244/500 [00:59<01:04,  3.98it/s]
 49%|ΓûêΓûêΓûêΓûêΓûë     | 245/500 [00:59<01:04,  3.98it/s]
 49%|ΓûêΓûêΓûêΓûêΓûë     | 246/500 [00:59<01:02,  4.05it/s]
 49%|ΓûêΓûêΓûêΓûêΓûë     | 247/500 [01:00<01:01,  4.13it/s]
 50%|ΓûêΓûêΓûêΓûêΓûë     | 248/500 [01:00<01:02,  4.04it/s]
 50%|ΓûêΓûêΓûêΓûêΓûë     | 249/500 [01:00<01:04,  3.91it/s]
 50%|ΓûêΓûêΓûêΓûêΓûê     | 251/500 [01:00<00:50,  4.98it/s]
 50%|ΓûêΓûêΓûêΓûêΓûê     | 252/500 [01:01<00:55,  4.48it/s]
 51%|ΓûêΓûêΓûêΓûêΓûê     | 253/500 [01:01<00:59,  4.19it/s]
 51%|ΓûêΓûêΓûêΓûêΓûê     | 254/500 [01:01<01:01,  4.00it/s]
 51%|ΓûêΓûêΓûêΓûêΓûê     | 255/500 [01:02<01:04,  3.82it/s]
 51%|ΓûêΓûêΓûêΓûêΓûêΓûÅ    | 257/500 [01:02<00:51,  4.71it/s]
 52%|ΓûêΓûêΓûêΓûêΓûêΓûÅ    | 258/500 [01:02<00:58,  4.10it/s]
 52%|ΓûêΓûêΓûêΓûêΓûêΓûÅ    | 259/500 [01:02<01:03,  3.80it/s]
 52%|ΓûêΓûêΓûêΓûêΓûêΓûÅ    | 260/500 [01:03<01:06,  3.63it/s]
 52%|ΓûêΓûêΓûêΓûêΓûêΓûÅ    | 261/500 [01:03<01:12,  3.28it/s]
 52%|ΓûêΓûêΓûêΓûêΓûêΓûÅ    | 262/500 [01:04<01:18,  3.04it/s]
 53%|ΓûêΓûêΓûêΓûêΓûêΓûÄ    | 263/500 [01:04<01:16,  3.11it/s]
 53%|ΓûêΓûêΓûêΓûêΓûêΓûÄ    | 264/500 [01:04<01:12,  3.25it/s]
 53%|ΓûêΓûêΓûêΓûêΓûêΓûÄ    | 265/500 [01:04<01:09,  3.36it/s]
 53%|ΓûêΓûêΓûêΓûêΓûêΓûÄ    | 266/500 [01:05<01:06,  3.50it/s]
 53%|ΓûêΓûêΓûêΓûêΓûêΓûÄ    | 267/500 [01:05<01:05,  3.55it/s]
 54%|ΓûêΓûêΓûêΓûêΓûêΓûÄ    | 268/500 [01:05<01:04,  3.62it/s]
 54%|ΓûêΓûêΓûêΓûêΓûêΓûì    | 269/500 [01:05<01:01,  3.73it/s]
 54%|ΓûêΓûêΓûêΓûêΓûêΓûì    | 270/500 [01:06<01:01,  3.72it/s]
 54%|ΓûêΓûêΓûêΓûêΓûêΓûì    | 271/500 [01:06<01:00,  3.76it/s]
 54%|ΓûêΓûêΓûêΓûêΓûêΓûì    | 272/500 [01:06<00:59,  3.84it/s]
 55%|ΓûêΓûêΓûêΓûêΓûêΓûì    | 273/500 [01:06<00:57,  3.93it/s]
 55%|ΓûêΓûêΓûêΓûêΓûêΓûì    | 274/500 [01:07<00:58,  3.89it/s]
 55%|ΓûêΓûêΓûêΓûêΓûêΓûî    | 275/500 [01:07<00:57,  3.90it/s]
 55%|ΓûêΓûêΓûêΓûêΓûêΓûî    | 276/500 [01:07<00:56,  3.96it/s]
 55%|ΓûêΓûêΓûêΓûêΓûêΓûî    | 277/500 [01:08<00:58,  3.83it/s]
 56%|ΓûêΓûêΓûêΓûêΓûêΓûî    | 278/500 [01:08<00:57,  3.85it/s]
 56%|ΓûêΓûêΓûêΓûêΓûêΓûî    | 279/500 [01:08<00:58,  3.81it/s]
 56%|ΓûêΓûêΓûêΓûêΓûêΓûî    | 280/500 [01:08<00:56,  3.92it/s]
 56%|ΓûêΓûêΓûêΓûêΓûêΓûî    | 281/500 [01:09<00:54,  3.98it/s]
 56%|ΓûêΓûêΓûêΓûêΓûêΓûï    | 282/500 [01:09<00:59,  3.66it/s]
 57%|ΓûêΓûêΓûêΓûêΓûêΓûï    | 283/500 [01:09<00:58,  3.71it/s]
 57%|ΓûêΓûêΓûêΓûêΓûêΓûï    | 284/500 [01:09<00:57,  3.76it/s]
 57%|ΓûêΓûêΓûêΓûêΓûêΓûï    | 285/500 [01:10<00:55,  3.86it/s]
 57%|ΓûêΓûêΓûêΓûêΓûêΓûï    | 286/500 [01:10<00:54,  3.92it/s]
 57%|ΓûêΓûêΓûêΓûêΓûêΓûï    | 287/500 [01:10<00:55,  3.87it/s]
 58%|ΓûêΓûêΓûêΓûêΓûêΓûè    | 288/500 [01:10<01:00,  3.49it/s]
 58%|ΓûêΓûêΓûêΓûêΓûêΓûè    | 289/500 [01:11<00:57,  3.64it/s]
 58%|ΓûêΓûêΓûêΓûêΓûêΓûè    | 290/500 [01:11<00:55,  3.79it/s]
 58%|ΓûêΓûêΓûêΓûêΓûêΓûè    | 291/500 [01:11<00:53,  3.92it/s]
 58%|ΓûêΓûêΓûêΓûêΓûêΓûè    | 292/500 [01:11<00:52,  3.93it/s]
 59%|ΓûêΓûêΓûêΓûêΓûêΓûè    | 293/500 [01:12<00:54,  3.82it/s]
 59%|ΓûêΓûêΓûêΓûêΓûêΓûë    | 294/500 [01:12<00:55,  3.71it/s]
 59%|ΓûêΓûêΓûêΓûêΓûêΓûë    | 295/500 [01:12<01:03,  3.24it/s]
 59%|ΓûêΓûêΓûêΓûêΓûêΓûë    | 297/500 [01:13<00:47,  4.24it/s]
 60%|ΓûêΓûêΓûêΓûêΓûêΓûë    | 298/500 [01:13<00:50,  4.00it/s]
 60%|ΓûêΓûêΓûêΓûêΓûêΓûë    | 299/500 [01:13<00:52,  3.86it/s]
 60%|ΓûêΓûêΓûêΓûêΓûêΓûê    | 300/500 [01:14<00:53,  3.74it/s]
 60%|ΓûêΓûêΓûêΓûêΓûêΓûê    | 301/500 [01:14<00:53,  3.74it/s]
 60%|ΓûêΓûêΓûêΓûêΓûêΓûê    | 302/500 [01:14<00:53,  3.68it/s]
 61%|ΓûêΓûêΓûêΓûêΓûêΓûê    | 303/500 [01:14<00:53,  3.69it/s]
 61%|ΓûêΓûêΓûêΓûêΓûêΓûê    | 305/500 [01:15<00:42,  4.59it/s]
 61%|ΓûêΓûêΓûêΓûêΓûêΓûê    | 306/500 [01:15<00:46,  4.19it/s]
 61%|ΓûêΓûêΓûêΓûêΓûêΓûêΓûÅ   | 307/500 [01:15<00:49,  3.89it/s]
 62%|ΓûêΓûêΓûêΓûêΓûêΓûêΓûÅ   | 308/500 [01:16<00:51,  3.72it/s]
 62%|ΓûêΓûêΓûêΓûêΓûêΓûêΓûÅ   | 309/500 [01:16<00:53,  3.58it/s]
 62%|ΓûêΓûêΓûêΓûêΓûêΓûêΓûÅ   | 310/500 [01:16<00:52,  3.59it/s]
 62%|ΓûêΓûêΓûêΓûêΓûêΓûêΓûÅ   | 311/500 [01:16<00:53,  3.56it/s]
 62%|ΓûêΓûêΓûêΓûêΓûêΓûêΓûÅ   | 312/500 [01:17<00:57,  3.28it/s]
 63%|ΓûêΓûêΓûêΓûêΓûêΓûêΓûÄ   | 313/500 [01:17<00:55,  3.36it/s]
 63%|ΓûêΓûêΓûêΓûêΓûêΓûêΓûÄ   | 314/500 [01:17<00:53,  3.49it/s]
 63%|ΓûêΓûêΓûêΓûêΓûêΓûêΓûÄ   | 315/500 [01:18<00:53,  3.44it/s]
 63%|ΓûêΓûêΓûêΓûêΓûêΓûêΓûÄ   | 316/500 [01:18<00:52,  3.48it/s]
 63%|ΓûêΓûêΓûêΓûêΓûêΓûêΓûÄ   | 317/500 [01:18<00:52,  3.52it/s]
 64%|ΓûêΓûêΓûêΓûêΓûêΓûêΓûÄ   | 318/500 [01:19<00:53,  3.43it/s]
 64%|ΓûêΓûêΓûêΓûêΓûêΓûêΓûì   | 319/500 [01:19<00:51,  3.48it/s]
 64%|ΓûêΓûêΓûêΓûêΓûêΓûêΓûì   | 320/500 [01:19<00:51,  3.49it/s]
 64%|ΓûêΓûêΓûêΓûêΓûêΓûêΓûì   | 321/500 [01:19<00:51,  3.50it/s]
 64%|ΓûêΓûêΓûêΓûêΓûêΓûêΓûì   | 322/500 [01:20<00:53,  3.35it/s]
 65%|ΓûêΓûêΓûêΓûêΓûêΓûêΓûì   | 323/500 [01:20<00:55,  3.22it/s]
 65%|ΓûêΓûêΓûêΓûêΓûêΓûêΓûì   | 324/500 [01:20<00:56,  3.12it/s]
 65%|ΓûêΓûêΓûêΓûêΓûêΓûêΓûî   | 325/500 [01:21<01:04,  2.71it/s]
 65%|ΓûêΓûêΓûêΓûêΓûêΓûêΓûî   | 326/500 [01:21<01:15,  2.30it/s]
 65%|ΓûêΓûêΓûêΓûêΓûêΓûêΓûî   | 327/500 [01:22<01:12,  2.37it/s]
 66%|ΓûêΓûêΓûêΓûêΓûêΓûêΓûî   | 328/500 [01:22<01:06,  2.59it/s]
 66%|ΓûêΓûêΓûêΓûêΓûêΓûêΓûî   | 329/500 [01:22<01:00,  2.81it/s]
 66%|ΓûêΓûêΓûêΓûêΓûêΓûêΓûî   | 330/500 [01:23<00:57,  2.96it/s]
 66%|ΓûêΓûêΓûêΓûêΓûêΓûêΓûî   | 331/500 [01:23<00:55,  3.04it/s]
 66%|ΓûêΓûêΓûêΓûêΓûêΓûêΓûï   | 332/500 [01:23<00:54,  3.06it/s]
 67%|ΓûêΓûêΓûêΓûêΓûêΓûêΓûï   | 333/500 [01:24<00:52,  3.17it/s]
 67%|ΓûêΓûêΓûêΓûêΓûêΓûêΓûï   | 334/500 [01:24<00:52,  3.18it/s]
 67%|ΓûêΓûêΓûêΓûêΓûêΓûêΓûï   | 335/500 [01:24<00:52,  3.12it/s]
 67%|ΓûêΓûêΓûêΓûêΓûêΓûêΓûï   | 336/500 [01:25<00:51,  3.20it/s]
 67%|ΓûêΓûêΓûêΓûêΓûêΓûêΓûï   | 337/500 [01:25<00:51,  3.18it/s]
 68%|ΓûêΓûêΓûêΓûêΓûêΓûêΓûè   | 338/500 [01:25<00:50,  3.18it/s]
 68%|ΓûêΓûêΓûêΓûêΓûêΓûêΓûè   | 339/500 [01:26<00:49,  3.28it/s]
 68%|ΓûêΓûêΓûêΓûêΓûêΓûêΓûè   | 340/500 [01:26<00:48,  3.30it/s]
 68%|ΓûêΓûêΓûêΓûêΓûêΓûêΓûè   | 341/500 [01:26<00:46,  3.41it/s]
 68%|ΓûêΓûêΓûêΓûêΓûêΓûêΓûè   | 342/500 [01:26<00:45,  3.49it/s]
 69%|ΓûêΓûêΓûêΓûêΓûêΓûêΓûè   | 343/500 [01:27<00:48,  3.21it/s]
 69%|ΓûêΓûêΓûêΓûêΓûêΓûêΓûë   | 344/500 [01:27<00:50,  3.07it/s]
 69%|ΓûêΓûêΓûêΓûêΓûêΓûêΓûë   | 345/500 [01:27<00:49,  3.13it/s]
 69%|ΓûêΓûêΓûêΓûêΓûêΓûêΓûë   | 346/500 [01:28<00:48,  3.19it/s]
 69%|ΓûêΓûêΓûêΓûêΓûêΓûêΓûë   | 347/500 [01:28<00:46,  3.26it/s]
 70%|ΓûêΓûêΓûêΓûêΓûêΓûêΓûë   | 348/500 [01:28<00:45,  3.32it/s]
 70%|ΓûêΓûêΓûêΓûêΓûêΓûêΓûë   | 349/500 [01:29<00:45,  3.34it/s]
 70%|ΓûêΓûêΓûêΓûêΓûêΓûêΓûê   | 350/500 [01:29<00:46,  3.25it/s]
 70%|ΓûêΓûêΓûêΓûêΓûêΓûêΓûê   | 351/500 [01:29<00:45,  3.30it/s]
 70%|ΓûêΓûêΓûêΓûêΓûêΓûêΓûê   | 352/500 [01:29<00:44,  3.34it/s]
 71%|ΓûêΓûêΓûêΓûêΓûêΓûêΓûê   | 353/500 [01:30<00:44,  3.28it/s]
 71%|ΓûêΓûêΓûêΓûêΓûêΓûêΓûê   | 354/500 [01:30<00:43,  3.35it/s]
 71%|ΓûêΓûêΓûêΓûêΓûêΓûêΓûê   | 355/500 [01:30<00:43,  3.36it/s]
 71%|ΓûêΓûêΓûêΓûêΓûêΓûêΓûê   | 356/500 [01:31<00:43,  3.34it/s]
 71%|ΓûêΓûêΓûêΓûêΓûêΓûêΓûêΓûÅ  | 357/500 [01:31<00:41,  3.41it/s]
 72%|ΓûêΓûêΓûêΓûêΓûêΓûêΓûêΓûÅ  | 358/500 [01:31<00:40,  3.47it/s]
 72%|ΓûêΓûêΓûêΓûêΓûêΓûêΓûêΓûÅ  | 359/500 [01:32<00:41,  3.44it/s]
 72%|ΓûêΓûêΓûêΓûêΓûêΓûêΓûêΓûÅ  | 360/500 [01:32<00:43,  3.24it/s]
 72%|ΓûêΓûêΓûêΓûêΓûêΓûêΓûêΓûÅ  | 361/500 [01:32<00:45,  3.08it/s]
 72%|ΓûêΓûêΓûêΓûêΓûêΓûêΓûêΓûÅ  | 362/500 [01:33<00:51,  2.69it/s]
 73%|ΓûêΓûêΓûêΓûêΓûêΓûêΓûêΓûÄ  | 363/500 [01:33<00:49,  2.79it/s]
 73%|ΓûêΓûêΓûêΓûêΓûêΓûêΓûêΓûÄ  | 364/500 [01:33<00:45,  2.97it/s]
 73%|ΓûêΓûêΓûêΓûêΓûêΓûêΓûêΓûÄ  | 365/500 [01:34<00:43,  3.12it/s]
 73%|ΓûêΓûêΓûêΓûêΓûêΓûêΓûêΓûÄ  | 366/500 [01:34<00:40,  3.28it/s]
 73%|ΓûêΓûêΓûêΓûêΓûêΓûêΓûêΓûÄ  | 367/500 [01:34<00:39,  3.39it/s]
 74%|ΓûêΓûêΓûêΓûêΓûêΓûêΓûêΓûÄ  | 368/500 [01:34<00:38,  3.44it/s]
 74%|ΓûêΓûêΓûêΓûêΓûêΓûêΓûêΓûì  | 369/500 [01:35<00:36,  3.55it/s]
 74%|ΓûêΓûêΓûêΓûêΓûêΓûêΓûêΓûì  | 370/500 [01:35<00:36,  3.58it/s]
 74%|ΓûêΓûêΓûêΓûêΓûêΓûêΓûêΓûì  | 371/500 [01:35<00:36,  3.55it/s]
 74%|ΓûêΓûêΓûêΓûêΓûêΓûêΓûêΓûì  | 372/500 [01:36<00:35,  3.59it/s]
 75%|ΓûêΓûêΓûêΓûêΓûêΓûêΓûêΓûì  | 373/500 [01:36<00:34,  3.68it/s]
 75%|ΓûêΓûêΓûêΓûêΓûêΓûêΓûêΓûì  | 374/500 [01:36<00:34,  3.67it/s]
 75%|ΓûêΓûêΓûêΓûêΓûêΓûêΓûêΓûî  | 375/500 [01:36<00:34,  3.65it/s]
 75%|ΓûêΓûêΓûêΓûêΓûêΓûêΓûêΓûî  | 376/500 [01:37<00:34,  3.63it/s]
 75%|ΓûêΓûêΓûêΓûêΓûêΓûêΓûêΓûî  | 377/500 [01:37<00:32,  3.73it/s]
 76%|ΓûêΓûêΓûêΓûêΓûêΓûêΓûêΓûî  | 378/500 [01:37<00:32,  3.74it/s]
 76%|ΓûêΓûêΓûêΓûêΓûêΓûêΓûêΓûî  | 379/500 [01:37<00:32,  3.76it/s]
 76%|ΓûêΓûêΓûêΓûêΓûêΓûêΓûêΓûî  | 380/500 [01:38<00:31,  3.78it/s]
 76%|ΓûêΓûêΓûêΓûêΓûêΓûêΓûêΓûî  | 381/500 [01:38<00:32,  3.71it/s]
 76%|ΓûêΓûêΓûêΓûêΓûêΓûêΓûêΓûï  | 382/500 [01:38<00:30,  3.82it/s]
 77%|ΓûêΓûêΓûêΓûêΓûêΓûêΓûêΓûï  | 383/500 [01:38<00:32,  3.65it/s]
 77%|ΓûêΓûêΓûêΓûêΓûêΓûêΓûêΓûï  | 384/500 [01:39<00:31,  3.74it/s]
 77%|ΓûêΓûêΓûêΓûêΓûêΓûêΓûêΓûï  | 385/500 [01:39<00:30,  3.76it/s]
 77%|ΓûêΓûêΓûêΓûêΓûêΓûêΓûêΓûï  | 386/500 [01:39<00:31,  3.64it/s]
 77%|ΓûêΓûêΓûêΓûêΓûêΓûêΓûêΓûï  | 387/500 [01:40<00:31,  3.54it/s]
 78%|ΓûêΓûêΓûêΓûêΓûêΓûêΓûêΓûè  | 388/500 [01:40<00:33,  3.39it/s]
 78%|ΓûêΓûêΓûêΓûêΓûêΓûêΓûêΓûè  | 389/500 [01:40<00:37,  2.95it/s]
 78%|ΓûêΓûêΓûêΓûêΓûêΓûêΓûêΓûè  | 390/500 [01:41<00:38,  2.83it/s]
 78%|ΓûêΓûêΓûêΓûêΓûêΓûêΓûêΓûè  | 391/500 [01:41<00:39,  2.79it/s]
 78%|ΓûêΓûêΓûêΓûêΓûêΓûêΓûêΓûè  | 392/500 [01:41<00:37,  2.87it/s]
 79%|ΓûêΓûêΓûêΓûêΓûêΓûêΓûêΓûè  | 393/500 [01:42<00:35,  2.99it/s]
 79%|ΓûêΓûêΓûêΓûêΓûêΓûêΓûêΓûë  | 394/500 [01:42<00:35,  3.00it/s]
 79%|ΓûêΓûêΓûêΓûêΓûêΓûêΓûêΓûë  | 395/500 [01:43<00:39,  2.67it/s]
 79%|ΓûêΓûêΓûêΓûêΓûêΓûêΓûêΓûë  | 396/500 [01:43<00:41,  2.50it/s]
 79%|ΓûêΓûêΓûêΓûêΓûêΓûêΓûêΓûë  | 397/500 [01:43<00:40,  2.56it/s]
 80%|ΓûêΓûêΓûêΓûêΓûêΓûêΓûêΓûë  | 398/500 [01:44<00:38,  2.68it/s]
 80%|ΓûêΓûêΓûêΓûêΓûêΓûêΓûêΓûë  | 399/500 [01:44<00:35,  2.83it/s]
 80%|ΓûêΓûêΓûêΓûêΓûêΓûêΓûêΓûê  | 400/500 [01:44<00:38,  2.60it/s]
 80%|ΓûêΓûêΓûêΓûêΓûêΓûêΓûêΓûê  | 401/500 [01:45<00:36,  2.72it/s]
 80%|ΓûêΓûêΓûêΓûêΓûêΓûêΓûêΓûê  | 402/500 [01:45<00:44,  2.20it/s]
 81%|ΓûêΓûêΓûêΓûêΓûêΓûêΓûêΓûê  | 403/500 [01:46<00:42,  2.30it/s]
 81%|ΓûêΓûêΓûêΓûêΓûêΓûêΓûêΓûê  | 404/500 [01:46<00:39,  2.41it/s]
 81%|ΓûêΓûêΓûêΓûêΓûêΓûêΓûêΓûê  | 405/500 [01:47<00:38,  2.46it/s]
 81%|ΓûêΓûêΓûêΓûêΓûêΓûêΓûêΓûê  | 406/500 [01:47<00:37,  2.53it/s]
 81%|ΓûêΓûêΓûêΓûêΓûêΓûêΓûêΓûêΓûÅ | 407/500 [01:47<00:36,  2.53it/s]
 82%|ΓûêΓûêΓûêΓûêΓûêΓûêΓûêΓûêΓûÅ | 408/500 [01:48<00:38,  2.39it/s]
 82%|ΓûêΓûêΓûêΓûêΓûêΓûêΓûêΓûêΓûÅ | 409/500 [01:48<00:41,  2.17it/s]
 82%|ΓûêΓûêΓûêΓûêΓûêΓûêΓûêΓûêΓûÅ | 410/500 [01:49<00:47,  1.88it/s]
 82%|ΓûêΓûêΓûêΓûêΓûêΓûêΓûêΓûêΓûÅ | 411/500 [01:50<00:51,  1.74it/s]
 82%|ΓûêΓûêΓûêΓûêΓûêΓûêΓûêΓûêΓûÅ | 412/500 [01:50<00:44,  1.98it/s]
 83%|ΓûêΓûêΓûêΓûêΓûêΓûêΓûêΓûêΓûÄ | 413/500 [01:50<00:40,  2.16it/s]
 83%|ΓûêΓûêΓûêΓûêΓûêΓûêΓûêΓûêΓûÄ | 414/500 [01:51<00:37,  2.30it/s]
 83%|ΓûêΓûêΓûêΓûêΓûêΓûêΓûêΓûêΓûÄ | 415/500 [01:51<00:34,  2.44it/s]
 83%|ΓûêΓûêΓûêΓûêΓûêΓûêΓûêΓûêΓûÄ | 416/500 [01:52<00:33,  2.48it/s]
 83%|ΓûêΓûêΓûêΓûêΓûêΓûêΓûêΓûêΓûÄ | 417/500 [01:52<00:34,  2.39it/s]
 84%|ΓûêΓûêΓûêΓûêΓûêΓûêΓûêΓûêΓûÄ | 418/500 [01:52<00:33,  2.47it/s]
 84%|ΓûêΓûêΓûêΓûêΓûêΓûêΓûêΓûêΓûì | 419/500 [01:53<00:33,  2.40it/s]
 84%|ΓûêΓûêΓûêΓûêΓûêΓûêΓûêΓûêΓûì | 420/500 [01:53<00:35,  2.28it/s]
 84%|ΓûêΓûêΓûêΓûêΓûêΓûêΓûêΓûêΓûì | 421/500 [01:54<00:34,  2.29it/s]
 84%|ΓûêΓûêΓûêΓûêΓûêΓûêΓûêΓûêΓûì | 422/500 [01:54<00:33,  2.36it/s]
 85%|ΓûêΓûêΓûêΓûêΓûêΓûêΓûêΓûêΓûì | 423/500 [01:55<00:33,  2.31it/s]
 85%|ΓûêΓûêΓûêΓûêΓûêΓûêΓûêΓûêΓûì | 424/500 [01:55<00:31,  2.38it/s]
 85%|ΓûêΓûêΓûêΓûêΓûêΓûêΓûêΓûêΓûî | 425/500 [01:55<00:30,  2.45it/s]
 85%|ΓûêΓûêΓûêΓûêΓûêΓûêΓûêΓûêΓûî | 426/500 [01:56<00:30,  2.43it/s]
 85%|ΓûêΓûêΓûêΓûêΓûêΓûêΓûêΓûêΓûî | 427/500 [01:56<00:28,  2.58it/s]
 86%|ΓûêΓûêΓûêΓûêΓûêΓûêΓûêΓûêΓûî | 428/500 [01:56<00:26,  2.71it/s]
 86%|ΓûêΓûêΓûêΓûêΓûêΓûêΓûêΓûêΓûî | 429/500 [01:57<00:26,  2.71it/s]
 86%|ΓûêΓûêΓûêΓûêΓûêΓûêΓûêΓûêΓûî | 430/500 [01:57<00:25,  2.71it/s]
 86%|ΓûêΓûêΓûêΓûêΓûêΓûêΓûêΓûêΓûî | 431/500 [01:58<00:26,  2.64it/s]
 86%|ΓûêΓûêΓûêΓûêΓûêΓûêΓûêΓûêΓûï | 432/500 [01:58<00:24,  2.74it/s]
 87%|ΓûêΓûêΓûêΓûêΓûêΓûêΓûêΓûêΓûï | 433/500 [01:58<00:22,  2.99it/s]
 87%|ΓûêΓûêΓûêΓûêΓûêΓûêΓûêΓûêΓûï | 434/500 [01:58<00:20,  3.21it/s]
 87%|ΓûêΓûêΓûêΓûêΓûêΓûêΓûêΓûêΓûï | 435/500 [01:59<00:22,  2.84it/s]
 87%|ΓûêΓûêΓûêΓûêΓûêΓûêΓûêΓûêΓûï | 437/500 [01:59<00:15,  4.01it/s]
 88%|ΓûêΓûêΓûêΓûêΓûêΓûêΓûêΓûêΓûè | 438/500 [01:59<00:15,  3.95it/s]
 88%|ΓûêΓûêΓûêΓûêΓûêΓûêΓûêΓûêΓûè | 439/500 [02:00<00:16,  3.73it/s]
 88%|ΓûêΓûêΓûêΓûêΓûêΓûêΓûêΓûêΓûè | 440/500 [02:00<00:16,  3.74it/s]
 88%|ΓûêΓûêΓûêΓûêΓûêΓûêΓûêΓûêΓûè | 441/500 [02:00<00:16,  3.66it/s]
 88%|ΓûêΓûêΓûêΓûêΓûêΓûêΓûêΓûêΓûè | 442/500 [02:01<00:15,  3.78it/s]
 89%|ΓûêΓûêΓûêΓûêΓûêΓûêΓûêΓûêΓûè | 443/500 [02:01<00:14,  3.82it/s]
 89%|ΓûêΓûêΓûêΓûêΓûêΓûêΓûêΓûêΓûë | 444/500 [02:01<00:14,  3.88it/s]
 89%|ΓûêΓûêΓûêΓûêΓûêΓûêΓûêΓûêΓûë | 445/500 [02:01<00:13,  3.94it/s]
 89%|ΓûêΓûêΓûêΓûêΓûêΓûêΓûêΓûêΓûë | 446/500 [02:02<00:13,  4.00it/s]
 89%|ΓûêΓûêΓûêΓûêΓûêΓûêΓûêΓûêΓûë | 447/500 [02:02<00:13,  3.95it/s]
 90%|ΓûêΓûêΓûêΓûêΓûêΓûêΓûêΓûêΓûë | 448/500 [02:02<00:12,  4.01it/s]
 90%|ΓûêΓûêΓûêΓûêΓûêΓûêΓûêΓûêΓûë | 449/500 [02:02<00:12,  3.97it/s]
 90%|ΓûêΓûêΓûêΓûêΓûêΓûêΓûêΓûêΓûê | 450/500 [02:03<00:12,  3.96it/s]
 90%|ΓûêΓûêΓûêΓûêΓûêΓûêΓûêΓûêΓûê | 451/500 [02:03<00:12,  4.02it/s]
 90%|ΓûêΓûêΓûêΓûêΓûêΓûêΓûêΓûêΓûê | 452/500 [02:03<00:12,  3.90it/s]
 91%|ΓûêΓûêΓûêΓûêΓûêΓûêΓûêΓûêΓûê | 453/500 [02:03<00:11,  4.00it/s]
 91%|ΓûêΓûêΓûêΓûêΓûêΓûêΓûêΓûêΓûê | 454/500 [02:04<00:11,  3.96it/s]
 91%|ΓûêΓûêΓûêΓûêΓûêΓûêΓûêΓûêΓûê | 455/500 [02:04<00:11,  3.94it/s]
 91%|ΓûêΓûêΓûêΓûêΓûêΓûêΓûêΓûêΓûê | 456/500 [02:04<00:11,  3.94it/s]
 91%|ΓûêΓûêΓûêΓûêΓûêΓûêΓûêΓûêΓûêΓûÅ| 457/500 [02:04<00:11,  3.70it/s]
 92%|ΓûêΓûêΓûêΓûêΓûêΓûêΓûêΓûêΓûêΓûÅ| 458/500 [02:05<00:11,  3.60it/s]
 92%|ΓûêΓûêΓûêΓûêΓûêΓûêΓûêΓûêΓûêΓûÅ| 459/500 [02:05<00:12,  3.40it/s]
 92%|ΓûêΓûêΓûêΓûêΓûêΓûêΓûêΓûêΓûêΓûÅ| 460/500 [02:05<00:11,  3.41it/s]
 92%|ΓûêΓûêΓûêΓûêΓûêΓûêΓûêΓûêΓûêΓûÅ| 461/500 [02:06<00:10,  3.56it/s]
 92%|ΓûêΓûêΓûêΓûêΓûêΓûêΓûêΓûêΓûêΓûÅ| 462/500 [02:06<00:10,  3.67it/s]
 93%|ΓûêΓûêΓûêΓûêΓûêΓûêΓûêΓûêΓûêΓûÄ| 463/500 [02:06<00:10,  3.67it/s]
 93%|ΓûêΓûêΓûêΓûêΓûêΓûêΓûêΓûêΓûêΓûÄ| 464/500 [02:06<00:10,  3.38it/s]
 93%|ΓûêΓûêΓûêΓûêΓûêΓûêΓûêΓûêΓûêΓûÄ| 465/500 [02:07<00:10,  3.44it/s]
 93%|ΓûêΓûêΓûêΓûêΓûêΓûêΓûêΓûêΓûêΓûÄ| 466/500 [02:07<00:09,  3.56it/s]
 93%|ΓûêΓûêΓûêΓûêΓûêΓûêΓûêΓûêΓûêΓûÄ| 467/500 [02:07<00:08,  3.68it/s]
 94%|ΓûêΓûêΓûêΓûêΓûêΓûêΓûêΓûêΓûêΓûÄ| 468/500 [02:07<00:08,  3.75it/s]
 94%|ΓûêΓûêΓûêΓûêΓûêΓûêΓûêΓûêΓûêΓûì| 469/500 [02:08<00:08,  3.75it/s]
 94%|ΓûêΓûêΓûêΓûêΓûêΓûêΓûêΓûêΓûêΓûì| 470/500 [02:08<00:08,  3.68it/s]
 94%|ΓûêΓûêΓûêΓûêΓûêΓûêΓûêΓûêΓûêΓûì| 471/500 [02:08<00:08,  3.51it/s]
 94%|ΓûêΓûêΓûêΓûêΓûêΓûêΓûêΓûêΓûêΓûì| 472/500 [02:09<00:08,  3.46it/s]
 95%|ΓûêΓûêΓûêΓûêΓûêΓûêΓûêΓûêΓûêΓûì| 473/500 [02:09<00:08,  3.26it/s]
 95%|ΓûêΓûêΓûêΓûêΓûêΓûêΓûêΓûêΓûêΓûì| 474/500 [02:09<00:08,  3.18it/s]
 95%|ΓûêΓûêΓûêΓûêΓûêΓûêΓûêΓûêΓûêΓûî| 475/500 [02:10<00:08,  2.95it/s]
 95%|ΓûêΓûêΓûêΓûêΓûêΓûêΓûêΓûêΓûêΓûî| 476/500 [02:10<00:07,  3.01it/s]
 95%|ΓûêΓûêΓûêΓûêΓûêΓûêΓûêΓûêΓûêΓûî| 477/500 [02:10<00:07,  2.90it/s]
 96%|ΓûêΓûêΓûêΓûêΓûêΓûêΓûêΓûêΓûêΓûî| 478/500 [02:11<00:07,  2.87it/s]
 96%|ΓûêΓûêΓûêΓûêΓûêΓûêΓûêΓûêΓûêΓûî| 479/500 [02:12<00:10,  1.98it/s]
 96%|ΓûêΓûêΓûêΓûêΓûêΓûêΓûêΓûêΓûêΓûî| 480/500 [02:12<00:09,  2.04it/s]
 96%|ΓûêΓûêΓûêΓûêΓûêΓûêΓûêΓûêΓûêΓûî| 481/500 [02:12<00:08,  2.26it/s]
 96%|ΓûêΓûêΓûêΓûêΓûêΓûêΓûêΓûêΓûêΓûï| 482/500 [02:13<00:07,  2.52it/s]
 97%|ΓûêΓûêΓûêΓûêΓûêΓûêΓûêΓûêΓûêΓûï| 483/500 [02:13<00:06,  2.77it/s]
 97%|ΓûêΓûêΓûêΓûêΓûêΓûêΓûêΓûêΓûêΓûï| 484/500 [02:13<00:05,  2.99it/s]
 97%|ΓûêΓûêΓûêΓûêΓûêΓûêΓûêΓûêΓûêΓûï| 485/500 [02:14<00:04,  3.10it/s]
 97%|ΓûêΓûêΓûêΓûêΓûêΓûêΓûêΓûêΓûêΓûï| 486/500 [02:14<00:04,  3.21it/s]
 97%|ΓûêΓûêΓûêΓûêΓûêΓûêΓûêΓûêΓûêΓûï| 487/500 [02:14<00:03,  3.31it/s]
 98%|ΓûêΓûêΓûêΓûêΓûêΓûêΓûêΓûêΓûêΓûè| 488/500 [02:14<00:03,  3.36it/s]
 98%|ΓûêΓûêΓûêΓûêΓûêΓûêΓûêΓûêΓûêΓûè| 489/500 [02:15<00:03,  3.11it/s]
 98%|ΓûêΓûêΓûêΓûêΓûêΓûêΓûêΓûêΓûêΓûè| 490/500 [02:15<00:03,  3.20it/s]
 98%|ΓûêΓûêΓûêΓûêΓûêΓûêΓûêΓûêΓûêΓûè| 491/500 [02:16<00:03,  2.76it/s]
 98%|ΓûêΓûêΓûêΓûêΓûêΓûêΓûêΓûêΓûêΓûè| 492/500 [02:16<00:02,  2.85it/s]
 99%|ΓûêΓûêΓûêΓûêΓûêΓûêΓûêΓûêΓûêΓûè| 493/500 [02:17<00:03,  2.24it/s]
 99%|ΓûêΓûêΓûêΓûêΓûêΓûêΓûêΓûêΓûêΓûë| 494/500 [02:17<00:02,  2.47it/s]
 99%|ΓûêΓûêΓûêΓûêΓûêΓûêΓûêΓûêΓûêΓûë| 495/500 [02:17<00:01,  2.60it/s]
 99%|ΓûêΓûêΓûêΓûêΓûêΓûêΓûêΓûêΓûêΓûë| 496/500 [02:17<00:01,  2.77it/s]
 99%|ΓûêΓûêΓûêΓûêΓûêΓûêΓûêΓûêΓûêΓûë| 497/500 [02:18<00:01,  2.87it/s]
100%|ΓûêΓûêΓûêΓûêΓûêΓûêΓûêΓûêΓûêΓûë| 498/500 [02:18<00:00,  3.08it/s]
100%|ΓûêΓûêΓûêΓûêΓûêΓûêΓûêΓûêΓûêΓûë| 499/500 [02:18<00:00,  3.28it/s]
100%|ΓûêΓûêΓûêΓûêΓûêΓûêΓûêΓûêΓûêΓûê| 500/500 [02:19<00:00,  3.47it/s]
100%|ΓûêΓûêΓûêΓûêΓûêΓûêΓûêΓûêΓûêΓûê| 500/500 [02:19<00:00,  3.59it/s]
{"run_dir": "C:\\Users\\jv624\\Desktop\\fsm_reliability\\outputs\\cstr_grounding\\20261003_164149_20261001_115207_qwen25-15b-instruct_v4_v31_r0_withcert", "status": {"ok": 492, "not_eligible": 8}, "tf_agreement": 0.9644}
