                                       signal  tolerance  dev_n  accepted  accepted_failures  rejected  rejected_good  skipped_pct
                          plant readings only       0.10    985       208                 13       350             17         56.6
                          plant readings only       0.05    985       136                  2       350             17         49.3
             plant readings + proposed change       0.10    985       220                 14       362             18         59.1
             plant readings + proposed change       0.05    985       160                  3       362             18         53.0
                             token confidence       0.10    985         0                  0       224             11         22.7
                             token confidence       0.05    985         0                  0       224             11         22.7
                   attention by prompt region       0.10    985         0                  0       296             14         30.1
                   attention by prompt region       0.05    985         0                  0       296             14         30.1
             region-based attention grounding       0.10    985         0                  0       248             12         25.2
             region-based attention grounding       0.05    985         0                  0       248             12         25.2
                                hidden states       0.10    985       120                  6       325             16         45.2
                                hidden states       0.05    985         0                  0       325             16         33.0
                                all internals       0.10    985        90                  4       324             16         42.0
                                all internals       0.05    985        66                  0       324             16         39.6
                    all internals + grounding       0.10    985        80                  3       338             16         42.4
                    all internals + grounding       0.05    985        63                  0       338             16         40.7
readings + change + all internals + grounding       0.10    985       195                 12       442             22         64.7
readings + change + all internals + grounding       0.05    985       128                  2       442             22         57.9
                readings + change + grounding       0.10    985       230                 15       413             20         65.3
                readings + change + grounding       0.05    985       154                  3       413             20         57.6
            readings + change + all internals       0.10    985       191                 12       445             22         64.6
            readings + change + all internals       0.05    985       138                  2       445             22         59.2
Frozen: C:\Users\jv624\Desktop\fsm_reliability\outputs\certification\20261009_153848_cstr_v4_smollm2-17b_skip_ucb
