python.exe : 
At C:\Users\jv624\Desktop\fsm_reliability\outputs\pipeline_detached.ps1:75 char:1
+ & $py @($common + @("--dataset_dir", "data/cstr/closedloop_v4", "--ta ...
+ ~~~~~~~~~~~~~~~~~~~~~~~~~~~~~~~~~~~~~~~~~~~~~~~~~~~~~~~~~~~~~~~~~~~~~
    + CategoryInfo          : NotSpecified: (:String) [], RemoteException
    + FullyQualifiedErrorId : NativeCommandError
 
Loading weights:   0%|          | 0/434 [00:00<?, ?it/s]
Loading weights:   0%|          | 1/434 [00:00<02:18,  3.13it/s]
Loading weights:   6%|Γûî         | 27/434 [00:00<00:05, 80.94it/s]
Loading weights:  12%|ΓûêΓûÅ        | 51/434 [00:00<00:03, 124.39it/s]
Loading weights:  17%|ΓûêΓûï        | 75/434 [00:00<00:02, 153.79it/s]
Loading weights:  23%|ΓûêΓûêΓûÄ       | 99/434 [00:00<00:01, 171.87it/s]
Loading weights:  28%|ΓûêΓûêΓûè       | 123/434 [00:00<00:01, 185.70it/s]
Loading weights:  34%|ΓûêΓûêΓûêΓûÄ      | 146/434 [00:00<00:01, 194.21it/s]
Loading weights:  39%|ΓûêΓûêΓûêΓûë      | 171/434 [00:01<00:01, 196.57it/s]
Loading weights:  45%|ΓûêΓûêΓûêΓûêΓûî     | 196/434 [00:01<00:01, 204.84it/s]
Loading weights:  50%|ΓûêΓûêΓûêΓûêΓûê     | 219/434 [00:01<00:01, 205.91it/s]
Loading weights:  56%|ΓûêΓûêΓûêΓûêΓûêΓûî    | 244/434 [00:01<00:00, 212.33it/s]
Loading weights:  62%|ΓûêΓûêΓûêΓûêΓûêΓûêΓûÅ   | 268/434 [00:01<00:00, 212.83it/s]
Loading weights:  67%|ΓûêΓûêΓûêΓûêΓûêΓûêΓûï   | 292/434 [00:01<00:00, 213.70it/s]
Loading weights:  73%|ΓûêΓûêΓûêΓûêΓûêΓûêΓûêΓûÄ  | 316/434 [00:01<00:00, 214.52it/s]
Loading weights:  78%|ΓûêΓûêΓûêΓûêΓûêΓûêΓûêΓûè  | 340/434 [00:01<00:00, 217.39it/s]
Loading weights:  84%|ΓûêΓûêΓûêΓûêΓûêΓûêΓûêΓûêΓûì | 364/434 [00:01<00:00, 218.15it/s]
Loading weights:  89%|ΓûêΓûêΓûêΓûêΓûêΓûêΓûêΓûêΓûë | 388/434 [00:02<00:00, 217.96it/s]
Loading weights:  95%|ΓûêΓûêΓûêΓûêΓûêΓûêΓûêΓûêΓûêΓûì| 411/434 [00:02<00:00, 215.07it/s]
Loading weights: 100%|ΓûêΓûêΓûêΓûêΓûêΓûêΓûêΓûêΓûêΓûê| 434/434 [00:02<00:00, 189.92it/s]
[1/400] cstr_closedloop_00000 cool_stuck_closed: recovered {'always_validate': 0, 'never_validate': 0, 'observables_probe': 0, 'combined_probe': 0, 'random_matched': 0} | cache 9 gens | 2.7 min
[2/400] cstr_closedloop_00001 fouling: recovered {'always_validate': 0, 'never_validate': 0, 'observables_probe': 0, 'combined_probe': 0, 'random_matched': 0} | cache 5 gens | 4.0 min
[3/400] cstr_closedloop_00002 fouling: recovered {'always_validate': 0, 'never_validate': 0, 'observables_probe': 0, 'combined_probe': 0, 'random_matched': 0} | cache 6 gens | 5.6 min
[4/400] cstr_closedloop_00003 cool_stuck_closed: recovered {'always_validate': 0, 'never_validate': 0, 'observables_probe': 0, 'combined_probe': 0, 'random_matched': 0} | cache 10 gens | 8.7 min
[5/400] cstr_closedloop_00004 outlet_block: recovered {'always_validate': 1, 'never_validate': 1, 'observables_probe': 0, 'combined_probe': 0, 'random_matched': 1} | cache 3 gens | 9.6 min
[6/400] cstr_closedloop_00005 fouling: recovered {'always_validate': 1, 'never_validate': 1, 'observables_probe': 1, 'combined_probe': 1, 'random_matched': 1} | cache 2 gens | 10.1 min
[7/400] cstr_closedloop_00006 pump_degrade: recovered {'always_validate': 0, 'never_validate': 0, 'observables_probe': 0, 'combined_probe': 0, 'random_matched': 0} | cache 7 gens | 12.1 min
[8/400] cstr_closedloop_00007 pump_degrade: recovered {'always_validate': 1, 'never_validate': 1, 'observables_probe': 1, 'combined_probe': 1, 'random_matched': 1} | cache 1 gens | 12.6 min
[9/400] cstr_closedloop_00008 pump_degrade: recovered {'always_validate': 1, 'never_validate': 1, 'observables_probe': 1, 'combined_probe': 1, 'random_matched': 0} | cache 6 gens | 14.8 min
[10/400] cstr_closedloop_00009 fouling: recovered {'always_validate': 1, 'never_validate': 0, 'observables_probe': 0, 'combined_probe': 0, 'random_matched': 1} | cache 4 gens | 15.8 min
[11/400] cstr_closedloop_00010 outlet_block: recovered {'always_validate': 1, 'never_validate': 1, 'observables_probe': 1, 'combined_probe': 1, 'random_matched': 1} | cache 1 gens | 16.2 min
[12/400] cstr_closedloop_00011 outlet_block: recovered {'always_validate': 0, 'never_validate': 0, 'observables_probe': 0, 'combined_probe': 0, 'random_matched': 0} | cache 8 gens | 18.8 min
[13/400] cstr_closedloop_00012 cool_stuck_closed: recovered {'always_validate': 0, 'never_validate': 0, 'observables_probe': 0, 'combined_probe': 0, 'random_matched': 0} | cache 12 gens | 22.3 min
[14/400] cstr_closedloop_00013 outlet_block: recovered {'always_validate': 1, 'never_validate': 0, 'observables_probe': 1, 'combined_probe': 1, 'random_matched': 0} | cache 7 gens | 24.3 min
[15/400] cstr_closedloop_00014 pump_degrade: recovered {'always_validate': 1, 'never_validate': 1, 'observables_probe': 1, 'combined_probe': 1, 'random_matched': 1} | cache 1 gens | 24.6 min
[16/400] cstr_closedloop_00015 cool_stuck_closed: recovered {'always_validate': 0, 'never_validate': 0, 'observables_probe': 1, 'combined_probe': 0, 'random_matched': 1} | cache 4 gens | 26.0 min
[17/400] cstr_closedloop_00016 pump_degrade: recovered {'always_validate': 1, 'never_validate': 1, 'observables_probe': 1, 'combined_probe': 1, 'random_matched': 1} | cache 1 gens | 26.4 min
[18/400] cstr_closedloop_00017 cool_stuck_closed: recovered {'always_validate': 0, 'never_validate': 0, 'observables_probe': 0, 'combined_probe': 0, 'random_matched': 0} | cache 10 gens | 30.1 min
[19/400] cstr_closedloop_00018 cool_stuck_closed: recovered {'always_validate': 0, 'never_validate': 0, 'observables_probe': 0, 'combined_probe': 0, 'random_matched': 0} | cache 8 gens | 32.6 min
[20/400] cstr_closedloop_00019 pump_degrade: recovered {'always_validate': 0, 'never_validate': 0, 'observables_probe': 0, 'combined_probe': 0, 'random_matched': 0} | cache 7 gens | 34.9 min
[21/400] cstr_closedloop_00020 outlet_block: recovered {'always_validate': 0, 'never_validate': 0, 'observables_probe': 0, 'combined_probe': 0, 'random_matched': 0} | cache 8 gens | 37.4 min
[22/400] cstr_closedloop_00021 outlet_block: recovered {'always_validate': 0, 'never_validate': 0, 'observables_probe': 1, 'combined_probe': 1, 'random_matched': 1} | cache 11 gens | 40.9 min
[23/400] cstr_closedloop_00022 cool_stuck_closed: recovered {'always_validate': 0, 'never_validate': 0, 'observables_probe': 0, 'combined_probe': 0, 'random_matched': 0} | cache 12 gens | 45.0 min
[24/400] cstr_closedloop_00023 outlet_block: recovered {'always_validate': 1, 'never_validate': 0, 'observables_probe': 1, 'combined_probe': 1, 'random_matched': 1} | cache 3 gens | 46.0 min
[25/400] cstr_closedloop_00024 fouling: recovered {'always_validate': 0, 'never_validate': 0, 'observables_probe': 0, 'combined_probe': 0, 'random_matched': 0} | cache 7 gens | 48.1 min
[26/400] cstr_closedloop_00025 cool_stuck_closed: recovered {'always_validate': 0, 'never_validate': 0, 'observables_probe': 0, 'combined_probe': 0, 'random_matched': 0} | cache 4 gens | 49.8 min
[27/400] cstr_closedloop_00026 pump_degrade: recovered {'always_validate': 0, 'never_validate': 0, 'observables_probe': 0, 'combined_probe': 0, 'random_matched': 0} | cache 9 gens | 52.9 min
[28/400] cstr_closedloop_00027 pump_degrade: recovered {'always_validate': 0, 'never_validate': 0, 'observables_probe': 0, 'combined_probe': 0, 'random_matched': 0} | cache 1 gens | 53.7 min
[29/400] cstr_closedloop_00028 outlet_block: recovered {'always_validate': 1, 'never_validate': 1, 'observables_probe': 1, 'combined_probe': 1, 'random_matched': 1} | cache 1 gens | 53.9 min
[30/400] cstr_closedloop_00029 outlet_block: recovered {'always_validate': 0, 'never_validate': 0, 'observables_probe': 0, 'combined_probe': 0, 'random_matched': 0} | cache 13 gens | 57.9 min
[31/400] cstr_closedloop_00030 cool_stuck_closed: recovered {'always_validate': 0, 'never_validate': 0, 'observables_probe': 0, 'combined_probe': 0, 'random_matched': 0} | cache 12 gens | 62.0 min
[32/400] cstr_closedloop_00031 pump_degrade: recovered {'always_validate': 1, 'never_validate': 1, 'observables_probe': 1, 'combined_probe': 1, 'random_matched': 1} | cache 2 gens | 62.6 min
[33/400] cstr_closedloop_00032 outlet_block: recovered {'always_validate': 1, 'never_validate': 1, 'observables_probe': 1, 'combined_probe': 1, 'random_matched': 1} | cache 1 gens | 63.0 min
[34/400] cstr_closedloop_00033 outlet_block: recovered {'always_validate': 0, 'never_validate': 0, 'observables_probe': 0, 'combined_probe': 0, 'random_matched': 0} | cache 11 gens | 66.4 min
[35/400] cstr_closedloop_00034 cool_stuck_closed: recovered {'always_validate': 1, 'never_validate': 1, 'observables_probe': 0, 'combined_probe': 0, 'random_matched': 1} | cache 2 gens | 67.2 min
[36/400] cstr_closedloop_00035 pump_degrade: recovered {'always_validate': 0, 'never_validate': 0, 'observables_probe': 0, 'combined_probe': 0, 'random_matched': 0} | cache 13 gens | 71.1 min
[37/400] cstr_closedloop_00036 outlet_block: recovered {'always_validate': 1, 'never_validate': 1, 'observables_probe': 1, 'combined_probe': 1, 'random_matched': 1} | cache 1 gens | 71.3 min
[38/400] cstr_closedloop_00037 cool_stuck_closed: recovered {'always_validate': 1, 'never_validate': 1, 'observables_probe': 1, 'combined_probe': 1, 'random_matched': 1} | cache 1 gens | 71.9 min
[39/400] cstr_closedloop_00038 outlet_block: recovered {'always_validate': 1, 'never_validate': 0, 'observables_probe': 0, 'combined_probe': 0, 'random_matched': 1} | cache 4 gens | 73.6 min
[40/400] cstr_closedloop_00039 fouling: recovered {'always_validate': 0, 'never_validate': 0, 'observables_probe': 0, 'combined_probe': 0, 'random_matched': 0} | cache 13 gens | 77.4 min
[41/400] cstr_closedloop_00040 outlet_block: recovered {'always_validate': 1, 'never_validate': 0, 'observables_probe': 1, 'combined_probe': 0, 'random_matched': 0} | cache 10 gens | 80.7 min
[42/400] cstr_closedloop_00041 pump_degrade: recovered {'always_validate': 1, 'never_validate': 1, 'observables_probe': 1, 'combined_probe': 1, 'random_matched': 1} | cache 5 gens | 82.4 min
[43/400] cstr_closedloop_00042 pump_degrade: recovered {'always_validate': 0, 'never_validate': 0, 'observables_probe': 0, 'combined_probe': 0, 'random_matched': 0} | cache 5 gens | 84.2 min
[44/400] cstr_closedloop_00043 outlet_block: recovered {'always_validate': 1, 'never_validate': 1, 'observables_probe': 1, 'combined_probe': 1, 'random_matched': 1} | cache 1 gens | 84.7 min
[45/400] cstr_closedloop_00044 cool_stuck_closed: recovered {'always_validate': 0, 'never_validate': 0, 'observables_probe': 0, 'combined_probe': 0, 'random_matched': 0} | cache 10 gens | 87.7 min
[46/400] cstr_closedloop_00045 outlet_block: recovered {'always_validate': 0, 'never_validate': 0, 'observables_probe': 0, 'combined_probe': 0, 'random_matched': 0} | cache 5 gens | 89.2 min
[47/400] cstr_closedloop_00046 fouling: recovered {'always_validate': 1, 'never_validate': 1, 'observables_probe': 1, 'combined_probe': 1, 'random_matched': 1} | cache 1 gens | 89.5 min
[48/400] cstr_closedloop_00047 fouling: recovered {'always_validate': 0, 'never_validate': 0, 'observables_probe': 0, 'combined_probe': 0, 'random_matched': 0} | cache 11 gens | 92.8 min
[49/400] cstr_closedloop_00048 cool_stuck_closed: recovered {'always_validate': 0, 'never_validate': 0, 'observables_probe': 0, 'combined_probe': 0, 'random_matched': 0} | cache 8 gens | 95.4 min
[50/400] cstr_closedloop_00049 pump_degrade: recovered {'always_validate': 0, 'never_validate': 0, 'observables_probe': 0, 'combined_probe': 0, 'random_matched': 0} | cache 12 gens | 99.0 min
[51/400] cstr_closedloop_00050 fouling: recovered {'always_validate': 1, 'never_validate': 1, 'observables_probe': 1, 'combined_probe': 1, 'random_matched': 1} | cache 3 gens | 99.8 min
[52/400] cstr_closedloop_00051 pump_degrade: recovered {'always_validate': 1, 'never_validate': 0, 'observables_probe': 1, 'combined_probe': 0, 'random_matched': 0} | cache 7 gens | 102.4 min
[53/400] cstr_closedloop_00052 cool_stuck_closed: recovered {'always_validate': 0, 'never_validate': 0, 'observables_probe': 0, 'combined_probe': 0, 'random_matched': 0} | cache 3 gens | 103.3 min
[54/400] cstr_closedloop_00053 pump_degrade: recovered {'always_validate': 0, 'never_validate': 0, 'observables_probe': 0, 'combined_probe': 0, 'random_matched': 0} | cache 9 gens | 106.9 min
[55/400] cstr_closedloop_00054 cool_stuck_closed: recovered {'always_validate': 0, 'never_validate': 0, 'observables_probe': 0, 'combined_probe': 0, 'random_matched': 0} | cache 9 gens | 109.6 min
[56/400] cstr_closedloop_00055 fouling: recovered {'always_validate': 0, 'never_validate': 0, 'observables_probe': 0, 'combined_probe': 0, 'random_matched': 0} | cache 12 gens | 112.7 min
[57/400] cstr_closedloop_00056 cool_stuck_closed: recovered {'always_validate': 1, 'never_validate': 0, 'observables_probe': 0, 'combined_probe': 0, 'random_matched': 1} | cache 5 gens | 114.4 min
[58/400] cstr_closedloop_00057 cool_stuck_closed: recovered {'always_validate': 0, 'never_validate': 0, 'observables_probe': 0, 'combined_probe': 0, 'random_matched': 0} | cache 18 gens | 120.2 min
[59/400] cstr_closedloop_00058 cool_stuck_closed: recovered {'always_validate': 1, 'never_validate': 0, 'observables_probe': 1, 'combined_probe': 0, 'random_matched': 1} | cache 8 gens | 123.1 min
[60/400] cstr_closedloop_00059 fouling: recovered {'always_validate': 0, 'never_validate': 0, 'observables_probe': 0, 'combined_probe': 0, 'random_matched': 0} | cache 9 gens | 125.8 min
[61/400] cstr_closedloop_00060 cool_stuck_closed: recovered {'always_validate': 0, 'never_validate': 0, 'observables_probe': 0, 'combined_probe': 0, 'random_matched': 0} | cache 9 gens | 128.7 min
[62/400] cstr_closedloop_00061 pump_degrade: recovered {'always_validate': 1, 'never_validate': 1, 'observables_probe': 1, 'combined_probe': 1, 'random_matched': 1} | cache 1 gens | 129.0 min
[63/400] cstr_closedloop_00062 cool_stuck_closed: recovered {'always_validate': 1, 'never_validate': 0, 'observables_probe': 1, 'combined_probe': 0, 'random_matched': 1} | cache 3 gens | 130.1 min
[64/400] cstr_closedloop_00063 outlet_block: recovered {'always_validate': 0, 'never_validate': 0, 'observables_probe': 0, 'combined_probe': 0, 'random_matched': 0} | cache 7 gens | 132.2 min
[65/400] cstr_closedloop_00064 outlet_block: recovered {'always_validate': 1, 'never_validate': 1, 'observables_probe': 1, 'combined_probe': 1, 'random_matched': 0} | cache 6 gens | 134.7 min
[66/400] cstr_closedloop_00065 pump_degrade: recovered {'always_validate': 1, 'never_validate': 1, 'observables_probe': 1, 'combined_probe': 1, 'random_matched': 1} | cache 1 gens | 134.9 min
[67/400] cstr_closedloop_00066 outlet_block: recovered {'always_validate': 0, 'never_validate': 0, 'observables_probe': 0, 'combined_probe': 0, 'random_matched': 0} | cache 7 gens | 137.2 min
[68/400] cstr_closedloop_00067 outlet_block: recovered {'always_validate': 0, 'never_validate': 0, 'observables_probe': 0, 'combined_probe': 0, 'random_matched': 0} | cache 12 gens | 140.8 min
[69/400] cstr_closedloop_00068 pump_degrade: recovered {'always_validate': 1, 'never_validate': 0, 'observables_probe': 1, 'combined_probe': 0, 'random_matched': 1} | cache 5 gens | 142.5 min
[70/400] cstr_closedloop_00069 pump_degrade: recovered {'always_validate': 1, 'never_validate': 1, 'observables_probe': 1, 'combined_probe': 1, 'random_matched': 1} | cache 1 gens | 142.9 min
[71/400] cstr_closedloop_00070 fouling: recovered {'always_validate': 1, 'never_validate': 0, 'observables_probe': 0, 'combined_probe': 0, 'random_matched': 0} | cache 7 gens | 144.7 min
[72/400] cstr_closedloop_00071 pump_degrade: recovered {'always_validate': 0, 'never_validate': 0, 'observables_probe': 0, 'combined_probe': 0, 'random_matched': 0} | cache 9 gens | 148.0 min
[73/400] cstr_closedloop_00072 cool_stuck_closed: recovered {'always_validate': 1, 'never_validate': 1, 'observables_probe': 1, 'combined_probe': 1, 'random_matched': 1} | cache 1 gens | 148.4 min
[74/400] cstr_closedloop_00073 outlet_block: recovered {'always_validate': 1, 'never_validate': 1, 'observables_probe': 1, 'combined_probe': 1, 'random_matched': 1} | cache 1 gens | 148.9 min
[75/400] cstr_closedloop_00074 cool_stuck_closed: recovered {'always_validate': 1, 'never_validate': 1, 'observables_probe': 1, 'combined_probe': 1, 'random_matched': 1} | cache 3 gens | 150.0 min
[76/400] cstr_closedloop_00075 pump_degrade: recovered {'always_validate': 0, 'never_validate': 0, 'observables_probe': 0, 'combined_probe': 0, 'random_matched': 0} | cache 8 gens | 152.8 min
[77/400] cstr_closedloop_00076 fouling: recovered {'always_validate': 1, 'never_validate': 1, 'observables_probe': 1, 'combined_probe': 1, 'random_matched': 1} | cache 2 gens | 153.3 min
[78/400] cstr_closedloop_00077 pump_degrade: recovered {'always_validate': 1, 'never_validate': 0, 'observables_probe': 1, 'combined_probe': 1, 'random_matched': 0} | cache 5 gens | 155.0 min
[79/400] cstr_closedloop_00078 outlet_block: recovered {'always_validate': 1, 'never_validate': 0, 'observables_probe': 1, 'combined_probe': 1, 'random_matched': 1} | cache 4 gens | 156.2 min
[80/400] cstr_closedloop_00079 outlet_block: recovered {'always_validate': 0, 'never_validate': 0, 'observables_probe': 0, 'combined_probe': 0, 'random_matched': 0} | cache 5 gens | 157.7 min
[81/400] cstr_closedloop_00080 cool_stuck_closed: recovered {'always_validate': 0, 'never_validate': 0, 'observables_probe': 0, 'combined_probe': 0, 'random_matched': 0} | cache 3 gens | 158.6 min
[82/400] cstr_closedloop_00081 fouling: recovered {'always_validate': 0, 'never_validate': 0, 'observables_probe': 0, 'combined_probe': 0, 'random_matched': 0} | cache 13 gens | 162.2 min
[83/400] cstr_closedloop_00082 fouling: recovered {'always_validate': 0, 'never_validate': 0, 'observables_probe': 0, 'combined_probe': 0, 'random_matched': 0} | cache 15 gens | 166.0 min
[84/400] cstr_closedloop_00083 cool_stuck_closed: recovered {'always_validate': 0, 'never_validate': 0, 'observables_probe': 0, 'combined_probe': 0, 'random_matched': 0} | cache 9 gens | 169.0 min
[85/400] cstr_closedloop_00084 pump_degrade: recovered {'always_validate': 0, 'never_validate': 0, 'observables_probe': 0, 'combined_probe': 0, 'random_matched': 0} | cache 13 gens | 173.0 min
[86/400] cstr_closedloop_00085 cool_stuck_closed: recovered {'always_validate': 1, 'never_validate': 1, 'observables_probe': 1, 'combined_probe': 1, 'random_matched': 1} | cache 1 gens | 173.4 min
[87/400] cstr_closedloop_00086 cool_stuck_closed: recovered {'always_validate': 1, 'never_validate': 0, 'observables_probe': 1, 'combined_probe': 0, 'random_matched': 0} | cache 11 gens | 177.1 min
[88/400] cstr_closedloop_00087 outlet_block: recovered {'always_validate': 1, 'never_validate': 1, 'observables_probe': 1, 'combined_probe': 1, 'random_matched': 1} | cache 2 gens | 177.8 min
[89/400] cstr_closedloop_00088 outlet_block: recovered {'always_validate': 0, 'never_validate': 0, 'observables_probe': 1, 'combined_probe': 1, 'random_matched': 0} | cache 8 gens | 180.5 min
[90/400] cstr_closedloop_00089 fouling: recovered {'always_validate': 0, 'never_validate': 0, 'observables_probe': 0, 'combined_probe': 0, 'random_matched': 0} | cache 9 gens | 182.8 min
[91/400] cstr_closedloop_00090 pump_degrade: recovered {'always_validate': 0, 'never_validate': 0, 'observables_probe': 0, 'combined_probe': 0, 'random_matched': 0} | cache 8 gens | 185.7 min
[92/400] cstr_closedloop_00091 outlet_block: recovered {'always_validate': 0, 'never_validate': 0, 'observables_probe': 0, 'combined_probe': 0, 'random_matched': 0} | cache 14 gens | 189.9 min
[93/400] cstr_closedloop_00092 outlet_block: recovered {'always_validate': 0, 'never_validate': 0, 'observables_probe': 0, 'combined_probe': 0, 'random_matched': 0} | cache 7 gens | 192.5 min
[94/400] cstr_closedloop_00093 outlet_block: recovered {'always_validate': 1, 'never_validate': 0, 'observables_probe': 1, 'combined_probe': 1, 'random_matched': 1} | cache 3 gens | 193.6 min
[95/400] cstr_closedloop_00094 fouling: recovered {'always_validate': 1, 'never_validate': 1, 'observables_probe': 1, 'combined_probe': 1, 'random_matched': 1} | cache 2 gens | 194.1 min
[96/400] cstr_closedloop_00095 cool_stuck_closed: recovered {'always_validate': 0, 'never_validate': 0, 'observables_probe': 0, 'combined_probe': 0, 'random_matched': 0} | cache 9 gens | 196.8 min
[97/400] cstr_closedloop_00096 fouling: recovered {'always_validate': 0, 'never_validate': 0, 'observables_probe': 0, 'combined_probe': 0, 'random_matched': 0} | cache 11 gens | 200.1 min
[98/400] cstr_closedloop_00097 pump_degrade: recovered {'always_validate': 1, 'never_validate': 0, 'observables_probe': 1, 'combined_probe': 1, 'random_matched': 1} | cache 3 gens | 201.2 min
[99/400] cstr_closedloop_00098 pump_degrade: recovered {'always_validate': 0, 'never_validate': 0, 'observables_probe': 0, 'combined_probe': 0, 'random_matched': 0} | cache 11 gens | 204.3 min
[100/400] cstr_closedloop_00099 outlet_block: recovered {'always_validate': 1, 'never_validate': 0, 'observables_probe': 1, 'combined_probe': 1, 'random_matched': 1} | cache 7 gens | 206.7 min
[101/400] cstr_closedloop_00100 cool_stuck_closed: recovered {'always_validate': 1, 'never_validate': 0, 'observables_probe': 0, 'combined_probe': 0, 'random_matched': 0} | cache 6 gens | 208.5 min
[102/400] cstr_closedloop_00101 outlet_block: recovered {'always_validate': 0, 'never_validate': 0, 'observables_probe': 0, 'combined_probe': 0, 'random_matched': 0} | cache 9 gens | 211.5 min
[103/400] cstr_closedloop_00102 pump_degrade: recovered {'always_validate': 0, 'never_validate': 0, 'observables_probe': 0, 'combined_probe': 0, 'random_matched': 0} | cache 11 gens | 214.9 min
[104/400] cstr_closedloop_00103 cool_stuck_closed: recovered {'always_validate': 0, 'never_validate': 0, 'observables_probe': 0, 'combined_probe': 0, 'random_matched': 0} | cache 10 gens | 217.8 min
[105/400] cstr_closedloop_00104 outlet_block: recovered {'always_validate': 1, 'never_validate': 0, 'observables_probe': 1, 'combined_probe': 1, 'random_matched': 1} | cache 7 gens | 220.2 min
[106/400] cstr_closedloop_00105 pump_degrade: recovered {'always_validate': 0, 'never_validate': 0, 'observables_probe': 0, 'combined_probe': 0, 'random_matched': 0} | cache 4 gens | 221.2 min
[107/400] cstr_closedloop_00106 cool_stuck_closed: recovered {'always_validate': 0, 'never_validate': 0, 'observables_probe': 0, 'combined_probe': 0, 'random_matched': 0} | cache 11 gens | 224.8 min
[108/400] cstr_closedloop_00107 outlet_block: recovered {'always_validate': 1, 'never_validate': 1, 'observables_probe': 1, 'combined_probe': 1, 'random_matched': 0} | cache 3 gens | 225.9 min
[109/400] cstr_closedloop_00108 cool_stuck_closed: recovered {'always_validate': 0, 'never_validate': 0, 'observables_probe': 0, 'combined_probe': 0, 'random_matched': 0} | cache 12 gens | 229.6 min
[110/400] cstr_closedloop_00109 cool_stuck_closed: recovered {'always_validate': 1, 'never_validate': 0, 'observables_probe': 0, 'combined_probe': 0, 'random_matched': 0} | cache 3 gens | 230.6 min
[111/400] cstr_closedloop_00110 cool_stuck_closed: recovered {'always_validate': 0, 'never_validate': 0, 'observables_probe': 0, 'combined_probe': 0, 'random_matched': 0} | cache 8 gens | 233.2 min
[112/400] cstr_closedloop_00111 outlet_block: recovered {'always_validate': 0, 'never_validate': 0, 'observables_probe': 0, 'combined_probe': 0, 'random_matched': 0} | cache 13 gens | 237.5 min
[113/400] cstr_closedloop_00112 cool_stuck_closed: recovered {'always_validate': 0, 'never_validate': 0, 'observables_probe': 0, 'combined_probe': 0, 'random_matched': 0} | cache 13 gens | 241.9 min
[114/400] cstr_closedloop_00113 pump_degrade: recovered {'always_validate': 0, 'never_validate': 0, 'observables_probe': 0, 'combined_probe': 0, 'random_matched': 0} | cache 14 gens | 246.8 min
[115/400] cstr_closedloop_00114 outlet_block: recovered {'always_validate': 1, 'never_validate': 1, 'observables_probe': 1, 'combined_probe': 1, 'random_matched': 0} | cache 6 gens | 249.3 min
[116/400] cstr_closedloop_00115 pump_degrade: recovered {'always_validate': 0, 'never_validate': 0, 'observables_probe': 0, 'combined_probe': 0, 'random_matched': 0} | cache 7 gens | 251.6 min
[117/400] cstr_closedloop_00116 fouling: recovered {'always_validate': 1, 'never_validate': 1, 'observables_probe': 1, 'combined_probe': 1, 'random_matched': 1} | cache 2 gens | 252.1 min
[118/400] cstr_closedloop_00117 fouling: recovered {'always_validate': 0, 'never_validate': 0, 'observables_probe': 0, 'combined_probe': 0, 'random_matched': 0} | cache 7 gens | 253.8 min
[119/400] cstr_closedloop_00118 pump_degrade: recovered {'always_validate': 1, 'never_validate': 0, 'observables_probe': 0, 'combined_probe': 0, 'random_matched': 0} | cache 8 gens | 256.9 min
[120/400] cstr_closedloop_00119 fouling: recovered {'always_validate': 1, 'never_validate': 1, 'observables_probe': 1, 'combined_probe': 1, 'random_matched': 1} | cache 2 gens | 257.3 min
[121/400] cstr_closedloop_00120 cool_stuck_closed: recovered {'always_validate': 0, 'never_validate': 0, 'observables_probe': 0, 'combined_probe': 0, 'random_matched': 0} | cache 14 gens | 260.9 min
[122/400] cstr_closedloop_00121 pump_degrade: recovered {'always_validate': 0, 'never_validate': 0, 'observables_probe': 0, 'combined_probe': 0, 'random_matched': 0} | cache 11 gens | 264.5 min
[123/400] cstr_closedloop_00122 fouling: recovered {'always_validate': 1, 'never_validate': 1, 'observables_probe': 1, 'combined_probe': 1, 'random_matched': 1} | cache 1 gens | 264.9 min
[124/400] cstr_closedloop_00123 pump_degrade: recovered {'always_validate': 0, 'never_validate': 0, 'observables_probe': 0, 'combined_probe': 0, 'random_matched': 0} | cache 12 gens | 268.7 min
[125/400] cstr_closedloop_00124 fouling: recovered {'always_validate': 0, 'never_validate': 0, 'observables_probe': 0, 'combined_probe': 0, 'random_matched': 0} | cache 14 gens | 272.3 min
[126/400] cstr_closedloop_00125 cool_stuck_closed: recovered {'always_validate': 0, 'never_validate': 0, 'observables_probe': 0, 'combined_probe': 0, 'random_matched': 0} | cache 11 gens | 275.9 min
[127/400] cstr_closedloop_00126 fouling: recovered {'always_validate': 0, 'never_validate': 0, 'observables_probe': 0, 'combined_probe': 0, 'random_matched': 0} | cache 10 gens | 278.6 min
[128/400] cstr_closedloop_00127 pump_degrade: recovered {'always_validate': 1, 'never_validate': 0, 'observables_probe': 1, 'combined_probe': 1, 'random_matched': 0} | cache 7 gens | 281.1 min
[129/400] cstr_closedloop_00128 outlet_block: recovered {'always_validate': 0, 'never_validate': 0, 'observables_probe': 1, 'combined_probe': 1, 'random_matched': 0} | cache 11 gens | 284.7 min
[130/400] cstr_closedloop_00129 cool_stuck_closed: recovered {'always_validate': 0, 'never_validate': 0, 'observables_probe': 0, 'combined_probe': 0, 'random_matched': 0} | cache 15 gens | 289.0 min
[131/400] cstr_closedloop_00130 fouling: recovered {'always_validate': 0, 'never_validate': 0, 'observables_probe': 0, 'combined_probe': 0, 'random_matched': 0} | cache 4 gens | 290.0 min
[132/400] cstr_closedloop_00131 fouling: recovered {'always_validate': 0, 'never_validate': 0, 'observables_probe': 0, 'combined_probe': 0, 'random_matched': 0} | cache 12 gens | 293.5 min
[133/400] cstr_closedloop_00132 pump_degrade: recovered {'always_validate': 0, 'never_validate': 0, 'observables_probe': 0, 'combined_probe': 0, 'random_matched': 0} | cache 6 gens | 295.5 min
[134/400] cstr_closedloop_00133 cool_stuck_closed: recovered {'always_validate': 0, 'never_validate': 0, 'observables_probe': 0, 'combined_probe': 0, 'random_matched': 0} | cache 10 gens | 299.4 min
[135/400] cstr_closedloop_00134 pump_degrade: recovered {'always_validate': 0, 'never_validate': 0, 'observables_probe': 0, 'combined_probe': 0, 'random_matched': 0} | cache 4 gens | 300.5 min
[136/400] cstr_closedloop_00135 fouling: recovered {'always_validate': 0, 'never_validate': 0, 'observables_probe': 0, 'combined_probe': 0, 'random_matched': 0} | cache 10 gens | 303.5 min
[137/400] cstr_closedloop_00136 fouling: recovered {'always_validate': 0, 'never_validate': 0, 'observables_probe': 0, 'combined_probe': 0, 'random_matched': 0} | cache 7 gens | 305.5 min
[138/400] cstr_closedloop_00137 outlet_block: recovered {'always_validate': 1, 'never_validate': 1, 'observables_probe': 1, 'combined_probe': 1, 'random_matched': 0} | cache 5 gens | 307.3 min
[139/400] cstr_closedloop_00138 fouling: recovered {'always_validate': 0, 'never_validate': 0, 'observables_probe': 0, 'combined_probe': 0, 'random_matched': 0} | cache 5 gens | 308.8 min
[140/400] cstr_closedloop_00139 fouling: recovered {'always_validate': 1, 'never_validate': 1, 'observables_probe': 1, 'combined_probe': 0, 'random_matched': 1} | cache 2 gens | 309.3 min
[141/400] cstr_closedloop_00140 outlet_block: recovered {'always_validate': 1, 'never_validate': 0, 'observables_probe': 1, 'combined_probe': 1, 'random_matched': 0} | cache 5 gens | 311.2 min
[142/400] cstr_closedloop_00141 outlet_block: recovered {'always_validate': 1, 'never_validate': 0, 'observables_probe': 0, 'combined_probe': 0, 'random_matched': 1} | cache 5 gens | 312.9 min
[143/400] cstr_closedloop_00142 cool_stuck_closed: recovered {'always_validate': 0, 'never_validate': 0, 'observables_probe': 0, 'combined_probe': 0, 'random_matched': 0} | cache 7 gens | 315.0 min
[144/400] cstr_closedloop_00143 pump_degrade: recovered {'always_validate': 0, 'never_validate': 0, 'observables_probe': 1, 'combined_probe': 1, 'random_matched': 0} | cache 8 gens | 317.3 min
[145/400] cstr_closedloop_00144 fouling: recovered {'always_validate': 1, 'never_validate': 0, 'observables_probe': 1, 'combined_probe': 0, 'random_matched': 0} | cache 8 gens | 319.6 min
[146/400] cstr_closedloop_00145 fouling: recovered {'always_validate': 1, 'never_validate': 1, 'observables_probe': 1, 'combined_probe': 1, 'random_matched': 1} | cache 4 gens | 320.5 min
[147/400] cstr_closedloop_00146 fouling: recovered {'always_validate': 1, 'never_validate': 1, 'observables_probe': 1, 'combined_probe': 1, 'random_matched': 1} | cache 1 gens | 320.8 min
[148/400] cstr_closedloop_00147 outlet_block: recovered {'always_validate': 0, 'never_validate': 0, 'observables_probe': 0, 'combined_probe': 0, 'random_matched': 0} | cache 5 gens | 322.2 min
[149/400] cstr_closedloop_00148 outlet_block: recovered {'always_validate': 0, 'never_validate': 0, 'observables_probe': 0, 'combined_probe': 0, 'random_matched': 0} | cache 4 gens | 323.7 min
[150/400] cstr_closedloop_00149 fouling: recovered {'always_validate': 0, 'never_validate': 0, 'observables_probe': 0, 'combined_probe': 0, 'random_matched': 0} | cache 11 gens | 326.7 min
[151/400] cstr_closedloop_00150 fouling: recovered {'always_validate': 0, 'never_validate': 0, 'observables_probe': 0, 'combined_probe': 0, 'random_matched': 0} | cache 4 gens | 327.8 min
[152/400] cstr_closedloop_00151 cool_stuck_closed: recovered {'always_validate': 0, 'never_validate': 0, 'observables_probe': 0, 'combined_probe': 0, 'random_matched': 0} | cache 8 gens | 330.5 min
[153/400] cstr_closedloop_00152 fouling: recovered {'always_validate': 1, 'never_validate': 0, 'observables_probe': 0, 'combined_probe': 0, 'random_matched': 0} | cache 12 gens | 333.8 min
[154/400] cstr_closedloop_00153 fouling: recovered {'always_validate': 0, 'never_validate': 0, 'observables_probe': 0, 'combined_probe': 0, 'random_matched': 0} | cache 10 gens | 336.9 min
[155/400] cstr_closedloop_00154 outlet_block: recovered {'always_validate': 1, 'never_validate': 1, 'observables_probe': 1, 'combined_probe': 1, 'random_matched': 1} | cache 1 gens | 337.2 min
[156/400] cstr_closedloop_00155 outlet_block: recovered {'always_validate': 0, 'never_validate': 0, 'observables_probe': 0, 'combined_probe': 0, 'random_matched': 0} | cache 1 gens | 338.0 min
[157/400] cstr_closedloop_00156 pump_degrade: recovered {'always_validate': 0, 'never_validate': 0, 'observables_probe': 0, 'combined_probe': 0, 'random_matched': 0} | cache 4 gens | 339.2 min
[158/400] cstr_closedloop_00157 cool_stuck_closed: recovered {'always_validate': 1, 'never_validate': 0, 'observables_probe': 0, 'combined_probe': 0, 'random_matched': 1} | cache 7 gens | 341.8 min
[159/400] cstr_closedloop_00158 pump_degrade: recovered {'always_validate': 0, 'never_validate': 0, 'observables_probe': 0, 'combined_probe': 0, 'random_matched': 0} | cache 9 gens | 345.2 min
[160/400] cstr_closedloop_00159 fouling: recovered {'always_validate': 0, 'never_validate': 0, 'observables_probe': 0, 'combined_probe': 0, 'random_matched': 0} | cache 3 gens | 346.1 min
[161/400] cstr_closedloop_00160 cool_stuck_closed: recovered {'always_validate': 0, 'never_validate': 0, 'observables_probe': 0, 'combined_probe': 0, 'random_matched': 0} | cache 11 gens | 350.2 min
[162/400] cstr_closedloop_00161 outlet_block: recovered {'always_validate': 1, 'never_validate': 1, 'observables_probe': 1, 'combined_probe': 1, 'random_matched': 1} | cache 1 gens | 350.5 min
[163/400] cstr_closedloop_00162 outlet_block: recovered {'always_validate': 0, 'never_validate': 0, 'observables_probe': 0, 'combined_probe': 0, 'random_matched': 0} | cache 1 gens | 351.4 min
[164/400] cstr_closedloop_00163 fouling: recovered {'always_validate': 0, 'never_validate': 0, 'observables_probe': 0, 'combined_probe': 0, 'random_matched': 0} | cache 10 gens | 354.2 min
[165/400] cstr_closedloop_00164 fouling: recovered {'always_validate': 0, 'never_validate': 0, 'observables_probe': 0, 'combined_probe': 0, 'random_matched': 0} | cache 12 gens | 357.9 min
[166/400] cstr_closedloop_00165 cool_stuck_closed: recovered {'always_validate': 0, 'never_validate': 0, 'observables_probe': 0, 'combined_probe': 0, 'random_matched': 0} | cache 4 gens | 359.1 min
[167/400] cstr_closedloop_00166 cool_stuck_closed: recovered {'always_validate': 0, 'never_validate': 0, 'observables_probe': 0, 'combined_probe': 0, 'random_matched': 0} | cache 10 gens | 362.3 min
[168/400] cstr_closedloop_00167 outlet_block: recovered {'always_validate': 1, 'never_validate': 0, 'observables_probe': 1, 'combined_probe': 1, 'random_matched': 0} | cache 7 gens | 364.6 min
[169/400] cstr_closedloop_00168 pump_degrade: recovered {'always_validate': 1, 'never_validate': 0, 'observables_probe': 1, 'combined_probe': 1, 'random_matched': 1} | cache 2 gens | 365.1 min
[170/400] cstr_closedloop_00169 pump_degrade: recovered {'always_validate': 0, 'never_validate': 0, 'observables_probe': 0, 'combined_probe': 0, 'random_matched': 0} | cache 10 gens | 368.0 min
[171/400] cstr_closedloop_00170 fouling: recovered {'always_validate': 0, 'never_validate': 0, 'observables_probe': 0, 'combined_probe': 0, 'random_matched': 0} | cache 8 gens | 370.0 min
[172/400] cstr_closedloop_00171 pump_degrade: recovered {'always_validate': 1, 'never_validate': 1, 'observables_probe': 1, 'combined_probe': 1, 'random_matched': 1} | cache 1 gens | 370.2 min
[173/400] cstr_closedloop_00172 pump_degrade: recovered {'always_validate': 1, 'never_validate': 1, 'observables_probe': 1, 'combined_probe': 1, 'random_matched': 1} | cache 1 gens | 370.6 min
[174/400] cstr_closedloop_00173 pump_degrade: recovered {'always_validate': 0, 'never_validate': 0, 'observables_probe': 0, 'combined_probe': 0, 'random_matched': 0} | cache 12 gens | 374.0 min
[175/400] cstr_closedloop_00174 cool_stuck_closed: recovered {'always_validate': 1, 'never_validate': 1, 'observables_probe': 1, 'combined_probe': 1, 'random_matched': 1} | cache 2 gens | 374.9 min
[176/400] cstr_closedloop_00175 fouling: recovered {'always_validate': 0, 'never_validate': 0, 'observables_probe': 0, 'combined_probe': 0, 'random_matched': 0} | cache 6 gens | 376.8 min
[177/400] cstr_closedloop_00176 outlet_block: recovered {'always_validate': 0, 'never_validate': 0, 'observables_probe': 0, 'combined_probe': 0, 'random_matched': 0} | cache 8 gens | 379.5 min
[178/400] cstr_closedloop_00177 cool_stuck_closed: recovered {'always_validate': 0, 'never_validate': 0, 'observables_probe': 0, 'combined_probe': 0, 'random_matched': 0} | cache 7 gens | 382.1 min
[179/400] cstr_closedloop_00178 outlet_block: recovered {'always_validate': 0, 'never_validate': 0, 'observables_probe': 0, 'combined_probe': 0, 'random_matched': 0} | cache 5 gens | 383.8 min
[180/400] cstr_closedloop_00179 pump_degrade: recovered {'always_validate': 0, 'never_validate': 0, 'observables_probe': 0, 'combined_probe': 0, 'random_matched': 0} | cache 12 gens | 387.3 min
[181/400] cstr_closedloop_00180 outlet_block: recovered {'always_validate': 1, 'never_validate': 0, 'observables_probe': 1, 'combined_probe': 0, 'random_matched': 1} | cache 4 gens | 388.5 min
[182/400] cstr_closedloop_00181 pump_degrade: recovered {'always_validate': 0, 'never_validate': 0, 'observables_probe': 0, 'combined_probe': 0, 'random_matched': 0} | cache 7 gens | 390.4 min
[183/400] cstr_closedloop_00182 outlet_block: recovered {'always_validate': 0, 'never_validate': 0, 'observables_probe': 0, 'combined_probe': 0, 'random_matched': 0} | cache 5 gens | 392.0 min
[184/400] cstr_closedloop_00183 outlet_block: recovered {'always_validate': 1, 'never_validate': 0, 'observables_probe': 1, 'combined_probe': 1, 'random_matched': 1} | cache 5 gens | 393.8 min
[185/400] cstr_closedloop_00184 outlet_block: recovered {'always_validate': 0, 'never_validate': 0, 'observables_probe': 0, 'combined_probe': 0, 'random_matched': 0} | cache 8 gens | 396.2 min
[186/400] cstr_closedloop_00185 cool_stuck_closed: recovered {'always_validate': 0, 'never_validate': 0, 'observables_probe': 0, 'combined_probe': 0, 'random_matched': 0} | cache 7 gens | 398.3 min
[187/400] cstr_closedloop_00186 cool_stuck_closed: recovered {'always_validate': 0, 'never_validate': 0, 'observables_probe': 0, 'combined_probe': 0, 'random_matched': 0} | cache 8 gens | 401.3 min
[188/400] cstr_closedloop_00187 cool_stuck_closed: recovered {'always_validate': 1, 'never_validate': 1, 'observables_probe': 1, 'combined_probe': 1, 'random_matched': 1} | cache 1 gens | 401.8 min
[189/400] cstr_closedloop_00188 fouling: recovered {'always_validate': 0, 'never_validate': 0, 'observables_probe': 1, 'combined_probe': 0, 'random_matched': 0} | cache 15 gens | 405.3 min
[190/400] cstr_closedloop_00189 fouling: recovered {'always_validate': 0, 'never_validate': 0, 'observables_probe': 0, 'combined_probe': 0, 'random_matched': 1} | cache 7 gens | 407.0 min
[191/400] cstr_closedloop_00190 pump_degrade: recovered {'always_validate': 0, 'never_validate': 0, 'observables_probe': 0, 'combined_probe': 1, 'random_matched': 0} | cache 9 gens | 409.9 min
[192/400] cstr_closedloop_00191 outlet_block: recovered {'always_validate': 1, 'never_validate': 1, 'observables_probe': 1, 'combined_probe': 1, 'random_matched': 1} | cache 1 gens | 410.3 min
[193/400] cstr_closedloop_00192 pump_degrade: recovered {'always_validate': 1, 'never_validate': 1, 'observables_probe': 1, 'combined_probe': 1, 'random_matched': 1} | cache 1 gens | 410.8 min
[194/400] cstr_closedloop_00193 pump_degrade: recovered {'always_validate': 0, 'never_validate': 0, 'observables_probe': 0, 'combined_probe': 0, 'random_matched': 0} | cache 11 gens | 414.9 min
[195/400] cstr_closedloop_00194 fouling: recovered {'always_validate': 0, 'never_validate': 0, 'observables_probe': 1, 'combined_probe': 0, 'random_matched': 0} | cache 10 gens | 417.3 min
[196/400] cstr_closedloop_00195 cool_stuck_closed: recovered {'always_validate': 0, 'never_validate': 0, 'observables_probe': 0, 'combined_probe': 0, 'random_matched': 0} | cache 11 gens | 420.4 min
[197/400] cstr_closedloop_00196 fouling: recovered {'always_validate': 0, 'never_validate': 0, 'observables_probe': 0, 'combined_probe': 0, 'random_matched': 1} | cache 9 gens | 423.1 min
[198/400] cstr_closedloop_00197 fouling: recovered {'always_validate': 0, 'never_validate': 0, 'observables_probe': 0, 'combined_probe': 0, 'random_matched': 0} | cache 9 gens | 425.6 min
[199/400] cstr_closedloop_00198 outlet_block: recovered {'always_validate': 1, 'never_validate': 1, 'observables_probe': 1, 'combined_probe': 1, 'random_matched': 1} | cache 2 gens | 426.2 min
[200/400] cstr_closedloop_00199 pump_degrade: recovered {'always_validate': 1, 'never_validate': 1, 'observables_probe': 1, 'combined_probe': 1, 'random_matched': 1} | cache 4 gens | 427.6 min
[201/400] cstr_closedloop_00200 fouling: recovered {'always_validate': 0, 'never_validate': 0, 'observables_probe': 0, 'combined_probe': 0, 'random_matched': 0} | cache 13 gens | 430.9 min
[202/400] cstr_closedloop_00201 fouling: recovered {'always_validate': 1, 'never_validate': 0, 'observables_probe': 0, 'combined_probe': 0, 'random_matched': 1} | cache 8 gens | 433.0 min
[203/400] cstr_closedloop_00202 fouling: recovered {'always_validate': 1, 'never_validate': 1, 'observables_probe': 1, 'combined_probe': 1, 'random_matched': 1} | cache 1 gens | 433.3 min
[204/400] cstr_closedloop_00203 pump_degrade: recovered {'always_validate': 0, 'never_validate': 0, 'observables_probe': 0, 'combined_probe': 0, 'random_matched': 0} | cache 12 gens | 436.7 min
[205/400] cstr_closedloop_00204 pump_degrade: recovered {'always_validate': 1, 'never_validate': 1, 'observables_probe': 1, 'combined_probe': 1, 'random_matched': 1} | cache 2 gens | 437.4 min
[206/400] cstr_closedloop_00205 outlet_block: recovered {'always_validate': 0, 'never_validate': 0, 'observables_probe': 0, 'combined_probe': 0, 'random_matched': 0} | cache 8 gens | 440.4 min
[207/400] cstr_closedloop_00206 cool_stuck_closed: recovered {'always_validate': 0, 'never_validate': 0, 'observables_probe': 0, 'combined_probe': 0, 'random_matched': 0} | cache 9 gens | 443.1 min
[208/400] cstr_closedloop_00207 pump_degrade: recovered {'always_validate': 0, 'never_validate': 0, 'observables_probe': 0, 'combined_probe': 0, 'random_matched': 0} | cache 10 gens | 446.3 min
[209/400] cstr_closedloop_00208 cool_stuck_closed: recovered {'always_validate': 0, 'never_validate': 0, 'observables_probe': 0, 'combined_probe': 0, 'random_matched': 0} | cache 6 gens | 448.2 min
[210/400] cstr_closedloop_00209 outlet_block: recovered {'always_validate': 0, 'never_validate': 0, 'observables_probe': 0, 'combined_probe': 0, 'random_matched': 0} | cache 6 gens | 450.2 min
[211/400] cstr_closedloop_00210 cool_stuck_closed: recovered {'always_validate': 1, 'never_validate': 1, 'observables_probe': 1, 'combined_probe': 1, 'random_matched': 1} | cache 1 gens | 450.7 min
[212/400] cstr_closedloop_00211 outlet_block: recovered {'always_validate': 0, 'never_validate': 0, 'observables_probe': 0, 'combined_probe': 0, 'random_matched': 0} | cache 1 gens | 451.5 min
[213/400] cstr_closedloop_00212 fouling: recovered {'always_validate': 0, 'never_validate': 0, 'observables_probe': 0, 'combined_probe': 0, 'random_matched': 0} | cache 10 gens | 454.7 min
[214/400] cstr_closedloop_00213 fouling: recovered {'always_validate': 0, 'never_validate': 0, 'observables_probe': 0, 'combined_probe': 0, 'random_matched': 0} | cache 5 gens | 455.9 min
[215/400] cstr_closedloop_00214 cool_stuck_closed: recovered {'always_validate': 1, 'never_validate': 0, 'observables_probe': 0, 'combined_probe': 0, 'random_matched': 0} | cache 11 gens | 459.7 min
[216/400] cstr_closedloop_00215 pump_degrade: recovered {'always_validate': 0, 'never_validate': 0, 'observables_probe': 0, 'combined_probe': 0, 'random_matched': 0} | cache 7 gens | 462.0 min
[217/400] cstr_closedloop_00216 fouling: recovered {'always_validate': 0, 'never_validate': 0, 'observables_probe': 0, 'combined_probe': 0, 'random_matched': 0} | cache 7 gens | 463.9 min
[218/400] cstr_closedloop_00217 cool_stuck_closed: recovered {'always_validate': 1, 'never_validate': 1, 'observables_probe': 1, 'combined_probe': 1, 'random_matched': 1} | cache 1 gens | 464.3 min
[219/400] cstr_closedloop_00218 outlet_block: recovered {'always_validate': 0, 'never_validate': 0, 'observables_probe': 0, 'combined_probe': 0, 'random_matched': 0} | cache 4 gens | 465.6 min
[220/400] cstr_closedloop_00219 outlet_block: recovered {'always_validate': 1, 'never_validate': 1, 'observables_probe': 1, 'combined_probe': 1, 'random_matched': 1} | cache 1 gens | 465.9 min
[221/400] cstr_closedloop_00220 cool_stuck_closed: recovered {'always_validate': 1, 'never_validate': 0, 'observables_probe': 0, 'combined_probe': 0, 'random_matched': 1} | cache 3 gens | 466.9 min
[222/400] cstr_closedloop_00221 fouling: recovered {'always_validate': 1, 'never_validate': 1, 'observables_probe': 0, 'combined_probe': 0, 'random_matched': 0} | cache 5 gens | 468.4 min
[223/400] cstr_closedloop_00222 cool_stuck_closed: recovered {'always_validate': 1, 'never_validate': 1, 'observables_probe': 1, 'combined_probe': 1, 'random_matched': 1} | cache 2 gens | 469.2 min
[224/400] cstr_closedloop_00223 fouling: recovered {'always_validate': 0, 'never_validate': 0, 'observables_probe': 0, 'combined_probe': 0, 'random_matched': 0} | cache 6 gens | 470.7 min
[225/400] cstr_closedloop_00224 pump_degrade: recovered {'always_validate': 1, 'never_validate': 1, 'observables_probe': 1, 'combined_probe': 1, 'random_matched': 1} | cache 2 gens | 471.3 min
[226/400] cstr_closedloop_00225 pump_degrade: recovered {'always_validate': 0, 'never_validate': 0, 'observables_probe': 0, 'combined_probe': 0, 'random_matched': 0} | cache 14 gens | 475.9 min
[227/400] cstr_closedloop_00226 cool_stuck_closed: recovered {'always_validate': 0, 'never_validate': 0, 'observables_probe': 0, 'combined_probe': 0, 'random_matched': 0} | cache 13 gens | 480.1 min
[228/400] cstr_closedloop_00227 outlet_block: recovered {'always_validate': 0, 'never_validate': 0, 'observables_probe': 0, 'combined_probe': 0, 'random_matched': 0} | cache 9 gens | 482.6 min
[229/400] cstr_closedloop_00228 outlet_block: recovered {'always_validate': 1, 'never_validate': 1, 'observables_probe': 1, 'combined_probe': 1, 'random_matched': 1} | cache 1 gens | 482.9 min
[230/400] cstr_closedloop_00229 outlet_block: recovered {'always_validate': 0, 'never_validate': 0, 'observables_probe': 0, 'combined_probe': 0, 'random_matched': 0} | cache 4 gens | 484.1 min
[231/400] cstr_closedloop_00230 cool_stuck_closed: recovered {'always_validate': 0, 'never_validate': 0, 'observables_probe': 0, 'combined_probe': 0, 'random_matched': 0} | cache 7 gens | 486.4 min
[232/400] cstr_closedloop_00231 pump_degrade: recovered {'always_validate': 0, 'never_validate': 0, 'observables_probe': 0, 'combined_probe': 0, 'random_matched': 0} | cache 13 gens | 490.2 min
[233/400] cstr_closedloop_00232 cool_stuck_closed: recovered {'always_validate': 1, 'never_validate': 1, 'observables_probe': 1, 'combined_probe': 1, 'random_matched': 1} | cache 3 gens | 491.4 min
[234/400] cstr_closedloop_00233 fouling: recovered {'always_validate': 0, 'never_validate': 0, 'observables_probe': 0, 'combined_probe': 0, 'random_matched': 0} | cache 9 gens | 493.9 min
[235/400] cstr_closedloop_00234 fouling: recovered {'always_validate': 0, 'never_validate': 0, 'observables_probe': 0, 'combined_probe': 0, 'random_matched': 1} | cache 10 gens | 496.4 min
[236/400] cstr_closedloop_00235 outlet_block: recovered {'always_validate': 1, 'never_validate': 1, 'observables_probe': 1, 'combined_probe': 1, 'random_matched': 1} | cache 2 gens | 497.1 min
[237/400] cstr_closedloop_00236 pump_degrade: recovered {'always_validate': 0, 'never_validate': 0, 'observables_probe': 0, 'combined_probe': 0, 'random_matched': 0} | cache 7 gens | 499.2 min
[238/400] cstr_closedloop_00237 outlet_block: recovered {'always_validate': 1, 'never_validate': 1, 'observables_probe': 1, 'combined_probe': 1, 'random_matched': 1} | cache 1 gens | 499.7 min
[239/400] cstr_closedloop_00238 pump_degrade: recovered {'always_validate': 0, 'never_validate': 0, 'observables_probe': 1, 'combined_probe': 1, 'random_matched': 0} | cache 7 gens | 502.2 min
[240/400] cstr_closedloop_00239 fouling: recovered {'always_validate': 0, 'never_validate': 0, 'observables_probe': 0, 'combined_probe': 0, 'random_matched': 0} | cache 7 gens | 503.8 min
[241/400] cstr_closedloop_00240 fouling: recovered {'always_validate': 0, 'never_validate': 0, 'observables_probe': 0, 'combined_probe': 0, 'random_matched': 0} | cache 10 gens | 506.7 min
[242/400] cstr_closedloop_00241 pump_degrade: recovered {'always_validate': 1, 'never_validate': 1, 'observables_probe': 1, 'combined_probe': 1, 'random_matched': 0} | cache 4 gens | 508.6 min
[243/400] cstr_closedloop_00242 pump_degrade: recovered {'always_validate': 0, 'never_validate': 0, 'observables_probe': 0, 'combined_probe': 0, 'random_matched': 0} | cache 4 gens | 509.7 min
[244/400] cstr_closedloop_00243 pump_degrade: recovered {'always_validate': 0, 'never_validate': 0, 'observables_probe': 0, 'combined_probe': 0, 'random_matched': 0} | cache 10 gens | 512.6 min
[245/400] cstr_closedloop_00244 cool_stuck_closed: recovered {'always_validate': 0, 'never_validate': 0, 'observables_probe': 0, 'combined_probe': 0, 'random_matched': 0} | cache 1 gens | 512.8 min
[246/400] cstr_closedloop_00245 pump_degrade: recovered {'always_validate': 1, 'never_validate': 1, 'observables_probe': 1, 'combined_probe': 1, 'random_matched': 1} | cache 1 gens | 513.2 min
[247/400] cstr_closedloop_00246 fouling: recovered {'always_validate': 0, 'never_validate': 0, 'observables_probe': 0, 'combined_probe': 0, 'random_matched': 0} | cache 11 gens | 516.0 min
[248/400] cstr_closedloop_00247 pump_degrade: recovered {'always_validate': 1, 'never_validate': 1, 'observables_probe': 1, 'combined_probe': 1, 'random_matched': 1} | cache 1 gens | 516.3 min
[249/400] cstr_closedloop_00248 outlet_block: recovered {'always_validate': 0, 'never_validate': 0, 'observables_probe': 0, 'combined_probe': 0, 'random_matched': 0} | cache 9 gens | 519.3 min
[250/400] cstr_closedloop_00249 cool_stuck_closed: recovered {'always_validate': 0, 'never_validate': 0, 'observables_probe': 0, 'combined_probe': 0, 'random_matched': 0} | cache 6 gens | 521.0 min
[251/400] cstr_closedloop_00250 fouling: recovered {'always_validate': 0, 'never_validate': 0, 'observables_probe': 0, 'combined_probe': 0, 'random_matched': 0} | cache 6 gens | 522.3 min
[252/400] cstr_closedloop_00251 pump_degrade: recovered {'always_validate': 1, 'never_validate': 0, 'observables_probe': 1, 'combined_probe': 0, 'random_matched': 1} | cache 4 gens | 523.6 min
[253/400] cstr_closedloop_00252 fouling: recovered {'always_validate': 0, 'never_validate': 0, 'observables_probe': 0, 'combined_probe': 0, 'random_matched': 0} | cache 8 gens | 525.9 min
[254/400] cstr_closedloop_00253 pump_degrade: recovered {'always_validate': 1, 'never_validate': 1, 'observables_probe': 1, 'combined_probe': 1, 'random_matched': 1} | cache 1 gens | 526.2 min
[255/400] cstr_closedloop_00254 outlet_block: recovered {'always_validate': 1, 'never_validate': 0, 'observables_probe': 1, 'combined_probe': 1, 'random_matched': 1} | cache 2 gens | 527.1 min
[256/400] cstr_closedloop_00255 cool_stuck_closed: recovered {'always_validate': 0, 'never_validate': 0, 'observables_probe': 0, 'combined_probe': 0, 'random_matched': 0} | cache 7 gens | 529.4 min
[257/400] cstr_closedloop_00256 outlet_block: recovered {'always_validate': 1, 'never_validate': 1, 'observables_probe': 1, 'combined_probe': 1, 'random_matched': 1} | cache 1 gens | 529.8 min
[258/400] cstr_closedloop_00257 cool_stuck_closed: recovered {'always_validate': 0, 'never_validate': 0, 'observables_probe': 0, 'combined_probe': 0, 'random_matched': 0} | cache 9 gens | 533.3 min
[259/400] cstr_closedloop_00258 cool_stuck_closed: recovered {'always_validate': 0, 'never_validate': 0, 'observables_probe': 0, 'combined_probe': 0, 'random_matched': 0} | cache 8 gens | 535.7 min
[260/400] cstr_closedloop_00259 outlet_block: recovered {'always_validate': 0, 'never_validate': 0, 'observables_probe': 0, 'combined_probe': 0, 'random_matched': 0} | cache 13 gens | 540.0 min
[261/400] cstr_closedloop_00260 fouling: recovered {'always_validate': 1, 'never_validate': 0, 'observables_probe': 0, 'combined_probe': 0, 'random_matched': 1} | cache 4 gens | 541.0 min
[262/400] cstr_closedloop_00261 cool_stuck_closed: recovered {'always_validate': 0, 'never_validate': 0, 'observables_probe': 0, 'combined_probe': 0, 'random_matched': 0} | cache 7 gens | 543.4 min
[263/400] cstr_closedloop_00262 pump_degrade: recovered {'always_validate': 1, 'never_validate': 1, 'observables_probe': 1, 'combined_probe': 1, 'random_matched': 1} | cache 1 gens | 543.8 min
[264/400] cstr_closedloop_00263 pump_degrade: recovered {'always_validate': 1, 'never_validate': 1, 'observables_probe': 1, 'combined_probe': 1, 'random_matched': 1} | cache 3 gens | 544.8 min
[265/400] cstr_closedloop_00264 pump_degrade: recovered {'always_validate': 1, 'never_validate': 1, 'observables_probe': 1, 'combined_probe': 1, 'random_matched': 1} | cache 1 gens | 545.2 min
[266/400] cstr_closedloop_00265 pump_degrade: recovered {'always_validate': 0, 'never_validate': 0, 'observables_probe': 0, 'combined_probe': 0, 'random_matched': 0} | cache 8 gens | 548.0 min
[267/400] cstr_closedloop_00266 cool_stuck_closed: recovered {'always_validate': 1, 'never_validate': 0, 'observables_probe': 0, 'combined_probe': 0, 'random_matched': 0} | cache 3 gens | 549.0 min
[268/400] cstr_closedloop_00267 cool_stuck_closed: recovered {'always_validate': 0, 'never_validate': 0, 'observables_probe': 0, 'combined_probe': 0, 'random_matched': 0} | cache 14 gens | 553.6 min
[269/400] cstr_closedloop_00268 pump_degrade: recovered {'always_validate': 1, 'never_validate': 1, 'observables_probe': 1, 'combined_probe': 1, 'random_matched': 1} | cache 3 gens | 554.6 min
[270/400] cstr_closedloop_00269 outlet_block: recovered {'always_validate': 0, 'never_validate': 0, 'observables_probe': 0, 'combined_probe': 0, 'random_matched': 0} | cache 6 gens | 556.5 min
[271/400] cstr_closedloop_00270 fouling: recovered {'always_validate': 1, 'never_validate': 1, 'observables_probe': 1, 'combined_probe': 1, 'random_matched': 1} | cache 1 gens | 556.8 min
[272/400] cstr_closedloop_00271 fouling: recovered {'always_validate': 0, 'never_validate': 0, 'observables_probe': 0, 'combined_probe': 0, 'random_matched': 0} | cache 9 gens | 559.3 min
[273/400] cstr_closedloop_00272 fouling: recovered {'always_validate': 0, 'never_validate': 0, 'observables_probe': 0, 'combined_probe': 0, 'random_matched': 0} | cache 6 gens | 560.8 min
[274/400] cstr_closedloop_00273 outlet_block: recovered {'always_validate': 1, 'never_validate': 1, 'observables_probe': 1, 'combined_probe': 1, 'random_matched': 1} | cache 3 gens | 561.9 min
[275/400] cstr_closedloop_00274 pump_degrade: recovered {'always_validate': 0, 'never_validate': 0, 'observables_probe': 0, 'combined_probe': 0, 'random_matched': 0} | cache 6 gens | 563.7 min
[276/400] cstr_closedloop_00275 fouling: recovered {'always_validate': 0, 'never_validate': 0, 'observables_probe': 0, 'combined_probe': 0, 'random_matched': 0} | cache 3 gens | 564.4 min
[277/400] cstr_closedloop_00276 outlet_block: recovered {'always_validate': 1, 'never_validate': 1, 'observables_probe': 1, 'combined_probe': 1, 'random_matched': 1} | cache 3 gens | 565.4 min
[278/400] cstr_closedloop_00277 fouling: recovered {'always_validate': 1, 'never_validate': 1, 'observables_probe': 1, 'combined_probe': 1, 'random_matched': 1} | cache 1 gens | 565.7 min
[279/400] cstr_closedloop_00278 cool_stuck_closed: recovered {'always_validate': 0, 'never_validate': 0, 'observables_probe': 0, 'combined_probe': 0, 'random_matched': 0} | cache 11 gens | 569.3 min
[280/400] cstr_closedloop_00279 outlet_block: recovered {'always_validate': 1, 'never_validate': 0, 'observables_probe': 1, 'combined_probe': 1, 'random_matched': 1} | cache 6 gens | 571.5 min
[281/400] cstr_closedloop_00280 fouling: recovered {'always_validate': 1, 'never_validate': 1, 'observables_probe': 1, 'combined_probe': 1, 'random_matched': 1} | cache 1 gens | 571.7 min
[282/400] cstr_closedloop_00281 pump_degrade: recovered {'always_validate': 1, 'never_validate': 1, 'observables_probe': 1, 'combined_probe': 1, 'random_matched': 1} | cache 1 gens | 572.1 min
[283/400] cstr_closedloop_00282 outlet_block: recovered {'always_validate': 0, 'never_validate': 0, 'observables_probe': 0, 'combined_probe': 0, 'random_matched': 0} | cache 10 gens | 575.3 min
[284/400] cstr_closedloop_00283 cool_stuck_closed: recovered {'always_validate': 1, 'never_validate': 1, 'observables_probe': 1, 'combined_probe': 1, 'random_matched': 1} | cache 1 gens | 575.6 min
[285/400] cstr_closedloop_00284 outlet_block: recovered {'always_validate': 1, 'never_validate': 1, 'observables_probe': 1, 'combined_probe': 1, 'random_matched': 1} | cache 1 gens | 575.8 min
[286/400] cstr_closedloop_00285 outlet_block: recovered {'always_validate': 1, 'never_validate': 1, 'observables_probe': 1, 'combined_probe': 1, 'random_matched': 1} | cache 1 gens | 576.3 min
[287/400] cstr_closedloop_00286 pump_degrade: recovered {'always_validate': 0, 'never_validate': 0, 'observables_probe': 0, 'combined_probe': 0, 'random_matched': 0} | cache 8 gens | 578.8 min
[288/400] cstr_closedloop_00287 cool_stuck_closed: recovered {'always_validate': 0, 'never_validate': 0, 'observables_probe': 0, 'combined_probe': 0, 'random_matched': 0} | cache 11 gens | 582.6 min
[289/400] cstr_closedloop_00288 fouling: recovered {'always_validate': 0, 'never_validate': 0, 'observables_probe': 0, 'combined_probe': 0, 'random_matched': 0} | cache 13 gens | 586.5 min
[290/400] cstr_closedloop_00289 outlet_block: recovered {'always_validate': 1, 'never_validate': 1, 'observables_probe': 1, 'combined_probe': 1, 'random_matched': 1} | cache 3 gens | 587.8 min
[291/400] cstr_closedloop_00290 outlet_block: recovered {'always_validate': 0, 'never_validate': 0, 'observables_probe': 0, 'combined_probe': 0, 'random_matched': 0} | cache 8 gens | 590.2 min
[292/400] cstr_closedloop_00291 outlet_block: recovered {'always_validate': 0, 'never_validate': 0, 'observables_probe': 0, 'combined_probe': 1, 'random_matched': 0} | cache 13 gens | 593.6 min
[293/400] cstr_closedloop_00292 outlet_block: recovered {'always_validate': 1, 'never_validate': 1, 'observables_probe': 1, 'combined_probe': 1, 'random_matched': 1} | cache 1 gens | 594.0 min
[294/400] cstr_closedloop_00293 fouling: recovered {'always_validate': 1, 'never_validate': 1, 'observables_probe': 1, 'combined_probe': 1, 'random_matched': 1} | cache 2 gens | 594.5 min
[295/400] cstr_closedloop_00294 pump_degrade: recovered {'always_validate': 0, 'never_validate': 0, 'observables_probe': 0, 'combined_probe': 0, 'random_matched': 0} | cache 6 gens | 596.6 min
[296/400] cstr_closedloop_00295 outlet_block: recovered {'always_validate': 0, 'never_validate': 0, 'observables_probe': 0, 'combined_probe': 0, 'random_matched': 0} | cache 6 gens | 599.5 min
[297/400] cstr_closedloop_00296 outlet_block: recovered {'always_validate': 1, 'never_validate': 1, 'observables_probe': 1, 'combined_probe': 1, 'random_matched': 1} | cache 1 gens | 599.9 min
[298/400] cstr_closedloop_00297 outlet_block: recovered {'always_validate': 0, 'never_validate': 0, 'observables_probe': 0, 'combined_probe': 0, 'random_matched': 0} | cache 13 gens | 604.4 min
[299/400] cstr_closedloop_00298 outlet_block: recovered {'always_validate': 1, 'never_validate': 1, 'observables_probe': 1, 'combined_probe': 1, 'random_matched': 1} | cache 1 gens | 604.8 min
[300/400] cstr_closedloop_00299 fouling: recovered {'always_validate': 1, 'never_validate': 0, 'observables_probe': 1, 'combined_probe': 0, 'random_matched': 1} | cache 5 gens | 606.1 min
[301/400] cstr_closedloop_00300 cool_stuck_closed: recovered {'always_validate': 1, 'never_validate': 1, 'observables_probe': 0, 'combined_probe': 0, 'random_matched': 1} | cache 2 gens | 606.7 min
[302/400] cstr_closedloop_00301 pump_degrade: recovered {'always_validate': 0, 'never_validate': 0, 'observables_probe': 1, 'combined_probe': 1, 'random_matched': 0} | cache 10 gens | 610.0 min
[303/400] cstr_closedloop_00302 cool_stuck_closed: recovered {'always_validate': 0, 'never_validate': 0, 'observables_probe': 0, 'combined_probe': 0, 'random_matched': 0} | cache 14 gens | 614.5 min
[304/400] cstr_closedloop_00303 cool_stuck_closed: recovered {'always_validate': 0, 'never_validate': 0, 'observables_probe': 0, 'combined_probe': 0, 'random_matched': 0} | cache 7 gens | 616.6 min
[305/400] cstr_closedloop_00304 cool_stuck_closed: recovered {'always_validate': 0, 'never_validate': 0, 'observables_probe': 0, 'combined_probe': 0, 'random_matched': 0} | cache 10 gens | 619.5 min
[306/400] cstr_closedloop_00305 fouling: recovered {'always_validate': 1, 'never_validate': 1, 'observables_probe': 1, 'combined_probe': 1, 'random_matched': 1} | cache 2 gens | 620.1 min
[307/400] cstr_closedloop_00306 fouling: recovered {'always_validate': 1, 'never_validate': 1, 'observables_probe': 1, 'combined_probe': 1, 'random_matched': 1} | cache 2 gens | 620.5 min
[308/400] cstr_closedloop_00307 pump_degrade: recovered {'always_validate': 1, 'never_validate': 0, 'observables_probe': 1, 'combined_probe': 1, 'random_matched': 1} | cache 3 gens | 621.9 min
[309/400] cstr_closedloop_00308 outlet_block: recovered {'always_validate': 1, 'never_validate': 0, 'observables_probe': 0, 'combined_probe': 0, 'random_matched': 0} | cache 3 gens | 623.0 min
[310/400] cstr_closedloop_00309 pump_degrade: recovered {'always_validate': 1, 'never_validate': 0, 'observables_probe': 1, 'combined_probe': 0, 'random_matched': 1} | cache 6 gens | 625.2 min
[311/400] cstr_closedloop_00310 pump_degrade: recovered {'always_validate': 0, 'never_validate': 0, 'observables_probe': 0, 'combined_probe': 0, 'random_matched': 0} | cache 7 gens | 627.9 min
[312/400] cstr_closedloop_00311 outlet_block: recovered {'always_validate': 0, 'never_validate': 0, 'observables_probe': 1, 'combined_probe': 1, 'random_matched': 1} | cache 5 gens | 629.4 min
[313/400] cstr_closedloop_00312 pump_degrade: recovered {'always_validate': 1, 'never_validate': 0, 'observables_probe': 1, 'combined_probe': 1, 'random_matched': 0} | cache 8 gens | 631.9 min
[314/400] cstr_closedloop_00313 outlet_block: recovered {'always_validate': 1, 'never_validate': 1, 'observables_probe': 1, 'combined_probe': 1, 'random_matched': 1} | cache 1 gens | 632.1 min
[315/400] cstr_closedloop_00314 fouling: recovered {'always_validate': 1, 'never_validate': 1, 'observables_probe': 1, 'combined_probe': 1, 'random_matched': 1} | cache 1 gens | 632.4 min
[316/400] cstr_closedloop_00315 cool_stuck_closed: recovered {'always_validate': 1, 'never_validate': 1, 'observables_probe': 1, 'combined_probe': 1, 'random_matched': 1} | cache 2 gens | 633.0 min
[317/400] cstr_closedloop_00316 fouling: recovered {'always_validate': 0, 'never_validate': 0, 'observables_probe': 0, 'combined_probe': 0, 'random_matched': 0} | cache 7 gens | 634.7 min
[318/400] cstr_closedloop_00317 cool_stuck_closed: recovered {'always_validate': 1, 'never_validate': 1, 'observables_probe': 1, 'combined_probe': 1, 'random_matched': 0} | cache 6 gens | 636.8 min
[319/400] cstr_closedloop_00318 outlet_block: recovered {'always_validate': 1, 'never_validate': 1, 'observables_probe': 1, 'combined_probe': 1, 'random_matched': 1} | cache 1 gens | 637.1 min
[320/400] cstr_closedloop_00319 pump_degrade: recovered {'always_validate': 1, 'never_validate': 0, 'observables_probe': 1, 'combined_probe': 1, 'random_matched': 1} | cache 3 gens | 638.4 min
[321/400] cstr_closedloop_00320 fouling: recovered {'always_validate': 1, 'never_validate': 1, 'observables_probe': 1, 'combined_probe': 1, 'random_matched': 1} | cache 3 gens | 639.0 min
[322/400] cstr_closedloop_00321 fouling: recovered {'always_validate': 0, 'never_validate': 0, 'observables_probe': 0, 'combined_probe': 0, 'random_matched': 0} | cache 12 gens | 642.4 min
[323/400] cstr_closedloop_00322 pump_degrade: recovered {'always_validate': 1, 'never_validate': 0, 'observables_probe': 1, 'combined_probe': 1, 'random_matched': 1} | cache 4 gens | 643.9 min
[324/400] cstr_closedloop_00323 cool_stuck_closed: recovered {'always_validate': 0, 'never_validate': 0, 'observables_probe': 0, 'combined_probe': 0, 'random_matched': 0} | cache 7 gens | 646.0 min
[325/400] cstr_closedloop_00324 fouling: recovered {'always_validate': 0, 'never_validate': 0, 'observables_probe': 0, 'combined_probe': 0, 'random_matched': 0} | cache 11 gens | 649.1 min
[326/400] cstr_closedloop_00325 pump_degrade: recovered {'always_validate': 1, 'never_validate': 1, 'observables_probe': 1, 'combined_probe': 1, 'random_matched': 1} | cache 4 gens | 650.5 min
[327/400] cstr_closedloop_00326 fouling: recovered {'always_validate': 1, 'never_validate': 1, 'observables_probe': 0, 'combined_probe': 1, 'random_matched': 1} | cache 2 gens | 651.1 min
[328/400] cstr_closedloop_00327 cool_stuck_closed: recovered {'always_validate': 0, 'never_validate': 0, 'observables_probe': 0, 'combined_probe': 0, 'random_matched': 0} | cache 15 gens | 655.6 min
[329/400] cstr_closedloop_00328 cool_stuck_closed: recovered {'always_validate': 1, 'never_validate': 0, 'observables_probe': 0, 'combined_probe': 0, 'random_matched': 1} | cache 3 gens | 656.5 min
[330/400] cstr_closedloop_00329 cool_stuck_closed: recovered {'always_validate': 0, 'never_validate': 0, 'observables_probe': 0, 'combined_probe': 0, 'random_matched': 0} | cache 7 gens | 658.5 min
[331/400] cstr_closedloop_00330 pump_degrade: recovered {'always_validate': 1, 'never_validate': 1, 'observables_probe': 1, 'combined_probe': 1, 'random_matched': 1} | cache 1 gens | 658.7 min
[332/400] cstr_closedloop_00331 cool_stuck_closed: recovered {'always_validate': 0, 'never_validate': 0, 'observables_probe': 0, 'combined_probe': 0, 'random_matched': 0} | cache 9 gens | 661.7 min
[333/400] cstr_closedloop_00332 fouling: recovered {'always_validate': 1, 'never_validate': 1, 'observables_probe': 1, 'combined_probe': 1, 'random_matched': 1} | cache 2 gens | 662.3 min
[334/400] cstr_closedloop_00333 fouling: recovered {'always_validate': 0, 'never_validate': 0, 'observables_probe': 1, 'combined_probe': 0, 'random_matched': 0} | cache 13 gens | 666.0 min
[335/400] cstr_closedloop_00334 pump_degrade: recovered {'always_validate': 0, 'never_validate': 0, 'observables_probe': 0, 'combined_probe': 0, 'random_matched': 0} | cache 8 gens | 668.5 min
[336/400] cstr_closedloop_00335 fouling: recovered {'always_validate': 0, 'never_validate': 0, 'observables_probe': 0, 'combined_probe': 1, 'random_matched': 0} | cache 8 gens | 670.7 min
[337/400] cstr_closedloop_00336 cool_stuck_closed: recovered {'always_validate': 0, 'never_validate': 0, 'observables_probe': 0, 'combined_probe': 0, 'random_matched': 0} | cache 5 gens | 672.3 min
[338/400] cstr_closedloop_00337 cool_stuck_closed: recovered {'always_validate': 1, 'never_validate': 1, 'observables_probe': 1, 'combined_probe': 1, 'random_matched': 1} | cache 1 gens | 672.8 min
[339/400] cstr_closedloop_00338 fouling: recovered {'always_validate': 1, 'never_validate': 1, 'observables_probe': 1, 'combined_probe': 1, 'random_matched': 1} | cache 2 gens | 673.4 min
[340/400] cstr_closedloop_00339 cool_stuck_closed: recovered {'always_validate': 0, 'never_validate': 0, 'observables_probe': 0, 'combined_probe': 0, 'random_matched': 0} | cache 14 gens | 677.9 min
[341/400] cstr_closedloop_00340 outlet_block: recovered {'always_validate': 0, 'never_validate': 0, 'observables_probe': 0, 'combined_probe': 0, 'random_matched': 0} | cache 5 gens | 679.4 min
[342/400] cstr_closedloop_00341 fouling: recovered {'always_validate': 0, 'never_validate': 0, 'observables_probe': 0, 'combined_probe': 0, 'random_matched': 0} | cache 7 gens | 681.4 min
[343/400] cstr_closedloop_00342 pump_degrade: recovered {'always_validate': 0, 'never_validate': 0, 'observables_probe': 0, 'combined_probe': 0, 'random_matched': 0} | cache 7 gens | 683.8 min
[344/400] cstr_closedloop_00343 outlet_block: recovered {'always_validate': 1, 'never_validate': 0, 'observables_probe': 1, 'combined_probe': 1, 'random_matched': 1} | cache 5 gens | 685.7 min
[345/400] cstr_closedloop_00344 cool_stuck_closed: recovered {'always_validate': 1, 'never_validate': 1, 'observables_probe': 1, 'combined_probe': 1, 'random_matched': 1} | cache 1 gens | 686.1 min
[346/400] cstr_closedloop_00345 pump_degrade: recovered {'always_validate': 1, 'never_validate': 1, 'observables_probe': 1, 'combined_probe': 1, 'random_matched': 1} | cache 1 gens | 686.4 min
[347/400] cstr_closedloop_00346 pump_degrade: recovered {'always_validate': 1, 'never_validate': 1, 'observables_probe': 1, 'combined_probe': 1, 'random_matched': 1} | cache 1 gens | 686.8 min
[348/400] cstr_closedloop_00347 cool_stuck_closed: recovered {'always_validate': 1, 'never_validate': 1, 'observables_probe': 1, 'combined_probe': 1, 'random_matched': 1} | cache 3 gens | 687.9 min
[349/400] cstr_closedloop_00348 fouling: recovered {'always_validate': 0, 'never_validate': 0, 'observables_probe': 1, 'combined_probe': 0, 'random_matched': 0} | cache 13 gens | 691.5 min
[350/400] cstr_closedloop_00349 cool_stuck_closed: recovered {'always_validate': 1, 'never_validate': 1, 'observables_probe': 1, 'combined_probe': 1, 'random_matched': 1} | cache 1 gens | 692.0 min
[351/400] cstr_closedloop_00350 cool_stuck_closed: recovered {'always_validate': 1, 'never_validate': 1, 'observables_probe': 1, 'combined_probe': 1, 'random_matched': 1} | cache 1 gens | 692.5 min
[352/400] cstr_closedloop_00351 pump_degrade: recovered {'always_validate': 0, 'never_validate': 0, 'observables_probe': 0, 'combined_probe': 0, 'random_matched': 0} | cache 10 gens | 695.5 min
[353/400] cstr_closedloop_00352 fouling: recovered {'always_validate': 0, 'never_validate': 0, 'observables_probe': 0, 'combined_probe': 0, 'random_matched': 0} | cache 3 gens | 696.2 min
[354/400] cstr_closedloop_00353 pump_degrade: recovered {'always_validate': 0, 'never_validate': 0, 'observables_probe': 0, 'combined_probe': 0, 'random_matched': 0} | cache 14 gens | 700.5 min
[355/400] cstr_closedloop_00354 pump_degrade: recovered {'always_validate': 0, 'never_validate': 0, 'observables_probe': 0, 'combined_probe': 0, 'random_matched': 0} | cache 11 gens | 703.4 min
[356/400] cstr_closedloop_00355 cool_stuck_closed: recovered {'always_validate': 0, 'never_validate': 0, 'observables_probe': 0, 'combined_probe': 0, 'random_matched': 0} | cache 10 gens | 706.3 min
[357/400] cstr_closedloop_00356 outlet_block: recovered {'always_validate': 1, 'never_validate': 1, 'observables_probe': 1, 'combined_probe': 1, 'random_matched': 0} | cache 3 gens | 707.4 min
[358/400] cstr_closedloop_00357 fouling: recovered {'always_validate': 0, 'never_validate': 0, 'observables_probe': 0, 'combined_probe': 0, 'random_matched': 0} | cache 10 gens | 710.1 min
[359/400] cstr_closedloop_00358 outlet_block: recovered {'always_validate': 1, 'never_validate': 1, 'observables_probe': 1, 'combined_probe': 1, 'random_matched': 1} | cache 1 gens | 710.5 min
[360/400] cstr_closedloop_00359 cool_stuck_closed: recovered {'always_validate': 1, 'never_validate': 0, 'observables_probe': 0, 'combined_probe': 0, 'random_matched': 1} | cache 6 gens | 712.5 min
[361/400] cstr_closedloop_00360 fouling: recovered {'always_validate': 0, 'never_validate': 0, 'observables_probe': 0, 'combined_probe': 0, 'random_matched': 0} | cache 7 gens | 714.3 min
[362/400] cstr_closedloop_00361 cool_stuck_closed: recovered {'always_validate': 1, 'never_validate': 0, 'observables_probe': 0, 'combined_probe': 0, 'random_matched': 1} | cache 4 gens | 715.6 min
[363/400] cstr_closedloop_00362 cool_stuck_closed: recovered {'always_validate': 1, 'never_validate': 1, 'observables_probe': 1, 'combined_probe': 1, 'random_matched': 1} | cache 1 gens | 716.1 min
[364/400] cstr_closedloop_00363 outlet_block: recovered {'always_validate': 0, 'never_validate': 0, 'observables_probe': 0, 'combined_probe': 0, 'random_matched': 0} | cache 1 gens | 716.9 min
[365/400] cstr_closedloop_00364 cool_stuck_closed: recovered {'always_validate': 0, 'never_validate': 0, 'observables_probe': 0, 'combined_probe': 0, 'random_matched': 0} | cache 9 gens | 719.7 min
[366/400] cstr_closedloop_00365 cool_stuck_closed: recovered {'always_validate': 1, 'never_validate': 0, 'observables_probe': 1, 'combined_probe': 0, 'random_matched': 1} | cache 7 gens | 721.8 min
[367/400] cstr_closedloop_00366 cool_stuck_closed: recovered {'always_validate': 1, 'never_validate': 1, 'observables_probe': 1, 'combined_probe': 1, 'random_matched': 1} | cache 1 gens | 722.1 min
[368/400] cstr_closedloop_00367 outlet_block: recovered {'always_validate': 1, 'never_validate': 1, 'observables_probe': 1, 'combined_probe': 1, 'random_matched': 1} | cache 2 gens | 723.0 min
[369/400] cstr_closedloop_00368 pump_degrade: recovered {'always_validate': 1, 'never_validate': 1, 'observables_probe': 1, 'combined_probe': 1, 'random_matched': 1} | cache 5 gens | 724.8 min
[370/400] cstr_closedloop_00369 cool_stuck_closed: recovered {'always_validate': 1, 'never_validate': 1, 'observables_probe': 0, 'combined_probe': 1, 'random_matched': 1} | cache 6 gens | 727.8 min
[371/400] cstr_closedloop_00370 fouling: recovered {'always_validate': 1, 'never_validate': 1, 'observables_probe': 1, 'combined_probe': 1, 'random_matched': 1} | cache 2 gens | 728.4 min
[372/400] cstr_closedloop_00371 fouling: recovered {'always_validate': 1, 'never_validate': 1, 'observables_probe': 1, 'combined_probe': 1, 'random_matched': 1} | cache 2 gens | 728.9 min
[373/400] cstr_closedloop_00372 pump_degrade: recovered {'always_validate': 1, 'never_validate': 1, 'observables_probe': 1, 'combined_probe': 1, 'random_matched': 1} | cache 1 gens | 729.2 min
[374/400] cstr_closedloop_00373 pump_degrade: recovered {'always_validate': 1, 'never_validate': 0, 'observables_probe': 1, 'combined_probe': 1, 'random_matched': 0} | cache 10 gens | 732.3 min
[375/400] cstr_closedloop_00374 pump_degrade: recovered {'always_validate': 1, 'never_validate': 1, 'observables_probe': 1, 'combined_probe': 1, 'random_matched': 1} | cache 4 gens | 734.0 min
[376/400] cstr_closedloop_00375 pump_degrade: recovered {'always_validate': 1, 'never_validate': 1, 'observables_probe': 1, 'combined_probe': 1, 'random_matched': 1} | cache 1 gens | 734.2 min
[377/400] cstr_closedloop_00376 fouling: recovered {'always_validate': 0, 'never_validate': 0, 'observables_probe': 0, 'combined_probe': 0, 'random_matched': 0} | cache 8 gens | 736.2 min
[378/400] cstr_closedloop_00377 fouling: recovered {'always_validate': 0, 'never_validate': 0, 'observables_probe': 0, 'combined_probe': 0, 'random_matched': 0} | cache 11 gens | 739.0 min
[379/400] cstr_closedloop_00378 fouling: recovered {'always_validate': 0, 'never_validate': 0, 'observables_probe': 0, 'combined_probe': 0, 'random_matched': 0} | cache 13 gens | 742.5 min
[380/400] cstr_closedloop_00379 outlet_block: recovered {'always_validate': 0, 'never_validate': 0, 'observables_probe': 0, 'combined_probe': 0, 'random_matched': 0} | cache 8 gens | 745.2 min
[381/400] cstr_closedloop_00380 outlet_block: recovered {'always_validate': 1, 'never_validate': 1, 'observables_probe': 1, 'combined_probe': 1, 'random_matched': 0} | cache 6 gens | 748.2 min
[382/400] cstr_closedloop_00381 cool_stuck_closed: recovered {'always_validate': 1, 'never_validate': 0, 'observables_probe': 1, 'combined_probe': 0, 'random_matched': 0} | cache 6 gens | 751.0 min
[383/400] cstr_closedloop_00382 fouling: recovered {'always_validate': 0, 'never_validate': 0, 'observables_probe': 0, 'combined_probe': 0, 'random_matched': 0} | cache 8 gens | 753.3 min
[384/400] cstr_closedloop_00383 pump_degrade: recovered {'always_validate': 1, 'never_validate': 1, 'observables_probe': 1, 'combined_probe': 1, 'random_matched': 1} | cache 3 gens | 754.7 min
[385/400] cstr_closedloop_00384 pump_degrade: recovered {'always_validate': 0, 'never_validate': 0, 'observables_probe': 0, 'combined_probe': 0, 'random_matched': 0} | cache 8 gens | 757.7 min
[386/400] cstr_closedloop_00385 outlet_block: recovered {'always_validate': 1, 'never_validate': 1, 'observables_probe': 1, 'combined_probe': 1, 'random_matched': 1} | cache 1 gens | 758.1 min
[387/400] cstr_closedloop_00386 outlet_block: recovered {'always_validate': 0, 'never_validate': 0, 'observables_probe': 0, 'combined_probe': 0, 'random_matched': 0} | cache 12 gens | 762.4 min
[388/400] cstr_closedloop_00387 cool_stuck_closed: recovered {'always_validate': 0, 'never_validate': 0, 'observables_probe': 0, 'combined_probe': 0, 'random_matched': 0} | cache 10 gens | 765.8 min
[389/400] cstr_closedloop_00388 outlet_block: recovered {'always_validate': 0, 'never_validate': 0, 'observables_probe': 0, 'combined_probe': 0, 'random_matched': 0} | cache 13 gens | 770.2 min
[390/400] cstr_closedloop_00389 fouling: recovered {'always_validate': 0, 'never_validate': 0, 'observables_probe': 0, 'combined_probe': 0, 'random_matched': 0} | cache 9 gens | 772.8 min
[391/400] cstr_closedloop_00390 outlet_block: recovered {'always_validate': 0, 'never_validate': 0, 'observables_probe': 0, 'combined_probe': 0, 'random_matched': 0} | cache 4 gens | 774.0 min
[392/400] cstr_closedloop_00391 fouling: recovered {'always_validate': 0, 'never_validate': 0, 'observables_probe': 1, 'combined_probe': 0, 'random_matched': 0} | cache 6 gens | 775.8 min
[393/400] cstr_closedloop_00392 outlet_block: recovered {'always_validate': 1, 'never_validate': 1, 'observables_probe': 1, 'combined_probe': 1, 'random_matched': 1} | cache 2 gens | 776.5 min
[394/400] cstr_closedloop_00393 fouling: recovered {'always_validate': 0, 'never_validate': 0, 'observables_probe': 0, 'combined_probe': 0, 'random_matched': 0} | cache 3 gens | 777.5 min
[395/400] cstr_closedloop_00394 pump_degrade: recovered {'always_validate': 0, 'never_validate': 0, 'observables_probe': 1, 'combined_probe': 1, 'random_matched': 1} | cache 6 gens | 780.0 min
[396/400] cstr_closedloop_00395 fouling: recovered {'always_validate': 0, 'never_validate': 0, 'observables_probe': 0, 'combined_probe': 0, 'random_matched': 0} | cache 6 gens | 782.1 min
[397/400] cstr_closedloop_00396 fouling: recovered {'always_validate': 0, 'never_validate': 0, 'observables_probe': 0, 'combined_probe': 0, 'random_matched': 0} | cache 6 gens | 783.8 min
[398/400] cstr_closedloop_00397 pump_degrade: recovered {'always_validate': 1, 'never_validate': 1, 'observables_probe': 1, 'combined_probe': 1, 'random_matched': 1} | cache 1 gens | 784.1 min
[399/400] cstr_closedloop_00398 cool_stuck_closed: recovered {'always_validate': 1, 'never_validate': 0, 'observables_probe': 1, 'combined_probe': 0, 'random_matched': 1} | cache 4 gens | 785.3 min
[400/400] cstr_closedloop_00399 outlet_block: recovered {'always_validate': 1, 'never_validate': 0, 'observables_probe': 1, 'combined_probe': 1, 'random_matched': 0} | cache 6 gens | 787.3 min
{"run_dir": "C:\\Users\\jv624\\Desktop\\fsm_reliability\\outputs\\cstr_closed_loop\\20261003_033144_qwen25-3b", "hours": 13.12}
