python.exe : 
At C:\Users\jv624\Desktop\fsm_reliability\outputs\internals_closed_loop_queue.ps1:16 char:5
+     & $py @("-m", "scripts.42_cstr_closed_loop", "--dataset_dir", "da ...
+     ~~~~~~~~~~~~~~~~~~~~~~~~~~~~~~~~~~~~~~~~~~~~~~~~~~~~~~~~~~~~~~~~~
    + CategoryInfo          : NotSpecified: (:String) [], RemoteException
    + FullyQualifiedErrorId : NativeCommandError
 
Loading weights:   0%|          | 0/338 [00:00<?, ?it/s]
Loading weights:   0%|          | 1/338 [00:00<01:41,  3.33it/s]
Loading weights:   5%|Γûì         | 16/338 [00:00<00:06, 49.87it/s]
Loading weights:  12%|ΓûêΓûÅ        | 39/338 [00:00<00:03, 96.24it/s]
Loading weights:  17%|ΓûêΓûï        | 59/338 [00:00<00:02, 126.12it/s]
Loading weights:  22%|ΓûêΓûêΓûÅ       | 75/338 [00:00<00:01, 134.35it/s]
Loading weights:  29%|ΓûêΓûêΓûë       | 99/338 [00:00<00:01, 149.20it/s]
Loading weights:  34%|ΓûêΓûêΓûêΓûì      | 116/338 [00:00<00:01, 151.20it/s]
Loading weights:  40%|ΓûêΓûêΓûêΓûë      | 134/338 [00:01<00:01, 153.29it/s]
Loading weights:  44%|ΓûêΓûêΓûêΓûêΓûì     | 150/338 [00:01<00:01, 144.23it/s]
Loading weights:  50%|ΓûêΓûêΓûêΓûêΓûê     | 170/338 [00:01<00:01, 151.32it/s]
Loading weights:  55%|ΓûêΓûêΓûêΓûêΓûêΓûî    | 186/338 [00:01<00:01, 140.99it/s]
Loading weights:  61%|ΓûêΓûêΓûêΓûêΓûêΓûê    | 205/338 [00:01<00:00, 153.66it/s]
Loading weights:  65%|ΓûêΓûêΓûêΓûêΓûêΓûêΓûî   | 221/338 [00:01<00:00, 134.34it/s]
Loading weights:  70%|ΓûêΓûêΓûêΓûêΓûêΓûêΓûê   | 237/338 [00:01<00:00, 139.61it/s]
Loading weights:  75%|ΓûêΓûêΓûêΓûêΓûêΓûêΓûêΓûì  | 252/338 [00:01<00:00, 141.17it/s]
Loading weights:  79%|ΓûêΓûêΓûêΓûêΓûêΓûêΓûêΓûë  | 267/338 [00:02<00:00, 135.12it/s]
Loading weights:  83%|ΓûêΓûêΓûêΓûêΓûêΓûêΓûêΓûêΓûÄ | 281/338 [00:02<00:00, 123.54it/s]
Loading weights:  89%|ΓûêΓûêΓûêΓûêΓûêΓûêΓûêΓûêΓûë | 301/338 [00:02<00:00, 142.88it/s]
Loading weights:  93%|ΓûêΓûêΓûêΓûêΓûêΓûêΓûêΓûêΓûêΓûÄ| 316/338 [00:02<00:00, 134.68it/s]
Loading weights:  98%|ΓûêΓûêΓûêΓûêΓûêΓûêΓûêΓûêΓûêΓûè| 330/338 [00:02<00:00, 132.14it/s]
Loading weights: 100%|ΓûêΓûêΓûêΓûêΓûêΓûêΓûêΓûêΓûêΓûê| 338/338 [00:02<00:00, 131.86it/s]
[1/400] cstr_closedloop_00000 cool_stuck_closed: recovered {'internals_probe': 0} | cache 2 gens | 0.4 min
[2/400] cstr_closedloop_00001 fouling: recovered {'internals_probe': 0} | cache 2 gens | 0.8 min
[3/400] cstr_closedloop_00002 fouling: recovered {'internals_probe': 0} | cache 2 gens | 1.1 min
[4/400] cstr_closedloop_00003 cool_stuck_closed: recovered {'internals_probe': 0} | cache 3 gens | 1.6 min
[5/400] cstr_closedloop_00004 outlet_block: recovered {'internals_probe': 1} | cache 1 gens | 1.8 min
[6/400] cstr_closedloop_00005 fouling: recovered {'internals_probe': 0} | cache 1 gens | 2.3 min
[7/400] cstr_closedloop_00006 pump_degrade: recovered {'internals_probe': 0} | cache 2 gens | 2.6 min
[8/400] cstr_closedloop_00007 pump_degrade: recovered {'internals_probe': 1} | cache 1 gens | 2.7 min
[9/400] cstr_closedloop_00008 pump_degrade: recovered {'internals_probe': 0} | cache 3 gens | 3.2 min
[10/400] cstr_closedloop_00009 fouling: recovered {'internals_probe': 0} | cache 2 gens | 3.4 min
[11/400] cstr_closedloop_00010 outlet_block: recovered {'internals_probe': 1} | cache 1 gens | 3.6 min
[12/400] cstr_closedloop_00011 outlet_block: recovered {'internals_probe': 0} | cache 3 gens | 4.0 min
[13/400] cstr_closedloop_00012 cool_stuck_closed: recovered {'internals_probe': 0} | cache 3 gens | 4.5 min
[14/400] cstr_closedloop_00013 outlet_block: recovered {'internals_probe': 0} | cache 3 gens | 5.0 min
[15/400] cstr_closedloop_00014 pump_degrade: recovered {'internals_probe': 1} | cache 1 gens | 5.2 min
[16/400] cstr_closedloop_00015 cool_stuck_closed: recovered {'internals_probe': 0} | cache 3 gens | 5.7 min
[17/400] cstr_closedloop_00016 pump_degrade: recovered {'internals_probe': 1} | cache 1 gens | 5.9 min
[18/400] cstr_closedloop_00017 cool_stuck_closed: recovered {'internals_probe': 0} | cache 3 gens | 6.4 min
[19/400] cstr_closedloop_00018 cool_stuck_closed: recovered {'internals_probe': 0} | cache 2 gens | 6.7 min
[20/400] cstr_closedloop_00019 pump_degrade: recovered {'internals_probe': 0} | cache 2 gens | 7.1 min
[21/400] cstr_closedloop_00020 outlet_block: recovered {'internals_probe': 0} | cache 4 gens | 7.9 min
[22/400] cstr_closedloop_00021 outlet_block: recovered {'internals_probe': 1} | cache 1 gens | 8.1 min
[23/400] cstr_closedloop_00022 cool_stuck_closed: recovered {'internals_probe': 0} | cache 3 gens | 8.6 min
[24/400] cstr_closedloop_00023 outlet_block: recovered {'internals_probe': 1} | cache 1 gens | 8.8 min
[25/400] cstr_closedloop_00024 fouling: recovered {'internals_probe': 0} | cache 2 gens | 9.1 min
[26/400] cstr_closedloop_00025 cool_stuck_closed: recovered {'internals_probe': 1} | cache 1 gens | 9.4 min
[27/400] cstr_closedloop_00026 pump_degrade: recovered {'internals_probe': 0} | cache 3 gens | 9.8 min
[28/400] cstr_closedloop_00027 pump_degrade: recovered {'internals_probe': 0} | cache 2 gens | 10.2 min
[29/400] cstr_closedloop_00028 outlet_block: recovered {'internals_probe': 1} | cache 1 gens | 10.4 min
[30/400] cstr_closedloop_00029 outlet_block: recovered {'internals_probe': 0} | cache 3 gens | 10.9 min
[31/400] cstr_closedloop_00030 cool_stuck_closed: recovered {'internals_probe': 0} | cache 2 gens | 11.3 min
[32/400] cstr_closedloop_00031 pump_degrade: recovered {'internals_probe': 1} | cache 1 gens | 11.5 min
[33/400] cstr_closedloop_00032 outlet_block: recovered {'internals_probe': 1} | cache 1 gens | 11.7 min
[34/400] cstr_closedloop_00033 outlet_block: recovered {'internals_probe': 0} | cache 2 gens | 12.3 min
[35/400] cstr_closedloop_00034 cool_stuck_closed: recovered {'internals_probe': 0} | cache 2 gens | 12.7 min
[36/400] cstr_closedloop_00035 pump_degrade: recovered {'internals_probe': 0} | cache 2 gens | 13.1 min
[37/400] cstr_closedloop_00036 outlet_block: recovered {'internals_probe': 1} | cache 1 gens | 13.3 min
[38/400] cstr_closedloop_00037 cool_stuck_closed: recovered {'internals_probe': 1} | cache 1 gens | 13.5 min
[39/400] cstr_closedloop_00038 outlet_block: recovered {'internals_probe': 1} | cache 1 gens | 13.7 min
[40/400] cstr_closedloop_00039 fouling: recovered {'internals_probe': 0} | cache 2 gens | 14.1 min
[41/400] cstr_closedloop_00040 outlet_block: recovered {'internals_probe': 1} | cache 1 gens | 14.4 min
[42/400] cstr_closedloop_00041 pump_degrade: recovered {'internals_probe': 1} | cache 1 gens | 14.6 min
[43/400] cstr_closedloop_00042 pump_degrade: recovered {'internals_probe': 1} | cache 1 gens | 14.7 min
[44/400] cstr_closedloop_00043 outlet_block: recovered {'internals_probe': 1} | cache 1 gens | 14.9 min
[45/400] cstr_closedloop_00044 cool_stuck_closed: recovered {'internals_probe': 0} | cache 3 gens | 15.5 min
[46/400] cstr_closedloop_00045 outlet_block: recovered {'internals_probe': 1} | cache 1 gens | 15.7 min
[47/400] cstr_closedloop_00046 fouling: recovered {'internals_probe': 0} | cache 2 gens | 16.0 min
[48/400] cstr_closedloop_00047 fouling: recovered {'internals_probe': 0} | cache 3 gens | 16.6 min
[49/400] cstr_closedloop_00048 cool_stuck_closed: recovered {'internals_probe': 0} | cache 3 gens | 17.0 min
[50/400] cstr_closedloop_00049 pump_degrade: recovered {'internals_probe': 0} | cache 3 gens | 17.5 min
[51/400] cstr_closedloop_00050 fouling: recovered {'internals_probe': 0} | cache 2 gens | 17.8 min
[52/400] cstr_closedloop_00051 pump_degrade: recovered {'internals_probe': 0} | cache 3 gens | 18.3 min
[53/400] cstr_closedloop_00052 cool_stuck_closed: recovered {'internals_probe': 0} | cache 3 gens | 18.8 min
[54/400] cstr_closedloop_00053 pump_degrade: recovered {'internals_probe': 0} | cache 3 gens | 19.3 min
[55/400] cstr_closedloop_00054 cool_stuck_closed: recovered {'internals_probe': 0} | cache 2 gens | 19.7 min
[56/400] cstr_closedloop_00055 fouling: recovered {'internals_probe': 0} | cache 3 gens | 20.2 min
[57/400] cstr_closedloop_00056 cool_stuck_closed: recovered {'internals_probe': 1} | cache 1 gens | 20.4 min
[58/400] cstr_closedloop_00057 cool_stuck_closed: recovered {'internals_probe': 0} | cache 3 gens | 20.9 min
[59/400] cstr_closedloop_00058 cool_stuck_closed: recovered {'internals_probe': 0} | cache 3 gens | 21.4 min
[60/400] cstr_closedloop_00059 fouling: recovered {'internals_probe': 0} | cache 2 gens | 21.7 min
[61/400] cstr_closedloop_00060 cool_stuck_closed: recovered {'internals_probe': 0} | cache 3 gens | 22.2 min
[62/400] cstr_closedloop_00061 pump_degrade: recovered {'internals_probe': 1} | cache 1 gens | 22.4 min
[63/400] cstr_closedloop_00062 cool_stuck_closed: recovered {'internals_probe': 1} | cache 1 gens | 22.6 min
[64/400] cstr_closedloop_00063 outlet_block: recovered {'internals_probe': 0} | cache 3 gens | 23.1 min
[65/400] cstr_closedloop_00064 outlet_block: recovered {'internals_probe': 0} | cache 3 gens | 23.6 min
[66/400] cstr_closedloop_00065 pump_degrade: recovered {'internals_probe': 1} | cache 1 gens | 23.8 min
[67/400] cstr_closedloop_00066 outlet_block: recovered {'internals_probe': 0} | cache 2 gens | 24.0 min
[68/400] cstr_closedloop_00067 outlet_block: recovered {'internals_probe': 0} | cache 2 gens | 24.3 min
[69/400] cstr_closedloop_00068 pump_degrade: recovered {'internals_probe': 0} | cache 3 gens | 24.8 min
[70/400] cstr_closedloop_00069 pump_degrade: recovered {'internals_probe': 1} | cache 1 gens | 25.0 min
[71/400] cstr_closedloop_00070 fouling: recovered {'internals_probe': 0} | cache 3 gens | 25.4 min
[72/400] cstr_closedloop_00071 pump_degrade: recovered {'internals_probe': 0} | cache 2 gens | 25.7 min
[73/400] cstr_closedloop_00072 cool_stuck_closed: recovered {'internals_probe': 1} | cache 1 gens | 25.9 min
[74/400] cstr_closedloop_00073 outlet_block: recovered {'internals_probe': 1} | cache 1 gens | 26.1 min
[75/400] cstr_closedloop_00074 cool_stuck_closed: recovered {'internals_probe': 1} | cache 1 gens | 26.3 min
[76/400] cstr_closedloop_00075 pump_degrade: recovered {'internals_probe': 0} | cache 3 gens | 26.7 min
[77/400] cstr_closedloop_00076 fouling: recovered {'internals_probe': 0} | cache 2 gens | 27.0 min
[78/400] cstr_closedloop_00077 pump_degrade: recovered {'internals_probe': 1} | cache 1 gens | 27.2 min
[79/400] cstr_closedloop_00078 outlet_block: recovered {'internals_probe': 1} | cache 1 gens | 27.4 min
[80/400] cstr_closedloop_00079 outlet_block: recovered {'internals_probe': 0} | cache 3 gens | 27.9 min
[81/400] cstr_closedloop_00080 cool_stuck_closed: recovered {'internals_probe': 0} | cache 3 gens | 28.7 min
[82/400] cstr_closedloop_00081 fouling: recovered {'internals_probe': 0} | cache 4 gens | 29.5 min
[83/400] cstr_closedloop_00082 fouling: recovered {'internals_probe': 0} | cache 3 gens | 30.0 min
[84/400] cstr_closedloop_00083 cool_stuck_closed: recovered {'internals_probe': 0} | cache 3 gens | 30.7 min
[85/400] cstr_closedloop_00084 pump_degrade: recovered {'internals_probe': 0} | cache 3 gens | 31.2 min
[86/400] cstr_closedloop_00085 cool_stuck_closed: recovered {'internals_probe': 0} | cache 3 gens | 31.6 min
[87/400] cstr_closedloop_00086 cool_stuck_closed: recovered {'internals_probe': 0} | cache 3 gens | 32.1 min
[88/400] cstr_closedloop_00087 outlet_block: recovered {'internals_probe': 1} | cache 1 gens | 32.3 min
[89/400] cstr_closedloop_00088 outlet_block: recovered {'internals_probe': 1} | cache 1 gens | 32.5 min
[90/400] cstr_closedloop_00089 fouling: recovered {'internals_probe': 0} | cache 2 gens | 32.8 min
[91/400] cstr_closedloop_00090 pump_degrade: recovered {'internals_probe': 1} | cache 1 gens | 33.0 min
[92/400] cstr_closedloop_00091 outlet_block: recovered {'internals_probe': 0} | cache 2 gens | 33.3 min
[93/400] cstr_closedloop_00092 outlet_block: recovered {'internals_probe': 0} | cache 3 gens | 33.8 min
[94/400] cstr_closedloop_00093 outlet_block: recovered {'internals_probe': 1} | cache 1 gens | 33.9 min
[95/400] cstr_closedloop_00094 fouling: recovered {'internals_probe': 0} | cache 2 gens | 34.2 min
[96/400] cstr_closedloop_00095 cool_stuck_closed: recovered {'internals_probe': 0} | cache 3 gens | 34.8 min
[97/400] cstr_closedloop_00096 fouling: recovered {'internals_probe': 0} | cache 2 gens | 35.2 min
[98/400] cstr_closedloop_00097 pump_degrade: recovered {'internals_probe': 1} | cache 1 gens | 35.5 min
[99/400] cstr_closedloop_00098 pump_degrade: recovered {'internals_probe': 0} | cache 2 gens | 35.9 min
[100/400] cstr_closedloop_00099 outlet_block: recovered {'internals_probe': 1} | cache 1 gens | 36.1 min
[101/400] cstr_closedloop_00100 cool_stuck_closed: recovered {'internals_probe': 0} | cache 3 gens | 36.8 min
[102/400] cstr_closedloop_00101 outlet_block: recovered {'internals_probe': 0} | cache 2 gens | 37.1 min
[103/400] cstr_closedloop_00102 pump_degrade: recovered {'internals_probe': 0} | cache 2 gens | 37.4 min
[104/400] cstr_closedloop_00103 cool_stuck_closed: recovered {'internals_probe': 0} | cache 3 gens | 37.9 min
[105/400] cstr_closedloop_00104 outlet_block: recovered {'internals_probe': 1} | cache 1 gens | 38.1 min
[106/400] cstr_closedloop_00105 pump_degrade: recovered {'internals_probe': 0} | cache 3 gens | 38.5 min
[107/400] cstr_closedloop_00106 cool_stuck_closed: recovered {'internals_probe': 0} | cache 3 gens | 39.0 min
[108/400] cstr_closedloop_00107 outlet_block: recovered {'internals_probe': 1} | cache 1 gens | 39.2 min
[109/400] cstr_closedloop_00108 cool_stuck_closed: recovered {'internals_probe': 0} | cache 3 gens | 39.6 min
[110/400] cstr_closedloop_00109 cool_stuck_closed: recovered {'internals_probe': 1} | cache 1 gens | 39.9 min
[111/400] cstr_closedloop_00110 cool_stuck_closed: recovered {'internals_probe': 0} | cache 3 gens | 40.3 min
[112/400] cstr_closedloop_00111 outlet_block: recovered {'internals_probe': 0} | cache 3 gens | 40.8 min
[113/400] cstr_closedloop_00112 cool_stuck_closed: recovered {'internals_probe': 0} | cache 3 gens | 41.3 min
[114/400] cstr_closedloop_00113 pump_degrade: recovered {'internals_probe': 1} | cache 1 gens | 41.5 min
[115/400] cstr_closedloop_00114 outlet_block: recovered {'internals_probe': 0} | cache 2 gens | 41.9 min
[116/400] cstr_closedloop_00115 pump_degrade: recovered {'internals_probe': 0} | cache 2 gens | 42.2 min
[117/400] cstr_closedloop_00116 fouling: recovered {'internals_probe': 0} | cache 2 gens | 42.5 min
[118/400] cstr_closedloop_00117 fouling: recovered {'internals_probe': 0} | cache 2 gens | 42.8 min
[119/400] cstr_closedloop_00118 pump_degrade: recovered {'internals_probe': 0} | cache 2 gens | 43.1 min
[120/400] cstr_closedloop_00119 fouling: recovered {'internals_probe': 0} | cache 2 gens | 43.4 min
[121/400] cstr_closedloop_00120 cool_stuck_closed: recovered {'internals_probe': 0} | cache 3 gens | 43.8 min
[122/400] cstr_closedloop_00121 pump_degrade: recovered {'internals_probe': 0} | cache 3 gens | 44.3 min
[123/400] cstr_closedloop_00122 fouling: recovered {'internals_probe': 0} | cache 2 gens | 44.6 min
[124/400] cstr_closedloop_00123 pump_degrade: recovered {'internals_probe': 0} | cache 3 gens | 45.0 min
[125/400] cstr_closedloop_00124 fouling: recovered {'internals_probe': 0} | cache 3 gens | 45.6 min
[126/400] cstr_closedloop_00125 cool_stuck_closed: recovered {'internals_probe': 0} | cache 3 gens | 46.1 min
[127/400] cstr_closedloop_00126 fouling: recovered {'internals_probe': 0} | cache 3 gens | 46.6 min
[128/400] cstr_closedloop_00127 pump_degrade: recovered {'internals_probe': 1} | cache 1 gens | 46.7 min
[129/400] cstr_closedloop_00128 outlet_block: recovered {'internals_probe': 1} | cache 1 gens | 46.9 min
[130/400] cstr_closedloop_00129 cool_stuck_closed: recovered {'internals_probe': 0} | cache 3 gens | 47.3 min
[131/400] cstr_closedloop_00130 fouling: recovered {'internals_probe': 0} | cache 2 gens | 47.6 min
[132/400] cstr_closedloop_00131 fouling: recovered {'internals_probe': 0} | cache 2 gens | 47.9 min
[133/400] cstr_closedloop_00132 pump_degrade: recovered {'internals_probe': 0} | cache 2 gens | 48.3 min
[134/400] cstr_closedloop_00133 cool_stuck_closed: recovered {'internals_probe': 1} | cache 1 gens | 48.4 min
[135/400] cstr_closedloop_00134 pump_degrade: recovered {'internals_probe': 1} | cache 1 gens | 48.6 min
[136/400] cstr_closedloop_00135 fouling: recovered {'internals_probe': 0} | cache 2 gens | 48.9 min
[137/400] cstr_closedloop_00136 fouling: recovered {'internals_probe': 0} | cache 2 gens | 49.2 min
[138/400] cstr_closedloop_00137 outlet_block: recovered {'internals_probe': 1} | cache 1 gens | 49.4 min
[139/400] cstr_closedloop_00138 fouling: recovered {'internals_probe': 0} | cache 2 gens | 49.7 min
[140/400] cstr_closedloop_00139 fouling: recovered {'internals_probe': 0} | cache 2 gens | 49.9 min
[141/400] cstr_closedloop_00140 outlet_block: recovered {'internals_probe': 1} | cache 1 gens | 50.1 min
[142/400] cstr_closedloop_00141 outlet_block: recovered {'internals_probe': 1} | cache 1 gens | 50.4 min
[143/400] cstr_closedloop_00142 cool_stuck_closed: recovered {'internals_probe': 0} | cache 3 gens | 50.8 min
[144/400] cstr_closedloop_00143 pump_degrade: recovered {'internals_probe': 0} | cache 3 gens | 51.3 min
[145/400] cstr_closedloop_00144 fouling: recovered {'internals_probe': 0} | cache 3 gens | 51.8 min
[146/400] cstr_closedloop_00145 fouling: recovered {'internals_probe': 0} | cache 2 gens | 52.0 min
[147/400] cstr_closedloop_00146 fouling: recovered {'internals_probe': 0} | cache 2 gens | 52.4 min
[148/400] cstr_closedloop_00147 outlet_block: recovered {'internals_probe': 1} | cache 1 gens | 52.6 min
[149/400] cstr_closedloop_00148 outlet_block: recovered {'internals_probe': 1} | cache 1 gens | 52.9 min
[150/400] cstr_closedloop_00149 fouling: recovered {'internals_probe': 0} | cache 4 gens | 53.8 min
[151/400] cstr_closedloop_00150 fouling: recovered {'internals_probe': 0} | cache 2 gens | 54.2 min
[152/400] cstr_closedloop_00151 cool_stuck_closed: recovered {'internals_probe': 0} | cache 3 gens | 54.7 min
[153/400] cstr_closedloop_00152 fouling: recovered {'internals_probe': 0} | cache 2 gens | 55.0 min
[154/400] cstr_closedloop_00153 fouling: recovered {'internals_probe': 0} | cache 1 gens | 55.4 min
[155/400] cstr_closedloop_00154 outlet_block: recovered {'internals_probe': 1} | cache 1 gens | 55.6 min
[156/400] cstr_closedloop_00155 outlet_block: recovered {'internals_probe': 1} | cache 1 gens | 55.8 min
[157/400] cstr_closedloop_00156 pump_degrade: recovered {'internals_probe': 0} | cache 3 gens | 56.2 min
[158/400] cstr_closedloop_00157 cool_stuck_closed: recovered {'internals_probe': 1} | cache 1 gens | 56.4 min
[159/400] cstr_closedloop_00158 pump_degrade: recovered {'internals_probe': 0} | cache 2 gens | 56.8 min
[160/400] cstr_closedloop_00159 fouling: recovered {'internals_probe': 0} | cache 2 gens | 57.1 min
[161/400] cstr_closedloop_00160 cool_stuck_closed: recovered {'internals_probe': 0} | cache 3 gens | 57.6 min
[162/400] cstr_closedloop_00161 outlet_block: recovered {'internals_probe': 1} | cache 1 gens | 57.9 min
[163/400] cstr_closedloop_00162 outlet_block: recovered {'internals_probe': 1} | cache 1 gens | 58.1 min
[164/400] cstr_closedloop_00163 fouling: recovered {'internals_probe': 0} | cache 2 gens | 58.4 min
[165/400] cstr_closedloop_00164 fouling: recovered {'internals_probe': 0} | cache 3 gens | 58.9 min
[166/400] cstr_closedloop_00165 cool_stuck_closed: recovered {'internals_probe': 0} | cache 3 gens | 59.5 min
[167/400] cstr_closedloop_00166 cool_stuck_closed: recovered {'internals_probe': 0} | cache 3 gens | 60.0 min
[168/400] cstr_closedloop_00167 outlet_block: recovered {'internals_probe': 0} | cache 3 gens | 60.5 min
[169/400] cstr_closedloop_00168 pump_degrade: recovered {'internals_probe': 0} | cache 3 gens | 61.2 min
[170/400] cstr_closedloop_00169 pump_degrade: recovered {'internals_probe': 0} | cache 2 gens | 61.5 min
[171/400] cstr_closedloop_00170 fouling: recovered {'internals_probe': 0} | cache 2 gens | 61.8 min
[172/400] cstr_closedloop_00171 pump_degrade: recovered {'internals_probe': 1} | cache 1 gens | 62.0 min
[173/400] cstr_closedloop_00172 pump_degrade: recovered {'internals_probe': 1} | cache 1 gens | 62.2 min
[174/400] cstr_closedloop_00173 pump_degrade: recovered {'internals_probe': 0} | cache 3 gens | 62.6 min
[175/400] cstr_closedloop_00174 cool_stuck_closed: recovered {'internals_probe': 1} | cache 1 gens | 62.8 min
[176/400] cstr_closedloop_00175 fouling: recovered {'internals_probe': 0} | cache 2 gens | 63.1 min
[177/400] cstr_closedloop_00176 outlet_block: recovered {'internals_probe': 0} | cache 2 gens | 63.4 min
[178/400] cstr_closedloop_00177 cool_stuck_closed: recovered {'internals_probe': 0} | cache 3 gens | 63.9 min
[179/400] cstr_closedloop_00178 outlet_block: recovered {'internals_probe': 1} | cache 1 gens | 64.2 min
[180/400] cstr_closedloop_00179 pump_degrade: recovered {'internals_probe': 0} | cache 2 gens | 64.5 min
[181/400] cstr_closedloop_00180 outlet_block: recovered {'internals_probe': 1} | cache 1 gens | 64.7 min
[182/400] cstr_closedloop_00181 pump_degrade: recovered {'internals_probe': 0} | cache 2 gens | 65.0 min
[183/400] cstr_closedloop_00182 outlet_block: recovered {'internals_probe': 0} | cache 3 gens | 65.4 min
[184/400] cstr_closedloop_00183 outlet_block: recovered {'internals_probe': 1} | cache 1 gens | 65.5 min
[185/400] cstr_closedloop_00184 outlet_block: recovered {'internals_probe': 0} | cache 3 gens | 66.1 min
[186/400] cstr_closedloop_00185 cool_stuck_closed: recovered {'internals_probe': 0} | cache 3 gens | 66.6 min
[187/400] cstr_closedloop_00186 cool_stuck_closed: recovered {'internals_probe': 0} | cache 2 gens | 66.9 min
[188/400] cstr_closedloop_00187 cool_stuck_closed: recovered {'internals_probe': 1} | cache 1 gens | 67.1 min
[189/400] cstr_closedloop_00188 fouling: recovered {'internals_probe': 0} | cache 2 gens | 67.4 min
[190/400] cstr_closedloop_00189 fouling: recovered {'internals_probe': 0} | cache 2 gens | 67.7 min
[191/400] cstr_closedloop_00190 pump_degrade: recovered {'internals_probe': 0} | cache 3 gens | 68.1 min
[192/400] cstr_closedloop_00191 outlet_block: recovered {'internals_probe': 0} | cache 3 gens | 68.7 min
[193/400] cstr_closedloop_00192 pump_degrade: recovered {'internals_probe': 1} | cache 1 gens | 68.9 min
[194/400] cstr_closedloop_00193 pump_degrade: recovered {'internals_probe': 0} | cache 2 gens | 69.2 min
[195/400] cstr_closedloop_00194 fouling: recovered {'internals_probe': 0} | cache 2 gens | 69.8 min
[196/400] cstr_closedloop_00195 cool_stuck_closed: recovered {'internals_probe': 0} | cache 3 gens | 70.3 min
[197/400] cstr_closedloop_00196 fouling: recovered {'internals_probe': 0} | cache 2 gens | 70.6 min
[198/400] cstr_closedloop_00197 fouling: recovered {'internals_probe': 0} | cache 2 gens | 70.9 min
[199/400] cstr_closedloop_00198 outlet_block: recovered {'internals_probe': 1} | cache 1 gens | 71.1 min
[200/400] cstr_closedloop_00199 pump_degrade: recovered {'internals_probe': 1} | cache 1 gens | 71.3 min
[201/400] cstr_closedloop_00200 fouling: recovered {'internals_probe': 0} | cache 3 gens | 71.8 min
[202/400] cstr_closedloop_00201 fouling: recovered {'internals_probe': 0} | cache 2 gens | 72.2 min
[203/400] cstr_closedloop_00202 fouling: recovered {'internals_probe': 0} | cache 2 gens | 72.5 min
[204/400] cstr_closedloop_00203 pump_degrade: recovered {'internals_probe': 0} | cache 3 gens | 73.0 min
[205/400] cstr_closedloop_00204 pump_degrade: recovered {'internals_probe': 1} | cache 1 gens | 73.2 min
[206/400] cstr_closedloop_00205 outlet_block: recovered {'internals_probe': 0} | cache 3 gens | 73.6 min
[207/400] cstr_closedloop_00206 cool_stuck_closed: recovered {'internals_probe': 0} | cache 3 gens | 74.1 min
[208/400] cstr_closedloop_00207 pump_degrade: recovered {'internals_probe': 0} | cache 2 gens | 74.4 min
[209/400] cstr_closedloop_00208 cool_stuck_closed: recovered {'internals_probe': 0} | cache 3 gens | 74.9 min
[210/400] cstr_closedloop_00209 outlet_block: recovered {'internals_probe': 0} | cache 3 gens | 75.4 min
[211/400] cstr_closedloop_00210 cool_stuck_closed: recovered {'internals_probe': 0} | cache 4 gens | 76.1 min
[212/400] cstr_closedloop_00211 outlet_block: recovered {'internals_probe': 0} | cache 2 gens | 76.4 min
[213/400] cstr_closedloop_00212 fouling: recovered {'internals_probe': 0} | cache 3 gens | 77.0 min
[214/400] cstr_closedloop_00213 fouling: recovered {'internals_probe': 0} | cache 2 gens | 77.3 min
[215/400] cstr_closedloop_00214 cool_stuck_closed: recovered {'internals_probe': 0} | cache 2 gens | 77.6 min
[216/400] cstr_closedloop_00215 pump_degrade: recovered {'internals_probe': 0} | cache 3 gens | 78.2 min
[217/400] cstr_closedloop_00216 fouling: recovered {'internals_probe': 0} | cache 2 gens | 78.6 min
[218/400] cstr_closedloop_00217 cool_stuck_closed: recovered {'internals_probe': 1} | cache 1 gens | 78.7 min
[219/400] cstr_closedloop_00218 outlet_block: recovered {'internals_probe': 0} | cache 3 gens | 79.2 min
[220/400] cstr_closedloop_00219 outlet_block: recovered {'internals_probe': 1} | cache 1 gens | 79.4 min
[221/400] cstr_closedloop_00220 cool_stuck_closed: recovered {'internals_probe': 0} | cache 2 gens | 79.7 min
[222/400] cstr_closedloop_00221 fouling: recovered {'internals_probe': 0} | cache 2 gens | 80.0 min
[223/400] cstr_closedloop_00222 cool_stuck_closed: recovered {'internals_probe': 1} | cache 1 gens | 80.2 min
[224/400] cstr_closedloop_00223 fouling: recovered {'internals_probe': 0} | cache 2 gens | 80.4 min
[225/400] cstr_closedloop_00224 pump_degrade: recovered {'internals_probe': 1} | cache 1 gens | 80.6 min
[226/400] cstr_closedloop_00225 pump_degrade: recovered {'internals_probe': 0} | cache 3 gens | 81.0 min
[227/400] cstr_closedloop_00226 cool_stuck_closed: recovered {'internals_probe': 0} | cache 3 gens | 81.5 min
[228/400] cstr_closedloop_00227 outlet_block: recovered {'internals_probe': 0} | cache 2 gens | 81.8 min
[229/400] cstr_closedloop_00228 outlet_block: recovered {'internals_probe': 1} | cache 1 gens | 81.9 min
[230/400] cstr_closedloop_00229 outlet_block: recovered {'internals_probe': 0} | cache 2 gens | 82.2 min
[231/400] cstr_closedloop_00230 cool_stuck_closed: recovered {'internals_probe': 0} | cache 3 gens | 82.8 min
[232/400] cstr_closedloop_00231 pump_degrade: recovered {'internals_probe': 1} | cache 1 gens | 83.0 min
[233/400] cstr_closedloop_00232 cool_stuck_closed: recovered {'internals_probe': 1} | cache 1 gens | 83.1 min
[234/400] cstr_closedloop_00233 fouling: recovered {'internals_probe': 0} | cache 5 gens | 84.1 min
[235/400] cstr_closedloop_00234 fouling: recovered {'internals_probe': 0} | cache 2 gens | 84.4 min
[236/400] cstr_closedloop_00235 outlet_block: recovered {'internals_probe': 1} | cache 1 gens | 84.6 min
[237/400] cstr_closedloop_00236 pump_degrade: recovered {'internals_probe': 0} | cache 2 gens | 84.9 min
[238/400] cstr_closedloop_00237 outlet_block: recovered {'internals_probe': 1} | cache 1 gens | 85.1 min
[239/400] cstr_closedloop_00238 pump_degrade: recovered {'internals_probe': 1} | cache 1 gens | 85.4 min
[240/400] cstr_closedloop_00239 fouling: recovered {'internals_probe': 0} | cache 2 gens | 85.7 min
[241/400] cstr_closedloop_00240 fouling: recovered {'internals_probe': 0} | cache 2 gens | 86.1 min
[242/400] cstr_closedloop_00241 pump_degrade: recovered {'internals_probe': 0} | cache 2 gens | 86.4 min
[243/400] cstr_closedloop_00242 pump_degrade: recovered {'internals_probe': 0} | cache 3 gens | 86.9 min
[244/400] cstr_closedloop_00243 pump_degrade: recovered {'internals_probe': 0} | cache 2 gens | 87.2 min
[245/400] cstr_closedloop_00244 cool_stuck_closed: recovered {'internals_probe': 0} | cache 3 gens | 87.7 min
[246/400] cstr_closedloop_00245 pump_degrade: recovered {'internals_probe': 1} | cache 1 gens | 87.9 min
[247/400] cstr_closedloop_00246 fouling: recovered {'internals_probe': 0} | cache 2 gens | 88.2 min
[248/400] cstr_closedloop_00247 pump_degrade: recovered {'internals_probe': 1} | cache 1 gens | 88.4 min
[249/400] cstr_closedloop_00248 outlet_block: recovered {'internals_probe': 0} | cache 2 gens | 88.8 min
[250/400] cstr_closedloop_00249 cool_stuck_closed: recovered {'internals_probe': 0} | cache 3 gens | 89.3 min
[251/400] cstr_closedloop_00250 fouling: recovered {'internals_probe': 0} | cache 3 gens | 89.7 min
[252/400] cstr_closedloop_00251 pump_degrade: recovered {'internals_probe': 0} | cache 2 gens | 90.0 min
[253/400] cstr_closedloop_00252 fouling: recovered {'internals_probe': 0} | cache 2 gens | 90.4 min
[254/400] cstr_closedloop_00253 pump_degrade: recovered {'internals_probe': 1} | cache 1 gens | 90.5 min
[255/400] cstr_closedloop_00254 outlet_block: recovered {'internals_probe': 1} | cache 1 gens | 90.7 min
[256/400] cstr_closedloop_00255 cool_stuck_closed: recovered {'internals_probe': 0} | cache 3 gens | 91.3 min
[257/400] cstr_closedloop_00256 outlet_block: recovered {'internals_probe': 1} | cache 1 gens | 91.4 min
[258/400] cstr_closedloop_00257 cool_stuck_closed: recovered {'internals_probe': 0} | cache 3 gens | 92.1 min
[259/400] cstr_closedloop_00258 cool_stuck_closed: recovered {'internals_probe': 0} | cache 2 gens | 92.4 min
[260/400] cstr_closedloop_00259 outlet_block: recovered {'internals_probe': 0} | cache 3 gens | 92.8 min
[261/400] cstr_closedloop_00260 fouling: recovered {'internals_probe': 0} | cache 3 gens | 93.3 min
[262/400] cstr_closedloop_00261 cool_stuck_closed: recovered {'internals_probe': 0} | cache 2 gens | 93.7 min
[263/400] cstr_closedloop_00262 pump_degrade: recovered {'internals_probe': 1} | cache 1 gens | 93.9 min
[264/400] cstr_closedloop_00263 pump_degrade: recovered {'internals_probe': 1} | cache 1 gens | 94.2 min
[265/400] cstr_closedloop_00264 pump_degrade: recovered {'internals_probe': 1} | cache 1 gens | 94.3 min
[266/400] cstr_closedloop_00265 pump_degrade: recovered {'internals_probe': 1} | cache 1 gens | 94.6 min
[267/400] cstr_closedloop_00266 cool_stuck_closed: recovered {'internals_probe': 1} | cache 1 gens | 94.7 min
[268/400] cstr_closedloop_00267 cool_stuck_closed: recovered {'internals_probe': 0} | cache 3 gens | 95.2 min
[269/400] cstr_closedloop_00268 pump_degrade: recovered {'internals_probe': 1} | cache 1 gens | 95.3 min
[270/400] cstr_closedloop_00269 outlet_block: recovered {'internals_probe': 0} | cache 2 gens | 95.6 min
[271/400] cstr_closedloop_00270 fouling: recovered {'internals_probe': 0} | cache 2 gens | 95.9 min
[272/400] cstr_closedloop_00271 fouling: recovered {'internals_probe': 0} | cache 2 gens | 96.2 min
[273/400] cstr_closedloop_00272 fouling: recovered {'internals_probe': 0} | cache 2 gens | 96.6 min
[274/400] cstr_closedloop_00273 outlet_block: recovered {'internals_probe': 1} | cache 1 gens | 96.8 min
[275/400] cstr_closedloop_00274 pump_degrade: recovered {'internals_probe': 0} | cache 4 gens | 97.7 min
[276/400] cstr_closedloop_00275 fouling: recovered {'internals_probe': 0} | cache 2 gens | 98.3 min
[277/400] cstr_closedloop_00276 outlet_block: recovered {'internals_probe': 1} | cache 1 gens | 98.5 min
[278/400] cstr_closedloop_00277 fouling: recovered {'internals_probe': 0} | cache 3 gens | 99.0 min
[279/400] cstr_closedloop_00278 cool_stuck_closed: recovered {'internals_probe': 0} | cache 2 gens | 99.3 min
[280/400] cstr_closedloop_00279 outlet_block: recovered {'internals_probe': 0} | cache 3 gens | 99.7 min
[281/400] cstr_closedloop_00280 fouling: recovered {'internals_probe': 0} | cache 2 gens | 100.1 min
[282/400] cstr_closedloop_00281 pump_degrade: recovered {'internals_probe': 1} | cache 1 gens | 100.3 min
[283/400] cstr_closedloop_00282 outlet_block: recovered {'internals_probe': 1} | cache 1 gens | 100.5 min
[284/400] cstr_closedloop_00283 cool_stuck_closed: recovered {'internals_probe': 0} | cache 2 gens | 100.8 min
[285/400] cstr_closedloop_00284 outlet_block: recovered {'internals_probe': 1} | cache 1 gens | 101.1 min
[286/400] cstr_closedloop_00285 outlet_block: recovered {'internals_probe': 1} | cache 1 gens | 101.3 min
[287/400] cstr_closedloop_00286 pump_degrade: recovered {'internals_probe': 0} | cache 2 gens | 101.6 min
[288/400] cstr_closedloop_00287 cool_stuck_closed: recovered {'internals_probe': 0} | cache 3 gens | 102.1 min
[289/400] cstr_closedloop_00288 fouling: recovered {'internals_probe': 0} | cache 2 gens | 102.4 min
[290/400] cstr_closedloop_00289 outlet_block: recovered {'internals_probe': 1} | cache 1 gens | 102.6 min
[291/400] cstr_closedloop_00290 outlet_block: recovered {'internals_probe': 0} | cache 2 gens | 102.9 min
[292/400] cstr_closedloop_00291 outlet_block: recovered {'internals_probe': 1} | cache 1 gens | 103.1 min
[293/400] cstr_closedloop_00292 outlet_block: recovered {'internals_probe': 1} | cache 1 gens | 103.4 min
[294/400] cstr_closedloop_00293 fouling: recovered {'internals_probe': 0} | cache 3 gens | 103.8 min
[295/400] cstr_closedloop_00294 pump_degrade: recovered {'internals_probe': 0} | cache 3 gens | 104.3 min
[296/400] cstr_closedloop_00295 outlet_block: recovered {'internals_probe': 0} | cache 4 gens | 105.1 min
[297/400] cstr_closedloop_00296 outlet_block: recovered {'internals_probe': 1} | cache 1 gens | 105.3 min
[298/400] cstr_closedloop_00297 outlet_block: recovered {'internals_probe': 0} | cache 2 gens | 105.7 min
[299/400] cstr_closedloop_00298 outlet_block: recovered {'internals_probe': 1} | cache 1 gens | 105.9 min
[300/400] cstr_closedloop_00299 fouling: recovered {'internals_probe': 0} | cache 2 gens | 106.2 min
[301/400] cstr_closedloop_00300 cool_stuck_closed: recovered {'internals_probe': 1} | cache 1 gens | 106.4 min
[302/400] cstr_closedloop_00301 pump_degrade: recovered {'internals_probe': 1} | cache 1 gens | 106.6 min
[303/400] cstr_closedloop_00302 cool_stuck_closed: recovered {'internals_probe': 0} | cache 2 gens | 107.0 min
[304/400] cstr_closedloop_00303 cool_stuck_closed: recovered {'internals_probe': 0} | cache 3 gens | 107.5 min
[305/400] cstr_closedloop_00304 cool_stuck_closed: recovered {'internals_probe': 0} | cache 3 gens | 108.0 min
[306/400] cstr_closedloop_00305 fouling: recovered {'internals_probe': 0} | cache 2 gens | 108.3 min
[307/400] cstr_closedloop_00306 fouling: recovered {'internals_probe': 0} | cache 2 gens | 108.7 min
[308/400] cstr_closedloop_00307 pump_degrade: recovered {'internals_probe': 0} | cache 3 gens | 109.2 min
[309/400] cstr_closedloop_00308 outlet_block: recovered {'internals_probe': 1} | cache 1 gens | 109.4 min
[310/400] cstr_closedloop_00309 pump_degrade: recovered {'internals_probe': 1} | cache 1 gens | 109.7 min
[311/400] cstr_closedloop_00310 pump_degrade: recovered {'internals_probe': 0} | cache 3 gens | 110.2 min
[312/400] cstr_closedloop_00311 outlet_block: recovered {'internals_probe': 0} | cache 3 gens | 110.7 min
[313/400] cstr_closedloop_00312 pump_degrade: recovered {'internals_probe': 1} | cache 1 gens | 110.9 min
[314/400] cstr_closedloop_00313 outlet_block: recovered {'internals_probe': 1} | cache 1 gens | 111.1 min
[315/400] cstr_closedloop_00314 fouling: recovered {'internals_probe': 0} | cache 2 gens | 111.5 min
[316/400] cstr_closedloop_00315 cool_stuck_closed: recovered {'internals_probe': 1} | cache 1 gens | 111.7 min
[317/400] cstr_closedloop_00316 fouling: recovered {'internals_probe': 0} | cache 2 gens | 112.0 min
[318/400] cstr_closedloop_00317 cool_stuck_closed: recovered {'internals_probe': 0} | cache 3 gens | 112.7 min
[319/400] cstr_closedloop_00318 outlet_block: recovered {'internals_probe': 1} | cache 1 gens | 112.8 min
[320/400] cstr_closedloop_00319 pump_degrade: recovered {'internals_probe': 1} | cache 1 gens | 113.0 min
[321/400] cstr_closedloop_00320 fouling: recovered {'internals_probe': 0} | cache 2 gens | 113.4 min
[322/400] cstr_closedloop_00321 fouling: recovered {'internals_probe': 0} | cache 3 gens | 113.9 min
[323/400] cstr_closedloop_00322 pump_degrade: recovered {'internals_probe': 1} | cache 1 gens | 114.1 min
[324/400] cstr_closedloop_00323 cool_stuck_closed: recovered {'internals_probe': 0} | cache 3 gens | 114.5 min
[325/400] cstr_closedloop_00324 fouling: recovered {'internals_probe': 0} | cache 2 gens | 114.9 min
[326/400] cstr_closedloop_00325 pump_degrade: recovered {'internals_probe': 1} | cache 1 gens | 115.1 min
[327/400] cstr_closedloop_00326 fouling: recovered {'internals_probe': 0} | cache 2 gens | 115.4 min
[328/400] cstr_closedloop_00327 cool_stuck_closed: recovered {'internals_probe': 0} | cache 3 gens | 115.9 min
[329/400] cstr_closedloop_00328 cool_stuck_closed: recovered {'internals_probe': 0} | cache 2 gens | 116.6 min
[330/400] cstr_closedloop_00329 cool_stuck_closed: recovered {'internals_probe': 0} | cache 3 gens | 117.1 min
[331/400] cstr_closedloop_00330 pump_degrade: recovered {'internals_probe': 1} | cache 1 gens | 117.3 min
[332/400] cstr_closedloop_00331 cool_stuck_closed: recovered {'internals_probe': 0} | cache 3 gens | 117.8 min
[333/400] cstr_closedloop_00332 fouling: recovered {'internals_probe': 0} | cache 2 gens | 118.1 min
[334/400] cstr_closedloop_00333 fouling: recovered {'internals_probe': 0} | cache 3 gens | 118.6 min
[335/400] cstr_closedloop_00334 pump_degrade: recovered {'internals_probe': 0} | cache 3 gens | 119.1 min
[336/400] cstr_closedloop_00335 fouling: recovered {'internals_probe': 0} | cache 2 gens | 119.5 min
[337/400] cstr_closedloop_00336 cool_stuck_closed: recovered {'internals_probe': 0} | cache 2 gens | 119.9 min
[338/400] cstr_closedloop_00337 cool_stuck_closed: recovered {'internals_probe': 0} | cache 3 gens | 120.4 min
[339/400] cstr_closedloop_00338 fouling: recovered {'internals_probe': 0} | cache 2 gens | 120.9 min
[340/400] cstr_closedloop_00339 cool_stuck_closed: recovered {'internals_probe': 0} | cache 3 gens | 121.6 min
[341/400] cstr_closedloop_00340 outlet_block: recovered {'internals_probe': 0} | cache 2 gens | 121.9 min
[342/400] cstr_closedloop_00341 fouling: recovered {'internals_probe': 0} | cache 2 gens | 122.2 min
[343/400] cstr_closedloop_00342 pump_degrade: recovered {'internals_probe': 0} | cache 2 gens | 122.5 min
[344/400] cstr_closedloop_00343 outlet_block: recovered {'internals_probe': 1} | cache 1 gens | 122.8 min
[345/400] cstr_closedloop_00344 cool_stuck_closed: recovered {'internals_probe': 0} | cache 1 gens | 123.3 min
[346/400] cstr_closedloop_00345 pump_degrade: recovered {'internals_probe': 1} | cache 1 gens | 123.5 min
[347/400] cstr_closedloop_00346 pump_degrade: recovered {'internals_probe': 1} | cache 1 gens | 123.7 min
[348/400] cstr_closedloop_00347 cool_stuck_closed: recovered {'internals_probe': 1} | cache 1 gens | 123.9 min
[349/400] cstr_closedloop_00348 fouling: recovered {'internals_probe': 0} | cache 2 gens | 124.3 min
[350/400] cstr_closedloop_00349 cool_stuck_closed: recovered {'internals_probe': 1} | cache 1 gens | 124.5 min
[351/400] cstr_closedloop_00350 cool_stuck_closed: recovered {'internals_probe': 1} | cache 1 gens | 124.7 min
[352/400] cstr_closedloop_00351 pump_degrade: recovered {'internals_probe': 0} | cache 4 gens | 125.5 min
[353/400] cstr_closedloop_00352 fouling: recovered {'internals_probe': 0} | cache 4 gens | 126.1 min
[354/400] cstr_closedloop_00353 pump_degrade: recovered {'internals_probe': 0} | cache 3 gens | 126.6 min
[355/400] cstr_closedloop_00354 pump_degrade: recovered {'internals_probe': 0} | cache 2 gens | 126.8 min
[356/400] cstr_closedloop_00355 cool_stuck_closed: recovered {'internals_probe': 0} | cache 3 gens | 127.2 min
[357/400] cstr_closedloop_00356 outlet_block: recovered {'internals_probe': 1} | cache 1 gens | 127.5 min
[358/400] cstr_closedloop_00357 fouling: recovered {'internals_probe': 0} | cache 2 gens | 127.8 min
[359/400] cstr_closedloop_00358 outlet_block: recovered {'internals_probe': 1} | cache 1 gens | 128.0 min
[360/400] cstr_closedloop_00359 cool_stuck_closed: recovered {'internals_probe': 1} | cache 1 gens | 128.3 min
[361/400] cstr_closedloop_00360 fouling: recovered {'internals_probe': 0} | cache 3 gens | 128.8 min
[362/400] cstr_closedloop_00361 cool_stuck_closed: recovered {'internals_probe': 1} | cache 1 gens | 129.0 min
[363/400] cstr_closedloop_00362 cool_stuck_closed: recovered {'internals_probe': 1} | cache 1 gens | 129.1 min
[364/400] cstr_closedloop_00363 outlet_block: recovered {'internals_probe': 0} | cache 3 gens | 129.6 min
[365/400] cstr_closedloop_00364 cool_stuck_closed: recovered {'internals_probe': 0} | cache 3 gens | 130.0 min
[366/400] cstr_closedloop_00365 cool_stuck_closed: recovered {'internals_probe': 1} | cache 1 gens | 130.2 min
[367/400] cstr_closedloop_00366 cool_stuck_closed: recovered {'internals_probe': 0} | cache 3 gens | 130.7 min
[368/400] cstr_closedloop_00367 outlet_block: recovered {'internals_probe': 1} | cache 1 gens | 130.9 min
[369/400] cstr_closedloop_00368 pump_degrade: recovered {'internals_probe': 1} | cache 1 gens | 131.2 min
[370/400] cstr_closedloop_00369 cool_stuck_closed: recovered {'internals_probe': 1} | cache 1 gens | 131.4 min
[371/400] cstr_closedloop_00370 fouling: recovered {'internals_probe': 0} | cache 2 gens | 131.7 min
[372/400] cstr_closedloop_00371 fouling: recovered {'internals_probe': 0} | cache 2 gens | 132.0 min
[373/400] cstr_closedloop_00372 pump_degrade: recovered {'internals_probe': 1} | cache 1 gens | 132.1 min
[374/400] cstr_closedloop_00373 pump_degrade: recovered {'internals_probe': 1} | cache 1 gens | 132.4 min
[375/400] cstr_closedloop_00374 pump_degrade: recovered {'internals_probe': 1} | cache 1 gens | 132.6 min
[376/400] cstr_closedloop_00375 pump_degrade: recovered {'internals_probe': 1} | cache 1 gens | 132.8 min
[377/400] cstr_closedloop_00376 fouling: recovered {'internals_probe': 0} | cache 2 gens | 133.2 min
[378/400] cstr_closedloop_00377 fouling: recovered {'internals_probe': 0} | cache 2 gens | 133.5 min
[379/400] cstr_closedloop_00378 fouling: recovered {'internals_probe': 0} | cache 2 gens | 133.8 min
[380/400] cstr_closedloop_00379 outlet_block: recovered {'internals_probe': 0} | cache 2 gens | 134.2 min
[381/400] cstr_closedloop_00380 outlet_block: recovered {'internals_probe': 0} | cache 2 gens | 134.5 min
[382/400] cstr_closedloop_00381 cool_stuck_closed: recovered {'internals_probe': 0} | cache 3 gens | 135.0 min
[383/400] cstr_closedloop_00382 fouling: recovered {'internals_probe': 0} | cache 3 gens | 135.5 min
[384/400] cstr_closedloop_00383 pump_degrade: recovered {'internals_probe': 1} | cache 1 gens | 135.7 min
[385/400] cstr_closedloop_00384 pump_degrade: recovered {'internals_probe': 0} | cache 3 gens | 136.1 min
[386/400] cstr_closedloop_00385 outlet_block: recovered {'internals_probe': 1} | cache 1 gens | 136.3 min
[387/400] cstr_closedloop_00386 outlet_block: recovered {'internals_probe': 0} | cache 2 gens | 136.6 min
[388/400] cstr_closedloop_00387 cool_stuck_closed: recovered {'internals_probe': 0} | cache 3 gens | 137.2 min
[389/400] cstr_closedloop_00388 outlet_block: recovered {'internals_probe': 0} | cache 3 gens | 137.7 min
[390/400] cstr_closedloop_00389 fouling: recovered {'internals_probe': 0} | cache 2 gens | 138.0 min
[391/400] cstr_closedloop_00390 outlet_block: recovered {'internals_probe': 0} | cache 3 gens | 138.6 min
[392/400] cstr_closedloop_00391 fouling: recovered {'internals_probe': 0} | cache 3 gens | 139.1 min
[393/400] cstr_closedloop_00392 outlet_block: recovered {'internals_probe': 1} | cache 1 gens | 139.3 min
[394/400] cstr_closedloop_00393 fouling: recovered {'internals_probe': 0} | cache 2 gens | 139.6 min
[395/400] cstr_closedloop_00394 pump_degrade: recovered {'internals_probe': 1} | cache 1 gens | 139.8 min
[396/400] cstr_closedloop_00395 fouling: recovered {'internals_probe': 0} | cache 2 gens | 140.1 min
[397/400] cstr_closedloop_00396 fouling: recovered {'internals_probe': 0} | cache 2 gens | 140.5 min
[398/400] cstr_closedloop_00397 pump_degrade: recovered {'internals_probe': 1} | cache 1 gens | 140.6 min
[399/400] cstr_closedloop_00398 cool_stuck_closed: recovered {'internals_probe': 0} | cache 3 gens | 141.1 min
[400/400] cstr_closedloop_00399 outlet_block: recovered {'internals_probe': 1} | cache 1 gens | 141.3 min
{"run_dir": "C:\\Users\\jv624\\Desktop\\fsm_reliability\\outputs\\cstr_closed_loop\\20261008_041617_qwen25-15b_internals", "hours": 2.35}
