python.exe : 
At C:\Users\jv624\Desktop\fsm_reliability\outputs\model_set_queue.ps1:11 char:5
+     & $py @pyArgs 2>&1 | Out-File -Encoding utf8 "outputs\queue_$name ...
+     ~~~~~~~~~~~~~~~~~~
    + CategoryInfo          : NotSpecified: (:String) [], RemoteException
    + FullyQualifiedErrorId : NativeCommandError
 
Loading weights:   0%|          | 0/218 [00:00<?, ?it/s]
Loading weights:   0%|          | 1/218 [00:00<00:44,  4.83it/s]
Loading weights:   6%|Γûî         | 12/218 [00:00<00:04, 46.63it/s]
Loading weights:  10%|Γûë         | 21/218 [00:00<00:03, 58.06it/s]
Loading weights:  14%|ΓûêΓûì        | 30/218 [00:00<00:02, 66.76it/s]
Loading weights:  18%|ΓûêΓûè        | 39/218 [00:00<00:02, 71.57it/s]
Loading weights:  22%|ΓûêΓûêΓûÅ       | 48/218 [00:00<00:02, 74.72it/s]
Loading weights:  26%|ΓûêΓûêΓûî       | 57/218 [00:00<00:02, 76.93it/s]
Loading weights:  30%|ΓûêΓûêΓûê       | 66/218 [00:00<00:01, 79.35it/s]
Loading weights:  34%|ΓûêΓûêΓûêΓûì      | 75/218 [00:01<00:01, 79.43it/s]
Loading weights:  39%|ΓûêΓûêΓûêΓûè      | 84/218 [00:01<00:01, 79.55it/s]
Loading weights:  43%|ΓûêΓûêΓûêΓûêΓûÄ     | 93/218 [00:01<00:01, 79.69it/s]
Loading weights:  47%|ΓûêΓûêΓûêΓûêΓûï     | 102/218 [00:01<00:01, 79.00it/s]
Loading weights:  51%|ΓûêΓûêΓûêΓûêΓûê     | 111/218 [00:01<00:01, 78.99it/s]
Loading weights:  55%|ΓûêΓûêΓûêΓûêΓûêΓûî    | 120/218 [00:01<00:01, 80.46it/s]
Loading weights:  59%|ΓûêΓûêΓûêΓûêΓûêΓûë    | 129/218 [00:01<00:01, 77.12it/s]
Loading weights:  63%|ΓûêΓûêΓûêΓûêΓûêΓûêΓûÄ   | 138/218 [00:01<00:01, 75.79it/s]
Loading weights:  67%|ΓûêΓûêΓûêΓûêΓûêΓûêΓûï   | 147/218 [00:02<00:00, 77.23it/s]
Loading weights:  72%|ΓûêΓûêΓûêΓûêΓûêΓûêΓûêΓûÅ  | 156/218 [00:02<00:00, 77.10it/s]
Loading weights:  76%|ΓûêΓûêΓûêΓûêΓûêΓûêΓûêΓûî  | 165/218 [00:02<00:00, 78.65it/s]
Loading weights:  80%|ΓûêΓûêΓûêΓûêΓûêΓûêΓûêΓûë  | 174/218 [00:02<00:00, 77.94it/s]
Loading weights:  84%|ΓûêΓûêΓûêΓûêΓûêΓûêΓûêΓûêΓûì | 183/218 [00:02<00:00, 79.00it/s]
Loading weights:  88%|ΓûêΓûêΓûêΓûêΓûêΓûêΓûêΓûêΓûè | 192/218 [00:02<00:00, 76.49it/s]
Loading weights:  92%|ΓûêΓûêΓûêΓûêΓûêΓûêΓûêΓûêΓûêΓûÅ| 200/218 [00:02<00:00, 76.31it/s]
Loading weights:  95%|ΓûêΓûêΓûêΓûêΓûêΓûêΓûêΓûêΓûêΓûî| 208/218 [00:02<00:00, 69.97it/s]
Loading weights:  99%|ΓûêΓûêΓûêΓûêΓûêΓûêΓûêΓûêΓûêΓûë| 216/218 [00:02<00:00, 68.25it/s]
Loading weights: 100%|ΓûêΓûêΓûêΓûêΓûêΓûêΓûêΓûêΓûêΓûê| 218/218 [00:02<00:00, 73.30it/s]

  0%|          | 0/1060 [00:00<?, ?it/s]
  0%|          | 1/1060 [00:02<41:11,  2.33s/it]
  0%|          | 2/1060 [00:06<58:53,  3.34s/it]
  0%|          | 3/1060 [00:09<54:20,  3.08s/it]
  0%|          | 4/1060 [00:11<51:16,  2.91s/it]
  0%|          | 5/1060 [00:13<46:03,  2.62s/it]
  1%|          | 6/1060 [00:19<1:03:37,  3.62s/it]
  1%|          | 7/1060 [00:22<59:10,  3.37s/it]  
  1%|          | 8/1060 [00:24<55:02,  3.14s/it]
  1%|          | 9/1060 [00:27<49:05,  2.80s/it]
  1%|          | 10/1060 [00:29<48:30,  2.77s/it]
  1%|          | 11/1060 [00:35<1:02:55,  3.60s/it]
  1%|          | 12/1060 [00:37<57:21,  3.28s/it]  
  1%|          | 13/1060 [00:40<53:08,  3.05s/it]
  1%|ΓûÅ         | 14/1060 [00:42<50:33,  2.90s/it]
  1%|ΓûÅ         | 15/1060 [00:45<47:19,  2.72s/it]
  2%|ΓûÅ         | 16/1060 [00:47<45:23,  2.61s/it]
  2%|ΓûÅ         | 17/1060 [00:49<44:26,  2.56s/it]
  2%|ΓûÅ         | 18/1060 [00:52<43:47,  2.52s/it]
  2%|ΓûÅ         | 19/1060 [00:54<43:33,  2.51s/it]
  2%|ΓûÅ         | 20/1060 [00:57<46:09,  2.66s/it]
  2%|ΓûÅ         | 21/1060 [01:00<46:17,  2.67s/it]
  2%|ΓûÅ         | 22/1060 [01:06<1:01:00,  3.53s/it]
  2%|ΓûÅ         | 23/1060 [01:08<54:17,  3.14s/it]  
  2%|ΓûÅ         | 24/1060 [01:11<52:10,  3.02s/it]
  2%|ΓûÅ         | 25/1060 [01:13<49:06,  2.85s/it]
  2%|ΓûÅ         | 26/1060 [01:16<48:10,  2.80s/it]
  3%|ΓûÄ         | 27/1060 [01:18<44:23,  2.58s/it]
  3%|ΓûÄ         | 28/1060 [01:21<46:48,  2.72s/it]
  3%|ΓûÄ         | 29/1060 [01:23<43:34,  2.54s/it]
  3%|ΓûÄ         | 30/1060 [01:26<45:29,  2.65s/it]
  3%|ΓûÄ         | 31/1060 [01:28<43:26,  2.53s/it]
  3%|ΓûÄ         | 32/1060 [01:31<45:28,  2.65s/it]
  3%|ΓûÄ         | 33/1060 [01:39<1:12:41,  4.25s/it]
  3%|ΓûÄ         | 34/1060 [01:42<1:06:29,  3.89s/it]
  3%|ΓûÄ         | 35/1060 [01:44<58:36,  3.43s/it]  
  3%|ΓûÄ         | 36/1060 [01:48<58:32,  3.43s/it]
  3%|ΓûÄ         | 37/1060 [01:50<51:54,  3.04s/it]
  4%|ΓûÄ         | 38/1060 [01:53<49:46,  2.92s/it]
  4%|ΓûÄ         | 39/1060 [01:55<46:14,  2.72s/it]
  4%|Γûì         | 40/1060 [01:58<46:08,  2.71s/it]
  4%|Γûì         | 41/1060 [02:00<43:57,  2.59s/it]
  4%|Γûì         | 42/1060 [02:03<46:38,  2.75s/it]
  4%|Γûì         | 43/1060 [02:05<43:36,  2.57s/it]
  4%|Γûì         | 44/1060 [02:13<1:09:46,  4.12s/it]
  4%|Γûì         | 45/1060 [02:21<1:28:32,  5.23s/it]
  4%|Γûì         | 46/1060 [02:24<1:18:55,  4.67s/it]
  4%|Γûì         | 47/1060 [02:27<1:10:56,  4.20s/it]
  5%|Γûì         | 48/1060 [02:30<1:02:21,  3.70s/it]
  5%|Γûì         | 49/1060 [02:32<54:45,  3.25s/it]  
  5%|Γûì         | 50/1060 [02:35<51:38,  3.07s/it]
  5%|Γûì         | 51/1060 [02:37<46:55,  2.79s/it]
  5%|Γûì         | 52/1060 [02:39<45:29,  2.71s/it]
  5%|Γûî         | 53/1060 [02:42<47:28,  2.83s/it]
  5%|Γûî         | 54/1060 [02:45<46:53,  2.80s/it]
  5%|Γûî         | 55/1060 [02:48<47:33,  2.84s/it]
  5%|Γûî         | 56/1060 [02:51<48:04,  2.87s/it]
  5%|Γûî         | 57/1060 [02:54<49:48,  2.98s/it]
  5%|Γûî         | 58/1060 [03:00<1:02:15,  3.73s/it]
  6%|Γûî         | 59/1060 [03:02<54:42,  3.28s/it]  
  6%|Γûî         | 60/1060 [03:05<53:29,  3.21s/it]
  6%|Γûî         | 61/1060 [03:07<48:19,  2.90s/it]
  6%|Γûî         | 62/1060 [03:10<47:01,  2.83s/it]
  6%|Γûî         | 63/1060 [03:12<43:38,  2.63s/it]
  6%|Γûî         | 64/1060 [03:14<43:29,  2.62s/it]
  6%|Γûî         | 65/1060 [03:17<41:02,  2.47s/it]
  6%|Γûî         | 66/1060 [03:19<42:05,  2.54s/it]
  6%|Γûï         | 67/1060 [03:21<39:55,  2.41s/it]
  6%|Γûï         | 68/1060 [03:24<39:44,  2.40s/it]
  7%|Γûï         | 69/1060 [03:27<41:47,  2.53s/it]
  7%|Γûï         | 70/1060 [03:29<42:20,  2.57s/it]
  7%|Γûï         | 71/1060 [03:35<59:55,  3.64s/it]
  7%|Γûï         | 72/1060 [03:38<54:23,  3.30s/it]
  7%|Γûï         | 73/1060 [03:45<1:10:38,  4.29s/it]
  7%|Γûï         | 74/1060 [03:47<1:02:32,  3.81s/it]
  7%|Γûï         | 75/1060 [03:50<56:52,  3.46s/it]  
  7%|Γûï         | 76/1060 [03:52<51:48,  3.16s/it]
  7%|Γûï         | 77/1060 [03:54<46:40,  2.85s/it]
  7%|Γûï         | 78/1060 [04:01<1:04:57,  3.97s/it]
  7%|Γûï         | 79/1060 [04:07<1:15:40,  4.63s/it]
  8%|Γûè         | 80/1060 [04:11<1:11:03,  4.35s/it]
  8%|Γûè         | 81/1060 [04:14<1:02:31,  3.83s/it]
  8%|Γûè         | 82/1060 [04:16<55:25,  3.40s/it]  
  8%|Γûè         | 83/1060 [04:18<49:52,  3.06s/it]
  8%|Γûè         | 84/1060 [04:21<47:21,  2.91s/it]
  8%|Γûè         | 85/1060 [04:26<57:32,  3.54s/it]
  8%|Γûè         | 86/1060 [04:29<55:49,  3.44s/it]
  8%|Γûè         | 87/1060 [04:31<49:55,  3.08s/it]
  8%|Γûè         | 88/1060 [04:34<48:06,  2.97s/it]
  8%|Γûè         | 89/1060 [04:36<44:51,  2.77s/it]
  8%|Γûè         | 90/1060 [04:39<43:26,  2.69s/it]
  9%|Γûè         | 91/1060 [04:41<40:44,  2.52s/it]
  9%|Γûè         | 92/1060 [04:43<40:24,  2.50s/it]
  9%|Γûë         | 93/1060 [04:45<38:25,  2.38s/it]
  9%|Γûë         | 94/1060 [04:49<42:21,  2.63s/it]
  9%|Γûë         | 95/1060 [04:51<42:25,  2.64s/it]
  9%|Γûë         | 96/1060 [04:55<47:34,  2.96s/it]
  9%|Γûë         | 97/1060 [04:57<44:36,  2.78s/it]
  9%|Γûë         | 98/1060 [05:00<45:14,  2.82s/it]
  9%|Γûë         | 99/1060 [05:03<42:37,  2.66s/it]
  9%|Γûë         | 100/1060 [05:05<43:18,  2.71s/it]
 10%|Γûë         | 101/1060 [05:07<39:39,  2.48s/it]
 10%|Γûë         | 102/1060 [05:10<41:51,  2.62s/it]
 10%|Γûë         | 103/1060 [05:13<40:47,  2.56s/it]
 10%|Γûë         | 104/1060 [05:15<40:41,  2.55s/it]
 10%|Γûë         | 105/1060 [05:18<41:50,  2.63s/it]
 10%|Γûê         | 106/1060 [05:22<46:06,  2.90s/it]
 10%|Γûê         | 107/1060 [05:27<59:14,  3.73s/it]
 10%|Γûê         | 108/1060 [05:30<55:00,  3.47s/it]
 10%|Γûê         | 109/1060 [05:33<50:00,  3.15s/it]
 10%|Γûê         | 110/1060 [05:35<47:25,  3.00s/it]
 10%|Γûê         | 111/1060 [05:37<43:13,  2.73s/it]
 11%|Γûê         | 112/1060 [05:44<59:52,  3.79s/it]
 11%|Γûê         | 113/1060 [05:46<53:59,  3.42s/it]
 11%|Γûê         | 114/1060 [05:49<50:30,  3.20s/it]
 11%|Γûê         | 115/1060 [05:51<45:53,  2.91s/it]
 11%|Γûê         | 116/1060 [05:54<46:57,  2.98s/it]
 11%|Γûê         | 117/1060 [05:59<57:26,  3.66s/it]
 11%|Γûê         | 118/1060 [06:02<52:57,  3.37s/it]
 11%|Γûê         | 119/1060 [06:04<47:56,  3.06s/it]
 11%|ΓûêΓûÅ        | 120/1060 [06:07<46:10,  2.95s/it]
 11%|ΓûêΓûÅ        | 121/1060 [06:09<42:48,  2.74s/it]
 12%|ΓûêΓûÅ        | 122/1060 [06:12<41:35,  2.66s/it]
 12%|ΓûêΓûÅ        | 123/1060 [06:14<39:30,  2.53s/it]
 12%|ΓûêΓûÅ        | 124/1060 [06:17<40:47,  2.61s/it]
 12%|ΓûêΓûÅ        | 125/1060 [06:21<47:37,  3.06s/it]
 12%|ΓûêΓûÅ        | 126/1060 [06:24<45:57,  2.95s/it]
 12%|ΓûêΓûÅ        | 127/1060 [06:26<42:35,  2.74s/it]
 12%|ΓûêΓûÅ        | 128/1060 [06:29<42:13,  2.72s/it]
 12%|ΓûêΓûÅ        | 129/1060 [06:34<54:00,  3.48s/it]
 12%|ΓûêΓûÅ        | 130/1060 [06:37<51:15,  3.31s/it]
 12%|ΓûêΓûÅ        | 131/1060 [06:40<48:41,  3.14s/it]
 12%|ΓûêΓûÅ        | 132/1060 [06:42<45:29,  2.94s/it]
 13%|ΓûêΓûÄ        | 133/1060 [06:44<41:44,  2.70s/it]
 13%|ΓûêΓûÄ        | 134/1060 [06:47<42:05,  2.73s/it]
 13%|ΓûêΓûÄ        | 135/1060 [06:49<39:22,  2.55s/it]
 13%|ΓûêΓûÄ        | 136/1060 [06:52<38:59,  2.53s/it]
 13%|ΓûêΓûÄ        | 137/1060 [06:54<39:29,  2.57s/it]
 13%|ΓûêΓûÄ        | 138/1060 [06:57<39:38,  2.58s/it]
 13%|ΓûêΓûÄ        | 139/1060 [06:59<38:08,  2.48s/it]
 13%|ΓûêΓûÄ        | 140/1060 [07:02<38:25,  2.51s/it]
 13%|ΓûêΓûÄ        | 141/1060 [07:04<37:33,  2.45s/it]
 13%|ΓûêΓûÄ        | 142/1060 [07:07<38:38,  2.53s/it]
 13%|ΓûêΓûÄ        | 143/1060 [07:09<37:28,  2.45s/it]
 14%|ΓûêΓûÄ        | 144/1060 [07:11<37:50,  2.48s/it]
 14%|ΓûêΓûÄ        | 145/1060 [07:14<38:50,  2.55s/it]
 14%|ΓûêΓûì        | 146/1060 [07:17<39:09,  2.57s/it]
 14%|ΓûêΓûì        | 147/1060 [07:19<36:54,  2.43s/it]
 14%|ΓûêΓûì        | 148/1060 [07:21<37:25,  2.46s/it]
 14%|ΓûêΓûì        | 149/1060 [07:24<36:52,  2.43s/it]
 14%|ΓûêΓûì        | 150/1060 [07:26<37:01,  2.44s/it]
 14%|ΓûêΓûì        | 151/1060 [07:29<36:13,  2.39s/it]
 14%|ΓûêΓûì        | 152/1060 [07:31<37:16,  2.46s/it]
 14%|ΓûêΓûì        | 153/1060 [07:34<37:56,  2.51s/it]
 15%|ΓûêΓûì        | 154/1060 [07:36<38:19,  2.54s/it]
 15%|ΓûêΓûì        | 155/1060 [07:39<39:42,  2.63s/it]
 15%|ΓûêΓûì        | 156/1060 [07:44<49:23,  3.28s/it]
 15%|ΓûêΓûì        | 157/1060 [07:46<43:41,  2.90s/it]
 15%|ΓûêΓûì        | 158/1060 [07:49<43:31,  2.90s/it]
 15%|ΓûêΓûî        | 159/1060 [07:51<41:15,  2.75s/it]
 15%|ΓûêΓûî        | 160/1060 [07:54<39:48,  2.65s/it]
 15%|ΓûêΓûî        | 161/1060 [07:56<39:30,  2.64s/it]
 15%|ΓûêΓûî        | 162/1060 [07:59<39:36,  2.65s/it]
 15%|ΓûêΓûî        | 163/1060 [08:05<54:33,  3.65s/it]
 15%|ΓûêΓûî        | 164/1060 [08:08<50:15,  3.37s/it]
 16%|ΓûêΓûî        | 165/1060 [08:10<45:14,  3.03s/it]
 16%|ΓûêΓûî        | 166/1060 [08:13<43:46,  2.94s/it]
 16%|ΓûêΓûî        | 167/1060 [08:15<40:40,  2.73s/it]
 16%|ΓûêΓûî        | 168/1060 [08:18<41:29,  2.79s/it]
 16%|ΓûêΓûî        | 169/1060 [08:20<38:20,  2.58s/it]
 16%|ΓûêΓûî        | 170/1060 [08:22<38:03,  2.57s/it]
 16%|ΓûêΓûî        | 171/1060 [08:25<36:23,  2.46s/it]
 16%|ΓûêΓûî        | 172/1060 [08:27<37:12,  2.51s/it]
 16%|ΓûêΓûï        | 173/1060 [08:30<36:29,  2.47s/it]
 16%|ΓûêΓûï        | 174/1060 [08:32<37:14,  2.52s/it]
 17%|ΓûêΓûï        | 175/1060 [08:44<1:16:02,  5.16s/it]
 17%|ΓûêΓûï        | 176/1060 [08:48<1:11:17,  4.84s/it]
 17%|ΓûêΓûï        | 177/1060 [08:54<1:18:14,  5.32s/it]
 17%|ΓûêΓûï        | 178/1060 [08:56<1:02:48,  4.27s/it]
 17%|ΓûêΓûï        | 179/1060 [08:58<54:16,  3.70s/it]  
 17%|ΓûêΓûï        | 180/1060 [09:02<51:56,  3.54s/it]
 17%|ΓûêΓûï        | 181/1060 [09:08<1:04:18,  4.39s/it]
 17%|ΓûêΓûï        | 182/1060 [09:10<55:38,  3.80s/it]  
 17%|ΓûêΓûï        | 183/1060 [09:15<1:01:23,  4.20s/it]
 17%|ΓûêΓûï        | 184/1060 [09:18<55:39,  3.81s/it]  
 17%|ΓûêΓûï        | 185/1060 [09:21<49:31,  3.40s/it]
 18%|ΓûêΓûè        | 186/1060 [09:23<45:45,  3.14s/it]
 18%|ΓûêΓûè        | 187/1060 [09:26<43:35,  3.00s/it]
 18%|ΓûêΓûè        | 188/1060 [09:28<41:03,  2.83s/it]
 18%|ΓûêΓûè        | 189/1060 [09:31<38:31,  2.65s/it]
 18%|ΓûêΓûè        | 190/1060 [09:33<38:33,  2.66s/it]
 18%|ΓûêΓûè        | 191/1060 [09:36<37:15,  2.57s/it]
 18%|ΓûêΓûè        | 192/1060 [09:38<37:22,  2.58s/it]
 18%|ΓûêΓûè        | 193/1060 [09:41<36:09,  2.50s/it]
 18%|ΓûêΓûè        | 194/1060 [09:43<37:07,  2.57s/it]
 18%|ΓûêΓûè        | 195/1060 [09:46<37:51,  2.63s/it]
 18%|ΓûêΓûè        | 196/1060 [09:49<36:56,  2.57s/it]
 19%|ΓûêΓûè        | 197/1060 [09:56<57:44,  4.01s/it]
 19%|ΓûêΓûè        | 198/1060 [09:59<54:09,  3.77s/it]
 19%|ΓûêΓûë        | 199/1060 [10:02<47:56,  3.34s/it]
 19%|ΓûêΓûë        | 200/1060 [10:04<45:16,  3.16s/it]
 19%|ΓûêΓûë        | 201/1060 [10:06<40:31,  2.83s/it]
 19%|ΓûêΓûë        | 202/1060 [10:09<40:32,  2.83s/it]
 19%|ΓûêΓûë        | 203/1060 [10:12<39:02,  2.73s/it]
 19%|ΓûêΓûë        | 204/1060 [10:14<38:37,  2.71s/it]
 19%|ΓûêΓûë        | 205/1060 [10:17<36:39,  2.57s/it]
 19%|ΓûêΓûë        | 206/1060 [10:19<36:26,  2.56s/it]
 20%|ΓûêΓûë        | 207/1060 [10:22<37:03,  2.61s/it]
 20%|ΓûêΓûë        | 208/1060 [10:24<36:04,  2.54s/it]
 20%|ΓûêΓûë        | 209/1060 [10:26<34:33,  2.44s/it]
 20%|ΓûêΓûë        | 210/1060 [10:29<35:13,  2.49s/it]
 20%|ΓûêΓûë        | 211/1060 [10:36<53:19,  3.77s/it]
 20%|ΓûêΓûê        | 212/1060 [10:38<48:18,  3.42s/it]
 20%|ΓûêΓûê        | 213/1060 [10:41<45:18,  3.21s/it]
 20%|ΓûêΓûê        | 214/1060 [10:44<43:08,  3.06s/it]
 20%|ΓûêΓûê        | 215/1060 [10:46<39:11,  2.78s/it]
 20%|ΓûêΓûê        | 216/1060 [10:49<38:28,  2.74s/it]
 20%|ΓûêΓûê        | 217/1060 [10:51<36:29,  2.60s/it]
 21%|ΓûêΓûê        | 218/1060 [10:53<36:30,  2.60s/it]
 21%|ΓûêΓûê        | 219/1060 [10:56<34:54,  2.49s/it]
 21%|ΓûêΓûê        | 220/1060 [10:58<34:49,  2.49s/it]
 21%|ΓûêΓûê        | 221/1060 [11:01<35:55,  2.57s/it]
 21%|ΓûêΓûê        | 222/1060 [11:04<36:05,  2.58s/it]
 21%|ΓûêΓûê        | 223/1060 [11:06<34:34,  2.48s/it]
 21%|ΓûêΓûê        | 224/1060 [11:08<34:33,  2.48s/it]
 21%|ΓûêΓûê        | 225/1060 [11:11<34:59,  2.51s/it]
 21%|ΓûêΓûêΓûÅ       | 226/1060 [11:20<1:04:43,  4.66s/it]
 21%|ΓûêΓûêΓûÅ       | 227/1060 [11:23<56:26,  4.07s/it]  
 22%|ΓûêΓûêΓûÅ       | 228/1060 [11:27<56:13,  4.05s/it]
 22%|ΓûêΓûêΓûÅ       | 229/1060 [11:30<51:16,  3.70s/it]
 22%|ΓûêΓûêΓûÅ       | 230/1060 [11:33<46:39,  3.37s/it]
 22%|ΓûêΓûêΓûÅ       | 231/1060 [11:36<45:25,  3.29s/it]
 22%|ΓûêΓûêΓûÅ       | 232/1060 [11:38<41:56,  3.04s/it]
 22%|ΓûêΓûêΓûÅ       | 233/1060 [11:40<38:21,  2.78s/it]
 22%|ΓûêΓûêΓûÅ       | 234/1060 [11:43<36:39,  2.66s/it]
 22%|ΓûêΓûêΓûÅ       | 235/1060 [11:45<35:49,  2.61s/it]
 22%|ΓûêΓûêΓûÅ       | 236/1060 [11:48<36:17,  2.64s/it]
 22%|ΓûêΓûêΓûÅ       | 237/1060 [11:50<35:07,  2.56s/it]
 22%|ΓûêΓûêΓûÅ       | 238/1060 [11:54<37:54,  2.77s/it]
 23%|ΓûêΓûêΓûÄ       | 239/1060 [11:56<35:17,  2.58s/it]
 23%|ΓûêΓûêΓûÄ       | 240/1060 [11:58<35:13,  2.58s/it]
 23%|ΓûêΓûêΓûÄ       | 241/1060 [12:01<34:11,  2.50s/it]
 23%|ΓûêΓûêΓûÄ       | 242/1060 [12:06<44:36,  3.27s/it]
 23%|ΓûêΓûêΓûÄ       | 243/1060 [12:09<44:34,  3.27s/it]
 23%|ΓûêΓûêΓûÄ       | 244/1060 [12:12<41:37,  3.06s/it]
 23%|ΓûêΓûêΓûÄ       | 245/1060 [12:15<41:31,  3.06s/it]
 23%|ΓûêΓûêΓûÄ       | 246/1060 [12:17<39:50,  2.94s/it]
 23%|ΓûêΓûêΓûÄ       | 247/1060 [12:20<37:15,  2.75s/it]
 23%|ΓûêΓûêΓûÄ       | 248/1060 [12:22<36:40,  2.71s/it]
 23%|ΓûêΓûêΓûÄ       | 249/1060 [12:25<35:15,  2.61s/it]
 24%|ΓûêΓûêΓûÄ       | 250/1060 [12:27<34:33,  2.56s/it]
 24%|ΓûêΓûêΓûÄ       | 251/1060 [12:29<33:28,  2.48s/it]
 24%|ΓûêΓûêΓûì       | 252/1060 [12:32<35:40,  2.65s/it]
 24%|ΓûêΓûêΓûì       | 253/1060 [12:35<36:46,  2.73s/it]
 24%|ΓûêΓûêΓûì       | 254/1060 [12:38<36:15,  2.70s/it]
 24%|ΓûêΓûêΓûì       | 255/1060 [12:48<1:05:41,  4.90s/it]
 24%|ΓûêΓûêΓûì       | 256/1060 [12:53<1:04:18,  4.80s/it]
 24%|ΓûêΓûêΓûì       | 257/1060 [12:56<1:00:18,  4.51s/it]
 24%|ΓûêΓûêΓûì       | 258/1060 [12:59<52:32,  3.93s/it]  
 24%|ΓûêΓûêΓûì       | 259/1060 [13:01<45:52,  3.44s/it]
 25%|ΓûêΓûêΓûì       | 260/1060 [13:04<43:06,  3.23s/it]
 25%|ΓûêΓûêΓûì       | 261/1060 [13:06<39:36,  2.97s/it]
 25%|ΓûêΓûêΓûì       | 262/1060 [13:13<54:44,  4.12s/it]
 25%|ΓûêΓûêΓûì       | 263/1060 [13:15<47:21,  3.57s/it]
 25%|ΓûêΓûêΓûì       | 264/1060 [13:18<43:36,  3.29s/it]
 25%|ΓûêΓûêΓûî       | 265/1060 [13:20<39:53,  3.01s/it]
 25%|ΓûêΓûêΓûî       | 266/1060 [13:23<38:52,  2.94s/it]
 25%|ΓûêΓûêΓûî       | 267/1060 [13:26<37:12,  2.82s/it]
 25%|ΓûêΓûêΓûî       | 268/1060 [13:28<35:44,  2.71s/it]
 25%|ΓûêΓûêΓûî       | 269/1060 [13:30<33:32,  2.54s/it]
 25%|ΓûêΓûêΓûî       | 270/1060 [13:33<33:38,  2.56s/it]
 26%|ΓûêΓûêΓûî       | 271/1060 [13:36<34:59,  2.66s/it]
 26%|ΓûêΓûêΓûî       | 272/1060 [13:38<34:13,  2.61s/it]
 26%|ΓûêΓûêΓûî       | 273/1060 [13:41<34:55,  2.66s/it]
 26%|ΓûêΓûêΓûî       | 274/1060 [13:45<37:55,  2.89s/it]
 26%|ΓûêΓûêΓûî       | 275/1060 [13:47<38:06,  2.91s/it]
 26%|ΓûêΓûêΓûî       | 276/1060 [13:55<57:13,  4.38s/it]
 26%|ΓûêΓûêΓûî       | 277/1060 [13:58<49:26,  3.79s/it]
 26%|ΓûêΓûêΓûî       | 278/1060 [14:00<44:13,  3.39s/it]
 26%|ΓûêΓûêΓûï       | 279/1060 [14:03<40:13,  3.09s/it]
 26%|ΓûêΓûêΓûï       | 280/1060 [14:05<37:51,  2.91s/it]
 27%|ΓûêΓûêΓûï       | 281/1060 [14:07<34:58,  2.69s/it]
 27%|ΓûêΓûêΓûï       | 282/1060 [14:10<36:30,  2.82s/it]
 27%|ΓûêΓûêΓûï       | 283/1060 [14:13<35:34,  2.75s/it]
 27%|ΓûêΓûêΓûï       | 284/1060 [14:15<34:06,  2.64s/it]
 27%|ΓûêΓûêΓûï       | 285/1060 [14:18<33:21,  2.58s/it]
 27%|ΓûêΓûêΓûï       | 286/1060 [14:20<33:14,  2.58s/it]
 27%|ΓûêΓûêΓûï       | 287/1060 [14:23<32:05,  2.49s/it]
 27%|ΓûêΓûêΓûï       | 288/1060 [14:25<31:29,  2.45s/it]
 27%|ΓûêΓûêΓûï       | 289/1060 [14:27<29:51,  2.32s/it]
 27%|ΓûêΓûêΓûï       | 290/1060 [14:29<30:17,  2.36s/it]
 27%|ΓûêΓûêΓûï       | 291/1060 [14:31<28:43,  2.24s/it]
 28%|ΓûêΓûêΓûè       | 292/1060 [14:34<31:06,  2.43s/it]
 28%|ΓûêΓûêΓûè       | 293/1060 [14:37<33:01,  2.58s/it]
 28%|ΓûêΓûêΓûè       | 294/1060 [14:40<32:58,  2.58s/it]
 28%|ΓûêΓûêΓûè       | 295/1060 [14:42<32:17,  2.53s/it]
 28%|ΓûêΓûêΓûè       | 296/1060 [14:45<33:56,  2.67s/it]
 28%|ΓûêΓûêΓûè       | 297/1060 [14:48<33:31,  2.64s/it]
 28%|ΓûêΓûêΓûè       | 298/1060 [14:50<33:18,  2.62s/it]
 28%|ΓûêΓûêΓûè       | 299/1060 [14:55<41:57,  3.31s/it]
 28%|ΓûêΓûêΓûè       | 300/1060 [14:59<43:42,  3.45s/it]
 28%|ΓûêΓûêΓûè       | 301/1060 [15:02<40:07,  3.17s/it]
 28%|ΓûêΓûêΓûè       | 302/1060 [15:04<37:56,  3.00s/it]
 29%|ΓûêΓûêΓûè       | 303/1060 [15:09<45:42,  3.62s/it]
 29%|ΓûêΓûêΓûè       | 304/1060 [15:12<41:53,  3.33s/it]
 29%|ΓûêΓûêΓûë       | 305/1060 [15:14<37:23,  2.97s/it]
 29%|ΓûêΓûêΓûë       | 306/1060 [15:16<35:32,  2.83s/it]
 29%|ΓûêΓûêΓûë       | 307/1060 [15:19<33:29,  2.67s/it]
 29%|ΓûêΓûêΓûë       | 308/1060 [15:24<42:01,  3.35s/it]
 29%|ΓûêΓûêΓûë       | 309/1060 [15:26<37:17,  2.98s/it]
 29%|ΓûêΓûêΓûë       | 310/1060 [15:28<35:42,  2.86s/it]
 29%|ΓûêΓûêΓûë       | 311/1060 [15:31<34:12,  2.74s/it]
 29%|ΓûêΓûêΓûë       | 312/1060 [15:33<32:41,  2.62s/it]
 30%|ΓûêΓûêΓûë       | 313/1060 [15:35<31:20,  2.52s/it]
 30%|ΓûêΓûêΓûë       | 314/1060 [15:38<31:44,  2.55s/it]
 30%|ΓûêΓûêΓûë       | 315/1060 [15:40<30:16,  2.44s/it]
 30%|ΓûêΓûêΓûë       | 316/1060 [15:43<30:04,  2.43s/it]
 30%|ΓûêΓûêΓûë       | 317/1060 [15:45<28:55,  2.34s/it]
 30%|ΓûêΓûêΓûê       | 318/1060 [15:47<29:43,  2.40s/it]
 30%|ΓûêΓûêΓûê       | 319/1060 [15:50<28:41,  2.32s/it]
 30%|ΓûêΓûêΓûê       | 320/1060 [15:53<33:03,  2.68s/it]
 30%|ΓûêΓûêΓûê       | 321/1060 [15:55<31:35,  2.57s/it]
 30%|ΓûêΓûêΓûê       | 322/1060 [15:59<34:14,  2.78s/it]
 30%|ΓûêΓûêΓûê       | 323/1060 [16:01<31:42,  2.58s/it]
 31%|ΓûêΓûêΓûê       | 324/1060 [16:03<31:02,  2.53s/it]
 31%|ΓûêΓûêΓûê       | 325/1060 [16:06<32:22,  2.64s/it]
 31%|ΓûêΓûêΓûê       | 326/1060 [16:08<30:49,  2.52s/it]
 31%|ΓûêΓûêΓûê       | 327/1060 [16:11<32:16,  2.64s/it]
 31%|ΓûêΓûêΓûê       | 328/1060 [16:14<31:19,  2.57s/it]
 31%|ΓûêΓûêΓûê       | 329/1060 [16:16<31:47,  2.61s/it]
 31%|ΓûêΓûêΓûê       | 330/1060 [16:19<32:47,  2.69s/it]
 31%|ΓûêΓûêΓûêΓûÅ      | 332/1060 [16:21<23:39,  1.95s/it]
 31%|ΓûêΓûêΓûêΓûÅ      | 333/1060 [16:24<25:39,  2.12s/it]
 32%|ΓûêΓûêΓûêΓûÅ      | 334/1060 [16:26<25:40,  2.12s/it]
 32%|ΓûêΓûêΓûêΓûÅ      | 335/1060 [16:29<26:51,  2.22s/it]
 32%|ΓûêΓûêΓûêΓûÅ      | 336/1060 [16:31<26:30,  2.20s/it]
 32%|ΓûêΓûêΓûêΓûÅ      | 337/1060 [16:33<27:55,  2.32s/it]
 32%|ΓûêΓûêΓûêΓûÅ      | 338/1060 [16:36<28:29,  2.37s/it]
 32%|ΓûêΓûêΓûêΓûÅ      | 339/1060 [16:39<30:09,  2.51s/it]
 32%|ΓûêΓûêΓûêΓûÅ      | 340/1060 [16:41<28:25,  2.37s/it]
 32%|ΓûêΓûêΓûêΓûÅ      | 341/1060 [16:43<28:23,  2.37s/it]
 32%|ΓûêΓûêΓûêΓûÅ      | 342/1060 [16:45<27:49,  2.32s/it]
 32%|ΓûêΓûêΓûêΓûÅ      | 343/1060 [16:48<28:39,  2.40s/it]
 32%|ΓûêΓûêΓûêΓûÅ      | 344/1060 [16:51<31:10,  2.61s/it]
 33%|ΓûêΓûêΓûêΓûÄ      | 345/1060 [16:54<31:43,  2.66s/it]
 33%|ΓûêΓûêΓûêΓûÄ      | 346/1060 [16:56<30:56,  2.60s/it]
 33%|ΓûêΓûêΓûêΓûÄ      | 347/1060 [16:59<33:04,  2.78s/it]
 33%|ΓûêΓûêΓûêΓûÄ      | 348/1060 [17:02<31:35,  2.66s/it]
 33%|ΓûêΓûêΓûêΓûÄ      | 349/1060 [17:04<31:12,  2.63s/it]
 33%|ΓûêΓûêΓûêΓûÄ      | 350/1060 [17:07<31:58,  2.70s/it]
 33%|ΓûêΓûêΓûêΓûÄ      | 351/1060 [17:10<30:41,  2.60s/it]
 33%|ΓûêΓûêΓûêΓûÄ      | 352/1060 [17:14<37:48,  3.20s/it]
 33%|ΓûêΓûêΓûêΓûÄ      | 353/1060 [17:18<40:17,  3.42s/it]
 33%|ΓûêΓûêΓûêΓûÄ      | 354/1060 [17:20<35:35,  3.03s/it]
 33%|ΓûêΓûêΓûêΓûÄ      | 355/1060 [17:23<34:12,  2.91s/it]
 34%|ΓûêΓûêΓûêΓûÄ      | 356/1060 [17:25<31:56,  2.72s/it]
 34%|ΓûêΓûêΓûêΓûÄ      | 357/1060 [17:28<31:50,  2.72s/it]
 34%|ΓûêΓûêΓûêΓûì      | 358/1060 [17:30<29:56,  2.56s/it]
 34%|ΓûêΓûêΓûêΓûì      | 359/1060 [17:36<41:26,  3.55s/it]
 34%|ΓûêΓûêΓûêΓûì      | 360/1060 [17:43<53:18,  4.57s/it]
 34%|ΓûêΓûêΓûêΓûì      | 361/1060 [17:46<47:14,  4.06s/it]
 34%|ΓûêΓûêΓûêΓûì      | 362/1060 [17:48<41:18,  3.55s/it]
 34%|ΓûêΓûêΓûêΓûì      | 363/1060 [17:50<36:52,  3.17s/it]
 34%|ΓûêΓûêΓûêΓûì      | 364/1060 [17:53<33:49,  2.92s/it]
 34%|ΓûêΓûêΓûêΓûì      | 365/1060 [17:56<33:12,  2.87s/it]
 35%|ΓûêΓûêΓûêΓûì      | 366/1060 [17:58<30:57,  2.68s/it]
 35%|ΓûêΓûêΓûêΓûì      | 367/1060 [18:00<31:02,  2.69s/it]
 35%|ΓûêΓûêΓûêΓûì      | 368/1060 [18:03<30:39,  2.66s/it]
 35%|ΓûêΓûêΓûêΓûì      | 369/1060 [18:06<32:28,  2.82s/it]
 35%|ΓûêΓûêΓûêΓûì      | 370/1060 [18:09<30:49,  2.68s/it]
 35%|ΓûêΓûêΓûêΓûî      | 371/1060 [18:11<30:48,  2.68s/it]
 35%|ΓûêΓûêΓûêΓûî      | 372/1060 [18:14<29:30,  2.57s/it]
 35%|ΓûêΓûêΓûêΓûî      | 373/1060 [18:16<29:04,  2.54s/it]
 35%|ΓûêΓûêΓûêΓûî      | 374/1060 [18:19<29:42,  2.60s/it]
 35%|ΓûêΓûêΓûêΓûî      | 375/1060 [18:21<29:56,  2.62s/it]
 35%|ΓûêΓûêΓûêΓûî      | 376/1060 [18:24<29:21,  2.58s/it]
 36%|ΓûêΓûêΓûêΓûî      | 377/1060 [18:27<29:28,  2.59s/it]
 36%|ΓûêΓûêΓûêΓûî      | 378/1060 [18:29<27:56,  2.46s/it]
 36%|ΓûêΓûêΓûêΓûî      | 379/1060 [18:31<27:50,  2.45s/it]
 36%|ΓûêΓûêΓûêΓûî      | 380/1060 [18:34<27:29,  2.43s/it]
 36%|ΓûêΓûêΓûêΓûî      | 381/1060 [18:36<28:03,  2.48s/it]
 36%|ΓûêΓûêΓûêΓûî      | 382/1060 [18:43<42:39,  3.77s/it]
 36%|ΓûêΓûêΓûêΓûî      | 383/1060 [18:46<39:14,  3.48s/it]
 36%|ΓûêΓûêΓûêΓûî      | 384/1060 [18:48<34:47,  3.09s/it]
 36%|ΓûêΓûêΓûêΓûï      | 385/1060 [18:51<33:28,  2.97s/it]
 36%|ΓûêΓûêΓûêΓûï      | 386/1060 [18:56<42:26,  3.78s/it]
 37%|ΓûêΓûêΓûêΓûï      | 387/1060 [18:59<38:06,  3.40s/it]
 37%|ΓûêΓûêΓûêΓûï      | 388/1060 [19:01<35:14,  3.15s/it]
 37%|ΓûêΓûêΓûêΓûï      | 389/1060 [19:04<32:46,  2.93s/it]
 37%|ΓûêΓûêΓûêΓûï      | 390/1060 [19:06<31:40,  2.84s/it]
 37%|ΓûêΓûêΓûêΓûï      | 391/1060 [19:09<30:52,  2.77s/it]
 37%|ΓûêΓûêΓûêΓûï      | 392/1060 [19:11<28:47,  2.59s/it]
 37%|ΓûêΓûêΓûêΓûï      | 393/1060 [19:14<28:43,  2.58s/it]
 37%|ΓûêΓûêΓûêΓûï      | 394/1060 [19:19<38:51,  3.50s/it]
 37%|ΓûêΓûêΓûêΓûï      | 395/1060 [19:25<47:31,  4.29s/it]
 37%|ΓûêΓûêΓûêΓûï      | 396/1060 [19:30<47:15,  4.27s/it]
 37%|ΓûêΓûêΓûêΓûï      | 397/1060 [19:32<41:40,  3.77s/it]
 38%|ΓûêΓûêΓûêΓûè      | 398/1060 [19:35<37:03,  3.36s/it]
 38%|ΓûêΓûêΓûêΓûè      | 399/1060 [19:37<34:09,  3.10s/it]
 38%|ΓûêΓûêΓûêΓûè      | 400/1060 [19:40<32:49,  2.98s/it]
 38%|ΓûêΓûêΓûêΓûè      | 401/1060 [19:42<31:00,  2.82s/it]
 38%|ΓûêΓûêΓûêΓûè      | 402/1060 [19:45<29:25,  2.68s/it]
 38%|ΓûêΓûêΓûêΓûè      | 403/1060 [19:47<28:45,  2.63s/it]
 38%|ΓûêΓûêΓûêΓûè      | 404/1060 [19:50<29:14,  2.67s/it]
 38%|ΓûêΓûêΓûêΓûè      | 405/1060 [19:53<29:08,  2.67s/it]
 38%|ΓûêΓûêΓûêΓûè      | 406/1060 [19:55<28:28,  2.61s/it]
 38%|ΓûêΓûêΓûêΓûè      | 407/1060 [19:58<29:35,  2.72s/it]
 38%|ΓûêΓûêΓûêΓûè      | 408/1060 [20:01<30:24,  2.80s/it]
 39%|ΓûêΓûêΓûêΓûè      | 409/1060 [20:04<29:11,  2.69s/it]
 39%|ΓûêΓûêΓûêΓûè      | 410/1060 [20:06<29:45,  2.75s/it]
 39%|ΓûêΓûêΓûêΓûë      | 411/1060 [20:09<29:17,  2.71s/it]
 39%|ΓûêΓûêΓûêΓûë      | 412/1060 [20:11<28:00,  2.59s/it]
 39%|ΓûêΓûêΓûêΓûë      | 413/1060 [20:14<28:13,  2.62s/it]
 39%|ΓûêΓûêΓûêΓûë      | 414/1060 [20:16<26:44,  2.48s/it]
 39%|ΓûêΓûêΓûêΓûë      | 415/1060 [20:18<25:47,  2.40s/it]
 39%|ΓûêΓûêΓûêΓûë      | 416/1060 [20:21<25:33,  2.38s/it]
 39%|ΓûêΓûêΓûêΓûë      | 417/1060 [20:24<28:36,  2.67s/it]
 39%|ΓûêΓûêΓûêΓûë      | 418/1060 [20:27<28:00,  2.62s/it]
 40%|ΓûêΓûêΓûêΓûë      | 419/1060 [20:29<27:58,  2.62s/it]
 40%|ΓûêΓûêΓûêΓûë      | 420/1060 [20:32<28:49,  2.70s/it]
 40%|ΓûêΓûêΓûêΓûë      | 421/1060 [20:35<28:26,  2.67s/it]
 40%|ΓûêΓûêΓûêΓûë      | 422/1060 [20:37<28:47,  2.71s/it]
 40%|ΓûêΓûêΓûêΓûë      | 423/1060 [20:40<27:47,  2.62s/it]
 40%|ΓûêΓûêΓûêΓûê      | 424/1060 [20:43<29:03,  2.74s/it]
 40%|ΓûêΓûêΓûêΓûê      | 425/1060 [20:46<30:40,  2.90s/it]
 40%|ΓûêΓûêΓûêΓûê      | 426/1060 [20:49<28:56,  2.74s/it]
 40%|ΓûêΓûêΓûêΓûê      | 427/1060 [20:51<28:26,  2.70s/it]
 40%|ΓûêΓûêΓûêΓûê      | 428/1060 [20:53<26:47,  2.54s/it]
 40%|ΓûêΓûêΓûêΓûê      | 429/1060 [21:01<41:35,  3.95s/it]
 41%|ΓûêΓûêΓûêΓûê      | 430/1060 [21:03<36:28,  3.47s/it]
 41%|ΓûêΓûêΓûêΓûê      | 431/1060 [21:06<33:43,  3.22s/it]
 41%|ΓûêΓûêΓûêΓûê      | 432/1060 [21:08<31:36,  3.02s/it]
 41%|ΓûêΓûêΓûêΓûê      | 433/1060 [21:15<42:26,  4.06s/it]
 41%|ΓûêΓûêΓûêΓûê      | 434/1060 [21:17<37:13,  3.57s/it]
 41%|ΓûêΓûêΓûêΓûê      | 435/1060 [21:19<33:18,  3.20s/it]
 41%|ΓûêΓûêΓûêΓûê      | 436/1060 [21:22<30:21,  2.92s/it]
 41%|ΓûêΓûêΓûêΓûêΓûÅ     | 438/1060 [21:24<22:27,  2.17s/it]
 41%|ΓûêΓûêΓûêΓûêΓûÅ     | 439/1060 [21:26<22:46,  2.20s/it]
 42%|ΓûêΓûêΓûêΓûêΓûÅ     | 440/1060 [21:29<23:46,  2.30s/it]
 42%|ΓûêΓûêΓûêΓûêΓûÅ     | 441/1060 [21:31<23:26,  2.27s/it]
 42%|ΓûêΓûêΓûêΓûêΓûÅ     | 442/1060 [21:34<24:11,  2.35s/it]
 42%|ΓûêΓûêΓûêΓûêΓûÅ     | 443/1060 [21:36<24:19,  2.37s/it]
 42%|ΓûêΓûêΓûêΓûêΓûÅ     | 444/1060 [21:39<26:11,  2.55s/it]
 42%|ΓûêΓûêΓûêΓûêΓûÅ     | 445/1060 [21:41<25:14,  2.46s/it]
 42%|ΓûêΓûêΓûêΓûêΓûÅ     | 446/1060 [21:44<25:26,  2.49s/it]
 42%|ΓûêΓûêΓûêΓûêΓûÅ     | 447/1060 [21:46<25:00,  2.45s/it]
 42%|ΓûêΓûêΓûêΓûêΓûÅ     | 448/1060 [21:49<25:37,  2.51s/it]
 42%|ΓûêΓûêΓûêΓûêΓûÅ     | 449/1060 [21:51<24:33,  2.41s/it]
 42%|ΓûêΓûêΓûêΓûêΓûÅ     | 450/1060 [21:54<24:43,  2.43s/it]
 43%|ΓûêΓûêΓûêΓûêΓûÄ     | 451/1060 [21:56<25:08,  2.48s/it]
 43%|ΓûêΓûêΓûêΓûêΓûÄ     | 452/1060 [21:59<25:59,  2.57s/it]
 43%|ΓûêΓûêΓûêΓûêΓûÄ     | 453/1060 [22:01<25:12,  2.49s/it]
 43%|ΓûêΓûêΓûêΓûêΓûÄ     | 454/1060 [22:04<25:07,  2.49s/it]
 43%|ΓûêΓûêΓûêΓûêΓûÄ     | 455/1060 [22:07<26:02,  2.58s/it]
 43%|ΓûêΓûêΓûêΓûêΓûÄ     | 456/1060 [22:09<26:34,  2.64s/it]
 43%|ΓûêΓûêΓûêΓûêΓûÄ     | 457/1060 [22:12<25:25,  2.53s/it]
 43%|ΓûêΓûêΓûêΓûêΓûÄ     | 458/1060 [22:15<26:14,  2.62s/it]
 43%|ΓûêΓûêΓûêΓûêΓûÄ     | 459/1060 [22:17<24:56,  2.49s/it]
 43%|ΓûêΓûêΓûêΓûêΓûÄ     | 460/1060 [22:19<24:23,  2.44s/it]
 43%|ΓûêΓûêΓûêΓûêΓûÄ     | 461/1060 [22:21<23:53,  2.39s/it]
 44%|ΓûêΓûêΓûêΓûêΓûÄ     | 462/1060 [22:24<25:39,  2.57s/it]
 44%|ΓûêΓûêΓûêΓûêΓûÄ     | 463/1060 [22:27<25:09,  2.53s/it]
 44%|ΓûêΓûêΓûêΓûêΓûì     | 464/1060 [22:30<26:03,  2.62s/it]
 44%|ΓûêΓûêΓûêΓûêΓûì     | 465/1060 [22:32<25:05,  2.53s/it]
 44%|ΓûêΓûêΓûêΓûêΓûì     | 466/1060 [22:34<24:36,  2.49s/it]
 44%|ΓûêΓûêΓûêΓûêΓûì     | 467/1060 [22:37<24:15,  2.45s/it]
 44%|ΓûêΓûêΓûêΓûêΓûì     | 468/1060 [22:40<26:00,  2.64s/it]
 44%|ΓûêΓûêΓûêΓûêΓûì     | 469/1060 [22:42<25:46,  2.62s/it]
 44%|ΓûêΓûêΓûêΓûêΓûì     | 470/1060 [22:46<28:43,  2.92s/it]
 44%|ΓûêΓûêΓûêΓûêΓûì     | 471/1060 [22:48<26:50,  2.73s/it]
 45%|ΓûêΓûêΓûêΓûêΓûì     | 472/1060 [22:51<25:33,  2.61s/it]
 45%|ΓûêΓûêΓûêΓûêΓûì     | 473/1060 [22:53<25:16,  2.58s/it]
 45%|ΓûêΓûêΓûêΓûêΓûì     | 474/1060 [22:56<25:15,  2.59s/it]
 45%|ΓûêΓûêΓûêΓûêΓûì     | 475/1060 [22:58<23:59,  2.46s/it]
 45%|ΓûêΓûêΓûêΓûêΓûì     | 476/1060 [23:00<24:29,  2.52s/it]
 45%|ΓûêΓûêΓûêΓûêΓûî     | 477/1060 [23:03<23:50,  2.45s/it]
 45%|ΓûêΓûêΓûêΓûêΓûî     | 478/1060 [23:05<23:43,  2.45s/it]
 45%|ΓûêΓûêΓûêΓûêΓûî     | 479/1060 [23:08<23:49,  2.46s/it]
 45%|ΓûêΓûêΓûêΓûêΓûî     | 480/1060 [23:10<24:07,  2.50s/it]
 45%|ΓûêΓûêΓûêΓûêΓûî     | 481/1060 [23:12<23:01,  2.39s/it]
 45%|ΓûêΓûêΓûêΓûêΓûî     | 482/1060 [23:15<23:27,  2.44s/it]
 46%|ΓûêΓûêΓûêΓûêΓûî     | 483/1060 [23:17<23:01,  2.40s/it]
 46%|ΓûêΓûêΓûêΓûêΓûî     | 484/1060 [23:20<22:43,  2.37s/it]
 46%|ΓûêΓûêΓûêΓûêΓûî     | 485/1060 [23:23<24:30,  2.56s/it]
 46%|ΓûêΓûêΓûêΓûêΓûî     | 486/1060 [23:25<24:26,  2.55s/it]
 46%|ΓûêΓûêΓûêΓûêΓûî     | 487/1060 [23:28<26:22,  2.76s/it]
 46%|ΓûêΓûêΓûêΓûêΓûî     | 488/1060 [23:31<25:59,  2.73s/it]
 46%|ΓûêΓûêΓûêΓûêΓûî     | 489/1060 [23:34<26:19,  2.77s/it]
 46%|ΓûêΓûêΓûêΓûêΓûî     | 490/1060 [23:37<26:51,  2.83s/it]
 46%|ΓûêΓûêΓûêΓûêΓûï     | 491/1060 [23:39<25:15,  2.66s/it]
 46%|ΓûêΓûêΓûêΓûêΓûï     | 492/1060 [23:42<25:45,  2.72s/it]
 47%|ΓûêΓûêΓûêΓûêΓûï     | 493/1060 [23:44<24:07,  2.55s/it]
 47%|ΓûêΓûêΓûêΓûêΓûï     | 494/1060 [23:47<23:56,  2.54s/it]
 47%|ΓûêΓûêΓûêΓûêΓûï     | 495/1060 [23:49<23:47,  2.53s/it]
 47%|ΓûêΓûêΓûêΓûêΓûï     | 496/1060 [23:52<23:29,  2.50s/it]
 47%|ΓûêΓûêΓûêΓûêΓûï     | 497/1060 [23:54<23:00,  2.45s/it]
 47%|ΓûêΓûêΓûêΓûêΓûï     | 498/1060 [23:57<24:15,  2.59s/it]
 47%|ΓûêΓûêΓûêΓûêΓûï     | 499/1060 [23:59<23:38,  2.53s/it]
 47%|ΓûêΓûêΓûêΓûêΓûï     | 500/1060 [24:02<24:34,  2.63s/it]
 47%|ΓûêΓûêΓûêΓûêΓûï     | 501/1060 [24:04<23:43,  2.55s/it]
 47%|ΓûêΓûêΓûêΓûêΓûï     | 502/1060 [24:07<22:58,  2.47s/it]
 47%|ΓûêΓûêΓûêΓûêΓûï     | 503/1060 [24:09<22:40,  2.44s/it]
 48%|ΓûêΓûêΓûêΓûêΓûè     | 504/1060 [24:12<24:13,  2.61s/it]
 48%|ΓûêΓûêΓûêΓûêΓûè     | 506/1060 [24:15<18:06,  1.96s/it]
 48%|ΓûêΓûêΓûêΓûêΓûè     | 507/1060 [24:17<19:56,  2.16s/it]
 48%|ΓûêΓûêΓûêΓûêΓûè     | 508/1060 [24:20<20:11,  2.19s/it]
 48%|ΓûêΓûêΓûêΓûêΓûè     | 509/1060 [24:26<30:23,  3.31s/it]
 48%|ΓûêΓûêΓûêΓûêΓûè     | 510/1060 [24:28<27:53,  3.04s/it]
 48%|ΓûêΓûêΓûêΓûêΓûè     | 511/1060 [24:31<26:37,  2.91s/it]
 48%|ΓûêΓûêΓûêΓûêΓûè     | 512/1060 [24:33<25:20,  2.77s/it]
 48%|ΓûêΓûêΓûêΓûêΓûè     | 513/1060 [24:36<24:14,  2.66s/it]
 48%|ΓûêΓûêΓûêΓûêΓûè     | 514/1060 [24:38<23:51,  2.62s/it]
 49%|ΓûêΓûêΓûêΓûêΓûè     | 515/1060 [24:40<23:00,  2.53s/it]
 49%|ΓûêΓûêΓûêΓûêΓûè     | 516/1060 [24:43<24:12,  2.67s/it]
 49%|ΓûêΓûêΓûêΓûêΓûë     | 517/1060 [24:46<25:06,  2.77s/it]
 49%|ΓûêΓûêΓûêΓûêΓûë     | 518/1060 [24:49<23:44,  2.63s/it]
 49%|ΓûêΓûêΓûêΓûêΓûë     | 519/1060 [24:51<23:11,  2.57s/it]
 49%|ΓûêΓûêΓûêΓûêΓûë     | 520/1060 [24:54<22:36,  2.51s/it]
 49%|ΓûêΓûêΓûêΓûêΓûë     | 521/1060 [24:56<22:53,  2.55s/it]
 49%|ΓûêΓûêΓûêΓûêΓûë     | 522/1060 [24:59<23:05,  2.58s/it]
 49%|ΓûêΓûêΓûêΓûêΓûë     | 523/1060 [25:02<23:47,  2.66s/it]
 49%|ΓûêΓûêΓûêΓûêΓûë     | 524/1060 [25:04<22:34,  2.53s/it]
 50%|ΓûêΓûêΓûêΓûêΓûë     | 525/1060 [25:06<22:09,  2.49s/it]
 50%|ΓûêΓûêΓûêΓûêΓûë     | 526/1060 [25:09<21:59,  2.47s/it]
 50%|ΓûêΓûêΓûêΓûêΓûë     | 527/1060 [25:12<23:33,  2.65s/it]
 50%|ΓûêΓûêΓûêΓûêΓûë     | 528/1060 [25:15<26:00,  2.93s/it]
 50%|ΓûêΓûêΓûêΓûêΓûë     | 529/1060 [25:20<31:28,  3.56s/it]
 50%|ΓûêΓûêΓûêΓûêΓûê     | 530/1060 [25:23<29:00,  3.28s/it]
 50%|ΓûêΓûêΓûêΓûêΓûê     | 531/1060 [25:26<27:11,  3.08s/it]
 50%|ΓûêΓûêΓûêΓûêΓûê     | 532/1060 [25:28<25:10,  2.86s/it]
 50%|ΓûêΓûêΓûêΓûêΓûê     | 533/1060 [25:31<25:58,  2.96s/it]
 50%|ΓûêΓûêΓûêΓûêΓûê     | 534/1060 [25:34<24:28,  2.79s/it]
 50%|ΓûêΓûêΓûêΓûêΓûê     | 535/1060 [25:36<24:27,  2.80s/it]
 51%|ΓûêΓûêΓûêΓûêΓûê     | 536/1060 [25:39<23:01,  2.64s/it]
 51%|ΓûêΓûêΓûêΓûêΓûê     | 537/1060 [25:41<22:59,  2.64s/it]
 51%|ΓûêΓûêΓûêΓûêΓûê     | 538/1060 [25:44<22:15,  2.56s/it]
 51%|ΓûêΓûêΓûêΓûêΓûê     | 539/1060 [25:46<22:17,  2.57s/it]
 51%|ΓûêΓûêΓûêΓûêΓûê     | 540/1060 [25:49<21:41,  2.50s/it]
 51%|ΓûêΓûêΓûêΓûêΓûê     | 541/1060 [25:51<21:59,  2.54s/it]
 51%|ΓûêΓûêΓûêΓûêΓûê     | 542/1060 [25:53<20:47,  2.41s/it]
 51%|ΓûêΓûêΓûêΓûêΓûê     | 543/1060 [25:57<23:03,  2.68s/it]
 51%|ΓûêΓûêΓûêΓûêΓûêΓûÅ    | 544/1060 [25:59<21:43,  2.53s/it]
 51%|ΓûêΓûêΓûêΓûêΓûêΓûÅ    | 545/1060 [26:02<22:44,  2.65s/it]
 52%|ΓûêΓûêΓûêΓûêΓûêΓûÅ    | 546/1060 [26:04<21:49,  2.55s/it]
 52%|ΓûêΓûêΓûêΓûêΓûêΓûÅ    | 547/1060 [26:07<22:51,  2.67s/it]
 52%|ΓûêΓûêΓûêΓûêΓûêΓûÅ    | 548/1060 [26:09<21:57,  2.57s/it]
 52%|ΓûêΓûêΓûêΓûêΓûêΓûÅ    | 549/1060 [26:12<22:03,  2.59s/it]
 52%|ΓûêΓûêΓûêΓûêΓûêΓûÅ    | 550/1060 [26:14<21:13,  2.50s/it]
 52%|ΓûêΓûêΓûêΓûêΓûêΓûÅ    | 551/1060 [26:22<35:16,  4.16s/it]
 52%|ΓûêΓûêΓûêΓûêΓûêΓûÅ    | 552/1060 [26:25<31:41,  3.74s/it]
 52%|ΓûêΓûêΓûêΓûêΓûêΓûÅ    | 553/1060 [26:29<31:51,  3.77s/it]
 52%|ΓûêΓûêΓûêΓûêΓûêΓûÅ    | 554/1060 [26:32<29:15,  3.47s/it]
 52%|ΓûêΓûêΓûêΓûêΓûêΓûÅ    | 555/1060 [26:34<26:56,  3.20s/it]
 52%|ΓûêΓûêΓûêΓûêΓûêΓûÅ    | 556/1060 [26:37<24:34,  2.93s/it]
 53%|ΓûêΓûêΓûêΓûêΓûêΓûÄ    | 557/1060 [26:40<25:23,  3.03s/it]
 53%|ΓûêΓûêΓûêΓûêΓûêΓûÄ    | 558/1060 [26:42<23:50,  2.85s/it]
 53%|ΓûêΓûêΓûêΓûêΓûêΓûÄ    | 559/1060 [26:45<23:06,  2.77s/it]
 53%|ΓûêΓûêΓûêΓûêΓûêΓûÄ    | 560/1060 [26:47<22:18,  2.68s/it]
 53%|ΓûêΓûêΓûêΓûêΓûêΓûÄ    | 561/1060 [26:50<21:42,  2.61s/it]
 53%|ΓûêΓûêΓûêΓûêΓûêΓûÄ    | 562/1060 [26:53<22:00,  2.65s/it]
 53%|ΓûêΓûêΓûêΓûêΓûêΓûÄ    | 563/1060 [26:56<22:55,  2.77s/it]
 53%|ΓûêΓûêΓûêΓûêΓûêΓûÄ    | 564/1060 [26:58<21:44,  2.63s/it]
 53%|ΓûêΓûêΓûêΓûêΓûêΓûÄ    | 565/1060 [27:02<24:11,  2.93s/it]
 53%|ΓûêΓûêΓûêΓûêΓûêΓûÄ    | 566/1060 [27:07<31:05,  3.78s/it]
 53%|ΓûêΓûêΓûêΓûêΓûêΓûÄ    | 567/1060 [27:10<28:24,  3.46s/it]
 54%|ΓûêΓûêΓûêΓûêΓûêΓûÄ    | 568/1060 [27:12<25:11,  3.07s/it]
 54%|ΓûêΓûêΓûêΓûêΓûêΓûÄ    | 569/1060 [27:15<24:00,  2.93s/it]
 54%|ΓûêΓûêΓûêΓûêΓûêΓûì    | 570/1060 [27:17<22:16,  2.73s/it]
 54%|ΓûêΓûêΓûêΓûêΓûêΓûì    | 571/1060 [27:20<22:28,  2.76s/it]
 54%|ΓûêΓûêΓûêΓûêΓûêΓûì    | 572/1060 [27:27<33:01,  4.06s/it]
 54%|ΓûêΓûêΓûêΓûêΓûêΓûì    | 573/1060 [27:30<30:14,  3.73s/it]
 54%|ΓûêΓûêΓûêΓûêΓûêΓûì    | 574/1060 [27:32<26:24,  3.26s/it]
 54%|ΓûêΓûêΓûêΓûêΓûêΓûì    | 575/1060 [27:35<24:36,  3.05s/it]
 54%|ΓûêΓûêΓûêΓûêΓûêΓûì    | 576/1060 [27:37<23:35,  2.92s/it]
 54%|ΓûêΓûêΓûêΓûêΓûêΓûì    | 577/1060 [27:40<22:42,  2.82s/it]
 55%|ΓûêΓûêΓûêΓûêΓûêΓûì    | 578/1060 [27:42<21:46,  2.71s/it]
 55%|ΓûêΓûêΓûêΓûêΓûêΓûì    | 579/1060 [27:45<21:29,  2.68s/it]
 55%|ΓûêΓûêΓûêΓûêΓûêΓûì    | 580/1060 [27:47<20:46,  2.60s/it]
 55%|ΓûêΓûêΓûêΓûêΓûêΓûì    | 581/1060 [27:50<20:41,  2.59s/it]
 55%|ΓûêΓûêΓûêΓûêΓûêΓûì    | 582/1060 [27:53<21:06,  2.65s/it]
 55%|ΓûêΓûêΓûêΓûêΓûêΓûî    | 583/1060 [27:55<21:01,  2.64s/it]
 55%|ΓûêΓûêΓûêΓûêΓûêΓûî    | 584/1060 [27:58<20:22,  2.57s/it]
 55%|ΓûêΓûêΓûêΓûêΓûêΓûî    | 585/1060 [28:00<20:19,  2.57s/it]
 55%|ΓûêΓûêΓûêΓûêΓûêΓûî    | 586/1060 [28:03<20:33,  2.60s/it]
 55%|ΓûêΓûêΓûêΓûêΓûêΓûî    | 587/1060 [28:05<19:55,  2.53s/it]
 55%|ΓûêΓûêΓûêΓûêΓûêΓûî    | 588/1060 [28:07<19:00,  2.42s/it]
 56%|ΓûêΓûêΓûêΓûêΓûêΓûî    | 589/1060 [28:10<19:25,  2.47s/it]
 56%|ΓûêΓûêΓûêΓûêΓûêΓûî    | 590/1060 [28:12<18:33,  2.37s/it]
 56%|ΓûêΓûêΓûêΓûêΓûêΓûî    | 591/1060 [28:16<21:28,  2.75s/it]
 56%|ΓûêΓûêΓûêΓûêΓûêΓûî    | 592/1060 [28:18<20:24,  2.62s/it]
 56%|ΓûêΓûêΓûêΓûêΓûêΓûî    | 593/1060 [28:21<19:56,  2.56s/it]
 56%|ΓûêΓûêΓûêΓûêΓûêΓûî    | 594/1060 [28:23<19:36,  2.52s/it]
 56%|ΓûêΓûêΓûêΓûêΓûêΓûî    | 595/1060 [28:25<19:25,  2.51s/it]
 56%|ΓûêΓûêΓûêΓûêΓûêΓûî    | 596/1060 [28:28<19:20,  2.50s/it]
 56%|ΓûêΓûêΓûêΓûêΓûêΓûï    | 597/1060 [28:31<19:34,  2.54s/it]
 56%|ΓûêΓûêΓûêΓûêΓûêΓûï    | 598/1060 [28:33<18:57,  2.46s/it]
 57%|ΓûêΓûêΓûêΓûêΓûêΓûï    | 599/1060 [28:36<20:12,  2.63s/it]
 57%|ΓûêΓûêΓûêΓûêΓûêΓûï    | 600/1060 [28:39<20:42,  2.70s/it]
 57%|ΓûêΓûêΓûêΓûêΓûêΓûï    | 601/1060 [28:41<20:41,  2.70s/it]
 57%|ΓûêΓûêΓûêΓûêΓûêΓûï    | 602/1060 [28:44<20:52,  2.73s/it]
 57%|ΓûêΓûêΓûêΓûêΓûêΓûï    | 603/1060 [28:47<19:59,  2.62s/it]
 57%|ΓûêΓûêΓûêΓûêΓûêΓûï    | 604/1060 [28:53<28:49,  3.79s/it]
 57%|ΓûêΓûêΓûêΓûêΓûêΓûï    | 605/1060 [28:56<26:41,  3.52s/it]
 57%|ΓûêΓûêΓûêΓûêΓûêΓûï    | 606/1060 [28:58<23:50,  3.15s/it]
 57%|ΓûêΓûêΓûêΓûêΓûêΓûï    | 607/1060 [29:01<21:57,  2.91s/it]
 57%|ΓûêΓûêΓûêΓûêΓûêΓûï    | 608/1060 [29:03<20:20,  2.70s/it]
 57%|ΓûêΓûêΓûêΓûêΓûêΓûï    | 609/1060 [29:09<28:54,  3.85s/it]
 58%|ΓûêΓûêΓûêΓûêΓûêΓûè    | 610/1060 [29:12<25:24,  3.39s/it]
 58%|ΓûêΓûêΓûêΓûêΓûêΓûè    | 611/1060 [29:15<24:25,  3.26s/it]
 58%|ΓûêΓûêΓûêΓûêΓûêΓûè    | 612/1060 [29:17<22:25,  3.00s/it]
 58%|ΓûêΓûêΓûêΓûêΓûêΓûè    | 613/1060 [29:19<20:54,  2.81s/it]
 58%|ΓûêΓûêΓûêΓûêΓûêΓûè    | 614/1060 [29:22<19:55,  2.68s/it]
 58%|ΓûêΓûêΓûêΓûêΓûêΓûè    | 615/1060 [29:24<19:44,  2.66s/it]
 58%|ΓûêΓûêΓûêΓûêΓûêΓûè    | 616/1060 [29:27<19:05,  2.58s/it]
 58%|ΓûêΓûêΓûêΓûêΓûêΓûè    | 617/1060 [29:30<19:19,  2.62s/it]
 58%|ΓûêΓûêΓûêΓûêΓûêΓûè    | 618/1060 [29:32<18:17,  2.48s/it]
 58%|ΓûêΓûêΓûêΓûêΓûêΓûè    | 619/1060 [29:34<18:42,  2.55s/it]
 58%|ΓûêΓûêΓûêΓûêΓûêΓûè    | 620/1060 [29:37<17:58,  2.45s/it]
 59%|ΓûêΓûêΓûêΓûêΓûêΓûè    | 621/1060 [29:39<18:31,  2.53s/it]
 59%|ΓûêΓûêΓûêΓûêΓûêΓûè    | 622/1060 [29:42<17:48,  2.44s/it]
 59%|ΓûêΓûêΓûêΓûêΓûêΓûë    | 623/1060 [29:44<17:31,  2.41s/it]
 59%|ΓûêΓûêΓûêΓûêΓûêΓûë    | 624/1060 [29:53<31:35,  4.35s/it]
 59%|ΓûêΓûêΓûêΓûêΓûêΓûë    | 625/1060 [29:55<27:32,  3.80s/it]
 59%|ΓûêΓûêΓûêΓûêΓûêΓûë    | 626/1060 [29:58<25:24,  3.51s/it]
 59%|ΓûêΓûêΓûêΓûêΓûêΓûë    | 627/1060 [30:01<24:18,  3.37s/it]
 59%|ΓûêΓûêΓûêΓûêΓûêΓûë    | 628/1060 [30:04<22:22,  3.11s/it]
 59%|ΓûêΓûêΓûêΓûêΓûêΓûë    | 629/1060 [30:06<21:11,  2.95s/it]
 59%|ΓûêΓûêΓûêΓûêΓûêΓûë    | 630/1060 [30:08<19:37,  2.74s/it]
 60%|ΓûêΓûêΓûêΓûêΓûêΓûë    | 631/1060 [30:12<20:21,  2.85s/it]
 60%|ΓûêΓûêΓûêΓûêΓûêΓûë    | 632/1060 [30:17<26:13,  3.68s/it]
 60%|ΓûêΓûêΓûêΓûêΓûêΓûë    | 633/1060 [30:20<23:51,  3.35s/it]
 60%|ΓûêΓûêΓûêΓûêΓûêΓûë    | 634/1060 [30:22<21:26,  3.02s/it]
 60%|ΓûêΓûêΓûêΓûêΓûêΓûë    | 635/1060 [30:25<20:26,  2.89s/it]
 60%|ΓûêΓûêΓûêΓûêΓûêΓûê    | 636/1060 [30:27<19:01,  2.69s/it]
 60%|ΓûêΓûêΓûêΓûêΓûêΓûê    | 637/1060 [30:30<18:54,  2.68s/it]
 60%|ΓûêΓûêΓûêΓûêΓûêΓûê    | 638/1060 [30:32<17:48,  2.53s/it]
 60%|ΓûêΓûêΓûêΓûêΓûêΓûê    | 639/1060 [30:34<17:38,  2.51s/it]
 60%|ΓûêΓûêΓûêΓûêΓûêΓûê    | 640/1060 [30:36<16:49,  2.40s/it]
 60%|ΓûêΓûêΓûêΓûêΓûêΓûê    | 641/1060 [30:39<17:20,  2.48s/it]
 61%|ΓûêΓûêΓûêΓûêΓûêΓûê    | 642/1060 [30:41<16:52,  2.42s/it]
 61%|ΓûêΓûêΓûêΓûêΓûêΓûê    | 643/1060 [30:44<17:18,  2.49s/it]
 61%|ΓûêΓûêΓûêΓûêΓûêΓûê    | 644/1060 [30:46<16:35,  2.39s/it]
 61%|ΓûêΓûêΓûêΓûêΓûêΓûê    | 645/1060 [30:49<17:05,  2.47s/it]
 61%|ΓûêΓûêΓûêΓûêΓûêΓûê    | 646/1060 [30:51<16:48,  2.44s/it]
 61%|ΓûêΓûêΓûêΓûêΓûêΓûê    | 647/1060 [30:54<17:01,  2.47s/it]
 61%|ΓûêΓûêΓûêΓûêΓûêΓûê    | 648/1060 [30:57<17:49,  2.60s/it]
 61%|ΓûêΓûêΓûêΓûêΓûêΓûê    | 649/1060 [30:59<17:42,  2.59s/it]
 61%|ΓûêΓûêΓûêΓûêΓûêΓûêΓûÅ   | 650/1060 [31:02<18:03,  2.64s/it]
 61%|ΓûêΓûêΓûêΓûêΓûêΓûêΓûÅ   | 651/1060 [31:04<18:00,  2.64s/it]
 62%|ΓûêΓûêΓûêΓûêΓûêΓûêΓûÅ   | 652/1060 [31:07<18:00,  2.65s/it]
 62%|ΓûêΓûêΓûêΓûêΓûêΓûêΓûÅ   | 653/1060 [31:10<18:05,  2.67s/it]
 62%|ΓûêΓûêΓûêΓûêΓûêΓûêΓûÅ   | 654/1060 [31:12<17:47,  2.63s/it]
 62%|ΓûêΓûêΓûêΓûêΓûêΓûêΓûÅ   | 655/1060 [31:15<17:38,  2.61s/it]
 62%|ΓûêΓûêΓûêΓûêΓûêΓûêΓûÅ   | 656/1060 [31:17<17:05,  2.54s/it]
 62%|ΓûêΓûêΓûêΓûêΓûêΓûêΓûÅ   | 657/1060 [31:20<17:10,  2.56s/it]
 62%|ΓûêΓûêΓûêΓûêΓûêΓûêΓûÅ   | 658/1060 [31:22<16:41,  2.49s/it]
 62%|ΓûêΓûêΓûêΓûêΓûêΓûêΓûÅ   | 659/1060 [31:25<16:29,  2.47s/it]
 62%|ΓûêΓûêΓûêΓûêΓûêΓûêΓûÅ   | 660/1060 [31:27<16:12,  2.43s/it]
 62%|ΓûêΓûêΓûêΓûêΓûêΓûêΓûÅ   | 661/1060 [31:30<16:54,  2.54s/it]
 62%|ΓûêΓûêΓûêΓûêΓûêΓûêΓûÅ   | 662/1060 [31:32<17:03,  2.57s/it]
 63%|ΓûêΓûêΓûêΓûêΓûêΓûêΓûÄ   | 663/1060 [31:35<17:07,  2.59s/it]
 63%|ΓûêΓûêΓûêΓûêΓûêΓûêΓûÄ   | 664/1060 [31:38<17:32,  2.66s/it]
 63%|ΓûêΓûêΓûêΓûêΓûêΓûêΓûÄ   | 665/1060 [31:40<17:08,  2.60s/it]
 63%|ΓûêΓûêΓûêΓûêΓûêΓûêΓûÄ   | 666/1060 [31:43<16:29,  2.51s/it]
 63%|ΓûêΓûêΓûêΓûêΓûêΓûêΓûÄ   | 667/1060 [31:45<16:42,  2.55s/it]
 63%|ΓûêΓûêΓûêΓûêΓûêΓûêΓûÄ   | 668/1060 [31:48<16:36,  2.54s/it]
 63%|ΓûêΓûêΓûêΓûêΓûêΓûêΓûÄ   | 669/1060 [31:50<16:08,  2.48s/it]
 63%|ΓûêΓûêΓûêΓûêΓûêΓûêΓûÄ   | 670/1060 [31:53<16:18,  2.51s/it]
 63%|ΓûêΓûêΓûêΓûêΓûêΓûêΓûÄ   | 671/1060 [31:55<16:01,  2.47s/it]
 63%|ΓûêΓûêΓûêΓûêΓûêΓûêΓûÄ   | 672/1060 [31:57<15:34,  2.41s/it]
 63%|ΓûêΓûêΓûêΓûêΓûêΓûêΓûÄ   | 673/1060 [32:00<15:57,  2.47s/it]
 64%|ΓûêΓûêΓûêΓûêΓûêΓûêΓûÄ   | 674/1060 [32:03<17:22,  2.70s/it]
 64%|ΓûêΓûêΓûêΓûêΓûêΓûêΓûÄ   | 675/1060 [32:06<16:24,  2.56s/it]
 64%|ΓûêΓûêΓûêΓûêΓûêΓûêΓûì   | 676/1060 [32:08<16:54,  2.64s/it]
 64%|ΓûêΓûêΓûêΓûêΓûêΓûêΓûì   | 677/1060 [32:11<16:20,  2.56s/it]
 64%|ΓûêΓûêΓûêΓûêΓûêΓûêΓûì   | 678/1060 [32:13<15:42,  2.47s/it]
 64%|ΓûêΓûêΓûêΓûêΓûêΓûêΓûì   | 679/1060 [32:15<15:36,  2.46s/it]
 64%|ΓûêΓûêΓûêΓûêΓûêΓûêΓûì   | 680/1060 [32:18<15:48,  2.49s/it]
 64%|ΓûêΓûêΓûêΓûêΓûêΓûêΓûì   | 681/1060 [32:20<14:19,  2.27s/it]
 64%|ΓûêΓûêΓûêΓûêΓûêΓûêΓûì   | 682/1060 [32:22<14:12,  2.25s/it]
 64%|ΓûêΓûêΓûêΓûêΓûêΓûêΓûì   | 683/1060 [32:25<16:10,  2.57s/it]
 65%|ΓûêΓûêΓûêΓûêΓûêΓûêΓûì   | 684/1060 [32:28<15:37,  2.49s/it]
 65%|ΓûêΓûêΓûêΓûêΓûêΓûêΓûì   | 685/1060 [32:30<16:07,  2.58s/it]
 65%|ΓûêΓûêΓûêΓûêΓûêΓûêΓûì   | 686/1060 [32:33<15:21,  2.46s/it]
 65%|ΓûêΓûêΓûêΓûêΓûêΓûêΓûì   | 687/1060 [32:35<15:06,  2.43s/it]
 65%|ΓûêΓûêΓûêΓûêΓûêΓûêΓûì   | 688/1060 [32:37<14:53,  2.40s/it]
 65%|ΓûêΓûêΓûêΓûêΓûêΓûêΓûî   | 689/1060 [32:40<15:10,  2.45s/it]
 65%|ΓûêΓûêΓûêΓûêΓûêΓûêΓûî   | 690/1060 [32:42<15:02,  2.44s/it]
 65%|ΓûêΓûêΓûêΓûêΓûêΓûêΓûî   | 691/1060 [32:45<15:56,  2.59s/it]
 65%|ΓûêΓûêΓûêΓûêΓûêΓûêΓûî   | 692/1060 [32:48<15:40,  2.56s/it]
 65%|ΓûêΓûêΓûêΓûêΓûêΓûêΓûî   | 693/1060 [32:50<15:44,  2.57s/it]
 65%|ΓûêΓûêΓûêΓûêΓûêΓûêΓûî   | 694/1060 [32:53<15:27,  2.53s/it]
 66%|ΓûêΓûêΓûêΓûêΓûêΓûêΓûî   | 695/1060 [32:55<15:10,  2.49s/it]
 66%|ΓûêΓûêΓûêΓûêΓûêΓûêΓûî   | 696/1060 [32:58<15:13,  2.51s/it]
 66%|ΓûêΓûêΓûêΓûêΓûêΓûêΓûî   | 697/1060 [33:00<15:42,  2.60s/it]
 66%|ΓûêΓûêΓûêΓûêΓûêΓûêΓûî   | 698/1060 [33:03<15:43,  2.61s/it]
 66%|ΓûêΓûêΓûêΓûêΓûêΓûêΓûî   | 699/1060 [33:06<15:35,  2.59s/it]
 66%|ΓûêΓûêΓûêΓûêΓûêΓûêΓûî   | 700/1060 [33:08<14:38,  2.44s/it]
 66%|ΓûêΓûêΓûêΓûêΓûêΓûêΓûî   | 701/1060 [33:10<14:44,  2.46s/it]
 66%|ΓûêΓûêΓûêΓûêΓûêΓûêΓûî   | 702/1060 [33:13<14:36,  2.45s/it]
 66%|ΓûêΓûêΓûêΓûêΓûêΓûêΓûï   | 703/1060 [33:15<14:45,  2.48s/it]
 66%|ΓûêΓûêΓûêΓûêΓûêΓûêΓûï   | 704/1060 [33:18<14:30,  2.45s/it]
 67%|ΓûêΓûêΓûêΓûêΓûêΓûêΓûï   | 705/1060 [33:20<14:17,  2.42s/it]
 67%|ΓûêΓûêΓûêΓûêΓûêΓûêΓûï   | 706/1060 [33:22<13:56,  2.36s/it]
 67%|ΓûêΓûêΓûêΓûêΓûêΓûêΓûï   | 707/1060 [33:25<14:13,  2.42s/it]
 67%|ΓûêΓûêΓûêΓûêΓûêΓûêΓûï   | 708/1060 [33:27<13:52,  2.37s/it]
 67%|ΓûêΓûêΓûêΓûêΓûêΓûêΓûï   | 709/1060 [33:30<14:11,  2.43s/it]
 67%|ΓûêΓûêΓûêΓûêΓûêΓûêΓûï   | 710/1060 [33:32<14:07,  2.42s/it]
 67%|ΓûêΓûêΓûêΓûêΓûêΓûêΓûï   | 711/1060 [33:35<15:30,  2.67s/it]
 67%|ΓûêΓûêΓûêΓûêΓûêΓûêΓûï   | 712/1060 [33:37<14:39,  2.53s/it]
 67%|ΓûêΓûêΓûêΓûêΓûêΓûêΓûï   | 713/1060 [33:40<14:24,  2.49s/it]
 67%|ΓûêΓûêΓûêΓûêΓûêΓûêΓûï   | 714/1060 [33:42<14:43,  2.55s/it]
 67%|ΓûêΓûêΓûêΓûêΓûêΓûêΓûï   | 715/1060 [33:45<14:18,  2.49s/it]
 68%|ΓûêΓûêΓûêΓûêΓûêΓûêΓûè   | 716/1060 [33:47<13:59,  2.44s/it]
 68%|ΓûêΓûêΓûêΓûêΓûêΓûêΓûè   | 717/1060 [33:50<13:53,  2.43s/it]
 68%|ΓûêΓûêΓûêΓûêΓûêΓûêΓûè   | 718/1060 [33:55<18:52,  3.31s/it]
 68%|ΓûêΓûêΓûêΓûêΓûêΓûêΓûè   | 719/1060 [33:57<17:14,  3.03s/it]
 68%|ΓûêΓûêΓûêΓûêΓûêΓûêΓûè   | 720/1060 [33:59<15:47,  2.79s/it]
 68%|ΓûêΓûêΓûêΓûêΓûêΓûêΓûè   | 721/1060 [34:02<14:58,  2.65s/it]
 68%|ΓûêΓûêΓûêΓûêΓûêΓûêΓûè   | 722/1060 [34:04<14:23,  2.56s/it]
 68%|ΓûêΓûêΓûêΓûêΓûêΓûêΓûè   | 723/1060 [34:07<14:07,  2.51s/it]
 68%|ΓûêΓûêΓûêΓûêΓûêΓûêΓûè   | 724/1060 [34:09<14:05,  2.52s/it]
 68%|ΓûêΓûêΓûêΓûêΓûêΓûêΓûè   | 725/1060 [34:12<14:22,  2.58s/it]
 68%|ΓûêΓûêΓûêΓûêΓûêΓûêΓûè   | 726/1060 [34:15<15:04,  2.71s/it]
 69%|ΓûêΓûêΓûêΓûêΓûêΓûêΓûè   | 727/1060 [34:17<14:53,  2.68s/it]
 69%|ΓûêΓûêΓûêΓûêΓûêΓûêΓûè   | 728/1060 [34:20<15:18,  2.77s/it]
 69%|ΓûêΓûêΓûêΓûêΓûêΓûêΓûë   | 729/1060 [34:23<14:23,  2.61s/it]
 69%|ΓûêΓûêΓûêΓûêΓûêΓûêΓûë   | 730/1060 [34:28<18:16,  3.32s/it]
 69%|ΓûêΓûêΓûêΓûêΓûêΓûêΓûë   | 731/1060 [34:33<22:18,  4.07s/it]
 69%|ΓûêΓûêΓûêΓûêΓûêΓûêΓûë   | 732/1060 [34:36<20:30,  3.75s/it]
 69%|ΓûêΓûêΓûêΓûêΓûêΓûêΓûë   | 733/1060 [34:39<18:12,  3.34s/it]
 69%|ΓûêΓûêΓûêΓûêΓûêΓûêΓûë   | 734/1060 [34:41<16:42,  3.07s/it]
 69%|ΓûêΓûêΓûêΓûêΓûêΓûêΓûë   | 735/1060 [34:44<15:48,  2.92s/it]
 69%|ΓûêΓûêΓûêΓûêΓûêΓûêΓûë   | 736/1060 [34:46<14:57,  2.77s/it]
 70%|ΓûêΓûêΓûêΓûêΓûêΓûêΓûë   | 737/1060 [34:49<14:11,  2.64s/it]
 70%|ΓûêΓûêΓûêΓûêΓûêΓûêΓûë   | 738/1060 [34:51<13:41,  2.55s/it]
 70%|ΓûêΓûêΓûêΓûêΓûêΓûêΓûë   | 739/1060 [34:53<13:32,  2.53s/it]
 70%|ΓûêΓûêΓûêΓûêΓûêΓûêΓûë   | 740/1060 [34:56<13:12,  2.48s/it]
 70%|ΓûêΓûêΓûêΓûêΓûêΓûêΓûë   | 741/1060 [34:58<13:18,  2.50s/it]
 70%|ΓûêΓûêΓûêΓûêΓûêΓûêΓûê   | 742/1060 [35:01<12:52,  2.43s/it]
 70%|ΓûêΓûêΓûêΓûêΓûêΓûêΓûê   | 743/1060 [35:03<12:59,  2.46s/it]
 70%|ΓûêΓûêΓûêΓûêΓûêΓûêΓûê   | 744/1060 [35:06<12:52,  2.44s/it]
 70%|ΓûêΓûêΓûêΓûêΓûêΓûêΓûê   | 745/1060 [35:08<12:39,  2.41s/it]
 70%|ΓûêΓûêΓûêΓûêΓûêΓûêΓûê   | 746/1060 [35:11<13:36,  2.60s/it]
 70%|ΓûêΓûêΓûêΓûêΓûêΓûêΓûê   | 747/1060 [35:14<13:38,  2.61s/it]
 71%|ΓûêΓûêΓûêΓûêΓûêΓûêΓûê   | 748/1060 [35:16<12:58,  2.50s/it]
 71%|ΓûêΓûêΓûêΓûêΓûêΓûêΓûê   | 749/1060 [35:18<13:06,  2.53s/it]
 71%|ΓûêΓûêΓûêΓûêΓûêΓûêΓûê   | 750/1060 [35:21<12:32,  2.43s/it]
 71%|ΓûêΓûêΓûêΓûêΓûêΓûêΓûê   | 751/1060 [35:23<12:43,  2.47s/it]
 71%|ΓûêΓûêΓûêΓûêΓûêΓûêΓûê   | 752/1060 [35:26<12:30,  2.44s/it]
 71%|ΓûêΓûêΓûêΓûêΓûêΓûêΓûê   | 754/1060 [35:28<09:43,  1.91s/it]
 71%|ΓûêΓûêΓûêΓûêΓûêΓûêΓûê   | 755/1060 [35:30<10:17,  2.03s/it]
 71%|ΓûêΓûêΓûêΓûêΓûêΓûêΓûêΓûÅ  | 756/1060 [35:33<11:06,  2.19s/it]
 71%|ΓûêΓûêΓûêΓûêΓûêΓûêΓûêΓûÅ  | 757/1060 [35:36<11:23,  2.26s/it]
 72%|ΓûêΓûêΓûêΓûêΓûêΓûêΓûêΓûÅ  | 758/1060 [35:38<11:27,  2.28s/it]
 72%|ΓûêΓûêΓûêΓûêΓûêΓûêΓûêΓûÅ  | 759/1060 [35:40<11:43,  2.34s/it]
 72%|ΓûêΓûêΓûêΓûêΓûêΓûêΓûêΓûÅ  | 760/1060 [35:43<11:58,  2.40s/it]
 72%|ΓûêΓûêΓûêΓûêΓûêΓûêΓûêΓûÅ  | 761/1060 [35:46<12:56,  2.60s/it]
 72%|ΓûêΓûêΓûêΓûêΓûêΓûêΓûêΓûÅ  | 762/1060 [35:48<12:36,  2.54s/it]
 72%|ΓûêΓûêΓûêΓûêΓûêΓûêΓûêΓûÅ  | 763/1060 [35:52<13:39,  2.76s/it]
 72%|ΓûêΓûêΓûêΓûêΓûêΓûêΓûêΓûÅ  | 764/1060 [35:54<12:59,  2.63s/it]
 72%|ΓûêΓûêΓûêΓûêΓûêΓûêΓûêΓûÅ  | 765/1060 [35:57<12:43,  2.59s/it]
 72%|ΓûêΓûêΓûêΓûêΓûêΓûêΓûêΓûÅ  | 766/1060 [35:59<12:22,  2.53s/it]
 72%|ΓûêΓûêΓûêΓûêΓûêΓûêΓûêΓûÅ  | 767/1060 [36:01<11:54,  2.44s/it]
 72%|ΓûêΓûêΓûêΓûêΓûêΓûêΓûêΓûÅ  | 768/1060 [36:04<12:07,  2.49s/it]
 73%|ΓûêΓûêΓûêΓûêΓûêΓûêΓûêΓûÄ  | 769/1060 [36:06<11:56,  2.46s/it]
 73%|ΓûêΓûêΓûêΓûêΓûêΓûêΓûêΓûÄ  | 770/1060 [36:09<11:52,  2.46s/it]
 73%|ΓûêΓûêΓûêΓûêΓûêΓûêΓûêΓûÄ  | 771/1060 [36:11<11:47,  2.45s/it]
 73%|ΓûêΓûêΓûêΓûêΓûêΓûêΓûêΓûÄ  | 772/1060 [36:14<13:12,  2.75s/it]
 73%|ΓûêΓûêΓûêΓûêΓûêΓûêΓûêΓûÄ  | 773/1060 [36:17<12:50,  2.69s/it]
 73%|ΓûêΓûêΓûêΓûêΓûêΓûêΓûêΓûÄ  | 774/1060 [36:22<16:35,  3.48s/it]
 73%|ΓûêΓûêΓûêΓûêΓûêΓûêΓûêΓûÄ  | 775/1060 [36:28<19:16,  4.06s/it]
 73%|ΓûêΓûêΓûêΓûêΓûêΓûêΓûêΓûÄ  | 776/1060 [36:31<17:23,  3.67s/it]
 73%|ΓûêΓûêΓûêΓûêΓûêΓûêΓûêΓûÄ  | 777/1060 [36:37<20:53,  4.43s/it]
 73%|ΓûêΓûêΓûêΓûêΓûêΓûêΓûêΓûÄ  | 778/1060 [36:40<18:31,  3.94s/it]
 73%|ΓûêΓûêΓûêΓûêΓûêΓûêΓûêΓûÄ  | 779/1060 [36:42<16:21,  3.49s/it]
 74%|ΓûêΓûêΓûêΓûêΓûêΓûêΓûêΓûÄ  | 780/1060 [36:44<14:40,  3.15s/it]
 74%|ΓûêΓûêΓûêΓûêΓûêΓûêΓûêΓûÄ  | 781/1060 [36:47<13:32,  2.91s/it]
 74%|ΓûêΓûêΓûêΓûêΓûêΓûêΓûêΓûì  | 782/1060 [36:49<12:44,  2.75s/it]
 74%|ΓûêΓûêΓûêΓûêΓûêΓûêΓûêΓûì  | 783/1060 [36:52<12:38,  2.74s/it]
 74%|ΓûêΓûêΓûêΓûêΓûêΓûêΓûêΓûì  | 784/1060 [36:54<12:30,  2.72s/it]
 74%|ΓûêΓûêΓûêΓûêΓûêΓûêΓûêΓûì  | 785/1060 [36:57<12:32,  2.74s/it]
 74%|ΓûêΓûêΓûêΓûêΓûêΓûêΓûêΓûì  | 786/1060 [37:00<13:07,  2.88s/it]
 74%|ΓûêΓûêΓûêΓûêΓûêΓûêΓûêΓûì  | 787/1060 [37:03<13:17,  2.92s/it]
 74%|ΓûêΓûêΓûêΓûêΓûêΓûêΓûêΓûì  | 788/1060 [37:06<12:20,  2.72s/it]
 74%|ΓûêΓûêΓûêΓûêΓûêΓûêΓûêΓûì  | 789/1060 [37:08<12:10,  2.69s/it]
 75%|ΓûêΓûêΓûêΓûêΓûêΓûêΓûêΓûì  | 790/1060 [37:11<12:11,  2.71s/it]
 75%|ΓûêΓûêΓûêΓûêΓûêΓûêΓûêΓûì  | 791/1060 [37:13<11:34,  2.58s/it]
 75%|ΓûêΓûêΓûêΓûêΓûêΓûêΓûêΓûì  | 792/1060 [37:16<11:16,  2.53s/it]
 75%|ΓûêΓûêΓûêΓûêΓûêΓûêΓûêΓûì  | 793/1060 [37:18<11:02,  2.48s/it]
 75%|ΓûêΓûêΓûêΓûêΓûêΓûêΓûêΓûì  | 794/1060 [37:21<11:18,  2.55s/it]
 75%|ΓûêΓûêΓûêΓûêΓûêΓûêΓûêΓûî  | 795/1060 [37:24<11:40,  2.64s/it]
 75%|ΓûêΓûêΓûêΓûêΓûêΓûêΓûêΓûî  | 796/1060 [37:26<11:11,  2.54s/it]
 75%|ΓûêΓûêΓûêΓûêΓûêΓûêΓûêΓûî  | 797/1060 [37:28<10:51,  2.48s/it]
 75%|ΓûêΓûêΓûêΓûêΓûêΓûêΓûêΓûî  | 798/1060 [37:31<10:39,  2.44s/it]
 75%|ΓûêΓûêΓûêΓûêΓûêΓûêΓûêΓûî  | 799/1060 [37:33<10:20,  2.38s/it]
 75%|ΓûêΓûêΓûêΓûêΓûêΓûêΓûêΓûî  | 800/1060 [37:36<11:08,  2.57s/it]
 76%|ΓûêΓûêΓûêΓûêΓûêΓûêΓûêΓûî  | 801/1060 [37:38<10:35,  2.45s/it]
 76%|ΓûêΓûêΓûêΓûêΓûêΓûêΓûêΓûî  | 802/1060 [37:40<10:27,  2.43s/it]
 76%|ΓûêΓûêΓûêΓûêΓûêΓûêΓûêΓûî  | 803/1060 [37:43<10:05,  2.36s/it]
 76%|ΓûêΓûêΓûêΓûêΓûêΓûêΓûêΓûî  | 804/1060 [37:45<10:19,  2.42s/it]
 76%|ΓûêΓûêΓûêΓûêΓûêΓûêΓûêΓûî  | 805/1060 [37:48<10:10,  2.39s/it]
 76%|ΓûêΓûêΓûêΓûêΓûêΓûêΓûêΓûî  | 806/1060 [37:50<10:09,  2.40s/it]
 76%|ΓûêΓûêΓûêΓûêΓûêΓûêΓûêΓûî  | 807/1060 [37:52<10:07,  2.40s/it]
 76%|ΓûêΓûêΓûêΓûêΓûêΓûêΓûêΓûî  | 808/1060 [37:55<10:18,  2.46s/it]
 76%|ΓûêΓûêΓûêΓûêΓûêΓûêΓûêΓûï  | 809/1060 [37:57<10:16,  2.45s/it]
 76%|ΓûêΓûêΓûêΓûêΓûêΓûêΓûêΓûï  | 810/1060 [38:01<11:13,  2.70s/it]
 77%|ΓûêΓûêΓûêΓûêΓûêΓûêΓûêΓûï  | 811/1060 [38:03<10:42,  2.58s/it]
 77%|ΓûêΓûêΓûêΓûêΓûêΓûêΓûêΓûï  | 812/1060 [38:05<10:16,  2.49s/it]
 77%|ΓûêΓûêΓûêΓûêΓûêΓûêΓûêΓûï  | 813/1060 [38:08<10:00,  2.43s/it]
 77%|ΓûêΓûêΓûêΓûêΓûêΓûêΓûêΓûï  | 814/1060 [38:10<10:06,  2.47s/it]
 77%|ΓûêΓûêΓûêΓûêΓûêΓûêΓûêΓûï  | 815/1060 [38:13<10:01,  2.45s/it]
 77%|ΓûêΓûêΓûêΓûêΓûêΓûêΓûêΓûï  | 816/1060 [38:15<09:57,  2.45s/it]
 77%|ΓûêΓûêΓûêΓûêΓûêΓûêΓûêΓûï  | 817/1060 [38:17<09:51,  2.43s/it]
 77%|ΓûêΓûêΓûêΓûêΓûêΓûêΓûêΓûï  | 818/1060 [38:20<10:13,  2.54s/it]
 77%|ΓûêΓûêΓûêΓûêΓûêΓûêΓûêΓûï  | 819/1060 [38:22<09:42,  2.42s/it]
 77%|ΓûêΓûêΓûêΓûêΓûêΓûêΓûêΓûï  | 820/1060 [38:25<10:04,  2.52s/it]
 77%|ΓûêΓûêΓûêΓûêΓûêΓûêΓûêΓûï  | 821/1060 [38:27<09:44,  2.45s/it]
 78%|ΓûêΓûêΓûêΓûêΓûêΓûêΓûêΓûè  | 822/1060 [38:30<09:36,  2.42s/it]
 78%|ΓûêΓûêΓûêΓûêΓûêΓûêΓûêΓûè  | 823/1060 [38:32<09:27,  2.39s/it]
 78%|ΓûêΓûêΓûêΓûêΓûêΓûêΓûêΓûè  | 824/1060 [38:35<09:34,  2.43s/it]
 78%|ΓûêΓûêΓûêΓûêΓûêΓûêΓûêΓûè  | 825/1060 [38:37<09:29,  2.42s/it]
 78%|ΓûêΓûêΓûêΓûêΓûêΓûêΓûêΓûè  | 826/1060 [38:39<09:37,  2.47s/it]
 78%|ΓûêΓûêΓûêΓûêΓûêΓûêΓûêΓûè  | 827/1060 [38:42<09:27,  2.44s/it]
 78%|ΓûêΓûêΓûêΓûêΓûêΓûêΓûêΓûè  | 828/1060 [38:44<09:17,  2.41s/it]
 78%|ΓûêΓûêΓûêΓûêΓûêΓûêΓûêΓûè  | 829/1060 [38:47<09:15,  2.40s/it]
 78%|ΓûêΓûêΓûêΓûêΓûêΓûêΓûêΓûè  | 830/1060 [38:49<09:03,  2.37s/it]
 78%|ΓûêΓûêΓûêΓûêΓûêΓûêΓûêΓûè  | 831/1060 [38:54<12:16,  3.22s/it]
 78%|ΓûêΓûêΓûêΓûêΓûêΓûêΓûêΓûè  | 832/1060 [38:57<11:30,  3.03s/it]
 79%|ΓûêΓûêΓûêΓûêΓûêΓûêΓûêΓûè  | 833/1060 [38:59<10:48,  2.86s/it]
 79%|ΓûêΓûêΓûêΓûêΓûêΓûêΓûêΓûè  | 834/1060 [39:01<10:06,  2.69s/it]
 79%|ΓûêΓûêΓûêΓûêΓûêΓûêΓûêΓûë  | 835/1060 [39:04<09:56,  2.65s/it]
 79%|ΓûêΓûêΓûêΓûêΓûêΓûêΓûêΓûë  | 836/1060 [39:07<09:50,  2.63s/it]
 79%|ΓûêΓûêΓûêΓûêΓûêΓûêΓûêΓûë  | 837/1060 [39:09<09:19,  2.51s/it]
 79%|ΓûêΓûêΓûêΓûêΓûêΓûêΓûêΓûë  | 838/1060 [39:11<09:22,  2.53s/it]
 79%|ΓûêΓûêΓûêΓûêΓûêΓûêΓûêΓûë  | 839/1060 [39:14<09:22,  2.55s/it]
 79%|ΓûêΓûêΓûêΓûêΓûêΓûêΓûêΓûë  | 840/1060 [39:16<08:55,  2.43s/it]
 79%|ΓûêΓûêΓûêΓûêΓûêΓûêΓûêΓûë  | 841/1060 [39:19<09:09,  2.51s/it]
 79%|ΓûêΓûêΓûêΓûêΓûêΓûêΓûêΓûë  | 842/1060 [39:21<09:04,  2.50s/it]
 80%|ΓûêΓûêΓûêΓûêΓûêΓûêΓûêΓûë  | 843/1060 [39:24<08:58,  2.48s/it]
 80%|ΓûêΓûêΓûêΓûêΓûêΓûêΓûêΓûë  | 844/1060 [39:26<09:00,  2.50s/it]
 80%|ΓûêΓûêΓûêΓûêΓûêΓûêΓûêΓûë  | 845/1060 [39:29<08:59,  2.51s/it]
 80%|ΓûêΓûêΓûêΓûêΓûêΓûêΓûêΓûë  | 846/1060 [39:31<08:44,  2.45s/it]
 80%|ΓûêΓûêΓûêΓûêΓûêΓûêΓûêΓûë  | 847/1060 [39:33<08:25,  2.37s/it]
 80%|ΓûêΓûêΓûêΓûêΓûêΓûêΓûêΓûê  | 848/1060 [39:36<08:32,  2.42s/it]
 80%|ΓûêΓûêΓûêΓûêΓûêΓûêΓûêΓûê  | 849/1060 [39:38<08:29,  2.42s/it]
 80%|ΓûêΓûêΓûêΓûêΓûêΓûêΓûêΓûê  | 850/1060 [39:41<08:22,  2.39s/it]
 80%|ΓûêΓûêΓûêΓûêΓûêΓûêΓûêΓûê  | 851/1060 [39:43<08:26,  2.42s/it]
 80%|ΓûêΓûêΓûêΓûêΓûêΓûêΓûêΓûê  | 852/1060 [39:46<09:17,  2.68s/it]
 80%|ΓûêΓûêΓûêΓûêΓûêΓûêΓûêΓûê  | 853/1060 [39:49<08:49,  2.56s/it]
 81%|ΓûêΓûêΓûêΓûêΓûêΓûêΓûêΓûê  | 854/1060 [39:51<08:39,  2.52s/it]
 81%|ΓûêΓûêΓûêΓûêΓûêΓûêΓûêΓûê  | 855/1060 [39:53<08:27,  2.48s/it]
 81%|ΓûêΓûêΓûêΓûêΓûêΓûêΓûêΓûê  | 856/1060 [39:56<08:25,  2.48s/it]
 81%|ΓûêΓûêΓûêΓûêΓûêΓûêΓûêΓûê  | 857/1060 [39:59<08:42,  2.57s/it]
 81%|ΓûêΓûêΓûêΓûêΓûêΓûêΓûêΓûê  | 858/1060 [40:01<08:40,  2.57s/it]
 81%|ΓûêΓûêΓûêΓûêΓûêΓûêΓûêΓûê  | 859/1060 [40:04<08:18,  2.48s/it]
 81%|ΓûêΓûêΓûêΓûêΓûêΓûêΓûêΓûê  | 860/1060 [40:06<08:19,  2.50s/it]
 81%|ΓûêΓûêΓûêΓûêΓûêΓûêΓûêΓûê  | 861/1060 [40:11<11:09,  3.36s/it]
 81%|ΓûêΓûêΓûêΓûêΓûêΓûêΓûêΓûêΓûÅ | 862/1060 [40:14<10:15,  3.11s/it]
 81%|ΓûêΓûêΓûêΓûêΓûêΓûêΓûêΓûêΓûÅ | 863/1060 [40:17<09:43,  2.96s/it]
 82%|ΓûêΓûêΓûêΓûêΓûêΓûêΓûêΓûêΓûÅ | 864/1060 [40:19<09:15,  2.84s/it]
 82%|ΓûêΓûêΓûêΓûêΓûêΓûêΓûêΓûêΓûÅ | 865/1060 [40:21<08:38,  2.66s/it]
 82%|ΓûêΓûêΓûêΓûêΓûêΓûêΓûêΓûêΓûÅ | 866/1060 [40:24<08:18,  2.57s/it]
 82%|ΓûêΓûêΓûêΓûêΓûêΓûêΓûêΓûêΓûÅ | 867/1060 [40:26<08:04,  2.51s/it]
 82%|ΓûêΓûêΓûêΓûêΓûêΓûêΓûêΓûêΓûÅ | 868/1060 [40:29<08:06,  2.53s/it]
 82%|ΓûêΓûêΓûêΓûêΓûêΓûêΓûêΓûêΓûÅ | 869/1060 [40:31<08:12,  2.58s/it]
 82%|ΓûêΓûêΓûêΓûêΓûêΓûêΓûêΓûêΓûÅ | 870/1060 [40:34<08:08,  2.57s/it]
 82%|ΓûêΓûêΓûêΓûêΓûêΓûêΓûêΓûêΓûÅ | 871/1060 [40:36<07:44,  2.46s/it]
 82%|ΓûêΓûêΓûêΓûêΓûêΓûêΓûêΓûêΓûÅ | 872/1060 [40:39<07:48,  2.49s/it]
 82%|ΓûêΓûêΓûêΓûêΓûêΓûêΓûêΓûêΓûÅ | 873/1060 [40:41<07:32,  2.42s/it]
 82%|ΓûêΓûêΓûêΓûêΓûêΓûêΓûêΓûêΓûÅ | 874/1060 [40:44<07:39,  2.47s/it]
 83%|ΓûêΓûêΓûêΓûêΓûêΓûêΓûêΓûêΓûÄ | 875/1060 [40:46<07:21,  2.39s/it]
 83%|ΓûêΓûêΓûêΓûêΓûêΓûêΓûêΓûêΓûÄ | 876/1060 [40:48<07:30,  2.45s/it]
 83%|ΓûêΓûêΓûêΓûêΓûêΓûêΓûêΓûêΓûÄ | 877/1060 [40:51<07:15,  2.38s/it]
 83%|ΓûêΓûêΓûêΓûêΓûêΓûêΓûêΓûêΓûÄ | 878/1060 [40:53<07:12,  2.37s/it]
 83%|ΓûêΓûêΓûêΓûêΓûêΓûêΓûêΓûêΓûÄ | 879/1060 [40:55<07:03,  2.34s/it]
 83%|ΓûêΓûêΓûêΓûêΓûêΓûêΓûêΓûêΓûÄ | 880/1060 [40:58<07:47,  2.60s/it]
 83%|ΓûêΓûêΓûêΓûêΓûêΓûêΓûêΓûêΓûÄ | 881/1060 [41:01<07:29,  2.51s/it]
 83%|ΓûêΓûêΓûêΓûêΓûêΓûêΓûêΓûêΓûÄ | 882/1060 [41:04<07:54,  2.66s/it]
 83%|ΓûêΓûêΓûêΓûêΓûêΓûêΓûêΓûêΓûÄ | 883/1060 [41:06<07:39,  2.60s/it]
 83%|ΓûêΓûêΓûêΓûêΓûêΓûêΓûêΓûêΓûÄ | 884/1060 [41:08<07:22,  2.51s/it]
 83%|ΓûêΓûêΓûêΓûêΓûêΓûêΓûêΓûêΓûÄ | 885/1060 [41:11<07:03,  2.42s/it]
 84%|ΓûêΓûêΓûêΓûêΓûêΓûêΓûêΓûêΓûÄ | 886/1060 [41:13<07:16,  2.51s/it]
 84%|ΓûêΓûêΓûêΓûêΓûêΓûêΓûêΓûêΓûÄ | 887/1060 [41:16<07:16,  2.52s/it]
 84%|ΓûêΓûêΓûêΓûêΓûêΓûêΓûêΓûêΓûì | 888/1060 [41:18<07:04,  2.47s/it]
 84%|ΓûêΓûêΓûêΓûêΓûêΓûêΓûêΓûêΓûì | 889/1060 [41:23<08:57,  3.15s/it]
 84%|ΓûêΓûêΓûêΓûêΓûêΓûêΓûêΓûêΓûì | 890/1060 [41:29<11:02,  3.90s/it]
 84%|ΓûêΓûêΓûêΓûêΓûêΓûêΓûêΓûêΓûì | 891/1060 [41:31<09:34,  3.40s/it]
 84%|ΓûêΓûêΓûêΓûêΓûêΓûêΓûêΓûêΓûì | 892/1060 [41:33<08:39,  3.09s/it]
 84%|ΓûêΓûêΓûêΓûêΓûêΓûêΓûêΓûêΓûì | 893/1060 [41:36<08:06,  2.91s/it]
 84%|ΓûêΓûêΓûêΓûêΓûêΓûêΓûêΓûêΓûì | 894/1060 [41:38<07:47,  2.82s/it]
 84%|ΓûêΓûêΓûêΓûêΓûêΓûêΓûêΓûêΓûì | 895/1060 [41:41<07:42,  2.80s/it]
 85%|ΓûêΓûêΓûêΓûêΓûêΓûêΓûêΓûêΓûì | 896/1060 [41:44<07:39,  2.80s/it]
 85%|ΓûêΓûêΓûêΓûêΓûêΓûêΓûêΓûêΓûì | 897/1060 [41:46<07:14,  2.66s/it]
 85%|ΓûêΓûêΓûêΓûêΓûêΓûêΓûêΓûêΓûì | 898/1060 [41:49<07:07,  2.64s/it]
 85%|ΓûêΓûêΓûêΓûêΓûêΓûêΓûêΓûêΓûì | 899/1060 [41:52<07:15,  2.71s/it]
 85%|ΓûêΓûêΓûêΓûêΓûêΓûêΓûêΓûêΓûì | 900/1060 [41:55<07:17,  2.73s/it]
 85%|ΓûêΓûêΓûêΓûêΓûêΓûêΓûêΓûêΓûî | 901/1060 [41:58<07:28,  2.82s/it]
 85%|ΓûêΓûêΓûêΓûêΓûêΓûêΓûêΓûêΓûî | 902/1060 [42:00<07:09,  2.72s/it]
 85%|ΓûêΓûêΓûêΓûêΓûêΓûêΓûêΓûêΓûî | 903/1060 [42:03<07:03,  2.70s/it]
 85%|ΓûêΓûêΓûêΓûêΓûêΓûêΓûêΓûêΓûî | 904/1060 [42:05<06:47,  2.61s/it]
 85%|ΓûêΓûêΓûêΓûêΓûêΓûêΓûêΓûêΓûî | 905/1060 [42:07<06:36,  2.56s/it]
 85%|ΓûêΓûêΓûêΓûêΓûêΓûêΓûêΓûêΓûî | 906/1060 [42:10<06:23,  2.49s/it]
 86%|ΓûêΓûêΓûêΓûêΓûêΓûêΓûêΓûêΓûî | 907/1060 [42:13<06:47,  2.66s/it]
 86%|ΓûêΓûêΓûêΓûêΓûêΓûêΓûêΓûêΓûî | 908/1060 [42:16<06:55,  2.74s/it]
 86%|ΓûêΓûêΓûêΓûêΓûêΓûêΓûêΓûêΓûî | 909/1060 [42:18<06:36,  2.62s/it]
 86%|ΓûêΓûêΓûêΓûêΓûêΓûêΓûêΓûêΓûî | 910/1060 [42:24<09:07,  3.65s/it]
 86%|ΓûêΓûêΓûêΓûêΓûêΓûêΓûêΓûêΓûî | 911/1060 [42:27<08:16,  3.33s/it]
 86%|ΓûêΓûêΓûêΓûêΓûêΓûêΓûêΓûêΓûî | 912/1060 [42:30<08:00,  3.24s/it]
 86%|ΓûêΓûêΓûêΓûêΓûêΓûêΓûêΓûêΓûî | 913/1060 [42:32<07:25,  3.03s/it]
 86%|ΓûêΓûêΓûêΓûêΓûêΓûêΓûêΓûêΓûî | 914/1060 [42:35<07:02,  2.89s/it]
 86%|ΓûêΓûêΓûêΓûêΓûêΓûêΓûêΓûêΓûï | 915/1060 [42:37<06:29,  2.68s/it]
 86%|ΓûêΓûêΓûêΓûêΓûêΓûêΓûêΓûêΓûï | 916/1060 [42:40<06:23,  2.66s/it]
 87%|ΓûêΓûêΓûêΓûêΓûêΓûêΓûêΓûêΓûï | 917/1060 [42:42<06:07,  2.57s/it]
 87%|ΓûêΓûêΓûêΓûêΓûêΓûêΓûêΓûêΓûï | 918/1060 [42:44<05:53,  2.49s/it]
 87%|ΓûêΓûêΓûêΓûêΓûêΓûêΓûêΓûêΓûï | 919/1060 [42:47<05:49,  2.48s/it]
 87%|ΓûêΓûêΓûêΓûêΓûêΓûêΓûêΓûêΓûï | 920/1060 [42:50<06:17,  2.70s/it]
 87%|ΓûêΓûêΓûêΓûêΓûêΓûêΓûêΓûêΓûï | 921/1060 [42:52<05:55,  2.56s/it]
 87%|ΓûêΓûêΓûêΓûêΓûêΓûêΓûêΓûêΓûï | 922/1060 [42:55<05:46,  2.51s/it]
 87%|ΓûêΓûêΓûêΓûêΓûêΓûêΓûêΓûêΓûï | 923/1060 [42:57<05:45,  2.52s/it]
 87%|ΓûêΓûêΓûêΓûêΓûêΓûêΓûêΓûêΓûï | 924/1060 [43:00<05:33,  2.46s/it]
 87%|ΓûêΓûêΓûêΓûêΓûêΓûêΓûêΓûêΓûï | 925/1060 [43:02<05:29,  2.44s/it]
 87%|ΓûêΓûêΓûêΓûêΓûêΓûêΓûêΓûêΓûï | 926/1060 [43:05<05:42,  2.55s/it]
 87%|ΓûêΓûêΓûêΓûêΓûêΓûêΓûêΓûêΓûï | 927/1060 [43:07<05:37,  2.53s/it]
 88%|ΓûêΓûêΓûêΓûêΓûêΓûêΓûêΓûêΓûè | 928/1060 [43:10<05:23,  2.45s/it]
 88%|ΓûêΓûêΓûêΓûêΓûêΓûêΓûêΓûêΓûè | 929/1060 [43:12<05:16,  2.42s/it]
 88%|ΓûêΓûêΓûêΓûêΓûêΓûêΓûêΓûêΓûè | 930/1060 [43:15<05:46,  2.66s/it]
 88%|ΓûêΓûêΓûêΓûêΓûêΓûêΓûêΓûêΓûè | 931/1060 [43:18<05:52,  2.73s/it]
 88%|ΓûêΓûêΓûêΓûêΓûêΓûêΓûêΓûêΓûè | 932/1060 [43:20<05:28,  2.57s/it]
 88%|ΓûêΓûêΓûêΓûêΓûêΓûêΓûêΓûêΓûè | 933/1060 [43:29<09:17,  4.39s/it]
 88%|ΓûêΓûêΓûêΓûêΓûêΓûêΓûêΓûêΓûè | 934/1060 [43:35<10:13,  4.87s/it]
 88%|ΓûêΓûêΓûêΓûêΓûêΓûêΓûêΓûêΓûè | 935/1060 [43:37<08:29,  4.08s/it]
 88%|ΓûêΓûêΓûêΓûêΓûêΓûêΓûêΓûêΓûè | 936/1060 [43:39<07:18,  3.53s/it]
 88%|ΓûêΓûêΓûêΓûêΓûêΓûêΓûêΓûêΓûè | 937/1060 [43:42<06:31,  3.19s/it]
 88%|ΓûêΓûêΓûêΓûêΓûêΓûêΓûêΓûêΓûè | 938/1060 [43:44<05:52,  2.89s/it]
 89%|ΓûêΓûêΓûêΓûêΓûêΓûêΓûêΓûêΓûè | 939/1060 [43:46<05:38,  2.80s/it]
 89%|ΓûêΓûêΓûêΓûêΓûêΓûêΓûêΓûêΓûè | 940/1060 [43:49<05:26,  2.72s/it]
 89%|ΓûêΓûêΓûêΓûêΓûêΓûêΓûêΓûêΓûë | 941/1060 [43:51<05:07,  2.58s/it]
 89%|ΓûêΓûêΓûêΓûêΓûêΓûêΓûêΓûêΓûë | 942/1060 [43:57<07:06,  3.61s/it]
 89%|ΓûêΓûêΓûêΓûêΓûêΓûêΓûêΓûêΓûë | 943/1060 [44:00<06:19,  3.24s/it]
 89%|ΓûêΓûêΓûêΓûêΓûêΓûêΓûêΓûêΓûë | 944/1060 [44:02<05:42,  2.95s/it]
 89%|ΓûêΓûêΓûêΓûêΓûêΓûêΓûêΓûêΓûë | 945/1060 [44:04<05:18,  2.77s/it]
 89%|ΓûêΓûêΓûêΓûêΓûêΓûêΓûêΓûêΓûë | 946/1060 [44:07<05:02,  2.65s/it]
 89%|ΓûêΓûêΓûêΓûêΓûêΓûêΓûêΓûêΓûë | 947/1060 [44:09<04:44,  2.52s/it]
 89%|ΓûêΓûêΓûêΓûêΓûêΓûêΓûêΓûêΓûë | 948/1060 [44:11<04:43,  2.53s/it]
 90%|ΓûêΓûêΓûêΓûêΓûêΓûêΓûêΓûêΓûë | 949/1060 [44:14<04:30,  2.43s/it]
 90%|ΓûêΓûêΓûêΓûêΓûêΓûêΓûêΓûêΓûë | 950/1060 [44:16<04:31,  2.47s/it]
 90%|ΓûêΓûêΓûêΓûêΓûêΓûêΓûêΓûêΓûë | 951/1060 [44:19<04:26,  2.44s/it]
 90%|ΓûêΓûêΓûêΓûêΓûêΓûêΓûêΓûêΓûë | 952/1060 [44:21<04:33,  2.54s/it]
 90%|ΓûêΓûêΓûêΓûêΓûêΓûêΓûêΓûêΓûë | 953/1060 [44:24<04:29,  2.52s/it]
 90%|ΓûêΓûêΓûêΓûêΓûêΓûêΓûêΓûêΓûê | 954/1060 [44:26<04:20,  2.46s/it]
 90%|ΓûêΓûêΓûêΓûêΓûêΓûêΓûêΓûêΓûê | 955/1060 [44:29<04:34,  2.61s/it]
 90%|ΓûêΓûêΓûêΓûêΓûêΓûêΓûêΓûêΓûê | 956/1060 [44:32<04:40,  2.70s/it]
 90%|ΓûêΓûêΓûêΓûêΓûêΓûêΓûêΓûêΓûê | 957/1060 [44:34<04:31,  2.63s/it]
 90%|ΓûêΓûêΓûêΓûêΓûêΓûêΓûêΓûêΓûê | 958/1060 [44:37<04:23,  2.58s/it]
 90%|ΓûêΓûêΓûêΓûêΓûêΓûêΓûêΓûêΓûê | 959/1060 [44:39<04:20,  2.58s/it]
 91%|ΓûêΓûêΓûêΓûêΓûêΓûêΓûêΓûêΓûê | 961/1060 [44:42<03:19,  2.01s/it]
 91%|ΓûêΓûêΓûêΓûêΓûêΓûêΓûêΓûêΓûê | 962/1060 [44:45<03:40,  2.25s/it]
 91%|ΓûêΓûêΓûêΓûêΓûêΓûêΓûêΓûêΓûê | 963/1060 [44:48<03:45,  2.33s/it]
 91%|ΓûêΓûêΓûêΓûêΓûêΓûêΓûêΓûêΓûê | 964/1060 [44:51<04:03,  2.54s/it]
 91%|ΓûêΓûêΓûêΓûêΓûêΓûêΓûêΓûêΓûê | 965/1060 [44:53<04:01,  2.54s/it]
 91%|ΓûêΓûêΓûêΓûêΓûêΓûêΓûêΓûêΓûê | 966/1060 [44:56<03:51,  2.46s/it]
 91%|ΓûêΓûêΓûêΓûêΓûêΓûêΓûêΓûêΓûê | 967/1060 [44:58<03:44,  2.42s/it]
 91%|ΓûêΓûêΓûêΓûêΓûêΓûêΓûêΓûêΓûêΓûÅ| 968/1060 [45:01<03:58,  2.59s/it]
 91%|ΓûêΓûêΓûêΓûêΓûêΓûêΓûêΓûêΓûêΓûÅ| 969/1060 [45:04<03:56,  2.60s/it]
 92%|ΓûêΓûêΓûêΓûêΓûêΓûêΓûêΓûêΓûêΓûÅ| 970/1060 [45:06<03:51,  2.57s/it]
 92%|ΓûêΓûêΓûêΓûêΓûêΓûêΓûêΓûêΓûêΓûÅ| 971/1060 [45:09<03:49,  2.58s/it]
 92%|ΓûêΓûêΓûêΓûêΓûêΓûêΓûêΓûêΓûêΓûÅ| 972/1060 [45:16<06:02,  4.12s/it]
 92%|ΓûêΓûêΓûêΓûêΓûêΓûêΓûêΓûêΓûêΓûÅ| 973/1060 [45:20<05:45,  3.97s/it]
 92%|ΓûêΓûêΓûêΓûêΓûêΓûêΓûêΓûêΓûêΓûÅ| 974/1060 [45:23<05:06,  3.56s/it]
 92%|ΓûêΓûêΓûêΓûêΓûêΓûêΓûêΓûêΓûêΓûÅ| 975/1060 [45:26<04:50,  3.42s/it]
 92%|ΓûêΓûêΓûêΓûêΓûêΓûêΓûêΓûêΓûêΓûÅ| 976/1060 [45:28<04:17,  3.06s/it]
 92%|ΓûêΓûêΓûêΓûêΓûêΓûêΓûêΓûêΓûêΓûÅ| 977/1060 [45:31<04:09,  3.01s/it]
 92%|ΓûêΓûêΓûêΓûêΓûêΓûêΓûêΓûêΓûêΓûÅ| 978/1060 [45:33<03:53,  2.85s/it]
 92%|ΓûêΓûêΓûêΓûêΓûêΓûêΓûêΓûêΓûêΓûÅ| 979/1060 [45:36<03:38,  2.70s/it]
 92%|ΓûêΓûêΓûêΓûêΓûêΓûêΓûêΓûêΓûêΓûÅ| 980/1060 [45:38<03:24,  2.56s/it]
 93%|ΓûêΓûêΓûêΓûêΓûêΓûêΓûêΓûêΓûêΓûÄ| 981/1060 [45:41<03:31,  2.68s/it]
 93%|ΓûêΓûêΓûêΓûêΓûêΓûêΓûêΓûêΓûêΓûÄ| 982/1060 [45:43<03:22,  2.60s/it]
 93%|ΓûêΓûêΓûêΓûêΓûêΓûêΓûêΓûêΓûêΓûÄ| 983/1060 [45:46<03:19,  2.59s/it]
 93%|ΓûêΓûêΓûêΓûêΓûêΓûêΓûêΓûêΓûêΓûÄ| 984/1060 [45:48<03:10,  2.51s/it]
 93%|ΓûêΓûêΓûêΓûêΓûêΓûêΓûêΓûêΓûêΓûÄ| 985/1060 [45:51<03:22,  2.70s/it]
 93%|ΓûêΓûêΓûêΓûêΓûêΓûêΓûêΓûêΓûêΓûÄ| 986/1060 [45:54<03:08,  2.55s/it]
 93%|ΓûêΓûêΓûêΓûêΓûêΓûêΓûêΓûêΓûêΓûÄ| 987/1060 [45:56<03:12,  2.64s/it]
 93%|ΓûêΓûêΓûêΓûêΓûêΓûêΓûêΓûêΓûêΓûÄ| 988/1060 [45:59<03:01,  2.52s/it]
 93%|ΓûêΓûêΓûêΓûêΓûêΓûêΓûêΓûêΓûêΓûÄ| 989/1060 [46:01<02:55,  2.47s/it]
 93%|ΓûêΓûêΓûêΓûêΓûêΓûêΓûêΓûêΓûêΓûÄ| 990/1060 [46:03<02:49,  2.42s/it]
 93%|ΓûêΓûêΓûêΓûêΓûêΓûêΓûêΓûêΓûêΓûÄ| 991/1060 [46:06<02:49,  2.45s/it]
 94%|ΓûêΓûêΓûêΓûêΓûêΓûêΓûêΓûêΓûêΓûÄ| 992/1060 [46:08<02:44,  2.42s/it]
 94%|ΓûêΓûêΓûêΓûêΓûêΓûêΓûêΓûêΓûêΓûÄ| 993/1060 [46:11<02:41,  2.41s/it]
 94%|ΓûêΓûêΓûêΓûêΓûêΓûêΓûêΓûêΓûêΓûì| 994/1060 [46:13<02:38,  2.39s/it]
 94%|ΓûêΓûêΓûêΓûêΓûêΓûêΓûêΓûêΓûêΓûì| 995/1060 [46:15<02:36,  2.41s/it]
 94%|ΓûêΓûêΓûêΓûêΓûêΓûêΓûêΓûêΓûêΓûì| 997/1060 [46:18<02:04,  1.97s/it]
 94%|ΓûêΓûêΓûêΓûêΓûêΓûêΓûêΓûêΓûêΓûì| 998/1060 [46:21<02:08,  2.07s/it]
 94%|ΓûêΓûêΓûêΓûêΓûêΓûêΓûêΓûêΓûêΓûì| 999/1060 [46:23<02:09,  2.12s/it]
 94%|ΓûêΓûêΓûêΓûêΓûêΓûêΓûêΓûêΓûêΓûì| 1000/1060 [46:26<02:19,  2.32s/it]
 94%|ΓûêΓûêΓûêΓûêΓûêΓûêΓûêΓûêΓûêΓûì| 1001/1060 [46:32<03:16,  3.34s/it]
 95%|ΓûêΓûêΓûêΓûêΓûêΓûêΓûêΓûêΓûêΓûì| 1002/1060 [46:34<03:00,  3.11s/it]
 95%|ΓûêΓûêΓûêΓûêΓûêΓûêΓûêΓûêΓûêΓûì| 1003/1060 [46:37<02:45,  2.90s/it]
 95%|ΓûêΓûêΓûêΓûêΓûêΓûêΓûêΓûêΓûêΓûì| 1004/1060 [46:39<02:33,  2.75s/it]
 95%|ΓûêΓûêΓûêΓûêΓûêΓûêΓûêΓûêΓûêΓûì| 1005/1060 [46:41<02:25,  2.65s/it]
 95%|ΓûêΓûêΓûêΓûêΓûêΓûêΓûêΓûêΓûêΓûì| 1006/1060 [46:44<02:23,  2.65s/it]
 95%|ΓûêΓûêΓûêΓûêΓûêΓûêΓûêΓûêΓûêΓûî| 1007/1060 [46:47<02:24,  2.72s/it]
 95%|ΓûêΓûêΓûêΓûêΓûêΓûêΓûêΓûêΓûêΓûî| 1008/1060 [46:50<02:23,  2.75s/it]
 95%|ΓûêΓûêΓûêΓûêΓûêΓûêΓûêΓûêΓûêΓûî| 1009/1060 [46:52<02:12,  2.60s/it]
 95%|ΓûêΓûêΓûêΓûêΓûêΓûêΓûêΓûêΓûêΓûî| 1010/1060 [46:58<02:59,  3.59s/it]
 95%|ΓûêΓûêΓûêΓûêΓûêΓûêΓûêΓûêΓûêΓûî| 1011/1060 [47:06<04:01,  4.92s/it]
 95%|ΓûêΓûêΓûêΓûêΓûêΓûêΓûêΓûêΓûêΓûî| 1012/1060 [47:08<03:19,  4.17s/it]
 96%|ΓûêΓûêΓûêΓûêΓûêΓûêΓûêΓûêΓûêΓûî| 1013/1060 [47:11<02:51,  3.64s/it]
 96%|ΓûêΓûêΓûêΓûêΓûêΓûêΓûêΓûêΓûêΓûî| 1014/1060 [47:13<02:32,  3.32s/it]
 96%|ΓûêΓûêΓûêΓûêΓûêΓûêΓûêΓûêΓûêΓûî| 1015/1060 [47:16<02:18,  3.07s/it]
 96%|ΓûêΓûêΓûêΓûêΓûêΓûêΓûêΓûêΓûêΓûî| 1016/1060 [47:18<02:06,  2.88s/it]
 96%|ΓûêΓûêΓûêΓûêΓûêΓûêΓûêΓûêΓûêΓûî| 1018/1060 [47:21<01:28,  2.10s/it]
 96%|ΓûêΓûêΓûêΓûêΓûêΓûêΓûêΓûêΓûêΓûî| 1019/1060 [47:23<01:30,  2.20s/it]
 96%|ΓûêΓûêΓûêΓûêΓûêΓûêΓûêΓûêΓûêΓûî| 1020/1060 [47:26<01:30,  2.26s/it]
 96%|ΓûêΓûêΓûêΓûêΓûêΓûêΓûêΓûêΓûêΓûï| 1021/1060 [47:28<01:28,  2.27s/it]
 96%|ΓûêΓûêΓûêΓûêΓûêΓûêΓûêΓûêΓûêΓûï| 1022/1060 [47:30<01:27,  2.31s/it]
 97%|ΓûêΓûêΓûêΓûêΓûêΓûêΓûêΓûêΓûêΓûï| 1023/1060 [47:33<01:28,  2.40s/it]
 97%|ΓûêΓûêΓûêΓûêΓûêΓûêΓûêΓûêΓûêΓûï| 1024/1060 [47:36<01:33,  2.60s/it]
 97%|ΓûêΓûêΓûêΓûêΓûêΓûêΓûêΓûêΓûêΓûï| 1025/1060 [47:38<01:29,  2.55s/it]
 97%|ΓûêΓûêΓûêΓûêΓûêΓûêΓûêΓûêΓûêΓûï| 1026/1060 [47:41<01:22,  2.44s/it]
 97%|ΓûêΓûêΓûêΓûêΓûêΓûêΓûêΓûêΓûêΓûï| 1027/1060 [47:43<01:18,  2.38s/it]
 97%|ΓûêΓûêΓûêΓûêΓûêΓûêΓûêΓûêΓûêΓûï| 1028/1060 [47:46<01:27,  2.75s/it]
 97%|ΓûêΓûêΓûêΓûêΓûêΓûêΓûêΓûêΓûêΓûï| 1029/1060 [47:52<01:46,  3.45s/it]
 97%|ΓûêΓûêΓûêΓûêΓûêΓûêΓûêΓûêΓûêΓûï| 1030/1060 [47:55<01:39,  3.31s/it]
 97%|ΓûêΓûêΓûêΓûêΓûêΓûêΓûêΓûêΓûêΓûï| 1031/1060 [48:00<01:56,  4.01s/it]
 97%|ΓûêΓûêΓûêΓûêΓûêΓûêΓûêΓûêΓûêΓûï| 1032/1060 [48:03<01:38,  3.52s/it]
 97%|ΓûêΓûêΓûêΓûêΓûêΓûêΓûêΓûêΓûêΓûï| 1033/1060 [48:06<01:31,  3.38s/it]
 98%|ΓûêΓûêΓûêΓûêΓûêΓûêΓûêΓûêΓûêΓûè| 1034/1060 [48:08<01:20,  3.08s/it]
 98%|ΓûêΓûêΓûêΓûêΓûêΓûêΓûêΓûêΓûêΓûè| 1035/1060 [48:11<01:15,  3.03s/it]
 98%|ΓûêΓûêΓûêΓûêΓûêΓûêΓûêΓûêΓûêΓûè| 1036/1060 [48:13<01:07,  2.82s/it]
 98%|ΓûêΓûêΓûêΓûêΓûêΓûêΓûêΓûêΓûêΓûè| 1037/1060 [48:16<01:05,  2.85s/it]
 98%|ΓûêΓûêΓûêΓûêΓûêΓûêΓûêΓûêΓûêΓûè| 1038/1060 [48:19<00:59,  2.72s/it]
 98%|ΓûêΓûêΓûêΓûêΓûêΓûêΓûêΓûêΓûêΓûè| 1039/1060 [48:21<00:55,  2.66s/it]
 98%|ΓûêΓûêΓûêΓûêΓûêΓûêΓûêΓûêΓûêΓûè| 1040/1060 [48:23<00:51,  2.57s/it]
 98%|ΓûêΓûêΓûêΓûêΓûêΓûêΓûêΓûêΓûêΓûè| 1041/1060 [48:26<00:47,  2.51s/it]
 98%|ΓûêΓûêΓûêΓûêΓûêΓûêΓûêΓûêΓûêΓûè| 1042/1060 [48:28<00:45,  2.51s/it]
 98%|ΓûêΓûêΓûêΓûêΓûêΓûêΓûêΓûêΓûêΓûè| 1043/1060 [48:31<00:43,  2.58s/it]
 98%|ΓûêΓûêΓûêΓûêΓûêΓûêΓûêΓûêΓûêΓûè| 1044/1060 [48:34<00:41,  2.61s/it]
 99%|ΓûêΓûêΓûêΓûêΓûêΓûêΓûêΓûêΓûêΓûè| 1045/1060 [48:37<00:41,  2.77s/it]
 99%|ΓûêΓûêΓûêΓûêΓûêΓûêΓûêΓûêΓûêΓûè| 1046/1060 [48:40<00:38,  2.74s/it]
 99%|ΓûêΓûêΓûêΓûêΓûêΓûêΓûêΓûêΓûêΓûë| 1047/1060 [48:42<00:35,  2.75s/it]
 99%|ΓûêΓûêΓûêΓûêΓûêΓûêΓûêΓûêΓûêΓûë| 1048/1060 [48:45<00:32,  2.68s/it]
 99%|ΓûêΓûêΓûêΓûêΓûêΓûêΓûêΓûêΓûêΓûë| 1050/1060 [48:47<00:20,  2.00s/it]
 99%|ΓûêΓûêΓûêΓûêΓûêΓûêΓûêΓûêΓûêΓûë| 1051/1060 [48:50<00:19,  2.18s/it]
 99%|ΓûêΓûêΓûêΓûêΓûêΓûêΓûêΓûêΓûêΓûë| 1052/1060 [48:57<00:27,  3.38s/it]
 99%|ΓûêΓûêΓûêΓûêΓûêΓûêΓûêΓûêΓûêΓûë| 1053/1060 [48:59<00:22,  3.18s/it]
 99%|ΓûêΓûêΓûêΓûêΓûêΓûêΓûêΓûêΓûêΓûë| 1054/1060 [49:02<00:18,  3.07s/it]
100%|ΓûêΓûêΓûêΓûêΓûêΓûêΓûêΓûêΓûêΓûë| 1055/1060 [49:05<00:14,  2.88s/it]
100%|ΓûêΓûêΓûêΓûêΓûêΓûêΓûêΓûêΓûêΓûë| 1056/1060 [49:08<00:11,  2.90s/it]
100%|ΓûêΓûêΓûêΓûêΓûêΓûêΓûêΓûêΓûêΓûë| 1057/1060 [49:10<00:08,  2.76s/it]
100%|ΓûêΓûêΓûêΓûêΓûêΓûêΓûêΓûêΓûêΓûë| 1058/1060 [49:13<00:05,  2.81s/it]
100%|ΓûêΓûêΓûêΓûêΓûêΓûêΓûêΓûêΓûêΓûë| 1059/1060 [49:15<00:02,  2.68s/it]
100%|ΓûêΓûêΓûêΓûêΓûêΓûêΓûêΓûêΓûêΓûê| 1060/1060 [49:18<00:00,  2.63s/it]
100%|ΓûêΓûêΓûêΓûêΓûêΓûêΓûêΓûêΓûêΓûê| 1060/1060 [49:18<00:00,  2.79s/it]
{"run_dir": "C:\\Users\\jv624\\Desktop\\fsm_reliability\\outputs\\cstr_grounding\\20261007_174622_20261007_094026_smollm2-17b-instruct_v4_v31_r0", "status": {"ok": 1052, "not_eligible": 8}, "tf_agreement": 0.9979}
